  Determining projects to restore...
/home/runner/work/Wekeza/Wekeza/Core/Wekeza.Core.Api/Wekeza.Core.Api.csproj : warning NU1608: Detected package version outside of dependency constraint: MediatR.Extensions.Microsoft.DependencyInjection 11.1.0 requires MediatR (>= 11.0.0 && < 12.0.0) but version MediatR 12.2.0 was resolved.
/home/runner/work/Wekeza/Wekeza/Core/Wekeza.Core.Application/Wekeza.Core.Application.csproj : warning NU1608: Detected package version outside of dependency constraint: MediatR.Extensions.Microsoft.DependencyInjection 11.1.0 requires MediatR (>= 11.0.0 && < 12.0.0) but version MediatR 12.2.0 was resolved. [/home/runner/work/Wekeza/Wekeza/Core/Wekeza.Core.Api/Wekeza.Core.Api.csproj]
/home/runner/work/Wekeza/Wekeza/Core/Wekeza.Core.Infrastructure/Wekeza.Core.Infrastructure.csproj : warning NU1608: Detected package version outside of dependency constraint: MediatR.Extensions.Microsoft.DependencyInjection 11.1.0 requires MediatR (>= 11.0.0 && < 12.0.0) but version MediatR 12.2.0 was resolved. [/home/runner/work/Wekeza/Wekeza/Core/Wekeza.Core.Api/Wekeza.Core.Api.csproj]
  All projects are up-to-date for restore.
/home/runner/work/Wekeza/Wekeza/Core/Wekeza.Core.Api/Wekeza.Core.Api.csproj : warning NU1608: Detected package version outside of dependency constraint: MediatR.Extensions.Microsoft.DependencyInjection 11.1.0 requires MediatR (>= 11.0.0 && < 12.0.0) but version MediatR 12.2.0 was resolved.
  Wekeza.Nexus.Domain -> /home/runner/work/Wekeza/Wekeza/Core/Wekeza.Nexus.Domain/bin/Debug/net8.0/Wekeza.Nexus.Domain.dll
  Wekeza.Nexus.Application -> /home/runner/work/Wekeza/Wekeza/Core/Wekeza.Nexus.Application/bin/Debug/net8.0/Wekeza.Nexus.Application.dll
/home/runner/work/Wekeza/Wekeza/Core/Wekeza.Core.Domain/Aggregates/SystemParameter.cs(55,21): warning CS0108: 'SystemParameter.CreatedAt' hides inherited member 'AggregateRoot.CreatedAt'. Use the new keyword if hiding was intended. [/home/runner/work/Wekeza/Wekeza/Core/Wekeza.Core.Domain/Wekeza.Core.Domain.csproj]
/home/runner/work/Wekeza/Wekeza/Core/Wekeza.Core.Domain/Aggregates/SystemParameter.cs(56,19): warning CS0108: 'SystemParameter.CreatedBy' hides inherited member 'AggregateRoot.CreatedBy'. Use the new keyword if hiding was intended. [/home/runner/work/Wekeza/Wekeza/Core/Wekeza.Core.Domain/Wekeza.Core.Domain.csproj]
/home/runner/work/Wekeza/Wekeza/Core/Wekeza.Core.Domain/Aggregates/AMLCase.cs(25,21): warning CS0108: 'AMLCase.UpdatedAt' hides inherited member 'AggregateRoot.UpdatedAt'. Use the new keyword if hiding was intended. [/home/runner/work/Wekeza/Wekeza/Core/Wekeza.Core.Domain/Wekeza.Core.Domain.csproj]
/home/runner/work/Wekeza/Wekeza/Core/Wekeza.Core.Domain/Aggregates/TaskAssignment.cs(19,19): warning CS0108: 'TaskAssignment.CreatedBy' hides inherited member 'AggregateRoot.CreatedBy'. Use the new keyword if hiding was intended. [/home/runner/work/Wekeza/Wekeza/Core/Wekeza.Core.Domain/Wekeza.Core.Domain.csproj]
/home/runner/work/Wekeza/Wekeza/Core/Wekeza.Core.Domain/Aggregates/TaskAssignment.cs(20,21): warning CS0108: 'TaskAssignment.CreatedAt' hides inherited member 'AggregateRoot.CreatedAt'. Use the new keyword if hiding was intended. [/home/runner/work/Wekeza/Wekeza/Core/Wekeza.Core.Domain/Wekeza.Core.Domain.csproj]
/home/runner/work/Wekeza/Wekeza/Core/Wekeza.Core.Domain/Aggregates/Dashboard.cs(19,19): warning CS0108: 'Dashboard.CreatedBy' hides inherited member 'AggregateRoot.CreatedBy'. Use the new keyword if hiding was intended. [/home/runner/work/Wekeza/Wekeza/Core/Wekeza.Core.Domain/Wekeza.Core.Domain.csproj]
/home/runner/work/Wekeza/Wekeza/Core/Wekeza.Core.Domain/Aggregates/Dashboard.cs(20,21): warning CS0108: 'Dashboard.CreatedAt' hides inherited member 'AggregateRoot.CreatedAt'. Use the new keyword if hiding was intended. [/home/runner/work/Wekeza/Wekeza/Core/Wekeza.Core.Domain/Wekeza.Core.Domain.csproj]
/home/runner/work/Wekeza/Wekeza/Core/Wekeza.Core.Domain/Aggregates/Dashboard.cs(62,30): warning CS8625: Cannot convert null literal to non-nullable reference type. [/home/runner/work/Wekeza/Wekeza/Core/Wekeza.Core.Domain/Wekeza.Core.Domain.csproj]
/home/runner/work/Wekeza/Wekeza/Core/Wekeza.Core.Domain/Aggregates/Dashboard.cs(227,50): warning CS8625: Cannot convert null literal to non-nullable reference type. [/home/runner/work/Wekeza/Wekeza/Core/Wekeza.Core.Domain/Wekeza.Core.Domain.csproj]
/home/runner/work/Wekeza/Wekeza/Core/Wekeza.Core.Domain/Aggregates/Dashboard.cs(418,71): warning CS8625: Cannot convert null literal to non-nullable reference type. [/home/runner/work/Wekeza/Wekeza/Core/Wekeza.Core.Domain/Wekeza.Core.Domain.csproj]
/home/runner/work/Wekeza/Wekeza/Core/Wekeza.Core.Domain/Aggregates/Dashboard.cs(466,63): warning CS8601: Possible null reference assignment. [/home/runner/work/Wekeza/Wekeza/Core/Wekeza.Core.Domain/Wekeza.Core.Domain.csproj]
/home/runner/work/Wekeza/Wekeza/Core/Wekeza.Core.Domain/Aggregates/Dashboard.cs(500,30): warning CS8625: Cannot convert null literal to non-nullable reference type. [/home/runner/work/Wekeza/Wekeza/Core/Wekeza.Core.Domain/Wekeza.Core.Domain.csproj]
/home/runner/work/Wekeza/Wekeza/Core/Wekeza.Core.Domain/Aggregates/MoneyMarketDeal.cs(24,21): warning CS0108: 'MoneyMarketDeal.CreatedAt' hides inherited member 'AggregateRoot.CreatedAt'. Use the new keyword if hiding was intended. [/home/runner/work/Wekeza/Wekeza/Core/Wekeza.Core.Domain/Wekeza.Core.Domain.csproj]
/home/runner/work/Wekeza/Wekeza/Core/Wekeza.Core.Domain/Aggregates/MoneyMarketDeal.cs(25,21): warning CS0108: 'MoneyMarketDeal.UpdatedAt' hides inherited member 'AggregateRoot.UpdatedAt'. Use the new keyword if hiding was intended. [/home/runner/work/Wekeza/Wekeza/Core/Wekeza.Core.Domain/Wekeza.Core.Domain.csproj]
/home/runner/work/Wekeza/Wekeza/Core/Wekeza.Core.Domain/Aggregates/Analytics.cs(82,29): warning CS8625: Cannot convert null literal to non-nullable reference type. [/home/runner/work/Wekeza/Wekeza/Core/Wekeza.Core.Domain/Wekeza.Core.Domain.csproj]
/home/runner/work/Wekeza/Wekeza/Core/Wekeza.Core.Domain/Aggregates/Analytics.cs(83,30): warning CS8625: Cannot convert null literal to non-nullable reference type. [/home/runner/work/Wekeza/Wekeza/Core/Wekeza.Core.Domain/Wekeza.Core.Domain.csproj]
/home/runner/work/Wekeza/Wekeza/Core/Wekeza.Core.Domain/Aggregates/Analytics.cs(142,49): warning CS8625: Cannot convert null literal to non-nullable reference type. [/home/runner/work/Wekeza/Wekeza/Core/Wekeza.Core.Domain/Wekeza.Core.Domain.csproj]
/home/runner/work/Wekeza/Wekeza/Core/Wekeza.Core.Domain/Aggregates/TellerSession.cs(60,19): warning CS0108: 'TellerSession.CreatedBy' hides inherited member 'AggregateRoot.CreatedBy'. Use the new keyword if hiding was intended. [/home/runner/work/Wekeza/Wekeza/Core/Wekeza.Core.Domain/Wekeza.Core.Domain.csproj]
/home/runner/work/Wekeza/Wekeza/Core/Wekeza.Core.Domain/Aggregates/DigitalChannel.cs(28,19): warning CS0108: 'DigitalChannel.CreatedBy' hides inherited member 'AggregateRoot.CreatedBy'. Use the new keyword if hiding was intended. [/home/runner/work/Wekeza/Wekeza/Core/Wekeza.Core.Domain/Wekeza.Core.Domain.csproj]
/home/runner/work/Wekeza/Wekeza/Core/Wekeza.Core.Domain/Aggregates/DigitalChannel.cs(29,21): warning CS0108: 'DigitalChannel.CreatedAt' hides inherited member 'AggregateRoot.CreatedAt'. Use the new keyword if hiding was intended. [/home/runner/work/Wekeza/Wekeza/Core/Wekeza.Core.Domain/Wekeza.Core.Domain.csproj]
/home/runner/work/Wekeza/Wekeza/Core/Wekeza.Core.Domain/Aggregates/Analytics.cs(442,33): warning CS8625: Cannot convert null literal to non-nullable reference type. [/home/runner/work/Wekeza/Wekeza/Core/Wekeza.Core.Domain/Wekeza.Core.Domain.csproj]
/home/runner/work/Wekeza/Wekeza/Core/Wekeza.Core.Domain/Aggregates/Party.cs(18,19): warning CS0108: 'Party.CreatedBy' hides inherited member 'AggregateRoot.CreatedBy'. Use the new keyword if hiding was intended. [/home/runner/work/Wekeza/Wekeza/Core/Wekeza.Core.Domain/Wekeza.Core.Domain.csproj]
/home/runner/work/Wekeza/Wekeza/Core/Wekeza.Core.Domain/Aggregates/APIGateway.cs(58,21): warning CS0108: 'APIGateway.CreatedAt' hides inherited member 'AggregateRoot.CreatedAt'. Use the new keyword if hiding was intended. [/home/runner/work/Wekeza/Wekeza/Core/Wekeza.Core.Domain/Wekeza.Core.Domain.csproj]
/home/runner/work/Wekeza/Wekeza/Core/Wekeza.Core.Domain/Aggregates/APIGateway.cs(59,19): warning CS0108: 'APIGateway.CreatedBy' hides inherited member 'AggregateRoot.CreatedBy'. Use the new keyword if hiding was intended. [/home/runner/work/Wekeza/Wekeza/Core/Wekeza.Core.Domain/Wekeza.Core.Domain.csproj]
/home/runner/work/Wekeza/Wekeza/Core/Wekeza.Core.Domain/Interfaces/IAnalyticsRepository.cs(134,29): warning CS8625: Cannot convert null literal to non-nullable reference type. [/home/runner/work/Wekeza/Wekeza/Core/Wekeza.Core.Domain/Wekeza.Core.Domain.csproj]
/home/runner/work/Wekeza/Wekeza/Core/Wekeza.Core.Domain/Interfaces/IAnalyticsRepository.cs(135,29): warning CS8625: Cannot convert null literal to non-nullable reference type. [/home/runner/work/Wekeza/Wekeza/Core/Wekeza.Core.Domain/Wekeza.Core.Domain.csproj]
/home/runner/work/Wekeza/Wekeza/Core/Wekeza.Core.Domain/Aggregates/APIGateway.cs(84,30): warning CS8625: Cannot convert null literal to non-nullable reference type. [/home/runner/work/Wekeza/Wekeza/Core/Wekeza.Core.Domain/Wekeza.Core.Domain.csproj]
/home/runner/work/Wekeza/Wekeza/Core/Wekeza.Core.Domain/Aggregates/APIGateway.cs(266,99): warning CS8625: Cannot convert null literal to non-nullable reference type. [/home/runner/work/Wekeza/Wekeza/Core/Wekeza.Core.Domain/Wekeza.Core.Domain.csproj]
/home/runner/work/Wekeza/Wekeza/Core/Wekeza.Core.Domain/Aggregates/APIGateway.cs(294,120): warning CS8625: Cannot convert null literal to non-nullable reference type. [/home/runner/work/Wekeza/Wekeza/Core/Wekeza.Core.Domain/Wekeza.Core.Domain.csproj]
/home/runner/work/Wekeza/Wekeza/Core/Wekeza.Core.Domain/Aggregates/APIGateway.cs(359,66): warning CS8625: Cannot convert null literal to non-nullable reference type. [/home/runner/work/Wekeza/Wekeza/Core/Wekeza.Core.Domain/Wekeza.Core.Domain.csproj]
/home/runner/work/Wekeza/Wekeza/Core/Wekeza.Core.Domain/Aggregates/ApprovalMatrix.cs(26,19): warning CS0108: 'ApprovalMatrix.CreatedBy' hides inherited member 'AggregateRoot.CreatedBy'. Use the new keyword if hiding was intended. [/home/runner/work/Wekeza/Wekeza/Core/Wekeza.Core.Domain/Wekeza.Core.Domain.csproj]
/home/runner/work/Wekeza/Wekeza/Core/Wekeza.Core.Domain/Aggregates/TermDeposit.cs(36,19): warning CS0108: 'TermDeposit.CreatedBy' hides inherited member 'AggregateRoot.CreatedBy'. Use the new keyword if hiding was intended. [/home/runner/work/Wekeza/Wekeza/Core/Wekeza.Core.Domain/Wekeza.Core.Domain.csproj]
/home/runner/work/Wekeza/Wekeza/Core/Wekeza.Core.Domain/Aggregates/TermDeposit.cs(37,21): warning CS0108: 'TermDeposit.CreatedAt' hides inherited member 'AggregateRoot.CreatedAt'. Use the new keyword if hiding was intended. [/home/runner/work/Wekeza/Wekeza/Core/Wekeza.Core.Domain/Wekeza.Core.Domain.csproj]
/home/runner/work/Wekeza/Wekeza/Core/Wekeza.Core.Domain/Aggregates/PaymentOrder.cs(62,19): warning CS0108: 'PaymentOrder.CreatedBy' hides inherited member 'AggregateRoot.CreatedBy'. Use the new keyword if hiding was intended. [/home/runner/work/Wekeza/Wekeza/Core/Wekeza.Core.Domain/Wekeza.Core.Domain.csproj]
/home/runner/work/Wekeza/Wekeza/Core/Wekeza.Core.Domain/Aggregates/Product.cs(28,19): warning CS0108: 'Product.CreatedBy' hides inherited member 'AggregateRoot.CreatedBy'. Use the new keyword if hiding was intended. [/home/runner/work/Wekeza/Wekeza/Core/Wekeza.Core.Domain/Wekeza.Core.Domain.csproj]
/home/runner/work/Wekeza/Wekeza/Core/Wekeza.Core.Domain/Aggregates/RecurringDeposit.cs(35,19): warning CS0108: 'RecurringDeposit.CreatedBy' hides inherited member 'AggregateRoot.CreatedBy'. Use the new keyword if hiding was intended. [/home/runner/work/Wekeza/Wekeza/Core/Wekeza.Core.Domain/Wekeza.Core.Domain.csproj]
/home/runner/work/Wekeza/Wekeza/Core/Wekeza.Core.Domain/Aggregates/RecurringDeposit.cs(36,21): warning CS0108: 'RecurringDeposit.CreatedAt' hides inherited member 'AggregateRoot.CreatedAt'. Use the new keyword if hiding was intended. [/home/runner/work/Wekeza/Wekeza/Core/Wekeza.Core.Domain/Wekeza.Core.Domain.csproj]
/home/runner/work/Wekeza/Wekeza/Core/Wekeza.Core.Domain/Aggregates/DocumentaryCollection.cs(29,21): warning CS0108: 'DocumentaryCollection.CreatedAt' hides inherited member 'AggregateRoot.CreatedAt'. Use the new keyword if hiding was intended. [/home/runner/work/Wekeza/Wekeza/Core/Wekeza.Core.Domain/Wekeza.Core.Domain.csproj]
/home/runner/work/Wekeza/Wekeza/Core/Wekeza.Core.Domain/Aggregates/DocumentaryCollection.cs(30,21): warning CS0108: 'DocumentaryCollection.UpdatedAt' hides inherited member 'AggregateRoot.UpdatedAt'. Use the new keyword if hiding was intended. [/home/runner/work/Wekeza/Wekeza/Core/Wekeza.Core.Domain/Wekeza.Core.Domain.csproj]
/home/runner/work/Wekeza/Wekeza/Core/Wekeza.Core.Domain/Aggregates/TransactionMonitoring.cs(20,21): warning CS0108: 'TransactionMonitoring.CreatedAt' hides inherited member 'AggregateRoot.CreatedAt'. Use the new keyword if hiding was intended. [/home/runner/work/Wekeza/Wekeza/Core/Wekeza.Core.Domain/Wekeza.Core.Domain.csproj]
/home/runner/work/Wekeza/Wekeza/Core/Wekeza.Core.Domain/Aggregates/TransactionMonitoring.cs(21,21): warning CS0108: 'TransactionMonitoring.UpdatedAt' hides inherited member 'AggregateRoot.UpdatedAt'. Use the new keyword if hiding was intended. [/home/runner/work/Wekeza/Wekeza/Core/Wekeza.Core.Domain/Wekeza.Core.Domain.csproj]
/home/runner/work/Wekeza/Wekeza/Core/Wekeza.Core.Domain/Aggregates/FixedDeposit.cs(33,19): warning CS0108: 'FixedDeposit.CreatedBy' hides inherited member 'AggregateRoot.CreatedBy'. Use the new keyword if hiding was intended. [/home/runner/work/Wekeza/Wekeza/Core/Wekeza.Core.Domain/Wekeza.Core.Domain.csproj]
/home/runner/work/Wekeza/Wekeza/Core/Wekeza.Core.Domain/Aggregates/FixedDeposit.cs(34,21): warning CS0108: 'FixedDeposit.CreatedAt' hides inherited member 'AggregateRoot.CreatedAt'. Use the new keyword if hiding was intended. [/home/runner/work/Wekeza/Wekeza/Core/Wekeza.Core.Domain/Wekeza.Core.Domain.csproj]
/home/runner/work/Wekeza/Wekeza/Core/Wekeza.Core.Domain/Aggregates/Branch.cs(35,19): warning CS0108: 'Branch.CreatedBy' hides inherited member 'AggregateRoot.CreatedBy'. Use the new keyword if hiding was intended. [/home/runner/work/Wekeza/Wekeza/Core/Wekeza.Core.Domain/Wekeza.Core.Domain.csproj]
/home/runner/work/Wekeza/Wekeza/Core/Wekeza.Core.Domain/Aggregates/Branch.cs(36,21): warning CS0108: 'Branch.CreatedAt' hides inherited member 'AggregateRoot.CreatedAt'. Use the new keyword if hiding was intended. [/home/runner/work/Wekeza/Wekeza/Core/Wekeza.Core.Domain/Wekeza.Core.Domain.csproj]
/home/runner/work/Wekeza/Wekeza/Core/Wekeza.Core.Domain/Aggregates/User.cs(54,21): warning CS0108: 'User.CreatedAt' hides inherited member 'AggregateRoot.CreatedAt'. Use the new keyword if hiding was intended. [/home/runner/work/Wekeza/Wekeza/Core/Wekeza.Core.Domain/Wekeza.Core.Domain.csproj]
/home/runner/work/Wekeza/Wekeza/Core/Wekeza.Core.Domain/Aggregates/User.cs(55,19): warning CS0108: 'User.CreatedBy' hides inherited member 'AggregateRoot.CreatedBy'. Use the new keyword if hiding was intended. [/home/runner/work/Wekeza/Wekeza/Core/Wekeza.Core.Domain/Wekeza.Core.Domain.csproj]
/home/runner/work/Wekeza/Wekeza/Core/Wekeza.Core.Domain/Aggregates/BankGuarantee.cs(26,21): warning CS0108: 'BankGuarantee.CreatedAt' hides inherited member 'AggregateRoot.CreatedAt'. Use the new keyword if hiding was intended. [/home/runner/work/Wekeza/Wekeza/Core/Wekeza.Core.Domain/Wekeza.Core.Domain.csproj]
/home/runner/work/Wekeza/Wekeza/Core/Wekeza.Core.Domain/Aggregates/BankGuarantee.cs(27,21): warning CS0108: 'BankGuarantee.UpdatedAt' hides inherited member 'AggregateRoot.UpdatedAt'. Use the new keyword if hiding was intended. [/home/runner/work/Wekeza/Wekeza/Core/Wekeza.Core.Domain/Wekeza.Core.Domain.csproj]
/home/runner/work/Wekeza/Wekeza/Core/Wekeza.Core.Domain/Aggregates/InterestAccrualEngine.cs(25,21): warning CS0108: 'InterestAccrualEngine.CreatedAt' hides inherited member 'AggregateRoot.CreatedAt'. Use the new keyword if hiding was intended. [/home/runner/work/Wekeza/Wekeza/Core/Wekeza.Core.Domain/Wekeza.Core.Domain.csproj]
/home/runner/work/Wekeza/Wekeza/Core/Wekeza.Core.Domain/Aggregates/FXDeal.cs(24,21): warning CS0108: 'FXDeal.CreatedAt' hides inherited member 'AggregateRoot.CreatedAt'. Use the new keyword if hiding was intended. [/home/runner/work/Wekeza/Wekeza/Core/Wekeza.Core.Domain/Wekeza.Core.Domain.csproj]
/home/runner/work/Wekeza/Wekeza/Core/Wekeza.Core.Domain/Aggregates/FXDeal.cs(25,21): warning CS0108: 'FXDeal.UpdatedAt' hides inherited member 'AggregateRoot.UpdatedAt'. Use the new keyword if hiding was intended. [/home/runner/work/Wekeza/Wekeza/Core/Wekeza.Core.Domain/Wekeza.Core.Domain.csproj]
/home/runner/work/Wekeza/Wekeza/Core/Wekeza.Core.Domain/Aggregates/GLAccount.cs(43,19): warning CS0108: 'GLAccount.CreatedBy' hides inherited member 'AggregateRoot.CreatedBy'. Use the new keyword if hiding was intended. [/home/runner/work/Wekeza/Wekeza/Core/Wekeza.Core.Domain/Wekeza.Core.Domain.csproj]
/home/runner/work/Wekeza/Wekeza/Core/Wekeza.Core.Domain/Aggregates/Report.cs(63,49): warning CS8625: Cannot convert null literal to non-nullable reference type. [/home/runner/work/Wekeza/Wekeza/Core/Wekeza.Core.Domain/Wekeza.Core.Domain.csproj]
/home/runner/work/Wekeza/Wekeza/Core/Wekeza.Core.Domain/Aggregates/Report.cs(65,38): warning CS8625: Cannot convert null literal to non-nullable reference type. [/home/runner/work/Wekeza/Wekeza/Core/Wekeza.Core.Domain/Wekeza.Core.Domain.csproj]
/home/runner/work/Wekeza/Wekeza/Core/Wekeza.Core.Domain/Aggregates/Report.cs(112,90): warning CS8625: Cannot convert null literal to non-nullable reference type. [/home/runner/work/Wekeza/Wekeza/Core/Wekeza.Core.Domain/Wekeza.Core.Domain.csproj]
/home/runner/work/Wekeza/Wekeza/Core/Wekeza.Core.Domain/Aggregates/Report.cs(168,56): warning CS8625: Cannot convert null literal to non-nullable reference type. [/home/runner/work/Wekeza/Wekeza/Core/Wekeza.Core.Domain/Wekeza.Core.Domain.csproj]
/home/runner/work/Wekeza/Wekeza/Core/Wekeza.Core.Domain/Aggregates/Report.cs(259,59): warning CS8601: Possible null reference assignment. [/home/runner/work/Wekeza/Wekeza/Core/Wekeza.Core.Domain/Wekeza.Core.Domain.csproj]
/home/runner/work/Wekeza/Wekeza/Core/Wekeza.Core.Domain/Aggregates/Report.cs(268,58): warning CS8601: Possible null reference assignment. [/home/runner/work/Wekeza/Wekeza/Core/Wekeza.Core.Domain/Wekeza.Core.Domain.csproj]
/home/runner/work/Wekeza/Wekeza/Core/Wekeza.Core.Domain/Aggregates/Role.cs(47,21): warning CS0108: 'Role.CreatedAt' hides inherited member 'AggregateRoot.CreatedAt'. Use the new keyword if hiding was intended. [/home/runner/work/Wekeza/Wekeza/Core/Wekeza.Core.Domain/Wekeza.Core.Domain.csproj]
/home/runner/work/Wekeza/Wekeza/Core/Wekeza.Core.Domain/Aggregates/Role.cs(48,19): warning CS0108: 'Role.CreatedBy' hides inherited member 'AggregateRoot.CreatedBy'. Use the new keyword if hiding was intended. [/home/runner/work/Wekeza/Wekeza/Core/Wekeza.Core.Domain/Wekeza.Core.Domain.csproj]
/home/runner/work/Wekeza/Wekeza/Core/Wekeza.Core.Domain/Aggregates/WebhookSubscription.cs(73,21): warning CS0108: 'WebhookSubscription.CreatedAt' hides inherited member 'AggregateRoot.CreatedAt'. Use the new keyword if hiding was intended. [/home/runner/work/Wekeza/Wekeza/Core/Wekeza.Core.Domain/Wekeza.Core.Domain.csproj]
/home/runner/work/Wekeza/Wekeza/Core/Wekeza.Core.Domain/Aggregates/WebhookSubscription.cs(74,19): warning CS0108: 'WebhookSubscription.CreatedBy' hides inherited member 'AggregateRoot.CreatedBy'. Use the new keyword if hiding was intended. [/home/runner/work/Wekeza/Wekeza/Core/Wekeza.Core.Domain/Wekeza.Core.Domain.csproj]
/home/runner/work/Wekeza/Wekeza/Core/Wekeza.Core.Domain/Aggregates/WebhookSubscription.cs(95,30): warning CS8625: Cannot convert null literal to non-nullable reference type. [/home/runner/work/Wekeza/Wekeza/Core/Wekeza.Core.Domain/Wekeza.Core.Domain.csproj]
/home/runner/work/Wekeza/Wekeza/Core/Wekeza.Core.Domain/Aggregates/WebhookSubscription.cs(97,28): warning CS8625: Cannot convert null literal to non-nullable reference type. [/home/runner/work/Wekeza/Wekeza/Core/Wekeza.Core.Domain/Wekeza.Core.Domain.csproj]
/home/runner/work/Wekeza/Wekeza/Core/Wekeza.Core.Domain/Aggregates/WebhookSubscription.cs(237,70): warning CS8625: Cannot convert null literal to non-nullable reference type. [/home/runner/work/Wekeza/Wekeza/Core/Wekeza.Core.Domain/Wekeza.Core.Domain.csproj]
/home/runner/work/Wekeza/Wekeza/Core/Wekeza.Core.Domain/Aggregates/WebhookSubscription.cs(270,52): warning CS8625: Cannot convert null literal to non-nullable reference type. [/home/runner/work/Wekeza/Wekeza/Core/Wekeza.Core.Domain/Wekeza.Core.Domain.csproj]
/home/runner/work/Wekeza/Wekeza/Core/Wekeza.Core.Domain/Aggregates/WebhookSubscription.cs(270,78): warning CS8625: Cannot convert null literal to non-nullable reference type. [/home/runner/work/Wekeza/Wekeza/Core/Wekeza.Core.Domain/Wekeza.Core.Domain.csproj]
/home/runner/work/Wekeza/Wekeza/Core/Wekeza.Core.Domain/Aggregates/WebhookSubscription.cs(289,109): warning CS8625: Cannot convert null literal to non-nullable reference type. [/home/runner/work/Wekeza/Wekeza/Core/Wekeza.Core.Domain/Wekeza.Core.Domain.csproj]
/home/runner/work/Wekeza/Wekeza/Core/Wekeza.Core.Domain/Aggregates/WebhookSubscription.cs(341,105): warning CS8625: Cannot convert null literal to non-nullable reference type. [/home/runner/work/Wekeza/Wekeza/Core/Wekeza.Core.Domain/Wekeza.Core.Domain.csproj]
/home/runner/work/Wekeza/Wekeza/Core/Wekeza.Core.Domain/Aggregates/WebhookSubscription.cs(391,43): warning CS8625: Cannot convert null literal to non-nullable reference type. [/home/runner/work/Wekeza/Wekeza/Core/Wekeza.Core.Domain/Wekeza.Core.Domain.csproj]
/home/runner/work/Wekeza/Wekeza/Core/Wekeza.Core.Domain/Aggregates/WebhookSubscription.cs(416,45): warning CS8625: Cannot convert null literal to non-nullable reference type. [/home/runner/work/Wekeza/Wekeza/Core/Wekeza.Core.Domain/Wekeza.Core.Domain.csproj]
/home/runner/work/Wekeza/Wekeza/Core/Wekeza.Core.Domain/Aggregates/WebhookSubscription.cs(416,67): warning CS8625: Cannot convert null literal to non-nullable reference type. [/home/runner/work/Wekeza/Wekeza/Core/Wekeza.Core.Domain/Wekeza.Core.Domain.csproj]
/home/runner/work/Wekeza/Wekeza/Core/Wekeza.Core.Domain/Aggregates/WebhookSubscription.cs(440,46): warning CS8625: Cannot convert null literal to non-nullable reference type. [/home/runner/work/Wekeza/Wekeza/Core/Wekeza.Core.Domain/Wekeza.Core.Domain.csproj]
/home/runner/work/Wekeza/Wekeza/Core/Wekeza.Core.Domain/Aggregates/WebhookSubscription.cs(440,68): warning CS8625: Cannot convert null literal to non-nullable reference type. [/home/runner/work/Wekeza/Wekeza/Core/Wekeza.Core.Domain/Wekeza.Core.Domain.csproj]
/home/runner/work/Wekeza/Wekeza/Core/Wekeza.Core.Domain/Aggregates/WorkflowDefinition.cs(30,19): warning CS0108: 'WorkflowDefinition.CreatedBy' hides inherited member 'AggregateRoot.CreatedBy'. Use the new keyword if hiding was intended. [/home/runner/work/Wekeza/Wekeza/Core/Wekeza.Core.Domain/Wekeza.Core.Domain.csproj]
/home/runner/work/Wekeza/Wekeza/Core/Wekeza.Core.Domain/Aggregates/WorkflowDefinition.cs(31,21): warning CS0108: 'WorkflowDefinition.CreatedAt' hides inherited member 'AggregateRoot.CreatedAt'. Use the new keyword if hiding was intended. [/home/runner/work/Wekeza/Wekeza/Core/Wekeza.Core.Domain/Wekeza.Core.Domain.csproj]
/home/runner/work/Wekeza/Wekeza/Core/Wekeza.Core.Domain/Aggregates/JournalEntry.cs(37,19): warning CS0108: 'JournalEntry.CreatedBy' hides inherited member 'AggregateRoot.CreatedBy'. Use the new keyword if hiding was intended. [/home/runner/work/Wekeza/Wekeza/Core/Wekeza.Core.Domain/Wekeza.Core.Domain.csproj]
/home/runner/work/Wekeza/Wekeza/Core/Wekeza.Core.Domain/Aggregates/LetterOfCredit.cs(27,21): warning CS0108: 'LetterOfCredit.CreatedAt' hides inherited member 'AggregateRoot.CreatedAt'. Use the new keyword if hiding was intended. [/home/runner/work/Wekeza/Wekeza/Core/Wekeza.Core.Domain/Wekeza.Core.Domain.csproj]
/home/runner/work/Wekeza/Wekeza/Core/Wekeza.Core.Domain/Aggregates/LetterOfCredit.cs(28,21): warning CS0108: 'LetterOfCredit.UpdatedAt' hides inherited member 'AggregateRoot.UpdatedAt'. Use the new keyword if hiding was intended. [/home/runner/work/Wekeza/Wekeza/Core/Wekeza.Core.Domain/Wekeza.Core.Domain.csproj]
/home/runner/work/Wekeza/Wekeza/Core/Wekeza.Core.Domain/Interfaces/IDashboardRepository.cs(159,28): warning CS8625: Cannot convert null literal to non-nullable reference type. [/home/runner/work/Wekeza/Wekeza/Core/Wekeza.Core.Domain/Wekeza.Core.Domain.csproj]
/home/runner/work/Wekeza/Wekeza/Core/Wekeza.Core.Domain/Aggregates/Integration.cs(57,21): warning CS0108: 'Integration.CreatedAt' hides inherited member 'AggregateRoot.CreatedAt'. Use the new keyword if hiding was intended. [/home/runner/work/Wekeza/Wekeza/Core/Wekeza.Core.Domain/Wekeza.Core.Domain.csproj]
/home/runner/work/Wekeza/Wekeza/Core/Wekeza.Core.Domain/Aggregates/Integration.cs(58,19): warning CS0108: 'Integration.CreatedBy' hides inherited member 'AggregateRoot.CreatedBy'. Use the new keyword if hiding was intended. [/home/runner/work/Wekeza/Wekeza/Core/Wekeza.Core.Domain/Wekeza.Core.Domain.csproj]
/home/runner/work/Wekeza/Wekeza/Core/Wekeza.Core.Domain/Aggregates/Integration.cs(78,30): warning CS8625: Cannot convert null literal to non-nullable reference type. [/home/runner/work/Wekeza/Wekeza/Core/Wekeza.Core.Domain/Wekeza.Core.Domain.csproj]
/home/runner/work/Wekeza/Wekeza/Core/Wekeza.Core.Domain/Aggregates/Integration.cs(279,66): warning CS8625: Cannot convert null literal to non-nullable reference type. [/home/runner/work/Wekeza/Wekeza/Core/Wekeza.Core.Domain/Wekeza.Core.Domain.csproj]
/home/runner/work/Wekeza/Wekeza/Core/Wekeza.Core.Domain/Aggregates/Integration.cs(319,91): warning CS8625: Cannot convert null literal to non-nullable reference type. [/home/runner/work/Wekeza/Wekeza/Core/Wekeza.Core.Domain/Wekeza.Core.Domain.csproj]
/home/runner/work/Wekeza/Wekeza/Core/Wekeza.Core.Domain/Aggregates/Integration.cs(364,63): warning CS8601: Possible null reference assignment. [/home/runner/work/Wekeza/Wekeza/Core/Wekeza.Core.Domain/Wekeza.Core.Domain.csproj]
/home/runner/work/Wekeza/Wekeza/Core/Wekeza.Core.Domain/Aggregates/SanctionsScreening.cs(21,21): warning CS0108: 'SanctionsScreening.UpdatedAt' hides inherited member 'AggregateRoot.UpdatedAt'. Use the new keyword if hiding was intended. [/home/runner/work/Wekeza/Wekeza/Core/Wekeza.Core.Domain/Wekeza.Core.Domain.csproj]
/home/runner/work/Wekeza/Wekeza/Core/Wekeza.Core.Domain/Aggregates/SecurityDeal.cs(25,21): warning CS0108: 'SecurityDeal.CreatedAt' hides inherited member 'AggregateRoot.CreatedAt'. Use the new keyword if hiding was intended. [/home/runner/work/Wekeza/Wekeza/Core/Wekeza.Core.Domain/Wekeza.Core.Domain.csproj]
/home/runner/work/Wekeza/Wekeza/Core/Wekeza.Core.Domain/Aggregates/SecurityDeal.cs(26,21): warning CS0108: 'SecurityDeal.UpdatedAt' hides inherited member 'AggregateRoot.UpdatedAt'. Use the new keyword if hiding was intended. [/home/runner/work/Wekeza/Wekeza/Core/Wekeza.Core.Domain/Wekeza.Core.Domain.csproj]
/home/runner/work/Wekeza/Wekeza/Core/Wekeza.Core.Domain/Aggregates/CallDeposit.cs(31,19): warning CS0108: 'CallDeposit.CreatedBy' hides inherited member 'AggregateRoot.CreatedBy'. Use the new keyword if hiding was intended. [/home/runner/work/Wekeza/Wekeza/Core/Wekeza.Core.Domain/Wekeza.Core.Domain.csproj]
/home/runner/work/Wekeza/Wekeza/Core/Wekeza.Core.Domain/Aggregates/CallDeposit.cs(32,21): warning CS0108: 'CallDeposit.CreatedAt' hides inherited member 'AggregateRoot.CreatedAt'. Use the new keyword if hiding was intended. [/home/runner/work/Wekeza/Wekeza/Core/Wekeza.Core.Domain/Wekeza.Core.Domain.csproj]
/home/runner/work/Wekeza/Wekeza/Core/Wekeza.Core.Domain/Aggregates/IntegrationEndpoint.cs(78,21): warning CS0108: 'IntegrationEndpoint.CreatedAt' hides inherited member 'AggregateRoot.CreatedAt'. Use the new keyword if hiding was intended. [/home/runner/work/Wekeza/Wekeza/Core/Wekeza.Core.Domain/Wekeza.Core.Domain.csproj]
/home/runner/work/Wekeza/Wekeza/Core/Wekeza.Core.Domain/Aggregates/IntegrationEndpoint.cs(79,19): warning CS0108: 'IntegrationEndpoint.CreatedBy' hides inherited member 'AggregateRoot.CreatedBy'. Use the new keyword if hiding was intended. [/home/runner/work/Wekeza/Wekeza/Core/Wekeza.Core.Domain/Wekeza.Core.Domain.csproj]
/home/runner/work/Wekeza/Wekeza/Core/Wekeza.Core.Domain/Aggregates/IntegrationEndpoint.cs(101,30): warning CS8625: Cannot convert null literal to non-nullable reference type. [/home/runner/work/Wekeza/Wekeza/Core/Wekeza.Core.Domain/Wekeza.Core.Domain.csproj]
/home/runner/work/Wekeza/Wekeza/Core/Wekeza.Core.Domain/Aggregates/IntegrationEndpoint.cs(103,50): warning CS8625: Cannot convert null literal to non-nullable reference type. [/home/runner/work/Wekeza/Wekeza/Core/Wekeza.Core.Domain/Wekeza.Core.Domain.csproj]
/home/runner/work/Wekeza/Wekeza/Core/Wekeza.Core.Domain/Aggregates/IntegrationEndpoint.cs(104,52): warning CS8625: Cannot convert null literal to non-nullable reference type. [/home/runner/work/Wekeza/Wekeza/Core/Wekeza.Core.Domain/Wekeza.Core.Domain.csproj]
/home/runner/work/Wekeza/Wekeza/Core/Wekeza.Core.Domain/Aggregates/IntegrationEndpoint.cs(204,124): warning CS8625: Cannot convert null literal to non-nullable reference type. [/home/runner/work/Wekeza/Wekeza/Core/Wekeza.Core.Domain/Wekeza.Core.Domain.csproj]
/home/runner/work/Wekeza/Wekeza/Core/Wekeza.Core.Domain/Aggregates/IntegrationEndpoint.cs(295,73): warning CS8625: Cannot convert null literal to non-nullable reference type. [/home/runner/work/Wekeza/Wekeza/Core/Wekeza.Core.Domain/Wekeza.Core.Domain.csproj]
/home/runner/work/Wekeza/Wekeza/Core/Wekeza.Core.Domain/Aggregates/IntegrationEndpoint.cs(318,43): warning CS8625: Cannot convert null literal to non-nullable reference type. [/home/runner/work/Wekeza/Wekeza/Core/Wekeza.Core.Domain/Wekeza.Core.Domain.csproj]
/home/runner/work/Wekeza/Wekeza/Core/Wekeza.Core.Domain/Aggregates/IntegrationEndpoint.cs(339,45): warning CS8625: Cannot convert null literal to non-nullable reference type. [/home/runner/work/Wekeza/Wekeza/Core/Wekeza.Core.Domain/Wekeza.Core.Domain.csproj]
/home/runner/work/Wekeza/Wekeza/Core/Wekeza.Core.Domain/Aggregates/IntegrationEndpoint.cs(339,67): warning CS8625: Cannot convert null literal to non-nullable reference type. [/home/runner/work/Wekeza/Wekeza/Core/Wekeza.Core.Domain/Wekeza.Core.Domain.csproj]
/home/runner/work/Wekeza/Wekeza/Core/Wekeza.Core.Domain/Aggregates/Loan.cs(86,19): warning CS0108: 'Loan.CreatedBy' hides inherited member 'AggregateRoot.CreatedBy'. Use the new keyword if hiding was intended. [/home/runner/work/Wekeza/Wekeza/Core/Wekeza.Core.Domain/Wekeza.Core.Domain.csproj]
/home/runner/work/Wekeza/Wekeza/Core/Wekeza.Core.Domain/Aggregates/SWIFTMessage.cs(28,21): warning CS0108: 'SWIFTMessage.CreatedAt' hides inherited member 'AggregateRoot.CreatedAt'. Use the new keyword if hiding was intended. [/home/runner/work/Wekeza/Wekeza/Core/Wekeza.Core.Domain/Wekeza.Core.Domain.csproj]
/home/runner/work/Wekeza/Wekeza/Core/Wekeza.Core.Domain/Aggregates/SWIFTMessage.cs(32,19): warning CS0108: 'SWIFTMessage.CreatedBy' hides inherited member 'AggregateRoot.CreatedBy'. Use the new keyword if hiding was intended. [/home/runner/work/Wekeza/Wekeza/Core/Wekeza.Core.Domain/Wekeza.Core.Domain.csproj]
/home/runner/work/Wekeza/Wekeza/Core/Wekeza.Core.Domain/Aggregates/CashDrawer.cs(52,19): warning CS0108: 'CashDrawer.CreatedBy' hides inherited member 'AggregateRoot.CreatedBy'. Use the new keyword if hiding was intended. [/home/runner/work/Wekeza/Wekeza/Core/Wekeza.Core.Domain/Wekeza.Core.Domain.csproj]
/home/runner/work/Wekeza/Wekeza/Core/Wekeza.Core.Domain/Aggregates/SystemMonitor.cs(47,21): warning CS0108: 'SystemMonitor.CreatedAt' hides inherited member 'AggregateRoot.CreatedAt'. Use the new keyword if hiding was intended. [/home/runner/work/Wekeza/Wekeza/Core/Wekeza.Core.Domain/Wekeza.Core.Domain.csproj]
/home/runner/work/Wekeza/Wekeza/Core/Wekeza.Core.Domain/Aggregates/SystemMonitor.cs(48,19): warning CS0108: 'SystemMonitor.CreatedBy' hides inherited member 'AggregateRoot.CreatedBy'. Use the new keyword if hiding was intended. [/home/runner/work/Wekeza/Wekeza/Core/Wekeza.Core.Domain/Wekeza.Core.Domain.csproj]
/home/runner/work/Wekeza/Wekeza/Core/Wekeza.Core.Domain/Interfaces/IReportRepository.cs(135,30): warning CS8625: Cannot convert null literal to non-nullable reference type. [/home/runner/work/Wekeza/Wekeza/Core/Wekeza.Core.Domain/Wekeza.Core.Domain.csproj]
/home/runner/work/Wekeza/Wekeza/Core/Wekeza.Core.Domain/ValueObjects/KPIMetric.cs(32,23): warning CS8625: Cannot convert null literal to non-nullable reference type. [/home/runner/work/Wekeza/Wekeza/Core/Wekeza.Core.Domain/Wekeza.Core.Domain.csproj]
/home/runner/work/Wekeza/Wekeza/Core/Wekeza.Core.Domain/ValueObjects/KPIMetric.cs(34,27): warning CS8625: Cannot convert null literal to non-nullable reference type. [/home/runner/work/Wekeza/Wekeza/Core/Wekeza.Core.Domain/Wekeza.Core.Domain.csproj]
/home/runner/work/Wekeza/Wekeza/Core/Wekeza.Core.Domain/Interfaces/IIntegrationRepository.cs(161,28): warning CS8625: Cannot convert null literal to non-nullable reference type. [/home/runner/work/Wekeza/Wekeza/Core/Wekeza.Core.Domain/Wekeza.Core.Domain.csproj]
/home/runner/work/Wekeza/Wekeza/Core/Wekeza.Core.Domain/Interfaces/IIntegrationRepository.cs(264,95): warning CS8625: Cannot convert null literal to non-nullable reference type. [/home/runner/work/Wekeza/Wekeza/Core/Wekeza.Core.Domain/Wekeza.Core.Domain.csproj]
/home/runner/work/Wekeza/Wekeza/Core/Wekeza.Core.Domain/ValueObjects/ApiCredentials.cs(26,25): warning CS8625: Cannot convert null literal to non-nullable reference type. [/home/runner/work/Wekeza/Wekeza/Core/Wekeza.Core.Domain/Wekeza.Core.Domain.csproj]
/home/runner/work/Wekeza/Wekeza/Core/Wekeza.Core.Domain/ValueObjects/ApiCredentials.cs(27,27): warning CS8625: Cannot convert null literal to non-nullable reference type. [/home/runner/work/Wekeza/Wekeza/Core/Wekeza.Core.Domain/Wekeza.Core.Domain.csproj]
/home/runner/work/Wekeza/Wekeza/Core/Wekeza.Core.Domain/ValueObjects/ApiCredentials.cs(28,31): warning CS8625: Cannot convert null literal to non-nullable reference type. [/home/runner/work/Wekeza/Wekeza/Core/Wekeza.Core.Domain/Wekeza.Core.Domain.csproj]
/home/runner/work/Wekeza/Wekeza/Core/Wekeza.Core.Domain/ValueObjects/ApiCredentials.cs(29,30): warning CS8625: Cannot convert null literal to non-nullable reference type. [/home/runner/work/Wekeza/Wekeza/Core/Wekeza.Core.Domain/Wekeza.Core.Domain.csproj]
/home/runner/work/Wekeza/Wekeza/Core/Wekeza.Core.Domain/ValueObjects/ApiCredentials.cs(30,31): warning CS8625: Cannot convert null literal to non-nullable reference type. [/home/runner/work/Wekeza/Wekeza/Core/Wekeza.Core.Domain/Wekeza.Core.Domain.csproj]
/home/runner/work/Wekeza/Wekeza/Core/Wekeza.Core.Domain/ValueObjects/ApiCredentials.cs(33,24): warning CS8625: Cannot convert null literal to non-nullable reference type. [/home/runner/work/Wekeza/Wekeza/Core/Wekeza.Core.Domain/Wekeza.Core.Domain.csproj]
/home/runner/work/Wekeza/Wekeza/Core/Wekeza.Core.Domain/ValueObjects/ApiCredentials.cs(34,59): warning CS8625: Cannot convert null literal to non-nullable reference type. [/home/runner/work/Wekeza/Wekeza/Core/Wekeza.Core.Domain/Wekeza.Core.Domain.csproj]
/home/runner/work/Wekeza/Wekeza/Core/Wekeza.Core.Domain/ValueObjects/ApiCredentials.cs(134,117): warning CS8625: Cannot convert null literal to non-nullable reference type. [/home/runner/work/Wekeza/Wekeza/Core/Wekeza.Core.Domain/Wekeza.Core.Domain.csproj]
/home/runner/work/Wekeza/Wekeza/Core/Wekeza.Core.Domain/ValueObjects/ApiCredentials.cs(229,75): warning CS8625: Cannot convert null literal to non-nullable reference type. [/home/runner/work/Wekeza/Wekeza/Core/Wekeza.Core.Domain/Wekeza.Core.Domain.csproj]
/home/runner/work/Wekeza/Wekeza/Core/Wekeza.Core.Domain/ValueObjects/ApiCredentials.cs(295,31): warning CS8625: Cannot convert null literal to non-nullable reference type. [/home/runner/work/Wekeza/Wekeza/Core/Wekeza.Core.Domain/Wekeza.Core.Domain.csproj]
/home/runner/work/Wekeza/Wekeza/Core/Wekeza.Core.Domain/ValueObjects/ApiCredentials.cs(295,80): warning CS8625: Cannot convert null literal to non-nullable reference type. [/home/runner/work/Wekeza/Wekeza/Core/Wekeza.Core.Domain/Wekeza.Core.Domain.csproj]
/home/runner/work/Wekeza/Wekeza/Core/Wekeza.Core.Domain/ValueObjects/ApiCredentials.cs(312,110): warning CS8625: Cannot convert null literal to non-nullable reference type. [/home/runner/work/Wekeza/Wekeza/Core/Wekeza.Core.Domain/Wekeza.Core.Domain.csproj]
/home/runner/work/Wekeza/Wekeza/Core/Wekeza.Core.Domain/Aggregates/MessageQueue.cs(72,21): warning CS0108: 'MessageQueue.CreatedAt' hides inherited member 'AggregateRoot.CreatedAt'. Use the new keyword if hiding was intended. [/home/runner/work/Wekeza/Wekeza/Core/Wekeza.Core.Domain/Wekeza.Core.Domain.csproj]
/home/runner/work/Wekeza/Wekeza/Core/Wekeza.Core.Domain/Aggregates/MessageQueue.cs(73,19): warning CS0108: 'MessageQueue.CreatedBy' hides inherited member 'AggregateRoot.CreatedBy'. Use the new keyword if hiding was intended. [/home/runner/work/Wekeza/Wekeza/Core/Wekeza.Core.Domain/Wekeza.Core.Domain.csproj]
/home/runner/work/Wekeza/Wekeza/Core/Wekeza.Core.Domain/ValueObjects/MessageEnvelope.cs(38,30): warning CS8625: Cannot convert null literal to non-nullable reference type. [/home/runner/work/Wekeza/Wekeza/Core/Wekeza.Core.Domain/Wekeza.Core.Domain.csproj]
/home/runner/work/Wekeza/Wekeza/Core/Wekeza.Core.Domain/ValueObjects/MessageEnvelope.cs(39,28): warning CS8625: Cannot convert null literal to non-nullable reference type. [/home/runner/work/Wekeza/Wekeza/Core/Wekeza.Core.Domain/Wekeza.Core.Domain.csproj]
/home/runner/work/Wekeza/Wekeza/Core/Wekeza.Core.Domain/ValueObjects/MessageEnvelope.cs(40,32): warning CS8625: Cannot convert null literal to non-nullable reference type. [/home/runner/work/Wekeza/Wekeza/Core/Wekeza.Core.Domain/Wekeza.Core.Domain.csproj]
/home/runner/work/Wekeza/Wekeza/Core/Wekeza.Core.Domain/ValueObjects/MessageEnvelope.cs(41,46): warning CS8625: Cannot convert null literal to non-nullable reference type. [/home/runner/work/Wekeza/Wekeza/Core/Wekeza.Core.Domain/Wekeza.Core.Domain.csproj]
/home/runner/work/Wekeza/Wekeza/Core/Wekeza.Core.Domain/ValueObjects/MessageEnvelope.cs(44,30): warning CS8625: Cannot convert null literal to non-nullable reference type. [/home/runner/work/Wekeza/Wekeza/Core/Wekeza.Core.Domain/Wekeza.Core.Domain.csproj]
/home/runner/work/Wekeza/Wekeza/Core/Wekeza.Core.Domain/ValueObjects/MessageEnvelope.cs(45,26): warning CS8625: Cannot convert null literal to non-nullable reference type. [/home/runner/work/Wekeza/Wekeza/Core/Wekeza.Core.Domain/Wekeza.Core.Domain.csproj]
/home/runner/work/Wekeza/Wekeza/Core/Wekeza.Core.Domain/ValueObjects/MessageEnvelope.cs(46,29): warning CS8625: Cannot convert null literal to non-nullable reference type. [/home/runner/work/Wekeza/Wekeza/Core/Wekeza.Core.Domain/Wekeza.Core.Domain.csproj]
/home/runner/work/Wekeza/Wekeza/Core/Wekeza.Core.Domain/ValueObjects/MessageEnvelope.cs(48,49): warning CS8625: Cannot convert null literal to non-nullable reference type. [/home/runner/work/Wekeza/Wekeza/Core/Wekeza.Core.Domain/Wekeza.Core.Domain.csproj]
/home/runner/work/Wekeza/Wekeza/Core/Wekeza.Core.Domain/ValueObjects/MessageEnvelope.cs(221,87): warning CS8625: Cannot convert null literal to non-nullable reference type. [/home/runner/work/Wekeza/Wekeza/Core/Wekeza.Core.Domain/Wekeza.Core.Domain.csproj]
/home/runner/work/Wekeza/Wekeza/Core/Wekeza.Core.Domain/ValueObjects/MessageEnvelope.cs(246,83): warning CS8625: Cannot convert null literal to non-nullable reference type. [/home/runner/work/Wekeza/Wekeza/Core/Wekeza.Core.Domain/Wekeza.Core.Domain.csproj]
/home/runner/work/Wekeza/Wekeza/Core/Wekeza.Core.Domain/ValueObjects/MessageEnvelope.cs(323,56): warning CS8601: Possible null reference assignment. [/home/runner/work/Wekeza/Wekeza/Core/Wekeza.Core.Domain/Wekeza.Core.Domain.csproj]
/home/runner/work/Wekeza/Wekeza/Core/Wekeza.Core.Domain/Aggregates/MessageQueue.cs(97,30): warning CS8625: Cannot convert null literal to non-nullable reference type. [/home/runner/work/Wekeza/Wekeza/Core/Wekeza.Core.Domain/Wekeza.Core.Domain.csproj]
/home/runner/work/Wekeza/Wekeza/Core/Wekeza.Core.Domain/Aggregates/MessageQueue.cs(98,44): warning CS8625: Cannot convert null literal to non-nullable reference type. [/home/runner/work/Wekeza/Wekeza/Core/Wekeza.Core.Domain/Wekeza.Core.Domain.csproj]
/home/runner/work/Wekeza/Wekeza/Core/Wekeza.Core.Domain/Aggregates/MessageQueue.cs(306,105): warning CS8625: Cannot convert null literal to non-nullable reference type. [/home/runner/work/Wekeza/Wekeza/Core/Wekeza.Core.Domain/Wekeza.Core.Domain.csproj]
/home/runner/work/Wekeza/Wekeza/Core/Wekeza.Core.Domain/Aggregates/MessageQueue.cs(350,72): warning CS8625: Cannot convert null literal to non-nullable reference type. [/home/runner/work/Wekeza/Wekeza/Core/Wekeza.Core.Domain/Wekeza.Core.Domain.csproj]
/home/runner/work/Wekeza/Wekeza/Core/Wekeza.Core.Domain/Aggregates/MessageQueue.cs(383,46): warning CS8625: Cannot convert null literal to non-nullable reference type. [/home/runner/work/Wekeza/Wekeza/Core/Wekeza.Core.Domain/Wekeza.Core.Domain.csproj]
/home/runner/work/Wekeza/Wekeza/Core/Wekeza.Core.Domain/Aggregates/MessageQueue.cs(492,47): warning CS8625: Cannot convert null literal to non-nullable reference type. [/home/runner/work/Wekeza/Wekeza/Core/Wekeza.Core.Domain/Wekeza.Core.Domain.csproj]
/home/runner/work/Wekeza/Wekeza/Core/Wekeza.Core.Domain/Aggregates/MessageQueue.cs(513,51): warning CS8625: Cannot convert null literal to non-nullable reference type. [/home/runner/work/Wekeza/Wekeza/Core/Wekeza.Core.Domain/Wekeza.Core.Domain.csproj]
/home/runner/work/Wekeza/Wekeza/Core/Wekeza.Core.Domain/Aggregates/MessageQueue.cs(513,73): warning CS8625: Cannot convert null literal to non-nullable reference type. [/home/runner/work/Wekeza/Wekeza/Core/Wekeza.Core.Domain/Wekeza.Core.Domain.csproj]
/home/runner/work/Wekeza/Wekeza/Core/Wekeza.Core.Domain/ValueObjects/MessageEnvelope.cs(334,58): warning CS8601: Possible null reference assignment. [/home/runner/work/Wekeza/Wekeza/Core/Wekeza.Core.Domain/Wekeza.Core.Domain.csproj]
/home/runner/work/Wekeza/Wekeza/Core/Wekeza.Core.Domain/ValueObjects/MessageEnvelope.cs(495,30): warning CS8625: Cannot convert null literal to non-nullable reference type. [/home/runner/work/Wekeza/Wekeza/Core/Wekeza.Core.Domain/Wekeza.Core.Domain.csproj]
/home/runner/work/Wekeza/Wekeza/Core/Wekeza.Core.Domain/ValueObjects/MessageEnvelope.cs(496,28): warning CS8625: Cannot convert null literal to non-nullable reference type. [/home/runner/work/Wekeza/Wekeza/Core/Wekeza.Core.Domain/Wekeza.Core.Domain.csproj]
/home/runner/work/Wekeza/Wekeza/Core/Wekeza.Core.Domain/ValueObjects/MessageEnvelope.cs(497,32): warning CS8625: Cannot convert null literal to non-nullable reference type. [/home/runner/work/Wekeza/Wekeza/Core/Wekeza.Core.Domain/Wekeza.Core.Domain.csproj]
/home/runner/work/Wekeza/Wekeza/Core/Wekeza.Core.Domain/ValueObjects/MessageEnvelope.cs(498,46): warning CS8625: Cannot convert null literal to non-nullable reference type. [/home/runner/work/Wekeza/Wekeza/Core/Wekeza.Core.Domain/Wekeza.Core.Domain.csproj]
/home/runner/work/Wekeza/Wekeza/Core/Wekeza.Core.Domain/ValueObjects/MessageEnvelope.cs(501,30): warning CS8625: Cannot convert null literal to non-nullable reference type. [/home/runner/work/Wekeza/Wekeza/Core/Wekeza.Core.Domain/Wekeza.Core.Domain.csproj]
/home/runner/work/Wekeza/Wekeza/Core/Wekeza.Core.Domain/ValueObjects/MessageEnvelope.cs(502,26): warning CS8625: Cannot convert null literal to non-nullable reference type. [/home/runner/work/Wekeza/Wekeza/Core/Wekeza.Core.Domain/Wekeza.Core.Domain.csproj]
/home/runner/work/Wekeza/Wekeza/Core/Wekeza.Core.Domain/ValueObjects/MessageEnvelope.cs(503,29): warning CS8625: Cannot convert null literal to non-nullable reference type. [/home/runner/work/Wekeza/Wekeza/Core/Wekeza.Core.Domain/Wekeza.Core.Domain.csproj]
/home/runner/work/Wekeza/Wekeza/Core/Wekeza.Core.Domain/ValueObjects/MessageEnvelope.cs(505,49): warning CS8625: Cannot convert null literal to non-nullable reference type. [/home/runner/work/Wekeza/Wekeza/Core/Wekeza.Core.Domain/Wekeza.Core.Domain.csproj]
/home/runner/work/Wekeza/Wekeza/Core/Wekeza.Core.Domain/ValueObjects/MessageEnvelope.cs(542,40): warning CS8625: Cannot convert null literal to non-nullable reference type. [/home/runner/work/Wekeza/Wekeza/Core/Wekeza.Core.Domain/Wekeza.Core.Domain.csproj]
/home/runner/work/Wekeza/Wekeza/Core/Wekeza.Core.Domain/ValueObjects/SecurityPolicy.cs(281,64): warning CS8601: Possible null reference assignment. [/home/runner/work/Wekeza/Wekeza/Core/Wekeza.Core.Domain/Wekeza.Core.Domain.csproj]
/home/runner/work/Wekeza/Wekeza/Core/Wekeza.Core.Domain/Aggregates/Account.cs(53,13): warning CS8618: Non-nullable property 'AccountNumber' must contain a non-null value when exiting constructor. Consider adding the 'required' modifier or declaring the property as nullable. [/home/runner/work/Wekeza/Wekeza/Core/Wekeza.Core.Domain/Wekeza.Core.Domain.csproj]
/home/runner/work/Wekeza/Wekeza/Core/Wekeza.Core.Domain/Aggregates/Account.cs(53,13): warning CS8618: Non-nullable property 'Balance' must contain a non-null value when exiting constructor. Consider adding the 'required' modifier or declaring the property as nullable. [/home/runner/work/Wekeza/Wekeza/Core/Wekeza.Core.Domain/Wekeza.Core.Domain.csproj]
/home/runner/work/Wekeza/Wekeza/Core/Wekeza.Core.Domain/Aggregates/Account.cs(53,13): warning CS8618: Non-nullable property 'OverdraftLimit' must contain a non-null value when exiting constructor. Consider adding the 'required' modifier or declaring the property as nullable. [/home/runner/work/Wekeza/Wekeza/Core/Wekeza.Core.Domain/Wekeza.Core.Domain.csproj]
/home/runner/work/Wekeza/Wekeza/Core/Wekeza.Core.Domain/Aggregates/Account.cs(53,13): warning CS8618: Non-nullable property 'OpenedBy' must contain a non-null value when exiting constructor. Consider adding the 'required' modifier or declaring the property as nullable. [/home/runner/work/Wekeza/Wekeza/Core/Wekeza.Core.Domain/Wekeza.Core.Domain.csproj]
/home/runner/work/Wekeza/Wekeza/Core/Wekeza.Core.Domain/Aggregates/Account.cs(53,13): warning CS8618: Non-nullable property 'AccruedInterest' must contain a non-null value when exiting constructor. Consider adding the 'required' modifier or declaring the property as nullable. [/home/runner/work/Wekeza/Wekeza/Core/Wekeza.Core.Domain/Wekeza.Core.Domain.csproj]
/home/runner/work/Wekeza/Wekeza/Core/Wekeza.Core.Domain/Aggregates/Account.cs(53,13): warning CS8618: Non-nullable property 'DailyTransactionLimit' must contain a non-null value when exiting constructor. Consider adding the 'required' modifier or declaring the property as nullable. [/home/runner/work/Wekeza/Wekeza/Core/Wekeza.Core.Domain/Wekeza.Core.Domain.csproj]
/home/runner/work/Wekeza/Wekeza/Core/Wekeza.Core.Domain/Aggregates/Account.cs(53,13): warning CS8618: Non-nullable property 'MonthlyTransactionLimit' must contain a non-null value when exiting constructor. Consider adding the 'required' modifier or declaring the property as nullable. [/home/runner/work/Wekeza/Wekeza/Core/Wekeza.Core.Domain/Wekeza.Core.Domain.csproj]
/home/runner/work/Wekeza/Wekeza/Core/Wekeza.Core.Domain/Aggregates/Account.cs(53,13): warning CS8618: Non-nullable property 'MinimumBalance' must contain a non-null value when exiting constructor. Consider adding the 'required' modifier or declaring the property as nullable. [/home/runner/work/Wekeza/Wekeza/Core/Wekeza.Core.Domain/Wekeza.Core.Domain.csproj]
/home/runner/work/Wekeza/Wekeza/Core/Wekeza.Core.Domain/Aggregates/Account.cs(53,13): warning CS8618: Non-nullable property 'CustomerGLCode' must contain a non-null value when exiting constructor. Consider adding the 'required' modifier or declaring the property as nullable. [/home/runner/work/Wekeza/Wekeza/Core/Wekeza.Core.Domain/Wekeza.Core.Domain.csproj]
/home/runner/work/Wekeza/Wekeza/Core/Wekeza.Core.Domain/Aggregates/AMLCase.cs(27,13): warning CS8618: Non-nullable property 'CaseNumber' must contain a non-null value when exiting constructor. Consider adding the 'required' modifier or declaring the property as nullable. [/home/runner/work/Wekeza/Wekeza/Core/Wekeza.Core.Domain/Wekeza.Core.Domain.csproj]
/home/runner/work/Wekeza/Wekeza/Core/Wekeza.Core.Domain/Aggregates/AMLCase.cs(27,13): warning CS8618: Non-nullable property 'RiskScore' must contain a non-null value when exiting constructor. Consider adding the 'required' modifier or declaring the property as nullable. [/home/runner/work/Wekeza/Wekeza/Core/Wekeza.Core.Domain/Wekeza.Core.Domain.csproj]
/home/runner/work/Wekeza/Wekeza/Core/Wekeza.Core.Domain/Aggregates/Analytics.cs(430,13): warning CS8618: Non-nullable property 'InsightCode' must contain a non-null value when exiting constructor. Consider adding the 'required' modifier or declaring the property as nullable. [/home/runner/work/Wekeza/Wekeza/Core/Wekeza.Core.Domain/Wekeza.Core.Domain.csproj]
/home/runner/work/Wekeza/Wekeza/Core/Wekeza.Core.Domain/Aggregates/Analytics.cs(430,13): warning CS8618: Non-nullable property 'Title' must contain a non-null value when exiting constructor. Consider adding the 'required' modifier or declaring the property as nullable. [/home/runner/work/Wekeza/Wekeza/Core/Wekeza.Core.Domain/Wekeza.Core.Domain.csproj]
/home/runner/work/Wekeza/Wekeza/Core/Wekeza.Core.Domain/Aggregates/Analytics.cs(430,13): warning CS8618: Non-nullable property 'Description' must contain a non-null value when exiting constructor. Consider adding the 'required' modifier or declaring the property as nullable. [/home/runner/work/Wekeza/Wekeza/Core/Wekeza.Core.Domain/Wekeza.Core.Domain.csproj]
/home/runner/work/Wekeza/Wekeza/Core/Wekeza.Core.Domain/Aggregates/Analytics.cs(430,13): warning CS8618: Non-nullable property 'Recommendation' must contain a non-null value when exiting constructor. Consider adding the 'required' modifier or declaring the property as nullable. [/home/runner/work/Wekeza/Wekeza/Core/Wekeza.Core.Domain/Wekeza.Core.Domain.csproj]
/home/runner/work/Wekeza/Wekeza/Core/Wekeza.Core.Domain/Aggregates/Analytics.cs(483,12): warning CS8618: Non-nullable property 'MetricCode' must contain a non-null value when exiting constructor. Consider adding the 'required' modifier or declaring the property as nullable. [/home/runner/work/Wekeza/Wekeza/Core/Wekeza.Core.Domain/Wekeza.Core.Domain.csproj]
/home/runner/work/Wekeza/Wekeza/Core/Wekeza.Core.Domain/Aggregates/WorkflowInstance.cs(53,13): warning CS8618: Non-nullable property 'WorkflowCode' must contain a non-null value when exiting constructor. Consider adding the 'required' modifier or declaring the property as nullable. [/home/runner/work/Wekeza/Wekeza/Core/Wekeza.Core.Domain/Wekeza.Core.Domain.csproj]
/home/runner/work/Wekeza/Wekeza/Core/Wekeza.Core.Domain/Aggregates/WorkflowInstance.cs(53,13): warning CS8618: Non-nullable property 'WorkflowName' must contain a non-null value when exiting constructor. Consider adding the 'required' modifier or declaring the property as nullable. [/home/runner/work/Wekeza/Wekeza/Core/Wekeza.Core.Domain/Wekeza.Core.Domain.csproj]
/home/runner/work/Wekeza/Wekeza/Core/Wekeza.Core.Domain/Aggregates/WorkflowInstance.cs(53,13): warning CS8618: Non-nullable property 'EntityType' must contain a non-null value when exiting constructor. Consider adding the 'required' modifier or declaring the property as nullable. [/home/runner/work/Wekeza/Wekeza/Core/Wekeza.Core.Domain/Wekeza.Core.Domain.csproj]
/home/runner/work/Wekeza/Wekeza/Core/Wekeza.Core.Domain/Aggregates/WorkflowInstance.cs(53,13): warning CS8618: Non-nullable property 'EntityReference' must contain a non-null value when exiting constructor. Consider adding the 'required' modifier or declaring the property as nullable. [/home/runner/work/Wekeza/Wekeza/Core/Wekeza.Core.Domain/Wekeza.Core.Domain.csproj]
/home/runner/work/Wekeza/Wekeza/Core/Wekeza.Core.Domain/Aggregates/WorkflowInstance.cs(53,13): warning CS8618: Non-nullable property 'InitiatedBy' must contain a non-null value when exiting constructor. Consider adding the 'required' modifier or declaring the property as nullable. [/home/runner/work/Wekeza/Wekeza/Core/Wekeza.Core.Domain/Wekeza.Core.Domain.csproj]
/home/runner/work/Wekeza/Wekeza/Core/Wekeza.Core.Domain/Aggregates/Analytics.cs(57,13): warning CS8618: Non-nullable property 'AnalyticsCode' must contain a non-null value when exiting constructor. Consider adding the 'required' modifier or declaring the property as nullable. [/home/runner/work/Wekeza/Wekeza/Core/Wekeza.Core.Domain/Wekeza.Core.Domain.csproj]
/home/runner/work/Wekeza/Wekeza/Core/Wekeza.Core.Domain/Aggregates/Analytics.cs(57,13): warning CS8618: Non-nullable property 'AnalyticsName' must contain a non-null value when exiting constructor. Consider adding the 'required' modifier or declaring the property as nullable. [/home/runner/work/Wekeza/Wekeza/Core/Wekeza.Core.Domain/Wekeza.Core.Domain.csproj]
/home/runner/work/Wekeza/Wekeza/Core/Wekeza.Core.Domain/Aggregates/Analytics.cs(57,13): warning CS8618: Non-nullable property 'Description' must contain a non-null value when exiting constructor. Consider adding the 'required' modifier or declaring the property as nullable. [/home/runner/work/Wekeza/Wekeza/Core/Wekeza.Core.Domain/Wekeza.Core.Domain.csproj]
/home/runner/work/Wekeza/Wekeza/Core/Wekeza.Core.Domain/Aggregates/Analytics.cs(57,13): warning CS8618: Non-nullable property 'DataSource' must contain a non-null value when exiting constructor. Consider adding the 'required' modifier or declaring the property as nullable. [/home/runner/work/Wekeza/Wekeza/Core/Wekeza.Core.Domain/Wekeza.Core.Domain.csproj]
/home/runner/work/Wekeza/Wekeza/Core/Wekeza.Core.Domain/Aggregates/Analytics.cs(57,13): warning CS8618: Non-nullable property 'ComputedBy' must contain a non-null value when exiting constructor. Consider adding the 'required' modifier or declaring the property as nullable. [/home/runner/work/Wekeza/Wekeza/Core/Wekeza.Core.Domain/Wekeza.Core.Domain.csproj]
/home/runner/work/Wekeza/Wekeza/Core/Wekeza.Core.Domain/Aggregates/Analytics.cs(503,12): warning CS8618: Non-nullable property 'MetricCode' must contain a non-null value when exiting constructor. Consider adding the 'required' modifier or declaring the property as nullable. [/home/runner/work/Wekeza/Wekeza/Core/Wekeza.Core.Domain/Wekeza.Core.Domain.csproj]
/home/runner/work/Wekeza/Wekeza/Core/Wekeza.Core.Domain/Aggregates/Analytics.cs(503,12): warning CS8618: Non-nullable property 'Method' must contain a non-null value when exiting constructor. Consider adding the 'required' modifier or declaring the property as nullable. [/home/runner/work/Wekeza/Wekeza/Core/Wekeza.Core.Domain/Wekeza.Core.Domain.csproj]
/home/runner/work/Wekeza/Wekeza/Core/Wekeza.Core.Domain/Aggregates/Analytics.cs(250,20): warning CS8625: Cannot convert null literal to non-nullable reference type. [/home/runner/work/Wekeza/Wekeza/Core/Wekeza.Core.Domain/Wekeza.Core.Domain.csproj]
/home/runner/work/Wekeza/Wekeza/Core/Wekeza.Core.Domain/Aggregates/Analytics.cs(378,16): warning CS8603: Possible null reference return. [/home/runner/work/Wekeza/Wekeza/Core/Wekeza.Core.Domain/Wekeza.Core.Domain.csproj]
/home/runner/work/Wekeza/Wekeza/Core/Wekeza.Core.Domain/Aggregates/WorkflowDefinition.cs(357,13): warning CS8618: Non-nullable property 'StepName' must contain a non-null value when exiting constructor. Consider adding the 'required' modifier or declaring the property as nullable. [/home/runner/work/Wekeza/Wekeza/Core/Wekeza.Core.Domain/Wekeza.Core.Domain.csproj]
/home/runner/work/Wekeza/Wekeza/Core/Wekeza.Core.Domain/Aggregates/WorkflowDefinition.cs(357,13): warning CS8618: Non-nullable property 'StepType' must contain a non-null value when exiting constructor. Consider adding the 'required' modifier or declaring the property as nullable. [/home/runner/work/Wekeza/Wekeza/Core/Wekeza.Core.Domain/Wekeza.Core.Domain.csproj]
/home/runner/work/Wekeza/Wekeza/Core/Wekeza.Core.Domain/Aggregates/WorkflowDefinition.cs(400,13): warning CS8618: Non-nullable property 'ApproverRole' must contain a non-null value when exiting constructor. Consider adding the 'required' modifier or declaring the property as nullable. [/home/runner/work/Wekeza/Wekeza/Core/Wekeza.Core.Domain/Wekeza.Core.Domain.csproj]
/home/runner/work/Wekeza/Wekeza/Core/Wekeza.Core.Domain/Aggregates/WebhookSubscription.cs(617,19): warning CS8618: Non-nullable property 'DeliveryId' must contain a non-null value when exiting constructor. Consider adding the 'required' modifier or declaring the property as nullable. [/home/runner/work/Wekeza/Wekeza/Core/Wekeza.Core.Domain/Wekeza.Core.Domain.csproj]
/home/runner/work/Wekeza/Wekeza/Core/Wekeza.Core.Domain/Aggregates/WebhookSubscription.cs(621,19): warning CS8618: Non-nullable property 'ResponseBody' must contain a non-null value when exiting constructor. Consider adding the 'required' modifier or declaring the property as nullable. [/home/runner/work/Wekeza/Wekeza/Core/Wekeza.Core.Domain/Wekeza.Core.Domain.csproj]
/home/runner/work/Wekeza/Wekeza/Core/Wekeza.Core.Domain/Aggregates/WebhookSubscription.cs(622,19): warning CS8618: Non-nullable property 'ErrorMessage' must contain a non-null value when exiting constructor. Consider adding the 'required' modifier or declaring the property as nullable. [/home/runner/work/Wekeza/Wekeza/Core/Wekeza.Core.Domain/Wekeza.Core.Domain.csproj]
/home/runner/work/Wekeza/Wekeza/Core/Wekeza.Core.Domain/Aggregates/WorkflowDefinition.cs(43,13): warning CS8618: Non-nullable property 'WorkflowCode' must contain a non-null value when exiting constructor. Consider adding the 'required' modifier or declaring the property as nullable. [/home/runner/work/Wekeza/Wekeza/Core/Wekeza.Core.Domain/Wekeza.Core.Domain.csproj]
/home/runner/work/Wekeza/Wekeza/Core/Wekeza.Core.Domain/Aggregates/WorkflowDefinition.cs(43,13): warning CS8618: Non-nullable property 'WorkflowName' must contain a non-null value when exiting constructor. Consider adding the 'required' modifier or declaring the property as nullable. [/home/runner/work/Wekeza/Wekeza/Core/Wekeza.Core.Domain/Wekeza.Core.Domain.csproj]
/home/runner/work/Wekeza/Wekeza/Core/Wekeza.Core.Domain/Aggregates/WorkflowDefinition.cs(43,13): warning CS8618: Non-nullable property 'Description' must contain a non-null value when exiting constructor. Consider adding the 'required' modifier or declaring the property as nullable. [/home/runner/work/Wekeza/Wekeza/Core/Wekeza.Core.Domain/Wekeza.Core.Domain.csproj]
/home/runner/work/Wekeza/Wekeza/Core/Wekeza.Core.Domain/Aggregates/WorkflowDefinition.cs(43,13): warning CS8618: Non-nullable property 'TriggerEvent' must contain a non-null value when exiting constructor. Consider adding the 'required' modifier or declaring the property as nullable. [/home/runner/work/Wekeza/Wekeza/Core/Wekeza.Core.Domain/Wekeza.Core.Domain.csproj]
/home/runner/work/Wekeza/Wekeza/Core/Wekeza.Core.Domain/Aggregates/WorkflowDefinition.cs(43,13): warning CS8618: Non-nullable property 'CreatedBy' must contain a non-null value when exiting constructor. Consider adding the 'required' modifier or declaring the property as nullable. [/home/runner/work/Wekeza/Wekeza/Core/Wekeza.Core.Domain/Wekeza.Core.Domain.csproj]
/home/runner/work/Wekeza/Wekeza/Core/Wekeza.Core.Domain/Aggregates/User.cs(439,12): warning CS8618: Non-nullable property 'UserAgent' must contain a non-null value when exiting constructor. Consider adding the 'required' modifier or declaring the property as nullable. [/home/runner/work/Wekeza/Wekeza/Core/Wekeza.Core.Domain/Wekeza.Core.Domain.csproj]
/home/runner/work/Wekeza/Wekeza/Core/Wekeza.Core.Domain/Aggregates/WebhookSubscription.cs(79,13): warning CS8618: Non-nullable property 'SubscriptionCode' must contain a non-null value when exiting constructor. Consider adding the 'required' modifier or declaring the property as nullable. [/home/runner/work/Wekeza/Wekeza/Core/Wekeza.Core.Domain/Wekeza.Core.Domain.csproj]
/home/runner/work/Wekeza/Wekeza/Core/Wekeza.Core.Domain/Aggregates/WebhookSubscription.cs(79,13): warning CS8618: Non-nullable property 'SubscriptionName' must contain a non-null value when exiting constructor. Consider adding the 'required' modifier or declaring the property as nullable. [/home/runner/work/Wekeza/Wekeza/Core/Wekeza.Core.Domain/Wekeza.Core.Domain.csproj]
/home/runner/work/Wekeza/Wekeza/Core/Wekeza.Core.Domain/Aggregates/WebhookSubscription.cs(79,13): warning CS8618: Non-nullable property 'Description' must contain a non-null value when exiting constructor. Consider adding the 'required' modifier or declaring the property as nullable. [/home/runner/work/Wekeza/Wekeza/Core/Wekeza.Core.Domain/Wekeza.Core.Domain.csproj]
/home/runner/work/Wekeza/Wekeza/Core/Wekeza.Core.Domain/Aggregates/WebhookSubscription.cs(79,13): warning CS8618: Non-nullable property 'CallbackUrl' must contain a non-null value when exiting constructor. Consider adding the 'required' modifier or declaring the property as nullable. [/home/runner/work/Wekeza/Wekeza/Core/Wekeza.Core.Domain/Wekeza.Core.Domain.csproj]
/home/runner/work/Wekeza/Wekeza/Core/Wekeza.Core.Domain/Aggregates/WebhookSubscription.cs(79,13): warning CS8618: Non-nullable property 'ContentType' must contain a non-null value when exiting constructor. Consider adding the 'required' modifier or declaring the property as nullable. [/home/runner/work/Wekeza/Wekeza/Core/Wekeza.Core.Domain/Wekeza.Core.Domain.csproj]
/home/runner/work/Wekeza/Wekeza/Core/Wekeza.Core.Domain/Aggregates/WebhookSubscription.cs(79,13): warning CS8618: Non-nullable property 'SecretKey' must contain a non-null value when exiting constructor. Consider adding the 'required' modifier or declaring the property as nullable. [/home/runner/work/Wekeza/Wekeza/Core/Wekeza.Core.Domain/Wekeza.Core.Domain.csproj]
/home/runner/work/Wekeza/Wekeza/Core/Wekeza.Core.Domain/Aggregates/WebhookSubscription.cs(79,13): warning CS8618: Non-nullable property 'LastErrorMessage' must contain a non-null value when exiting constructor. Consider adding the 'required' modifier or declaring the property as nullable. [/home/runner/work/Wekeza/Wekeza/Core/Wekeza.Core.Domain/Wekeza.Core.Domain.csproj]
/home/runner/work/Wekeza/Wekeza/Core/Wekeza.Core.Domain/Aggregates/WebhookSubscription.cs(79,13): warning CS8618: Non-nullable property 'SuspensionReason' must contain a non-null value when exiting constructor. Consider adding the 'required' modifier or declaring the property as nullable. [/home/runner/work/Wekeza/Wekeza/Core/Wekeza.Core.Domain/Wekeza.Core.Domain.csproj]
/home/runner/work/Wekeza/Wekeza/Core/Wekeza.Core.Domain/Aggregates/WebhookSubscription.cs(79,13): warning CS8618: Non-nullable property 'CreatedBy' must contain a non-null value when exiting constructor. Consider adding the 'required' modifier or declaring the property as nullable. [/home/runner/work/Wekeza/Wekeza/Core/Wekeza.Core.Domain/Wekeza.Core.Domain.csproj]
/home/runner/work/Wekeza/Wekeza/Core/Wekeza.Core.Domain/Aggregates/WebhookSubscription.cs(79,13): warning CS8618: Non-nullable property 'LastModifiedBy' must contain a non-null value when exiting constructor. Consider adding the 'required' modifier or declaring the property as nullable. [/home/runner/work/Wekeza/Wekeza/Core/Wekeza.Core.Domain/Wekeza.Core.Domain.csproj]
/home/runner/work/Wekeza/Wekeza/Core/Wekeza.Core.Domain/Aggregates/User.cs(60,13): warning CS8618: Non-nullable property 'Username' must contain a non-null value when exiting constructor. Consider adding the 'required' modifier or declaring the property as nullable. [/home/runner/work/Wekeza/Wekeza/Core/Wekeza.Core.Domain/Wekeza.Core.Domain.csproj]
/home/runner/work/Wekeza/Wekeza/Core/Wekeza.Core.Domain/Aggregates/User.cs(60,13): warning CS8618: Non-nullable property 'Email' must contain a non-null value when exiting constructor. Consider adding the 'required' modifier or declaring the property as nullable. [/home/runner/work/Wekeza/Wekeza/Core/Wekeza.Core.Domain/Wekeza.Core.Domain.csproj]
/home/runner/work/Wekeza/Wekeza/Core/Wekeza.Core.Domain/Aggregates/User.cs(60,13): warning CS8618: Non-nullable property 'FirstName' must contain a non-null value when exiting constructor. Consider adding the 'required' modifier or declaring the property as nullable. [/home/runner/work/Wekeza/Wekeza/Core/Wekeza.Core.Domain/Wekeza.Core.Domain.csproj]
/home/runner/work/Wekeza/Wekeza/Core/Wekeza.Core.Domain/Aggregates/User.cs(60,13): warning CS8618: Non-nullable property 'LastName' must contain a non-null value when exiting constructor. Consider adding the 'required' modifier or declaring the property as nullable. [/home/runner/work/Wekeza/Wekeza/Core/Wekeza.Core.Domain/Wekeza.Core.Domain.csproj]
/home/runner/work/Wekeza/Wekeza/Core/Wekeza.Core.Domain/Aggregates/User.cs(60,13): warning CS8618: Non-nullable property 'EmployeeId' must contain a non-null value when exiting constructor. Consider adding the 'required' modifier or declaring the property as nullable. [/home/runner/work/Wekeza/Wekeza/Core/Wekeza.Core.Domain/Wekeza.Core.Domain.csproj]
/home/runner/work/Wekeza/Wekeza/Core/Wekeza.Core.Domain/Aggregates/User.cs(60,13): warning CS8618: Non-nullable property 'PasswordHash' must contain a non-null value when exiting constructor. Consider adding the 'required' modifier or declaring the property as nullable. [/home/runner/work/Wekeza/Wekeza/Core/Wekeza.Core.Domain/Wekeza.Core.Domain.csproj]
/home/runner/work/Wekeza/Wekeza/Core/Wekeza.Core.Domain/Aggregates/User.cs(60,13): warning CS8618: Non-nullable property 'TimeZone' must contain a non-null value when exiting constructor. Consider adding the 'required' modifier or declaring the property as nullable. [/home/runner/work/Wekeza/Wekeza/Core/Wekeza.Core.Domain/Wekeza.Core.Domain.csproj]
/home/runner/work/Wekeza/Wekeza/Core/Wekeza.Core.Domain/Aggregates/User.cs(60,13): warning CS8618: Non-nullable property 'Language' must contain a non-null value when exiting constructor. Consider adding the 'required' modifier or declaring the property as nullable. [/home/runner/work/Wekeza/Wekeza/Core/Wekeza.Core.Domain/Wekeza.Core.Domain.csproj]
/home/runner/work/Wekeza/Wekeza/Core/Wekeza.Core.Domain/Aggregates/User.cs(60,13): warning CS8618: Non-nullable property 'CreatedBy' must contain a non-null value when exiting constructor. Consider adding the 'required' modifier or declaring the property as nullable. [/home/runner/work/Wekeza/Wekeza/Core/Wekeza.Core.Domain/Wekeza.Core.Domain.csproj]
/home/runner/work/Wekeza/Wekeza/Core/Wekeza.Core.Domain/Aggregates/Transaction.cs(17,13): warning CS8618: Non-nullable property 'Amount' must contain a non-null value when exiting constructor. Consider adding the 'required' modifier or declaring the property as nullable. [/home/runner/work/Wekeza/Wekeza/Core/Wekeza.Core.Domain/Wekeza.Core.Domain.csproj]
/home/runner/work/Wekeza/Wekeza/Core/Wekeza.Core.Domain/Aggregates/Transaction.cs(17,13): warning CS8618: Non-nullable property 'Description' must contain a non-null value when exiting constructor. Consider adding the 'required' modifier or declaring the property as nullable. [/home/runner/work/Wekeza/Wekeza/Core/Wekeza.Core.Domain/Wekeza.Core.Domain.csproj]
/home/runner/work/Wekeza/Wekeza/Core/Wekeza.Core.Domain/Aggregates/TermDeposit.cs(337,13): warning CS8618: Non-nullable property 'Amount' must contain a non-null value when exiting constructor. Consider adding the 'required' modifier or declaring the property as nullable. [/home/runner/work/Wekeza/Wekeza/Core/Wekeza.Core.Domain/Wekeza.Core.Domain.csproj]
/home/runner/work/Wekeza/Wekeza/Core/Wekeza.Core.Domain/Aggregates/TermDeposit.cs(337,13): warning CS8618: Non-nullable property 'BalanceAfter' must contain a non-null value when exiting constructor. Consider adding the 'required' modifier or declaring the property as nullable. [/home/runner/work/Wekeza/Wekeza/Core/Wekeza.Core.Domain/Wekeza.Core.Domain.csproj]
/home/runner/work/Wekeza/Wekeza/Core/Wekeza.Core.Domain/Aggregates/TermDeposit.cs(337,13): warning CS8618: Non-nullable property 'Description' must contain a non-null value when exiting constructor. Consider adding the 'required' modifier or declaring the property as nullable. [/home/runner/work/Wekeza/Wekeza/Core/Wekeza.Core.Domain/Wekeza.Core.Domain.csproj]
/home/runner/work/Wekeza/Wekeza/Core/Wekeza.Core.Domain/Aggregates/WebhookSubscription.cs(313,32): warning CS8625: Cannot convert null literal to non-nullable reference type. [/home/runner/work/Wekeza/Wekeza/Core/Wekeza.Core.Domain/Wekeza.Core.Domain.csproj]
/home/runner/work/Wekeza/Wekeza/Core/Wekeza.Core.Domain/Aggregates/TermDeposit.cs(48,13): warning CS8618: Non-nullable property 'DepositNumber' must contain a non-null value when exiting constructor. Consider adding the 'required' modifier or declaring the property as nullable. [/home/runner/work/Wekeza/Wekeza/Core/Wekeza.Core.Domain/Wekeza.Core.Domain.csproj]
/home/runner/work/Wekeza/Wekeza/Core/Wekeza.Core.Domain/Aggregates/TermDeposit.cs(48,13): warning CS8618: Non-nullable property 'PrincipalAmount' must contain a non-null value when exiting constructor. Consider adding the 'required' modifier or declaring the property as nullable. [/home/runner/work/Wekeza/Wekeza/Core/Wekeza.Core.Domain/Wekeza.Core.Domain.csproj]
/home/runner/work/Wekeza/Wekeza/Core/Wekeza.Core.Domain/Aggregates/TermDeposit.cs(48,13): warning CS8618: Non-nullable property 'InterestRate' must contain a non-null value when exiting constructor. Consider adding the 'required' modifier or declaring the property as nullable. [/home/runner/work/Wekeza/Wekeza/Core/Wekeza.Core.Domain/Wekeza.Core.Domain.csproj]
/home/runner/work/Wekeza/Wekeza/Core/Wekeza.Core.Domain/Aggregates/TermDeposit.cs(48,13): warning CS8618: Non-nullable property 'MaturityAmount' must contain a non-null value when exiting constructor. Consider adding the 'required' modifier or declaring the property as nullable. [/home/runner/work/Wekeza/Wekeza/Core/Wekeza.Core.Domain/Wekeza.Core.Domain.csproj]
/home/runner/work/Wekeza/Wekeza/Core/Wekeza.Core.Domain/Aggregates/TermDeposit.cs(48,13): warning CS8618: Non-nullable property 'MinimumBalance' must contain a non-null value when exiting constructor. Consider adding the 'required' modifier or declaring the property as nullable. [/home/runner/work/Wekeza/Wekeza/Core/Wekeza.Core.Domain/Wekeza.Core.Domain.csproj]
/home/runner/work/Wekeza/Wekeza/Core/Wekeza.Core.Domain/Aggregates/TermDeposit.cs(48,13): warning CS8618: Non-nullable property 'AccruedInterest' must contain a non-null value when exiting constructor. Consider adding the 'required' modifier or declaring the property as nullable. [/home/runner/work/Wekeza/Wekeza/Core/Wekeza.Core.Domain/Wekeza.Core.Domain.csproj]
/home/runner/work/Wekeza/Wekeza/Core/Wekeza.Core.Domain/Aggregates/TermDeposit.cs(48,13): warning CS8618: Non-nullable property 'WithdrawnAmount' must contain a non-null value when exiting constructor. Consider adding the 'required' modifier or declaring the property as nullable. [/home/runner/work/Wekeza/Wekeza/Core/Wekeza.Core.Domain/Wekeza.Core.Domain.csproj]
/home/runner/work/Wekeza/Wekeza/Core/Wekeza.Core.Domain/Aggregates/TermDeposit.cs(48,13): warning CS8618: Non-nullable property 'BranchCode' must contain a non-null value when exiting constructor. Consider adding the 'required' modifier or declaring the property as nullable. [/home/runner/work/Wekeza/Wekeza/Core/Wekeza.Core.Domain/Wekeza.Core.Domain.csproj]
/home/runner/work/Wekeza/Wekeza/Core/Wekeza.Core.Domain/Aggregates/TermDeposit.cs(48,13): warning CS8618: Non-nullable property 'CreatedBy' must contain a non-null value when exiting constructor. Consider adding the 'required' modifier or declaring the property as nullable. [/home/runner/work/Wekeza/Wekeza/Core/Wekeza.Core.Domain/Wekeza.Core.Domain.csproj]
/home/runner/work/Wekeza/Wekeza/Core/Wekeza.Core.Domain/Aggregates/TermDeposit.cs(50,12): warning CS8618: Non-nullable property 'MaturityAmount' must contain a non-null value when exiting constructor. Consider adding the 'required' modifier or declaring the property as nullable. [/home/runner/work/Wekeza/Wekeza/Core/Wekeza.Core.Domain/Wekeza.Core.Domain.csproj]
/home/runner/work/Wekeza/Wekeza/Core/Wekeza.Core.Domain/Aggregates/WebhookSubscription.cs(400,28): warning CS8625: Cannot convert null literal to non-nullable reference type. [/home/runner/work/Wekeza/Wekeza/Core/Wekeza.Core.Domain/Wekeza.Core.Domain.csproj]
/home/runner/work/Wekeza/Wekeza/Core/Wekeza.Core.Domain/Aggregates/TellerTransaction.cs(85,13): warning CS8618: Non-nullable property 'TransactionNumber' must contain a non-null value when exiting constructor. Consider adding the 'required' modifier or declaring the property as nullable. [/home/runner/work/Wekeza/Wekeza/Core/Wekeza.Core.Domain/Wekeza.Core.Domain.csproj]
/home/runner/work/Wekeza/Wekeza/Core/Wekeza.Core.Domain/Aggregates/TellerTransaction.cs(85,13): warning CS8618: Non-nullable property 'SessionNumber' must contain a non-null value when exiting constructor. Consider adding the 'required' modifier or declaring the property as nullable. [/home/runner/work/Wekeza/Wekeza/Core/Wekeza.Core.Domain/Wekeza.Core.Domain.csproj]
/home/runner/work/Wekeza/Wekeza/Core/Wekeza.Core.Domain/Aggregates/TellerTransaction.cs(85,13): warning CS8618: Non-nullable property 'Amount' must contain a non-null value when exiting constructor. Consider adding the 'required' modifier or declaring the property as nullable. [/home/runner/work/Wekeza/Wekeza/Core/Wekeza.Core.Domain/Wekeza.Core.Domain.csproj]
/home/runner/work/Wekeza/Wekeza/Core/Wekeza.Core.Domain/Aggregates/TellerTransaction.cs(85,13): warning CS8618: Non-nullable property 'Currency' must contain a non-null value when exiting constructor. Consider adding the 'required' modifier or declaring the property as nullable. [/home/runner/work/Wekeza/Wekeza/Core/Wekeza.Core.Domain/Wekeza.Core.Domain.csproj]
/home/runner/work/Wekeza/Wekeza/Core/Wekeza.Core.Domain/Aggregates/TellerTransaction.cs(85,13): warning CS8618: Non-nullable property 'TellerCode' must contain a non-null value when exiting constructor. Consider adding the 'required' modifier or declaring the property as nullable. [/home/runner/work/Wekeza/Wekeza/Core/Wekeza.Core.Domain/Wekeza.Core.Domain.csproj]
/home/runner/work/Wekeza/Wekeza/Core/Wekeza.Core.Domain/Aggregates/TellerTransaction.cs(85,13): warning CS8618: Non-nullable property 'TellerName' must contain a non-null value when exiting constructor. Consider adding the 'required' modifier or declaring the property as nullable. [/home/runner/work/Wekeza/Wekeza/Core/Wekeza.Core.Domain/Wekeza.Core.Domain.csproj]
/home/runner/work/Wekeza/Wekeza/Core/Wekeza.Core.Domain/Aggregates/TellerTransaction.cs(85,13): warning CS8618: Non-nullable property 'BranchCode' must contain a non-null value when exiting constructor. Consider adding the 'required' modifier or declaring the property as nullable. [/home/runner/work/Wekeza/Wekeza/Core/Wekeza.Core.Domain/Wekeza.Core.Domain.csproj]
/home/runner/work/Wekeza/Wekeza/Core/Wekeza.Core.Domain/Aggregates/TellerTransaction.cs(85,13): warning CS8618: Non-nullable property 'ProcessedBy' must contain a non-null value when exiting constructor. Consider adding the 'required' modifier or declaring the property as nullable. [/home/runner/work/Wekeza/Wekeza/Core/Wekeza.Core.Domain/Wekeza.Core.Domain.csproj]
/home/runner/work/Wekeza/Wekeza/Core/Wekeza.Core.Domain/Aggregates/TaskAssignment.cs(388,13): warning CS8618: Non-nullable property 'AddedBy' must contain a non-null value when exiting constructor. Consider adding the 'required' modifier or declaring the property as nullable. [/home/runner/work/Wekeza/Wekeza/Core/Wekeza.Core.Domain/Wekeza.Core.Domain.csproj]
/home/runner/work/Wekeza/Wekeza/Core/Wekeza.Core.Domain/Aggregates/SystemMonitor.cs(463,12): warning CS8618: Non-nullable property 'MonitorCode' must contain a non-null value when exiting constructor. Consider adding the 'required' modifier or declaring the property as nullable. [/home/runner/work/Wekeza/Wekeza/Core/Wekeza.Core.Domain/Wekeza.Core.Domain.csproj]
/home/runner/work/Wekeza/Wekeza/Core/Wekeza.Core.Domain/Aggregates/SystemMonitor.cs(463,12): warning CS8618: Non-nullable property 'Message' must contain a non-null value when exiting constructor. Consider adding the 'required' modifier or declaring the property as nullable. [/home/runner/work/Wekeza/Wekeza/Core/Wekeza.Core.Domain/Wekeza.Core.Domain.csproj]
/home/runner/work/Wekeza/Wekeza/Core/Wekeza.Core.Domain/Aggregates/TaskAssignment.cs(359,13): warning CS8618: Non-nullable property 'FileName' must contain a non-null value when exiting constructor. Consider adding the 'required' modifier or declaring the property as nullable. [/home/runner/work/Wekeza/Wekeza/Core/Wekeza.Core.Domain/Wekeza.Core.Domain.csproj]
/home/runner/work/Wekeza/Wekeza/Core/Wekeza.Core.Domain/Aggregates/TaskAssignment.cs(359,13): warning CS8618: Non-nullable property 'FilePath' must contain a non-null value when exiting constructor. Consider adding the 'required' modifier or declaring the property as nullable. [/home/runner/work/Wekeza/Wekeza/Core/Wekeza.Core.Domain/Wekeza.Core.Domain.csproj]
/home/runner/work/Wekeza/Wekeza/Core/Wekeza.Core.Domain/Aggregates/TaskAssignment.cs(359,13): warning CS8618: Non-nullable property 'UploadedBy' must contain a non-null value when exiting constructor. Consider adding the 'required' modifier or declaring the property as nullable. [/home/runner/work/Wekeza/Wekeza/Core/Wekeza.Core.Domain/Wekeza.Core.Domain.csproj]
/home/runner/work/Wekeza/Wekeza/Core/Wekeza.Core.Domain/Aggregates/WebhookSubscription.cs(463,13): warning CS8604: Possible null reference argument for parameter 'Reason' in 'WebhookSubscriptionSuspendedDomainEvent.WebhookSubscriptionSuspendedDomainEvent(Guid SubscriptionId, string SubscriptionCode, string SuspendedBy, string Reason)'. [/home/runner/work/Wekeza/Wekeza/Core/Wekeza.Core.Domain/Wekeza.Core.Domain.csproj]
/home/runner/work/Wekeza/Wekeza/Core/Wekeza.Core.Domain/Aggregates/TaskAssignment.cs(334,13): warning CS8618: Non-nullable property 'UserId' must contain a non-null value when exiting constructor. Consider adding the 'required' modifier or declaring the property as nullable. [/home/runner/work/Wekeza/Wekeza/Core/Wekeza.Core.Domain/Wekeza.Core.Domain.csproj]
/home/runner/work/Wekeza/Wekeza/Core/Wekeza.Core.Domain/Aggregates/TaskAssignment.cs(334,13): warning CS8618: Non-nullable property 'Comment' must contain a non-null value when exiting constructor. Consider adding the 'required' modifier or declaring the property as nullable. [/home/runner/work/Wekeza/Wekeza/Core/Wekeza.Core.Domain/Wekeza.Core.Domain.csproj]
/home/runner/work/Wekeza/Wekeza/Core/Wekeza.Core.Domain/Aggregates/SWIFTMessage.cs(329,13): warning CS8618: Non-nullable property 'FieldTag' must contain a non-null value when exiting constructor. Consider adding the 'required' modifier or declaring the property as nullable. [/home/runner/work/Wekeza/Wekeza/Core/Wekeza.Core.Domain/Wekeza.Core.Domain.csproj]
/home/runner/work/Wekeza/Wekeza/Core/Wekeza.Core.Domain/Aggregates/SWIFTMessage.cs(329,13): warning CS8618: Non-nullable property 'FieldValue' must contain a non-null value when exiting constructor. Consider adding the 'required' modifier or declaring the property as nullable. [/home/runner/work/Wekeza/Wekeza/Core/Wekeza.Core.Domain/Wekeza.Core.Domain.csproj]
/home/runner/work/Wekeza/Wekeza/Core/Wekeza.Core.Domain/Aggregates/TellerSession.cs(65,13): warning CS8618: Non-nullable property 'SessionId' must contain a non-null value when exiting constructor. Consider adding the 'required' modifier or declaring the property as nullable. [/home/runner/work/Wekeza/Wekeza/Core/Wekeza.Core.Domain/Wekeza.Core.Domain.csproj]
/home/runner/work/Wekeza/Wekeza/Core/Wekeza.Core.Domain/Aggregates/TellerSession.cs(65,13): warning CS8618: Non-nullable property 'TellerCode' must contain a non-null value when exiting constructor. Consider adding the 'required' modifier or declaring the property as nullable. [/home/runner/work/Wekeza/Wekeza/Core/Wekeza.Core.Domain/Wekeza.Core.Domain.csproj]
/home/runner/work/Wekeza/Wekeza/Core/Wekeza.Core.Domain/Aggregates/TellerSession.cs(65,13): warning CS8618: Non-nullable property 'TellerName' must contain a non-null value when exiting constructor. Consider adding the 'required' modifier or declaring the property as nullable. [/home/runner/work/Wekeza/Wekeza/Core/Wekeza.Core.Domain/Wekeza.Core.Domain.csproj]
/home/runner/work/Wekeza/Wekeza/Core/Wekeza.Core.Domain/Aggregates/TellerSession.cs(65,13): warning CS8618: Non-nullable property 'BranchCode' must contain a non-null value when exiting constructor. Consider adding the 'required' modifier or declaring the property as nullable. [/home/runner/work/Wekeza/Wekeza/Core/Wekeza.Core.Domain/Wekeza.Core.Domain.csproj]
/home/runner/work/Wekeza/Wekeza/Core/Wekeza.Core.Domain/Aggregates/TellerSession.cs(65,13): warning CS8618: Non-nullable property 'OpeningCashBalance' must contain a non-null value when exiting constructor. Consider adding the 'required' modifier or declaring the property as nullable. [/home/runner/work/Wekeza/Wekeza/Core/Wekeza.Core.Domain/Wekeza.Core.Domain.csproj]
/home/runner/work/Wekeza/Wekeza/Core/Wekeza.Core.Domain/Aggregates/TellerSession.cs(65,13): warning CS8618: Non-nullable property 'CurrentCashBalance' must contain a non-null value when exiting constructor. Consider adding the 'required' modifier or declaring the property as nullable. [/home/runner/work/Wekeza/Wekeza/Core/Wekeza.Core.Domain/Wekeza.Core.Domain.csproj]
/home/runner/work/Wekeza/Wekeza/Core/Wekeza.Core.Domain/Aggregates/TellerSession.cs(65,13): warning CS8618: Non-nullable property 'TotalDeposits' must contain a non-null value when exiting constructor. Consider adding the 'required' modifier or declaring the property as nullable. [/home/runner/work/Wekeza/Wekeza/Core/Wekeza.Core.Domain/Wekeza.Core.Domain.csproj]
/home/runner/work/Wekeza/Wekeza/Core/Wekeza.Core.Domain/Aggregates/TellerSession.cs(65,13): warning CS8618: Non-nullable property 'TotalWithdrawals' must contain a non-null value when exiting constructor. Consider adding the 'required' modifier or declaring the property as nullable. [/home/runner/work/Wekeza/Wekeza/Core/Wekeza.Core.Domain/Wekeza.Core.Domain.csproj]
/home/runner/work/Wekeza/Wekeza/Core/Wekeza.Core.Domain/Aggregates/TellerSession.cs(65,13): warning CS8618: Non-nullable property 'TotalTransfers' must contain a non-null value when exiting constructor. Consider adding the 'required' modifier or declaring the property as nullable. [/home/runner/work/Wekeza/Wekeza/Core/Wekeza.Core.Domain/Wekeza.Core.Domain.csproj]
/home/runner/work/Wekeza/Wekeza/Core/Wekeza.Core.Domain/Aggregates/TellerSession.cs(65,13): warning CS8618: Non-nullable property 'DailyTransactionLimit' must contain a non-null value when exiting constructor. Consider adding the 'required' modifier or declaring the property as nullable. [/home/runner/work/Wekeza/Wekeza/Core/Wekeza.Core.Domain/Wekeza.Core.Domain.csproj]
/home/runner/work/Wekeza/Wekeza/Core/Wekeza.Core.Domain/Aggregates/TellerSession.cs(65,13): warning CS8618: Non-nullable property 'SingleTransactionLimit' must contain a non-null value when exiting constructor. Consider adding the 'required' modifier or declaring the property as nullable. [/home/runner/work/Wekeza/Wekeza/Core/Wekeza.Core.Domain/Wekeza.Core.Domain.csproj]
/home/runner/work/Wekeza/Wekeza/Core/Wekeza.Core.Domain/Aggregates/TellerSession.cs(65,13): warning CS8618: Non-nullable property 'CashWithdrawalLimit' must contain a non-null value when exiting constructor. Consider adding the 'required' modifier or declaring the property as nullable. [/home/runner/work/Wekeza/Wekeza/Core/Wekeza.Core.Domain/Wekeza.Core.Domain.csproj]
/home/runner/work/Wekeza/Wekeza/Core/Wekeza.Core.Domain/Aggregates/TellerSession.cs(65,13): warning CS8618: Non-nullable property 'CreatedBy' must contain a non-null value when exiting constructor. Consider adding the 'required' modifier or declaring the property as nullable. [/home/runner/work/Wekeza/Wekeza/Core/Wekeza.Core.Domain/Wekeza.Core.Domain.csproj]
/home/runner/work/Wekeza/Wekeza/Core/Wekeza.Core.Domain/Aggregates/TaskAssignment.cs(49,13): warning CS8618: Non-nullable property 'TaskCode' must contain a non-null value when exiting constructor. Consider adding the 'required' modifier or declaring the property as nullable. [/home/runner/work/Wekeza/Wekeza/Core/Wekeza.Core.Domain/Wekeza.Core.Domain.csproj]
/home/runner/work/Wekeza/Wekeza/Core/Wekeza.Core.Domain/Aggregates/TaskAssignment.cs(49,13): warning CS8618: Non-nullable property 'Title' must contain a non-null value when exiting constructor. Consider adding the 'required' modifier or declaring the property as nullable. [/home/runner/work/Wekeza/Wekeza/Core/Wekeza.Core.Domain/Wekeza.Core.Domain.csproj]
/home/runner/work/Wekeza/Wekeza/Core/Wekeza.Core.Domain/Aggregates/TaskAssignment.cs(49,13): warning CS8618: Non-nullable property 'Description' must contain a non-null value when exiting constructor. Consider adding the 'required' modifier or declaring the property as nullable. [/home/runner/work/Wekeza/Wekeza/Core/Wekeza.Core.Domain/Wekeza.Core.Domain.csproj]
/home/runner/work/Wekeza/Wekeza/Core/Wekeza.Core.Domain/Aggregates/TaskAssignment.cs(49,13): warning CS8618: Non-nullable property 'CreatedBy' must contain a non-null value when exiting constructor. Consider adding the 'required' modifier or declaring the property as nullable. [/home/runner/work/Wekeza/Wekeza/Core/Wekeza.Core.Domain/Wekeza.Core.Domain.csproj]
/home/runner/work/Wekeza/Wekeza/Core/Wekeza.Core.Domain/Aggregates/TaskAssignment.cs(49,13): warning CS8618: Non-nullable property 'BranchCode' must contain a non-null value when exiting constructor. Consider adding the 'required' modifier or declaring the property as nullable. [/home/runner/work/Wekeza/Wekeza/Core/Wekeza.Core.Domain/Wekeza.Core.Domain.csproj]
/home/runner/work/Wekeza/Wekeza/Core/Wekeza.Core.Domain/Aggregates/TaskAssignment.cs(49,13): warning CS8618: Non-nullable property 'Department' must contain a non-null value when exiting constructor. Consider adding the 'required' modifier or declaring the property as nullable. [/home/runner/work/Wekeza/Wekeza/Core/Wekeza.Core.Domain/Wekeza.Core.Domain.csproj]
/home/runner/work/Wekeza/Wekeza/Core/Wekeza.Core.Domain/Aggregates/SystemMonitor.cs(53,13): warning CS8618: Non-nullable property 'MonitorCode' must contain a non-null value when exiting constructor. Consider adding the 'required' modifier or declaring the property as nullable. [/home/runner/work/Wekeza/Wekeza/Core/Wekeza.Core.Domain/Wekeza.Core.Domain.csproj]
/home/runner/work/Wekeza/Wekeza/Core/Wekeza.Core.Domain/Aggregates/SystemMonitor.cs(53,13): warning CS8618: Non-nullable property 'MonitorName' must contain a non-null value when exiting constructor. Consider adding the 'required' modifier or declaring the property as nullable. [/home/runner/work/Wekeza/Wekeza/Core/Wekeza.Core.Domain/Wekeza.Core.Domain.csproj]
/home/runner/work/Wekeza/Wekeza/Core/Wekeza.Core.Domain/Aggregates/SystemMonitor.cs(53,13): warning CS8618: Non-nullable property 'TargetResource' must contain a non-null value when exiting constructor. Consider adding the 'required' modifier or declaring the property as nullable. [/home/runner/work/Wekeza/Wekeza/Core/Wekeza.Core.Domain/Wekeza.Core.Domain.csproj]
/home/runner/work/Wekeza/Wekeza/Core/Wekeza.Core.Domain/Aggregates/SystemMonitor.cs(53,13): warning CS8618: Non-nullable property 'CreatedBy' must contain a non-null value when exiting constructor. Consider adding the 'required' modifier or declaring the property as nullable. [/home/runner/work/Wekeza/Wekeza/Core/Wekeza.Core.Domain/Wekeza.Core.Domain.csproj]
/home/runner/work/Wekeza/Wekeza/Core/Wekeza.Core.Domain/Aggregates/SWIFTMessage.cs(43,13): warning CS8618: Non-nullable property 'MessageReference' must contain a non-null value when exiting constructor. Consider adding the 'required' modifier or declaring the property as nullable. [/home/runner/work/Wekeza/Wekeza/Core/Wekeza.Core.Domain/Wekeza.Core.Domain.csproj]
/home/runner/work/Wekeza/Wekeza/Core/Wekeza.Core.Domain/Aggregates/SWIFTMessage.cs(43,13): warning CS8618: Non-nullable property 'SWIFTReference' must contain a non-null value when exiting constructor. Consider adding the 'required' modifier or declaring the property as nullable. [/home/runner/work/Wekeza/Wekeza/Core/Wekeza.Core.Domain/Wekeza.Core.Domain.csproj]
/home/runner/work/Wekeza/Wekeza/Core/Wekeza.Core.Domain/Aggregates/SWIFTMessage.cs(43,13): warning CS8618: Non-nullable property 'MessageText' must contain a non-null value when exiting constructor. Consider adding the 'required' modifier or declaring the property as nullable. [/home/runner/work/Wekeza/Wekeza/Core/Wekeza.Core.Domain/Wekeza.Core.Domain.csproj]
/home/runner/work/Wekeza/Wekeza/Core/Wekeza.Core.Domain/Aggregates/SWIFTMessage.cs(43,13): warning CS8618: Non-nullable property 'SenderBIC' must contain a non-null value when exiting constructor. Consider adding the 'required' modifier or declaring the property as nullable. [/home/runner/work/Wekeza/Wekeza/Core/Wekeza.Core.Domain/Wekeza.Core.Domain.csproj]
/home/runner/work/Wekeza/Wekeza/Core/Wekeza.Core.Domain/Aggregates/SWIFTMessage.cs(43,13): warning CS8618: Non-nullable property 'ReceiverBIC' must contain a non-null value when exiting constructor. Consider adding the 'required' modifier or declaring the property as nullable. [/home/runner/work/Wekeza/Wekeza/Core/Wekeza.Core.Domain/Wekeza.Core.Domain.csproj]
/home/runner/work/Wekeza/Wekeza/Core/Wekeza.Core.Domain/Aggregates/SWIFTMessage.cs(43,13): warning CS8618: Non-nullable property 'CreatedBy' must contain a non-null value when exiting constructor. Consider adding the 'required' modifier or declaring the property as nullable. [/home/runner/work/Wekeza/Wekeza/Core/Wekeza.Core.Domain/Wekeza.Core.Domain.csproj]
/home/runner/work/Wekeza/Wekeza/Core/Wekeza.Core.Domain/Aggregates/SystemParameter.cs(59,13): warning CS8618: Non-nullable property 'ParameterCode' must contain a non-null value when exiting constructor. Consider adding the 'required' modifier or declaring the property as nullable. [/home/runner/work/Wekeza/Wekeza/Core/Wekeza.Core.Domain/Wekeza.Core.Domain.csproj]
/home/runner/work/Wekeza/Wekeza/Core/Wekeza.Core.Domain/Aggregates/SystemParameter.cs(59,13): warning CS8618: Non-nullable property 'ParameterName' must contain a non-null value when exiting constructor. Consider adding the 'required' modifier or declaring the property as nullable. [/home/runner/work/Wekeza/Wekeza/Core/Wekeza.Core.Domain/Wekeza.Core.Domain.csproj]
/home/runner/work/Wekeza/Wekeza/Core/Wekeza.Core.Domain/Aggregates/SystemParameter.cs(59,13): warning CS8618: Non-nullable property 'Description' must contain a non-null value when exiting constructor. Consider adding the 'required' modifier or declaring the property as nullable. [/home/runner/work/Wekeza/Wekeza/Core/Wekeza.Core.Domain/Wekeza.Core.Domain.csproj]
/home/runner/work/Wekeza/Wekeza/Core/Wekeza.Core.Domain/Aggregates/SystemParameter.cs(59,13): warning CS8618: Non-nullable property 'Value' must contain a non-null value when exiting constructor. Consider adding the 'required' modifier or declaring the property as nullable. [/home/runner/work/Wekeza/Wekeza/Core/Wekeza.Core.Domain/Wekeza.Core.Domain.csproj]
/home/runner/work/Wekeza/Wekeza/Core/Wekeza.Core.Domain/Aggregates/SystemParameter.cs(59,13): warning CS8618: Non-nullable property 'DefaultValue' must contain a non-null value when exiting constructor. Consider adding the 'required' modifier or declaring the property as nullable. [/home/runner/work/Wekeza/Wekeza/Core/Wekeza.Core.Domain/Wekeza.Core.Domain.csproj]
/home/runner/work/Wekeza/Wekeza/Core/Wekeza.Core.Domain/Aggregates/SystemParameter.cs(59,13): warning CS8618: Non-nullable property 'Environment' must contain a non-null value when exiting constructor. Consider adding the 'required' modifier or declaring the property as nullable. [/home/runner/work/Wekeza/Wekeza/Core/Wekeza.Core.Domain/Wekeza.Core.Domain.csproj]
/home/runner/work/Wekeza/Wekeza/Core/Wekeza.Core.Domain/Aggregates/SystemParameter.cs(59,13): warning CS8618: Non-nullable property 'CreatedBy' must contain a non-null value when exiting constructor. Consider adding the 'required' modifier or declaring the property as nullable. [/home/runner/work/Wekeza/Wekeza/Core/Wekeza.Core.Domain/Wekeza.Core.Domain.csproj]
/home/runner/work/Wekeza/Wekeza/Core/Wekeza.Core.Domain/Aggregates/SecurityDeal.cs(28,13): warning CS8618: Non-nullable property 'DealNumber' must contain a non-null value when exiting constructor. Consider adding the 'required' modifier or declaring the property as nullable. [/home/runner/work/Wekeza/Wekeza/Core/Wekeza.Core.Domain/Wekeza.Core.Domain.csproj]
/home/runner/work/Wekeza/Wekeza/Core/Wekeza.Core.Domain/Aggregates/SecurityDeal.cs(28,13): warning CS8618: Non-nullable property 'SecurityId' must contain a non-null value when exiting constructor. Consider adding the 'required' modifier or declaring the property as nullable. [/home/runner/work/Wekeza/Wekeza/Core/Wekeza.Core.Domain/Wekeza.Core.Domain.csproj]
/home/runner/work/Wekeza/Wekeza/Core/Wekeza.Core.Domain/Aggregates/SecurityDeal.cs(28,13): warning CS8618: Non-nullable property 'Price' must contain a non-null value when exiting constructor. Consider adding the 'required' modifier or declaring the property as nullable. [/home/runner/work/Wekeza/Wekeza/Core/Wekeza.Core.Domain/Wekeza.Core.Domain.csproj]
/home/runner/work/Wekeza/Wekeza/Core/Wekeza.Core.Domain/Aggregates/SecurityDeal.cs(28,13): warning CS8618: Non-nullable property 'TotalAmount' must contain a non-null value when exiting constructor. Consider adding the 'required' modifier or declaring the property as nullable. [/home/runner/work/Wekeza/Wekeza/Core/Wekeza.Core.Domain/Wekeza.Core.Domain.csproj]
/home/runner/work/Wekeza/Wekeza/Core/Wekeza.Core.Domain/Aggregates/SecurityDeal.cs(28,13): warning CS8618: Non-nullable property 'TraderId' must contain a non-null value when exiting constructor. Consider adding the 'required' modifier or declaring the property as nullable. [/home/runner/work/Wekeza/Wekeza/Core/Wekeza.Core.Domain/Wekeza.Core.Domain.csproj]
/home/runner/work/Wekeza/Wekeza/Core/Wekeza.Core.Domain/Aggregates/Role.cs(53,13): warning CS8618: Non-nullable property 'RoleCode' must contain a non-null value when exiting constructor. Consider adding the 'required' modifier or declaring the property as nullable. [/home/runner/work/Wekeza/Wekeza/Core/Wekeza.Core.Domain/Wekeza.Core.Domain.csproj]
/home/runner/work/Wekeza/Wekeza/Core/Wekeza.Core.Domain/Aggregates/Role.cs(53,13): warning CS8618: Non-nullable property 'RoleName' must contain a non-null value when exiting constructor. Consider adding the 'required' modifier or declaring the property as nullable. [/home/runner/work/Wekeza/Wekeza/Core/Wekeza.Core.Domain/Wekeza.Core.Domain.csproj]
/home/runner/work/Wekeza/Wekeza/Core/Wekeza.Core.Domain/Aggregates/Role.cs(53,13): warning CS8618: Non-nullable property 'Description' must contain a non-null value when exiting constructor. Consider adding the 'required' modifier or declaring the property as nullable. [/home/runner/work/Wekeza/Wekeza/Core/Wekeza.Core.Domain/Wekeza.Core.Domain.csproj]
/home/runner/work/Wekeza/Wekeza/Core/Wekeza.Core.Domain/Aggregates/Role.cs(53,13): warning CS8618: Non-nullable property 'CreatedBy' must contain a non-null value when exiting constructor. Consider adding the 'required' modifier or declaring the property as nullable. [/home/runner/work/Wekeza/Wekeza/Core/Wekeza.Core.Domain/Wekeza.Core.Domain.csproj]
/home/runner/work/Wekeza/Wekeza/Core/Wekeza.Core.Domain/Aggregates/Report.cs(49,13): warning CS8618: Non-nullable property 'ReportCode' must contain a non-null value when exiting constructor. Consider adding the 'required' modifier or declaring the property as nullable. [/home/runner/work/Wekeza/Wekeza/Core/Wekeza.Core.Domain/Wekeza.Core.Domain.csproj]
/home/runner/work/Wekeza/Wekeza/Core/Wekeza.Core.Domain/Aggregates/Report.cs(49,13): warning CS8618: Non-nullable property 'ReportName' must contain a non-null value when exiting constructor. Consider adding the 'required' modifier or declaring the property as nullable. [/home/runner/work/Wekeza/Wekeza/Core/Wekeza.Core.Domain/Wekeza.Core.Domain.csproj]
/home/runner/work/Wekeza/Wekeza/Core/Wekeza.Core.Domain/Aggregates/Report.cs(49,13): warning CS8618: Non-nullable property 'GeneratedBy' must contain a non-null value when exiting constructor. Consider adding the 'required' modifier or declaring the property as nullable. [/home/runner/work/Wekeza/Wekeza/Core/Wekeza.Core.Domain/Wekeza.Core.Domain.csproj]
/home/runner/work/Wekeza/Wekeza/Core/Wekeza.Core.Domain/Aggregates/Report.cs(49,13): warning CS8618: Non-nullable property 'ReportData' must contain a non-null value when exiting constructor. Consider adding the 'required' modifier or declaring the property as nullable. [/home/runner/work/Wekeza/Wekeza/Core/Wekeza.Core.Domain/Wekeza.Core.Domain.csproj]
/home/runner/work/Wekeza/Wekeza/Core/Wekeza.Core.Domain/Aggregates/Report.cs(49,13): warning CS8618: Non-nullable property 'FilePath' must contain a non-null value when exiting constructor. Consider adding the 'required' modifier or declaring the property as nullable. [/home/runner/work/Wekeza/Wekeza/Core/Wekeza.Core.Domain/Wekeza.Core.Domain.csproj]
/home/runner/work/Wekeza/Wekeza/Core/Wekeza.Core.Domain/Aggregates/Report.cs(49,13): warning CS8618: Non-nullable property 'RegulatoryReference' must contain a non-null value when exiting constructor. Consider adding the 'required' modifier or declaring the property as nullable. [/home/runner/work/Wekeza/Wekeza/Core/Wekeza.Core.Domain/Wekeza.Core.Domain.csproj]
/home/runner/work/Wekeza/Wekeza/Core/Wekeza.Core.Domain/Aggregates/Report.cs(49,13): warning CS8618: Non-nullable property 'SubmittedBy' must contain a non-null value when exiting constructor. Consider adding the 'required' modifier or declaring the property as nullable. [/home/runner/work/Wekeza/Wekeza/Core/Wekeza.Core.Domain/Wekeza.Core.Domain.csproj]
/home/runner/work/Wekeza/Wekeza/Core/Wekeza.Core.Domain/Aggregates/Report.cs(49,13): warning CS8618: Non-nullable property 'ArchiveLocation' must contain a non-null value when exiting constructor. Consider adding the 'required' modifier or declaring the property as nullable. [/home/runner/work/Wekeza/Wekeza/Core/Wekeza.Core.Domain/Wekeza.Core.Domain.csproj]
/home/runner/work/Wekeza/Wekeza/Core/Wekeza.Core.Domain/Aggregates/Role.cs(110,13): warning CS8604: Possible null reference argument for parameter 'one' in 'bool ValueObject.operator ==(ValueObject one, ValueObject two)'. [/home/runner/work/Wekeza/Wekeza/Core/Wekeza.Core.Domain/Wekeza.Core.Domain.csproj]
/home/runner/work/Wekeza/Wekeza/Core/Wekeza.Core.Domain/Aggregates/Role.cs(110,27): warning CS8625: Cannot convert null literal to non-nullable reference type. [/home/runner/work/Wekeza/Wekeza/Core/Wekeza.Core.Domain/Wekeza.Core.Domain.csproj]
/home/runner/work/Wekeza/Wekeza/Core/Wekeza.Core.Domain/Aggregates/WebhookSubscription.cs(604,34): warning CS8601: Possible null reference assignment. [/home/runner/work/Wekeza/Wekeza/Core/Wekeza.Core.Domain/Wekeza.Core.Domain.csproj]
/home/runner/work/Wekeza/Wekeza/Core/Wekeza.Core.Domain/Aggregates/WebhookSubscription.cs(605,44): warning CS8601: Possible null reference assignment. [/home/runner/work/Wekeza/Wekeza/Core/Wekeza.Core.Domain/Wekeza.Core.Domain.csproj]
/home/runner/work/Wekeza/Wekeza/Core/Wekeza.Core.Domain/Aggregates/WebhookSubscription.cs(606,40): warning CS8601: Possible null reference assignment. [/home/runner/work/Wekeza/Wekeza/Core/Wekeza.Core.Domain/Wekeza.Core.Domain.csproj]
/home/runner/work/Wekeza/Wekeza/Core/Wekeza.Core.Domain/Aggregates/RTGSTransaction.cs(41,13): warning CS8618: Non-nullable property 'RTGSReference' must contain a non-null value when exiting constructor. Consider adding the 'required' modifier or declaring the property as nullable. [/home/runner/work/Wekeza/Wekeza/Core/Wekeza.Core.Domain/Wekeza.Core.Domain.csproj]
/home/runner/work/Wekeza/Wekeza/Core/Wekeza.Core.Domain/Aggregates/RTGSTransaction.cs(41,13): warning CS8618: Non-nullable property 'CustomerReference' must contain a non-null value when exiting constructor. Consider adding the 'required' modifier or declaring the property as nullable. [/home/runner/work/Wekeza/Wekeza/Core/Wekeza.Core.Domain/Wekeza.Core.Domain.csproj]
/home/runner/work/Wekeza/Wekeza/Core/Wekeza.Core.Domain/Aggregates/RTGSTransaction.cs(41,13): warning CS8618: Non-nullable property 'CreditBankCode' must contain a non-null value when exiting constructor. Consider adding the 'required' modifier or declaring the property as nullable. [/home/runner/work/Wekeza/Wekeza/Core/Wekeza.Core.Domain/Wekeza.Core.Domain.csproj]
/home/runner/work/Wekeza/Wekeza/Core/Wekeza.Core.Domain/Aggregates/RTGSTransaction.cs(41,13): warning CS8618: Non-nullable property 'CreditAccountNumber' must contain a non-null value when exiting constructor. Consider adding the 'required' modifier or declaring the property as nullable. [/home/runner/work/Wekeza/Wekeza/Core/Wekeza.Core.Domain/Wekeza.Core.Domain.csproj]
/home/runner/work/Wekeza/Wekeza/Core/Wekeza.Core.Domain/Aggregates/RTGSTransaction.cs(41,13): warning CS8618: Non-nullable property 'CreditAccountName' must contain a non-null value when exiting constructor. Consider adding the 'required' modifier or declaring the property as nullable. [/home/runner/work/Wekeza/Wekeza/Core/Wekeza.Core.Domain/Wekeza.Core.Domain.csproj]
/home/runner/work/Wekeza/Wekeza/Core/Wekeza.Core.Domain/Aggregates/RTGSTransaction.cs(41,13): warning CS8618: Non-nullable property 'Amount' must contain a non-null value when exiting constructor. Consider adding the 'required' modifier or declaring the property as nullable. [/home/runner/work/Wekeza/Wekeza/Core/Wekeza.Core.Domain/Wekeza.Core.Domain.csproj]
/home/runner/work/Wekeza/Wekeza/Core/Wekeza.Core.Domain/Aggregates/RTGSTransaction.cs(41,13): warning CS8618: Non-nullable property 'Charges' must contain a non-null value when exiting constructor. Consider adding the 'required' modifier or declaring the property as nullable. [/home/runner/work/Wekeza/Wekeza/Core/Wekeza.Core.Domain/Wekeza.Core.Domain.csproj]
/home/runner/work/Wekeza/Wekeza/Core/Wekeza.Core.Domain/Aggregates/RTGSTransaction.cs(41,13): warning CS8618: Non-nullable property 'Purpose' must contain a non-null value when exiting constructor. Consider adding the 'required' modifier or declaring the property as nullable. [/home/runner/work/Wekeza/Wekeza/Core/Wekeza.Core.Domain/Wekeza.Core.Domain.csproj]
/home/runner/work/Wekeza/Wekeza/Core/Wekeza.Core.Domain/Aggregates/RTGSTransaction.cs(41,13): warning CS8618: Non-nullable property 'InitiatedBy' must contain a non-null value when exiting constructor. Consider adding the 'required' modifier or declaring the property as nullable. [/home/runner/work/Wekeza/Wekeza/Core/Wekeza.Core.Domain/Wekeza.Core.Domain.csproj]
/home/runner/work/Wekeza/Wekeza/Core/Wekeza.Core.Domain/Aggregates/RTGSTransaction.cs(41,13): warning CS8618: Non-nullable property 'BranchCode' must contain a non-null value when exiting constructor. Consider adding the 'required' modifier or declaring the property as nullable. [/home/runner/work/Wekeza/Wekeza/Core/Wekeza.Core.Domain/Wekeza.Core.Domain.csproj]
/home/runner/work/Wekeza/Wekeza/Core/Wekeza.Core.Domain/Aggregates/RegulatoryReport.cs(268,13): warning CS8618: Non-nullable property 'Category' must contain a non-null value when exiting constructor. Consider adding the 'required' modifier or declaring the property as nullable. [/home/runner/work/Wekeza/Wekeza/Core/Wekeza.Core.Domain/Wekeza.Core.Domain.csproj]
/home/runner/work/Wekeza/Wekeza/Core/Wekeza.Core.Domain/Aggregates/RegulatoryReport.cs(268,13): warning CS8618: Non-nullable property 'Description' must contain a non-null value when exiting constructor. Consider adding the 'required' modifier or declaring the property as nullable. [/home/runner/work/Wekeza/Wekeza/Core/Wekeza.Core.Domain/Wekeza.Core.Domain.csproj]
/home/runner/work/Wekeza/Wekeza/Core/Wekeza.Core.Domain/Aggregates/RegulatoryReport.cs(268,13): warning CS8618: Non-nullable property 'Amount' must contain a non-null value when exiting constructor. Consider adding the 'required' modifier or declaring the property as nullable. [/home/runner/work/Wekeza/Wekeza/Core/Wekeza.Core.Domain/Wekeza.Core.Domain.csproj]
/home/runner/work/Wekeza/Wekeza/Core/Wekeza.Core.Domain/Aggregates/RegulatoryReport.cs(39,13): warning CS8618: Non-nullable property 'ReportCode' must contain a non-null value when exiting constructor. Consider adding the 'required' modifier or declaring the property as nullable. [/home/runner/work/Wekeza/Wekeza/Core/Wekeza.Core.Domain/Wekeza.Core.Domain.csproj]
/home/runner/work/Wekeza/Wekeza/Core/Wekeza.Core.Domain/Aggregates/RegulatoryReport.cs(39,13): warning CS8618: Non-nullable property 'ReportName' must contain a non-null value when exiting constructor. Consider adding the 'required' modifier or declaring the property as nullable. [/home/runner/work/Wekeza/Wekeza/Core/Wekeza.Core.Domain/Wekeza.Core.Domain.csproj]
/home/runner/work/Wekeza/Wekeza/Core/Wekeza.Core.Domain/Aggregates/RegulatoryReport.cs(39,13): warning CS8618: Non-nullable property 'ReportData' must contain a non-null value when exiting constructor. Consider adding the 'required' modifier or declaring the property as nullable. [/home/runner/work/Wekeza/Wekeza/Core/Wekeza.Core.Domain/Wekeza.Core.Domain.csproj]
/home/runner/work/Wekeza/Wekeza/Core/Wekeza.Core.Domain/Aggregates/RegulatoryReport.cs(39,13): warning CS8618: Non-nullable property 'GeneratedBy' must contain a non-null value when exiting constructor. Consider adding the 'required' modifier or declaring the property as nullable. [/home/runner/work/Wekeza/Wekeza/Core/Wekeza.Core.Domain/Wekeza.Core.Domain.csproj]
/home/runner/work/Wekeza/Wekeza/Core/Wekeza.Core.Domain/Aggregates/SystemMonitor.cs(220,17): warning CS8602: Dereference of a possibly null reference. [/home/runner/work/Wekeza/Wekeza/Core/Wekeza.Core.Domain/Wekeza.Core.Domain.csproj]
/home/runner/work/Wekeza/Wekeza/Core/Wekeza.Core.Domain/Aggregates/SystemMonitor.cs(240,41): warning CS8604: Possible null reference argument for parameter 'result' in 'void SystemMonitor.CheckThresholdsAndTriggerAlerts(Dictionary<string, object> result)'. [/home/runner/work/Wekeza/Wekeza/Core/Wekeza.Core.Domain/Wekeza.Core.Domain.csproj]
/home/runner/work/Wekeza/Wekeza/Core/Wekeza.Core.Domain/Aggregates/Role.cs(202,81): warning CS8604: Possible null reference argument for parameter 'Workflow' in 'RoleApprovalWorkflowUpdatedDomainEvent.RoleApprovalWorkflowUpdatedDomainEvent(Guid RoleId, string RoleCode, List<string> Workflow, string UpdatedBy)'. [/home/runner/work/Wekeza/Wekeza/Core/Wekeza.Core.Domain/Wekeza.Core.Domain.csproj]
/home/runner/work/Wekeza/Wekeza/Core/Wekeza.Core.Domain/Aggregates/RecurringDeposit.cs(45,13): warning CS8618: Non-nullable property 'DepositNumber' must contain a non-null value when exiting constructor. Consider adding the 'required' modifier or declaring the property as nullable. [/home/runner/work/Wekeza/Wekeza/Core/Wekeza.Core.Domain/Wekeza.Core.Domain.csproj]
/home/runner/work/Wekeza/Wekeza/Core/Wekeza.Core.Domain/Aggregates/RecurringDeposit.cs(45,13): warning CS8618: Non-nullable property 'MonthlyInstallment' must contain a non-null value when exiting constructor. Consider adding the 'required' modifier or declaring the property as nullable. [/home/runner/work/Wekeza/Wekeza/Core/Wekeza.Core.Domain/Wekeza.Core.Domain.csproj]
/home/runner/work/Wekeza/Wekeza/Core/Wekeza.Core.Domain/Aggregates/RecurringDeposit.cs(45,13): warning CS8618: Non-nullable property 'InterestRate' must contain a non-null value when exiting constructor. Consider adding the 'required' modifier or declaring the property as nullable. [/home/runner/work/Wekeza/Wekeza/Core/Wekeza.Core.Domain/Wekeza.Core.Domain.csproj]
/home/runner/work/Wekeza/Wekeza/Core/Wekeza.Core.Domain/Aggregates/RecurringDeposit.cs(45,13): warning CS8618: Non-nullable property 'MaturityAmount' must contain a non-null value when exiting constructor. Consider adding the 'required' modifier or declaring the property as nullable. [/home/runner/work/Wekeza/Wekeza/Core/Wekeza.Core.Domain/Wekeza.Core.Domain.csproj]
/home/runner/work/Wekeza/Wekeza/Core/Wekeza.Core.Domain/Aggregates/RecurringDeposit.cs(45,13): warning CS8618: Non-nullable property 'TotalDeposited' must contain a non-null value when exiting constructor. Consider adding the 'required' modifier or declaring the property as nullable. [/home/runner/work/Wekeza/Wekeza/Core/Wekeza.Core.Domain/Wekeza.Core.Domain.csproj]
/home/runner/work/Wekeza/Wekeza/Core/Wekeza.Core.Domain/Aggregates/RecurringDeposit.cs(45,13): warning CS8618: Non-nullable property 'AccruedInterest' must contain a non-null value when exiting constructor. Consider adding the 'required' modifier or declaring the property as nullable. [/home/runner/work/Wekeza/Wekeza/Core/Wekeza.Core.Domain/Wekeza.Core.Domain.csproj]
/home/runner/work/Wekeza/Wekeza/Core/Wekeza.Core.Domain/Aggregates/RecurringDeposit.cs(45,13): warning CS8618: Non-nullable property 'PenaltyAmount' must contain a non-null value when exiting constructor. Consider adding the 'required' modifier or declaring the property as nullable. [/home/runner/work/Wekeza/Wekeza/Core/Wekeza.Core.Domain/Wekeza.Core.Domain.csproj]
/home/runner/work/Wekeza/Wekeza/Core/Wekeza.Core.Domain/Aggregates/RecurringDeposit.cs(45,13): warning CS8618: Non-nullable property 'BranchCode' must contain a non-null value when exiting constructor. Consider adding the 'required' modifier or declaring the property as nullable. [/home/runner/work/Wekeza/Wekeza/Core/Wekeza.Core.Domain/Wekeza.Core.Domain.csproj]
/home/runner/work/Wekeza/Wekeza/Core/Wekeza.Core.Domain/Aggregates/RecurringDeposit.cs(45,13): warning CS8618: Non-nullable property 'CreatedBy' must contain a non-null value when exiting constructor. Consider adding the 'required' modifier or declaring the property as nullable. [/home/runner/work/Wekeza/Wekeza/Core/Wekeza.Core.Domain/Wekeza.Core.Domain.csproj]
/home/runner/work/Wekeza/Wekeza/Core/Wekeza.Core.Domain/Aggregates/Report.cs(200,22): warning CS8625: Cannot convert null literal to non-nullable reference type. [/home/runner/work/Wekeza/Wekeza/Core/Wekeza.Core.Domain/Wekeza.Core.Domain.csproj]
/home/runner/work/Wekeza/Wekeza/Core/Wekeza.Core.Domain/Aggregates/Report.cs(201,20): warning CS8625: Cannot convert null literal to non-nullable reference type. [/home/runner/work/Wekeza/Wekeza/Core/Wekeza.Core.Domain/Wekeza.Core.Domain.csproj]
/home/runner/work/Wekeza/Wekeza/Core/Wekeza.Core.Domain/Aggregates/RecurringDeposit.cs(47,12): warning CS8618: Non-nullable property 'MaturityAmount' must contain a non-null value when exiting constructor. Consider adding the 'required' modifier or declaring the property as nullable. [/home/runner/work/Wekeza/Wekeza/Core/Wekeza.Core.Domain/Wekeza.Core.Domain.csproj]
/home/runner/work/Wekeza/Wekeza/Core/Wekeza.Core.Domain/Aggregates/Product.cs(59,13): warning CS8618: Non-nullable property 'ProductCode' must contain a non-null value when exiting constructor. Consider adding the 'required' modifier or declaring the property as nullable. [/home/runner/work/Wekeza/Wekeza/Core/Wekeza.Core.Domain/Wekeza.Core.Domain.csproj]
/home/runner/work/Wekeza/Wekeza/Core/Wekeza.Core.Domain/Aggregates/Product.cs(59,13): warning CS8618: Non-nullable property 'ProductName' must contain a non-null value when exiting constructor. Consider adding the 'required' modifier or declaring the property as nullable. [/home/runner/work/Wekeza/Wekeza/Core/Wekeza.Core.Domain/Wekeza.Core.Domain.csproj]
/home/runner/work/Wekeza/Wekeza/Core/Wekeza.Core.Domain/Aggregates/Product.cs(59,13): warning CS8618: Non-nullable property 'CreatedBy' must contain a non-null value when exiting constructor. Consider adding the 'required' modifier or declaring the property as nullable. [/home/runner/work/Wekeza/Wekeza/Core/Wekeza.Core.Domain/Wekeza.Core.Domain.csproj]
/home/runner/work/Wekeza/Wekeza/Core/Wekeza.Core.Domain/Aggregates/Product.cs(59,13): warning CS8618: Non-nullable property 'Description' must contain a non-null value when exiting constructor. Consider adding the 'required' modifier or declaring the property as nullable. [/home/runner/work/Wekeza/Wekeza/Core/Wekeza.Core.Domain/Wekeza.Core.Domain.csproj]
/home/runner/work/Wekeza/Wekeza/Core/Wekeza.Core.Domain/Aggregates/Product.cs(59,13): warning CS8618: Non-nullable property 'Currency' must contain a non-null value when exiting constructor. Consider adding the 'required' modifier or declaring the property as nullable. [/home/runner/work/Wekeza/Wekeza/Core/Wekeza.Core.Domain/Wekeza.Core.Domain.csproj]
/home/runner/work/Wekeza/Wekeza/Core/Wekeza.Core.Domain/Aggregates/PaymentOrder.cs(69,13): warning CS8618: Non-nullable property 'PaymentReference' must contain a non-null value when exiting constructor. Consider adding the 'required' modifier or declaring the property as nullable. [/home/runner/work/Wekeza/Wekeza/Core/Wekeza.Core.Domain/Wekeza.Core.Domain.csproj]
/home/runner/work/Wekeza/Wekeza/Core/Wekeza.Core.Domain/Aggregates/PaymentOrder.cs(69,13): warning CS8618: Non-nullable property 'Amount' must contain a non-null value when exiting constructor. Consider adding the 'required' modifier or declaring the property as nullable. [/home/runner/work/Wekeza/Wekeza/Core/Wekeza.Core.Domain/Wekeza.Core.Domain.csproj]
/home/runner/work/Wekeza/Wekeza/Core/Wekeza.Core.Domain/Aggregates/PaymentOrder.cs(69,13): warning CS8618: Non-nullable property 'Description' must contain a non-null value when exiting constructor. Consider adding the 'required' modifier or declaring the property as nullable. [/home/runner/work/Wekeza/Wekeza/Core/Wekeza.Core.Domain/Wekeza.Core.Domain.csproj]
/home/runner/work/Wekeza/Wekeza/Core/Wekeza.Core.Domain/Aggregates/PaymentOrder.cs(69,13): warning CS8618: Non-nullable property 'CreatedBy' must contain a non-null value when exiting constructor. Consider adding the 'required' modifier or declaring the property as nullable. [/home/runner/work/Wekeza/Wekeza/Core/Wekeza.Core.Domain/Wekeza.Core.Domain.csproj]
/home/runner/work/Wekeza/Wekeza/Core/Wekeza.Core.Domain/Aggregates/POSTransaction.cs(72,13): warning CS8618: Non-nullable property 'MerchantId' must contain a non-null value when exiting constructor. Consider adding the 'required' modifier or declaring the property as nullable. [/home/runner/work/Wekeza/Wekeza/Core/Wekeza.Core.Domain/Wekeza.Core.Domain.csproj]
/home/runner/work/Wekeza/Wekeza/Core/Wekeza.Core.Domain/Aggregates/POSTransaction.cs(72,13): warning CS8618: Non-nullable property 'MerchantName' must contain a non-null value when exiting constructor. Consider adding the 'required' modifier or declaring the property as nullable. [/home/runner/work/Wekeza/Wekeza/Core/Wekeza.Core.Domain/Wekeza.Core.Domain.csproj]
/home/runner/work/Wekeza/Wekeza/Core/Wekeza.Core.Domain/Aggregates/POSTransaction.cs(72,13): warning CS8618: Non-nullable property 'MerchantCategory' must contain a non-null value when exiting constructor. Consider adding the 'required' modifier or declaring the property as nullable. [/home/runner/work/Wekeza/Wekeza/Core/Wekeza.Core.Domain/Wekeza.Core.Domain.csproj]
/home/runner/work/Wekeza/Wekeza/Core/Wekeza.Core.Domain/Aggregates/POSTransaction.cs(72,13): warning CS8618: Non-nullable property 'TerminalId' must contain a non-null value when exiting constructor. Consider adding the 'required' modifier or declaring the property as nullable. [/home/runner/work/Wekeza/Wekeza/Core/Wekeza.Core.Domain/Wekeza.Core.Domain.csproj]
/home/runner/work/Wekeza/Wekeza/Core/Wekeza.Core.Domain/Aggregates/POSTransaction.cs(72,13): warning CS8618: Non-nullable property 'CardNumber' must contain a non-null value when exiting constructor. Consider adding the 'required' modifier or declaring the property as nullable. [/home/runner/work/Wekeza/Wekeza/Core/Wekeza.Core.Domain/Wekeza.Core.Domain.csproj]
/home/runner/work/Wekeza/Wekeza/Core/Wekeza.Core.Domain/Aggregates/POSTransaction.cs(72,13): warning CS8618: Non-nullable property 'Amount' must contain a non-null value when exiting constructor. Consider adding the 'required' modifier or declaring the property as nullable. [/home/runner/work/Wekeza/Wekeza/Core/Wekeza.Core.Domain/Wekeza.Core.Domain.csproj]
/home/runner/work/Wekeza/Wekeza/Core/Wekeza.Core.Domain/Aggregates/POSTransaction.cs(72,13): warning CS8618: Non-nullable property 'TotalAmount' must contain a non-null value when exiting constructor. Consider adding the 'required' modifier or declaring the property as nullable. [/home/runner/work/Wekeza/Wekeza/Core/Wekeza.Core.Domain/Wekeza.Core.Domain.csproj]
/home/runner/work/Wekeza/Wekeza/Core/Wekeza.Core.Domain/Aggregates/POSTransaction.cs(72,13): warning CS8618: Non-nullable property 'AccountBalanceBefore' must contain a non-null value when exiting constructor. Consider adding the 'required' modifier or declaring the property as nullable. [/home/runner/work/Wekeza/Wekeza/Core/Wekeza.Core.Domain/Wekeza.Core.Domain.csproj]
/home/runner/work/Wekeza/Wekeza/Core/Wekeza.Core.Domain/Aggregates/POSTransaction.cs(72,13): warning CS8618: Non-nullable property 'AccountBalanceAfter' must contain a non-null value when exiting constructor. Consider adding the 'required' modifier or declaring the property as nullable. [/home/runner/work/Wekeza/Wekeza/Core/Wekeza.Core.Domain/Wekeza.Core.Domain.csproj]
/home/runner/work/Wekeza/Wekeza/Core/Wekeza.Core.Domain/Aggregates/POSTransaction.cs(72,13): warning CS8618: Non-nullable property 'TransactionCurrency' must contain a non-null value when exiting constructor. Consider adding the 'required' modifier or declaring the property as nullable. [/home/runner/work/Wekeza/Wekeza/Core/Wekeza.Core.Domain/Wekeza.Core.Domain.csproj]
/home/runner/work/Wekeza/Wekeza/Core/Wekeza.Core.Domain/Aggregates/MoneyMarketDeal.cs(27,13): warning CS8618: Non-nullable property 'DealNumber' must contain a non-null value when exiting constructor. Consider adding the 'required' modifier or declaring the property as nullable. [/home/runner/work/Wekeza/Wekeza/Core/Wekeza.Core.Domain/Wekeza.Core.Domain.csproj]
/home/runner/work/Wekeza/Wekeza/Core/Wekeza.Core.Domain/Aggregates/MoneyMarketDeal.cs(27,13): warning CS8618: Non-nullable property 'Principal' must contain a non-null value when exiting constructor. Consider adding the 'required' modifier or declaring the property as nullable. [/home/runner/work/Wekeza/Wekeza/Core/Wekeza.Core.Domain/Wekeza.Core.Domain.csproj]
/home/runner/work/Wekeza/Wekeza/Core/Wekeza.Core.Domain/Aggregates/MoneyMarketDeal.cs(27,13): warning CS8618: Non-nullable property 'Rate' must contain a non-null value when exiting constructor. Consider adding the 'required' modifier or declaring the property as nullable. [/home/runner/work/Wekeza/Wekeza/Core/Wekeza.Core.Domain/Wekeza.Core.Domain.csproj]
/home/runner/work/Wekeza/Wekeza/Core/Wekeza.Core.Domain/Aggregates/MoneyMarketDeal.cs(27,13): warning CS8618: Non-nullable property 'Terms' must contain a non-null value when exiting constructor. Consider adding the 'required' modifier or declaring the property as nullable. [/home/runner/work/Wekeza/Wekeza/Core/Wekeza.Core.Domain/Wekeza.Core.Domain.csproj]
/home/runner/work/Wekeza/Wekeza/Core/Wekeza.Core.Domain/Aggregates/MoneyMarketDeal.cs(27,13): warning CS8618: Non-nullable property 'TraderId' must contain a non-null value when exiting constructor. Consider adding the 'required' modifier or declaring the property as nullable. [/home/runner/work/Wekeza/Wekeza/Core/Wekeza.Core.Domain/Wekeza.Core.Domain.csproj]
/home/runner/work/Wekeza/Wekeza/Core/Wekeza.Core.Domain/Aggregates/MISReport.cs(320,13): warning CS8618: Non-nullable property 'ChartName' must contain a non-null value when exiting constructor. Consider adding the 'required' modifier or declaring the property as nullable. [/home/runner/work/Wekeza/Wekeza/Core/Wekeza.Core.Domain/Wekeza.Core.Domain.csproj]
/home/runner/work/Wekeza/Wekeza/Core/Wekeza.Core.Domain/Aggregates/MISReport.cs(320,13): warning CS8618: Non-nullable property 'ChartType' must contain a non-null value when exiting constructor. Consider adding the 'required' modifier or declaring the property as nullable. [/home/runner/work/Wekeza/Wekeza/Core/Wekeza.Core.Domain/Wekeza.Core.Domain.csproj]
/home/runner/work/Wekeza/Wekeza/Core/Wekeza.Core.Domain/Aggregates/MISReport.cs(320,13): warning CS8618: Non-nullable property 'DataSource' must contain a non-null value when exiting constructor. Consider adding the 'required' modifier or declaring the property as nullable. [/home/runner/work/Wekeza/Wekeza/Core/Wekeza.Core.Domain/Wekeza.Core.Domain.csproj]
/home/runner/work/Wekeza/Wekeza/Core/Wekeza.Core.Domain/Aggregates/MISReport.cs(320,13): warning CS8618: Non-nullable property 'Configuration' must contain a non-null value when exiting constructor. Consider adding the 'required' modifier or declaring the property as nullable. [/home/runner/work/Wekeza/Wekeza/Core/Wekeza.Core.Domain/Wekeza.Core.Domain.csproj]
/home/runner/work/Wekeza/Wekeza/Core/Wekeza.Core.Domain/Aggregates/MISReport.cs(267,13): warning CS8618: Non-nullable property 'MetricName' must contain a non-null value when exiting constructor. Consider adding the 'required' modifier or declaring the property as nullable. [/home/runner/work/Wekeza/Wekeza/Core/Wekeza.Core.Domain/Wekeza.Core.Domain.csproj]
/home/runner/work/Wekeza/Wekeza/Core/Wekeza.Core.Domain/Aggregates/MISReport.cs(267,13): warning CS8618: Non-nullable property 'Category' must contain a non-null value when exiting constructor. Consider adding the 'required' modifier or declaring the property as nullable. [/home/runner/work/Wekeza/Wekeza/Core/Wekeza.Core.Domain/Wekeza.Core.Domain.csproj]
/home/runner/work/Wekeza/Wekeza/Core/Wekeza.Core.Domain/Aggregates/MISReport.cs(267,13): warning CS8618: Non-nullable property 'Unit' must contain a non-null value when exiting constructor. Consider adding the 'required' modifier or declaring the property as nullable. [/home/runner/work/Wekeza/Wekeza/Core/Wekeza.Core.Domain/Wekeza.Core.Domain.csproj]
/home/runner/work/Wekeza/Wekeza/Core/Wekeza.Core.Domain/Aggregates/MessageQueue.cs(687,19): warning CS8618: Non-nullable property 'ConsumerId' must contain a non-null value when exiting constructor. Consider adding the 'required' modifier or declaring the property as nullable. [/home/runner/work/Wekeza/Wekeza/Core/Wekeza.Core.Domain/Wekeza.Core.Domain.csproj]
/home/runner/work/Wekeza/Wekeza/Core/Wekeza.Core.Domain/Aggregates/MessageQueue.cs(688,19): warning CS8618: Non-nullable property 'ConsumerName' must contain a non-null value when exiting constructor. Consider adding the 'required' modifier or declaring the property as nullable. [/home/runner/work/Wekeza/Wekeza/Core/Wekeza.Core.Domain/Wekeza.Core.Domain.csproj]
/home/runner/work/Wekeza/Wekeza/Core/Wekeza.Core.Domain/Aggregates/MessageQueue.cs(689,19): warning CS8618: Non-nullable property 'ConsumerType' must contain a non-null value when exiting constructor. Consider adding the 'required' modifier or declaring the property as nullable. [/home/runner/work/Wekeza/Wekeza/Core/Wekeza.Core.Domain/Wekeza.Core.Domain.csproj]
/home/runner/work/Wekeza/Wekeza/Core/Wekeza.Core.Domain/Aggregates/MessageQueue.cs(668,19): warning CS8618: Non-nullable property 'ExchangeName' must contain a non-null value when exiting constructor. Consider adding the 'required' modifier or declaring the property as nullable. [/home/runner/work/Wekeza/Wekeza/Core/Wekeza.Core.Domain/Wekeza.Core.Domain.csproj]
/home/runner/work/Wekeza/Wekeza/Core/Wekeza.Core.Domain/Aggregates/MessageQueue.cs(669,19): warning CS8618: Non-nullable property 'RoutingKey' must contain a non-null value when exiting constructor. Consider adding the 'required' modifier or declaring the property as nullable. [/home/runner/work/Wekeza/Wekeza/Core/Wekeza.Core.Domain/Wekeza.Core.Domain.csproj]
/home/runner/work/Wekeza/Wekeza/Core/Wekeza.Core.Domain/Aggregates/MessageQueue.cs(672,19): warning CS8618: Non-nullable property 'DeadLetterQueue' must contain a non-null value when exiting constructor. Consider adding the 'required' modifier or declaring the property as nullable. [/home/runner/work/Wekeza/Wekeza/Core/Wekeza.Core.Domain/Wekeza.Core.Domain.csproj]
/home/runner/work/Wekeza/Wekeza/Core/Wekeza.Core.Domain/Aggregates/MessageQueue.cs(673,19): warning CS8618: Non-nullable property 'DeadLetterExchange' must contain a non-null value when exiting constructor. Consider adding the 'required' modifier or declaring the property as nullable. [/home/runner/work/Wekeza/Wekeza/Core/Wekeza.Core.Domain/Wekeza.Core.Domain.csproj]
/home/runner/work/Wekeza/Wekeza/Core/Wekeza.Core.Domain/Aggregates/Party.cs(79,13): warning CS8618: Non-nullable property 'PartyNumber' must contain a non-null value when exiting constructor. Consider adding the 'required' modifier or declaring the property as nullable. [/home/runner/work/Wekeza/Wekeza/Core/Wekeza.Core.Domain/Wekeza.Core.Domain.csproj]
/home/runner/work/Wekeza/Wekeza/Core/Wekeza.Core.Domain/Aggregates/Party.cs(79,13): warning CS8618: Non-nullable property 'CreatedBy' must contain a non-null value when exiting constructor. Consider adding the 'required' modifier or declaring the property as nullable. [/home/runner/work/Wekeza/Wekeza/Core/Wekeza.Core.Domain/Wekeza.Core.Domain.csproj]
/home/runner/work/Wekeza/Wekeza/Core/Wekeza.Core.Domain/Aggregates/MISReport.cs(39,13): warning CS8618: Non-nullable property 'ReportCode' must contain a non-null value when exiting constructor. Consider adding the 'required' modifier or declaring the property as nullable. [/home/runner/work/Wekeza/Wekeza/Core/Wekeza.Core.Domain/Wekeza.Core.Domain.csproj]
/home/runner/work/Wekeza/Wekeza/Core/Wekeza.Core.Domain/Aggregates/MISReport.cs(39,13): warning CS8618: Non-nullable property 'ReportName' must contain a non-null value when exiting constructor. Consider adding the 'required' modifier or declaring the property as nullable. [/home/runner/work/Wekeza/Wekeza/Core/Wekeza.Core.Domain/Wekeza.Core.Domain.csproj]
/home/runner/work/Wekeza/Wekeza/Core/Wekeza.Core.Domain/Aggregates/MISReport.cs(39,13): warning CS8618: Non-nullable property 'Department' must contain a non-null value when exiting constructor. Consider adding the 'required' modifier or declaring the property as nullable. [/home/runner/work/Wekeza/Wekeza/Core/Wekeza.Core.Domain/Wekeza.Core.Domain.csproj]
/home/runner/work/Wekeza/Wekeza/Core/Wekeza.Core.Domain/Aggregates/MISReport.cs(39,13): warning CS8618: Non-nullable property 'ReportData' must contain a non-null value when exiting constructor. Consider adding the 'required' modifier or declaring the property as nullable. [/home/runner/work/Wekeza/Wekeza/Core/Wekeza.Core.Domain/Wekeza.Core.Domain.csproj]
/home/runner/work/Wekeza/Wekeza/Core/Wekeza.Core.Domain/Aggregates/MISReport.cs(39,13): warning CS8618: Non-nullable property 'GeneratedBy' must contain a non-null value when exiting constructor. Consider adding the 'required' modifier or declaring the property as nullable. [/home/runner/work/Wekeza/Wekeza/Core/Wekeza.Core.Domain/Wekeza.Core.Domain.csproj]
/home/runner/work/Wekeza/Wekeza/Core/Wekeza.Core.Domain/Aggregates/LetterOfCredit.cs(252,19): warning CS8618: Non-nullable property 'DocumentType' must contain a non-null value when exiting constructor. Consider adding the 'required' modifier or declaring the property as nullable. [/home/runner/work/Wekeza/Wekeza/Core/Wekeza.Core.Domain/Wekeza.Core.Domain.csproj]
/home/runner/work/Wekeza/Wekeza/Core/Wekeza.Core.Domain/Aggregates/LetterOfCredit.cs(253,19): warning CS8618: Non-nullable property 'DocumentNumber' must contain a non-null value when exiting constructor. Consider adding the 'required' modifier or declaring the property as nullable. [/home/runner/work/Wekeza/Wekeza/Core/Wekeza.Core.Domain/Wekeza.Core.Domain.csproj]
/home/runner/work/Wekeza/Wekeza/Core/Wekeza.Core.Domain/Aggregates/LetterOfCredit.cs(255,19): warning CS8618: Non-nullable property 'TradeTransactionType' must contain a non-null value when exiting constructor. Consider adding the 'required' modifier or declaring the property as nullable. [/home/runner/work/Wekeza/Wekeza/Core/Wekeza.Core.Domain/Wekeza.Core.Domain.csproj]
/home/runner/work/Wekeza/Wekeza/Core/Wekeza.Core.Domain/Aggregates/LetterOfCredit.cs(258,19): warning CS8618: Non-nullable property 'FilePath' must contain a non-null value when exiting constructor. Consider adding the 'required' modifier or declaring the property as nullable. [/home/runner/work/Wekeza/Wekeza/Core/Wekeza.Core.Domain/Wekeza.Core.Domain.csproj]
/home/runner/work/Wekeza/Wekeza/Core/Wekeza.Core.Domain/Aggregates/LetterOfCredit.cs(259,19): warning CS8618: Non-nullable property 'UploadedBy' must contain a non-null value when exiting constructor. Consider adding the 'required' modifier or declaring the property as nullable. [/home/runner/work/Wekeza/Wekeza/Core/Wekeza.Core.Domain/Wekeza.Core.Domain.csproj]
/home/runner/work/Wekeza/Wekeza/Core/Wekeza.Core.Domain/Aggregates/LetterOfCredit.cs(260,19): warning CS8618: Non-nullable property 'Comments' must contain a non-null value when exiting constructor. Consider adding the 'required' modifier or declaring the property as nullable. [/home/runner/work/Wekeza/Wekeza/Core/Wekeza.Core.Domain/Wekeza.Core.Domain.csproj]
/home/runner/work/Wekeza/Wekeza/Core/Wekeza.Core.Domain/Aggregates/LetterOfCredit.cs(240,19): warning CS8618: Non-nullable property 'AmendmentDetails' must contain a non-null value when exiting constructor. Consider adding the 'required' modifier or declaring the property as nullable. [/home/runner/work/Wekeza/Wekeza/Core/Wekeza.Core.Domain/Wekeza.Core.Domain.csproj]
/home/runner/work/Wekeza/Wekeza/Core/Wekeza.Core.Domain/Aggregates/LetterOfCredit.cs(241,18): warning CS8618: Non-nullable property 'PreviousAmount' must contain a non-null value when exiting constructor. Consider adding the 'required' modifier or declaring the property as nullable. [/home/runner/work/Wekeza/Wekeza/Core/Wekeza.Core.Domain/Wekeza.Core.Domain.csproj]
/home/runner/work/Wekeza/Wekeza/Core/Wekeza.Core.Domain/Aggregates/LetterOfCredit.cs(242,18): warning CS8618: Non-nullable property 'NewAmount' must contain a non-null value when exiting constructor. Consider adding the 'required' modifier or declaring the property as nullable. [/home/runner/work/Wekeza/Wekeza/Core/Wekeza.Core.Domain/Wekeza.Core.Domain.csproj]
/home/runner/work/Wekeza/Wekeza/Core/Wekeza.Core.Domain/Aggregates/MessageQueue.cs(78,13): warning CS8618: Non-nullable property 'QueueName' must contain a non-null value when exiting constructor. Consider adding the 'required' modifier or declaring the property as nullable. [/home/runner/work/Wekeza/Wekeza/Core/Wekeza.Core.Domain/Wekeza.Core.Domain.csproj]
/home/runner/work/Wekeza/Wekeza/Core/Wekeza.Core.Domain/Aggregates/MessageQueue.cs(78,13): warning CS8618: Non-nullable property 'Description' must contain a non-null value when exiting constructor. Consider adding the 'required' modifier or declaring the property as nullable. [/home/runner/work/Wekeza/Wekeza/Core/Wekeza.Core.Domain/Wekeza.Core.Domain.csproj]
/home/runner/work/Wekeza/Wekeza/Core/Wekeza.Core.Domain/Aggregates/MessageQueue.cs(78,13): warning CS8618: Non-nullable property 'ExchangeName' must contain a non-null value when exiting constructor. Consider adding the 'required' modifier or declaring the property as nullable. [/home/runner/work/Wekeza/Wekeza/Core/Wekeza.Core.Domain/Wekeza.Core.Domain.csproj]
/home/runner/work/Wekeza/Wekeza/Core/Wekeza.Core.Domain/Aggregates/MessageQueue.cs(78,13): warning CS8618: Non-nullable property 'RoutingKey' must contain a non-null value when exiting constructor. Consider adding the 'required' modifier or declaring the property as nullable. [/home/runner/work/Wekeza/Wekeza/Core/Wekeza.Core.Domain/Wekeza.Core.Domain.csproj]
/home/runner/work/Wekeza/Wekeza/Core/Wekeza.Core.Domain/Aggregates/MessageQueue.cs(78,13): warning CS8618: Non-nullable property 'DeadLetterQueue' must contain a non-null value when exiting constructor. Consider adding the 'required' modifier or declaring the property as nullable. [/home/runner/work/Wekeza/Wekeza/Core/Wekeza.Core.Domain/Wekeza.Core.Domain.csproj]
/home/runner/work/Wekeza/Wekeza/Core/Wekeza.Core.Domain/Aggregates/MessageQueue.cs(78,13): warning CS8618: Non-nullable property 'DeadLetterExchange' must contain a non-null value when exiting constructor. Consider adding the 'required' modifier or declaring the property as nullable. [/home/runner/work/Wekeza/Wekeza/Core/Wekeza.Core.Domain/Wekeza.Core.Domain.csproj]
/home/runner/work/Wekeza/Wekeza/Core/Wekeza.Core.Domain/Aggregates/MessageQueue.cs(78,13): warning CS8618: Non-nullable property 'CreatedBy' must contain a non-null value when exiting constructor. Consider adding the 'required' modifier or declaring the property as nullable. [/home/runner/work/Wekeza/Wekeza/Core/Wekeza.Core.Domain/Wekeza.Core.Domain.csproj]
/home/runner/work/Wekeza/Wekeza/Core/Wekeza.Core.Domain/Aggregates/MessageQueue.cs(78,13): warning CS8618: Non-nullable property 'LastModifiedBy' must contain a non-null value when exiting constructor. Consider adding the 'required' modifier or declaring the property as nullable. [/home/runner/work/Wekeza/Wekeza/Core/Wekeza.Core.Domain/Wekeza.Core.Domain.csproj]
/home/runner/work/Wekeza/Wekeza/Core/Wekeza.Core.Domain/Aggregates/LetterOfCredit.cs(30,13): warning CS8618: Non-nullable property 'LCNumber' must contain a non-null value when exiting constructor. Consider adding the 'required' modifier or declaring the property as nullable. [/home/runner/work/Wekeza/Wekeza/Core/Wekeza.Core.Domain/Wekeza.Core.Domain.csproj]
/home/runner/work/Wekeza/Wekeza/Core/Wekeza.Core.Domain/Aggregates/LetterOfCredit.cs(30,13): warning CS8618: Non-nullable property 'Amount' must contain a non-null value when exiting constructor. Consider adding the 'required' modifier or declaring the property as nullable. [/home/runner/work/Wekeza/Wekeza/Core/Wekeza.Core.Domain/Wekeza.Core.Domain.csproj]
/home/runner/work/Wekeza/Wekeza/Core/Wekeza.Core.Domain/Aggregates/LetterOfCredit.cs(30,13): warning CS8618: Non-nullable property 'Terms' must contain a non-null value when exiting constructor. Consider adding the 'required' modifier or declaring the property as nullable. [/home/runner/work/Wekeza/Wekeza/Core/Wekeza.Core.Domain/Wekeza.Core.Domain.csproj]
/home/runner/work/Wekeza/Wekeza/Core/Wekeza.Core.Domain/Aggregates/LetterOfCredit.cs(30,13): warning CS8618: Non-nullable property 'GoodsDescription' must contain a non-null value when exiting constructor. Consider adding the 'required' modifier or declaring the property as nullable. [/home/runner/work/Wekeza/Wekeza/Core/Wekeza.Core.Domain/Wekeza.Core.Domain.csproj]
/home/runner/work/Wekeza/Wekeza/Core/Wekeza.Core.Domain/Aggregates/InterestAccrualEngine.cs(30,13): warning CS8618: Non-nullable property 'EngineName' must contain a non-null value when exiting constructor. Consider adding the 'required' modifier or declaring the property as nullable. [/home/runner/work/Wekeza/Wekeza/Core/Wekeza.Core.Domain/Wekeza.Core.Domain.csproj]
/home/runner/work/Wekeza/Wekeza/Core/Wekeza.Core.Domain/Aggregates/InterestAccrualEngine.cs(30,13): warning CS8618: Non-nullable property 'TotalInterestAccrued' must contain a non-null value when exiting constructor. Consider adding the 'required' modifier or declaring the property as nullable. [/home/runner/work/Wekeza/Wekeza/Core/Wekeza.Core.Domain/Wekeza.Core.Domain.csproj]
/home/runner/work/Wekeza/Wekeza/Core/Wekeza.Core.Domain/Aggregates/InterestAccrualEngine.cs(30,13): warning CS8618: Non-nullable property 'ProcessedBy' must contain a non-null value when exiting constructor. Consider adding the 'required' modifier or declaring the property as nullable. [/home/runner/work/Wekeza/Wekeza/Core/Wekeza.Core.Domain/Wekeza.Core.Domain.csproj]
/home/runner/work/Wekeza/Wekeza/Core/Wekeza.Core.Domain/Aggregates/InterestAccrualEngine.cs(258,13): warning CS8618: Non-nullable property 'PrincipalAmount' must contain a non-null value when exiting constructor. Consider adding the 'required' modifier or declaring the property as nullable. [/home/runner/work/Wekeza/Wekeza/Core/Wekeza.Core.Domain/Wekeza.Core.Domain.csproj]
/home/runner/work/Wekeza/Wekeza/Core/Wekeza.Core.Domain/Aggregates/InterestAccrualEngine.cs(258,13): warning CS8618: Non-nullable property 'InterestRate' must contain a non-null value when exiting constructor. Consider adding the 'required' modifier or declaring the property as nullable. [/home/runner/work/Wekeza/Wekeza/Core/Wekeza.Core.Domain/Wekeza.Core.Domain.csproj]
/home/runner/work/Wekeza/Wekeza/Core/Wekeza.Core.Domain/Aggregates/InterestAccrualEngine.cs(258,13): warning CS8618: Non-nullable property 'InterestAmount' must contain a non-null value when exiting constructor. Consider adding the 'required' modifier or declaring the property as nullable. [/home/runner/work/Wekeza/Wekeza/Core/Wekeza.Core.Domain/Wekeza.Core.Domain.csproj]
/home/runner/work/Wekeza/Wekeza/Core/Wekeza.Core.Domain/Aggregates/MoneyMarketDeal.cs(135,13): warning CS8602: Dereference of a possibly null reference. [/home/runner/work/Wekeza/Wekeza/Core/Wekeza.Core.Domain/Wekeza.Core.Domain.csproj]
/home/runner/work/Wekeza/Wekeza/Core/Wekeza.Core.Domain/Aggregates/FXDeal.cs(27,13): warning CS8618: Non-nullable property 'DealNumber' must contain a non-null value when exiting constructor. Consider adding the 'required' modifier or declaring the property as nullable. [/home/runner/work/Wekeza/Wekeza/Core/Wekeza.Core.Domain/Wekeza.Core.Domain.csproj]
/home/runner/work/Wekeza/Wekeza/Core/Wekeza.Core.Domain/Aggregates/FXDeal.cs(27,13): warning CS8618: Non-nullable property 'BaseCurrency' must contain a non-null value when exiting constructor. Consider adding the 'required' modifier or declaring the property as nullable. [/home/runner/work/Wekeza/Wekeza/Core/Wekeza.Core.Domain/Wekeza.Core.Domain.csproj]
/home/runner/work/Wekeza/Wekeza/Core/Wekeza.Core.Domain/Aggregates/FXDeal.cs(27,13): warning CS8618: Non-nullable property 'QuoteCurrency' must contain a non-null value when exiting constructor. Consider adding the 'required' modifier or declaring the property as nullable. [/home/runner/work/Wekeza/Wekeza/Core/Wekeza.Core.Domain/Wekeza.Core.Domain.csproj]
/home/runner/work/Wekeza/Wekeza/Core/Wekeza.Core.Domain/Aggregates/FXDeal.cs(27,13): warning CS8618: Non-nullable property 'BaseAmount' must contain a non-null value when exiting constructor. Consider adding the 'required' modifier or declaring the property as nullable. [/home/runner/work/Wekeza/Wekeza/Core/Wekeza.Core.Domain/Wekeza.Core.Domain.csproj]
/home/runner/work/Wekeza/Wekeza/Core/Wekeza.Core.Domain/Aggregates/FXDeal.cs(27,13): warning CS8618: Non-nullable property 'QuoteAmount' must contain a non-null value when exiting constructor. Consider adding the 'required' modifier or declaring the property as nullable. [/home/runner/work/Wekeza/Wekeza/Core/Wekeza.Core.Domain/Wekeza.Core.Domain.csproj]
/home/runner/work/Wekeza/Wekeza/Core/Wekeza.Core.Domain/Aggregates/FXDeal.cs(27,13): warning CS8618: Non-nullable property 'Rate' must contain a non-null value when exiting constructor. Consider adding the 'required' modifier or declaring the property as nullable. [/home/runner/work/Wekeza/Wekeza/Core/Wekeza.Core.Domain/Wekeza.Core.Domain.csproj]
/home/runner/work/Wekeza/Wekeza/Core/Wekeza.Core.Domain/Aggregates/FXDeal.cs(27,13): warning CS8618: Non-nullable property 'TraderId' must contain a non-null value when exiting constructor. Consider adding the 'required' modifier or declaring the property as nullable. [/home/runner/work/Wekeza/Wekeza/Core/Wekeza.Core.Domain/Wekeza.Core.Domain.csproj]
/home/runner/work/Wekeza/Wekeza/Core/Wekeza.Core.Domain/Aggregates/Loan.cs(98,13): warning CS8618: Non-nullable property 'LoanNumber' must contain a non-null value when exiting constructor. Consider adding the 'required' modifier or declaring the property as nullable. [/home/runner/work/Wekeza/Wekeza/Core/Wekeza.Core.Domain/Wekeza.Core.Domain.csproj]
/home/runner/work/Wekeza/Wekeza/Core/Wekeza.Core.Domain/Aggregates/Loan.cs(98,13): warning CS8618: Non-nullable property 'Principal' must contain a non-null value when exiting constructor. Consider adding the 'required' modifier or declaring the property as nullable. [/home/runner/work/Wekeza/Wekeza/Core/Wekeza.Core.Domain/Wekeza.Core.Domain.csproj]
/home/runner/work/Wekeza/Wekeza/Core/Wekeza.Core.Domain/Aggregates/Loan.cs(98,13): warning CS8618: Non-nullable property 'OutstandingPrincipal' must contain a non-null value when exiting constructor. Consider adding the 'required' modifier or declaring the property as nullable. [/home/runner/work/Wekeza/Wekeza/Core/Wekeza.Core.Domain/Wekeza.Core.Domain.csproj]
/home/runner/work/Wekeza/Wekeza/Core/Wekeza.Core.Domain/Aggregates/Loan.cs(98,13): warning CS8618: Non-nullable property 'AccruedInterest' must contain a non-null value when exiting constructor. Consider adding the 'required' modifier or declaring the property as nullable. [/home/runner/work/Wekeza/Wekeza/Core/Wekeza.Core.Domain/Wekeza.Core.Domain.csproj]
/home/runner/work/Wekeza/Wekeza/Core/Wekeza.Core.Domain/Aggregates/Loan.cs(98,13): warning CS8618: Non-nullable property 'TotalInterestPaid' must contain a non-null value when exiting constructor. Consider adding the 'required' modifier or declaring the property as nullable. [/home/runner/work/Wekeza/Wekeza/Core/Wekeza.Core.Domain/Wekeza.Core.Domain.csproj]
/home/runner/work/Wekeza/Wekeza/Core/Wekeza.Core.Domain/Aggregates/Loan.cs(98,13): warning CS8618: Non-nullable property 'TotalFeesPaid' must contain a non-null value when exiting constructor. Consider adding the 'required' modifier or declaring the property as nullable. [/home/runner/work/Wekeza/Wekeza/Core/Wekeza.Core.Domain/Wekeza.Core.Domain.csproj]
/home/runner/work/Wekeza/Wekeza/Core/Wekeza.Core.Domain/Aggregates/Loan.cs(98,13): warning CS8618: Non-nullable property 'TotalAmountPaid' must contain a non-null value when exiting constructor. Consider adding the 'required' modifier or declaring the property as nullable. [/home/runner/work/Wekeza/Wekeza/Core/Wekeza.Core.Domain/Wekeza.Core.Domain.csproj]
/home/runner/work/Wekeza/Wekeza/Core/Wekeza.Core.Domain/Aggregates/Loan.cs(98,13): warning CS8618: Non-nullable property 'PastDueAmount' must contain a non-null value when exiting constructor. Consider adding the 'required' modifier or declaring the property as nullable. [/home/runner/work/Wekeza/Wekeza/Core/Wekeza.Core.Domain/Wekeza.Core.Domain.csproj]
/home/runner/work/Wekeza/Wekeza/Core/Wekeza.Core.Domain/Aggregates/Loan.cs(98,13): warning CS8618: Non-nullable property 'LoanGLCode' must contain a non-null value when exiting constructor. Consider adding the 'required' modifier or declaring the property as nullable. [/home/runner/work/Wekeza/Wekeza/Core/Wekeza.Core.Domain/Wekeza.Core.Domain.csproj]
/home/runner/work/Wekeza/Wekeza/Core/Wekeza.Core.Domain/Aggregates/Loan.cs(98,13): warning CS8618: Non-nullable property 'InterestReceivableGLCode' must contain a non-null value when exiting constructor. Consider adding the 'required' modifier or declaring the property as nullable. [/home/runner/work/Wekeza/Wekeza/Core/Wekeza.Core.Domain/Wekeza.Core.Domain.csproj]
/home/runner/work/Wekeza/Wekeza/Core/Wekeza.Core.Domain/Aggregates/Loan.cs(98,13): warning CS8618: Non-nullable property 'ProvisionAmount' must contain a non-null value when exiting constructor. Consider adding the 'required' modifier or declaring the property as nullable. [/home/runner/work/Wekeza/Wekeza/Core/Wekeza.Core.Domain/Wekeza.Core.Domain.csproj]
/home/runner/work/Wekeza/Wekeza/Core/Wekeza.Core.Domain/Aggregates/Loan.cs(98,13): warning CS8618: Non-nullable property 'CreatedBy' must contain a non-null value when exiting constructor. Consider adding the 'required' modifier or declaring the property as nullable. [/home/runner/work/Wekeza/Wekeza/Core/Wekeza.Core.Domain/Wekeza.Core.Domain.csproj]
/home/runner/work/Wekeza/Wekeza/Core/Wekeza.Core.Domain/Aggregates/Integration.cs(64,13): warning CS8618: Non-nullable property 'IntegrationCode' must contain a non-null value when exiting constructor. Consider adding the 'required' modifier or declaring the property as nullable. [/home/runner/work/Wekeza/Wekeza/Core/Wekeza.Core.Domain/Wekeza.Core.Domain.csproj]
/home/runner/work/Wekeza/Wekeza/Core/Wekeza.Core.Domain/Aggregates/Integration.cs(64,13): warning CS8618: Non-nullable property 'IntegrationName' must contain a non-null value when exiting constructor. Consider adding the 'required' modifier or declaring the property as nullable. [/home/runner/work/Wekeza/Wekeza/Core/Wekeza.Core.Domain/Wekeza.Core.Domain.csproj]
/home/runner/work/Wekeza/Wekeza/Core/Wekeza.Core.Domain/Aggregates/Integration.cs(64,13): warning CS8618: Non-nullable property 'Description' must contain a non-null value when exiting constructor. Consider adding the 'required' modifier or declaring the property as nullable. [/home/runner/work/Wekeza/Wekeza/Core/Wekeza.Core.Domain/Wekeza.Core.Domain.csproj]
/home/runner/work/Wekeza/Wekeza/Core/Wekeza.Core.Domain/Aggregates/Integration.cs(64,13): warning CS8618: Non-nullable property 'Version' must contain a non-null value when exiting constructor. Consider adding the 'required' modifier or declaring the property as nullable. [/home/runner/work/Wekeza/Wekeza/Core/Wekeza.Core.Domain/Wekeza.Core.Domain.csproj]
/home/runner/work/Wekeza/Wekeza/Core/Wekeza.Core.Domain/Aggregates/Integration.cs(64,13): warning CS8618: Non-nullable property 'EndpointUrl' must contain a non-null value when exiting constructor. Consider adding the 'required' modifier or declaring the property as nullable. [/home/runner/work/Wekeza/Wekeza/Core/Wekeza.Core.Domain/Wekeza.Core.Domain.csproj]
/home/runner/work/Wekeza/Wekeza/Core/Wekeza.Core.Domain/Aggregates/Integration.cs(64,13): warning CS8618: Non-nullable property 'DataFormat' must contain a non-null value when exiting constructor. Consider adding the 'required' modifier or declaring the property as nullable. [/home/runner/work/Wekeza/Wekeza/Core/Wekeza.Core.Domain/Wekeza.Core.Domain.csproj]
/home/runner/work/Wekeza/Wekeza/Core/Wekeza.Core.Domain/Aggregates/Integration.cs(64,13): warning CS8618: Non-nullable property 'Protocol' must contain a non-null value when exiting constructor. Consider adding the 'required' modifier or declaring the property as nullable. [/home/runner/work/Wekeza/Wekeza/Core/Wekeza.Core.Domain/Wekeza.Core.Domain.csproj]
/home/runner/work/Wekeza/Wekeza/Core/Wekeza.Core.Domain/Aggregates/Integration.cs(64,13): warning CS8618: Non-nullable property 'LastErrorMessage' must contain a non-null value when exiting constructor. Consider adding the 'required' modifier or declaring the property as nullable. [/home/runner/work/Wekeza/Wekeza/Core/Wekeza.Core.Domain/Wekeza.Core.Domain.csproj]
/home/runner/work/Wekeza/Wekeza/Core/Wekeza.Core.Domain/Aggregates/Integration.cs(64,13): warning CS8618: Non-nullable property 'CreatedBy' must contain a non-null value when exiting constructor. Consider adding the 'required' modifier or declaring the property as nullable. [/home/runner/work/Wekeza/Wekeza/Core/Wekeza.Core.Domain/Wekeza.Core.Domain.csproj]
/home/runner/work/Wekeza/Wekeza/Core/Wekeza.Core.Domain/Aggregates/Integration.cs(64,13): warning CS8618: Non-nullable property 'LastModifiedBy' must contain a non-null value when exiting constructor. Consider adding the 'required' modifier or declaring the property as nullable. [/home/runner/work/Wekeza/Wekeza/Core/Wekeza.Core.Domain/Wekeza.Core.Domain.csproj]
/home/runner/work/Wekeza/Wekeza/Core/Wekeza.Core.Domain/Aggregates/GLAccount.cs(48,13): warning CS8618: Non-nullable property 'GLCode' must contain a non-null value when exiting constructor. Consider adding the 'required' modifier or declaring the property as nullable. [/home/runner/work/Wekeza/Wekeza/Core/Wekeza.Core.Domain/Wekeza.Core.Domain.csproj]
/home/runner/work/Wekeza/Wekeza/Core/Wekeza.Core.Domain/Aggregates/GLAccount.cs(48,13): warning CS8618: Non-nullable property 'GLName' must contain a non-null value when exiting constructor. Consider adding the 'required' modifier or declaring the property as nullable. [/home/runner/work/Wekeza/Wekeza/Core/Wekeza.Core.Domain/Wekeza.Core.Domain.csproj]
/home/runner/work/Wekeza/Wekeza/Core/Wekeza.Core.Domain/Aggregates/GLAccount.cs(48,13): warning CS8618: Non-nullable property 'Currency' must contain a non-null value when exiting constructor. Consider adding the 'required' modifier or declaring the property as nullable. [/home/runner/work/Wekeza/Wekeza/Core/Wekeza.Core.Domain/Wekeza.Core.Domain.csproj]
/home/runner/work/Wekeza/Wekeza/Core/Wekeza.Core.Domain/Aggregates/GLAccount.cs(48,13): warning CS8618: Non-nullable property 'CreatedBy' must contain a non-null value when exiting constructor. Consider adding the 'required' modifier or declaring the property as nullable. [/home/runner/work/Wekeza/Wekeza/Core/Wekeza.Core.Domain/Wekeza.Core.Domain.csproj]
/home/runner/work/Wekeza/Wekeza/Core/Wekeza.Core.Domain/Aggregates/JournalEntry.cs(45,13): warning CS8618: Non-nullable property 'JournalNumber' must contain a non-null value when exiting constructor. Consider adding the 'required' modifier or declaring the property as nullable. [/home/runner/work/Wekeza/Wekeza/Core/Wekeza.Core.Domain/Wekeza.Core.Domain.csproj]
/home/runner/work/Wekeza/Wekeza/Core/Wekeza.Core.Domain/Aggregates/JournalEntry.cs(45,13): warning CS8618: Non-nullable property 'SourceType' must contain a non-null value when exiting constructor. Consider adding the 'required' modifier or declaring the property as nullable. [/home/runner/work/Wekeza/Wekeza/Core/Wekeza.Core.Domain/Wekeza.Core.Domain.csproj]
/home/runner/work/Wekeza/Wekeza/Core/Wekeza.Core.Domain/Aggregates/JournalEntry.cs(45,13): warning CS8618: Non-nullable property 'SourceReference' must contain a non-null value when exiting constructor. Consider adding the 'required' modifier or declaring the property as nullable. [/home/runner/work/Wekeza/Wekeza/Core/Wekeza.Core.Domain/Wekeza.Core.Domain.csproj]
/home/runner/work/Wekeza/Wekeza/Core/Wekeza.Core.Domain/Aggregates/JournalEntry.cs(45,13): warning CS8618: Non-nullable property 'Currency' must contain a non-null value when exiting constructor. Consider adding the 'required' modifier or declaring the property as nullable. [/home/runner/work/Wekeza/Wekeza/Core/Wekeza.Core.Domain/Wekeza.Core.Domain.csproj]
/home/runner/work/Wekeza/Wekeza/Core/Wekeza.Core.Domain/Aggregates/JournalEntry.cs(45,13): warning CS8618: Non-nullable property 'CreatedBy' must contain a non-null value when exiting constructor. Consider adding the 'required' modifier or declaring the property as nullable. [/home/runner/work/Wekeza/Wekeza/Core/Wekeza.Core.Domain/Wekeza.Core.Domain.csproj]
/home/runner/work/Wekeza/Wekeza/Core/Wekeza.Core.Domain/Aggregates/IntegrationEndpoint.cs(84,13): warning CS8618: Non-nullable property 'EndpointCode' must contain a non-null value when exiting constructor. Consider adding the 'required' modifier or declaring the property as nullable. [/home/runner/work/Wekeza/Wekeza/Core/Wekeza.Core.Domain/Wekeza.Core.Domain.csproj]
/home/runner/work/Wekeza/Wekeza/Core/Wekeza.Core.Domain/Aggregates/IntegrationEndpoint.cs(84,13): warning CS8618: Non-nullable property 'EndpointName' must contain a non-null value when exiting constructor. Consider adding the 'required' modifier or declaring the property as nullable. [/home/runner/work/Wekeza/Wekeza/Core/Wekeza.Core.Domain/Wekeza.Core.Domain.csproj]
/home/runner/work/Wekeza/Wekeza/Core/Wekeza.Core.Domain/Aggregates/IntegrationEndpoint.cs(84,13): warning CS8618: Non-nullable property 'Description' must contain a non-null value when exiting constructor. Consider adding the 'required' modifier or declaring the property as nullable. [/home/runner/work/Wekeza/Wekeza/Core/Wekeza.Core.Domain/Wekeza.Core.Domain.csproj]
/home/runner/work/Wekeza/Wekeza/Core/Wekeza.Core.Domain/Aggregates/IntegrationEndpoint.cs(84,13): warning CS8618: Non-nullable property 'BaseUrl' must contain a non-null value when exiting constructor. Consider adding the 'required' modifier or declaring the property as nullable. [/home/runner/work/Wekeza/Wekeza/Core/Wekeza.Core.Domain/Wekeza.Core.Domain.csproj]
/home/runner/work/Wekeza/Wekeza/Core/Wekeza.Core.Domain/Aggregates/IntegrationEndpoint.cs(84,13): warning CS8618: Non-nullable property 'Path' must contain a non-null value when exiting constructor. Consider adding the 'required' modifier or declaring the property as nullable. [/home/runner/work/Wekeza/Wekeza/Core/Wekeza.Core.Domain/Wekeza.Core.Domain.csproj]
/home/runner/work/Wekeza/Wekeza/Core/Wekeza.Core.Domain/Aggregates/IntegrationEndpoint.cs(84,13): warning CS8618: Non-nullable property 'CertificatePath' must contain a non-null value when exiting constructor. Consider adding the 'required' modifier or declaring the property as nullable. [/home/runner/work/Wekeza/Wekeza/Core/Wekeza.Core.Domain/Wekeza.Core.Domain.csproj]
/home/runner/work/Wekeza/Wekeza/Core/Wekeza.Core.Domain/Aggregates/IntegrationEndpoint.cs(84,13): warning CS8618: Non-nullable property 'LastHealthCheckResult' must contain a non-null value when exiting constructor. Consider adding the 'required' modifier or declaring the property as nullable. [/home/runner/work/Wekeza/Wekeza/Core/Wekeza.Core.Domain/Wekeza.Core.Domain.csproj]
/home/runner/work/Wekeza/Wekeza/Core/Wekeza.Core.Domain/Aggregates/IntegrationEndpoint.cs(84,13): warning CS8618: Non-nullable property 'LastErrorMessage' must contain a non-null value when exiting constructor. Consider adding the 'required' modifier or declaring the property as nullable. [/home/runner/work/Wekeza/Wekeza/Core/Wekeza.Core.Domain/Wekeza.Core.Domain.csproj]
/home/runner/work/Wekeza/Wekeza/Core/Wekeza.Core.Domain/Aggregates/IntegrationEndpoint.cs(84,13): warning CS8618: Non-nullable property 'CreatedBy' must contain a non-null value when exiting constructor. Consider adding the 'required' modifier or declaring the property as nullable. [/home/runner/work/Wekeza/Wekeza/Core/Wekeza.Core.Domain/Wekeza.Core.Domain.csproj]
/home/runner/work/Wekeza/Wekeza/Core/Wekeza.Core.Domain/Aggregates/IntegrationEndpoint.cs(84,13): warning CS8618: Non-nullable property 'LastModifiedBy' must contain a non-null value when exiting constructor. Consider adding the 'required' modifier or declaring the property as nullable. [/home/runner/work/Wekeza/Wekeza/Core/Wekeza.Core.Domain/Wekeza.Core.Domain.csproj]
/home/runner/work/Wekeza/Wekeza/Core/Wekeza.Core.Domain/Aggregates/DocumentaryCollection.cs(256,19): warning CS8618: Non-nullable property 'EventType' must contain a non-null value when exiting constructor. Consider adding the 'required' modifier or declaring the property as nullable. [/home/runner/work/Wekeza/Wekeza/Core/Wekeza.Core.Domain/Wekeza.Core.Domain.csproj]
/home/runner/work/Wekeza/Wekeza/Core/Wekeza.Core.Domain/Aggregates/DocumentaryCollection.cs(257,19): warning CS8618: Non-nullable property 'Description' must contain a non-null value when exiting constructor. Consider adding the 'required' modifier or declaring the property as nullable. [/home/runner/work/Wekeza/Wekeza/Core/Wekeza.Core.Domain/Wekeza.Core.Domain.csproj]
/home/runner/work/Wekeza/Wekeza/Core/Wekeza.Core.Domain/Aggregates/FixedDeposit.cs(42,13): warning CS8618: Non-nullable property 'DepositNumber' must contain a non-null value when exiting constructor. Consider adding the 'required' modifier or declaring the property as nullable. [/home/runner/work/Wekeza/Wekeza/Core/Wekeza.Core.Domain/Wekeza.Core.Domain.csproj]
/home/runner/work/Wekeza/Wekeza/Core/Wekeza.Core.Domain/Aggregates/FixedDeposit.cs(42,13): warning CS8618: Non-nullable property 'PrincipalAmount' must contain a non-null value when exiting constructor. Consider adding the 'required' modifier or declaring the property as nullable. [/home/runner/work/Wekeza/Wekeza/Core/Wekeza.Core.Domain/Wekeza.Core.Domain.csproj]
/home/runner/work/Wekeza/Wekeza/Core/Wekeza.Core.Domain/Aggregates/FixedDeposit.cs(42,13): warning CS8618: Non-nullable property 'InterestRate' must contain a non-null value when exiting constructor. Consider adding the 'required' modifier or declaring the property as nullable. [/home/runner/work/Wekeza/Wekeza/Core/Wekeza.Core.Domain/Wekeza.Core.Domain.csproj]
/home/runner/work/Wekeza/Wekeza/Core/Wekeza.Core.Domain/Aggregates/FixedDeposit.cs(42,13): warning CS8618: Non-nullable property 'MaturityAmount' must contain a non-null value when exiting constructor. Consider adding the 'required' modifier or declaring the property as nullable. [/home/runner/work/Wekeza/Wekeza/Core/Wekeza.Core.Domain/Wekeza.Core.Domain.csproj]
/home/runner/work/Wekeza/Wekeza/Core/Wekeza.Core.Domain/Aggregates/FixedDeposit.cs(42,13): warning CS8618: Non-nullable property 'AccruedInterest' must contain a non-null value when exiting constructor. Consider adding the 'required' modifier or declaring the property as nullable. [/home/runner/work/Wekeza/Wekeza/Core/Wekeza.Core.Domain/Wekeza.Core.Domain.csproj]
/home/runner/work/Wekeza/Wekeza/Core/Wekeza.Core.Domain/Aggregates/FixedDeposit.cs(42,13): warning CS8618: Non-nullable property 'BranchCode' must contain a non-null value when exiting constructor. Consider adding the 'required' modifier or declaring the property as nullable. [/home/runner/work/Wekeza/Wekeza/Core/Wekeza.Core.Domain/Wekeza.Core.Domain.csproj]
/home/runner/work/Wekeza/Wekeza/Core/Wekeza.Core.Domain/Aggregates/FixedDeposit.cs(42,13): warning CS8618: Non-nullable property 'CreatedBy' must contain a non-null value when exiting constructor. Consider adding the 'required' modifier or declaring the property as nullable. [/home/runner/work/Wekeza/Wekeza/Core/Wekeza.Core.Domain/Wekeza.Core.Domain.csproj]
/home/runner/work/Wekeza/Wekeza/Core/Wekeza.Core.Domain/Aggregates/FixedDeposit.cs(44,12): warning CS8618: Non-nullable property 'MaturityAmount' must contain a non-null value when exiting constructor. Consider adding the 'required' modifier or declaring the property as nullable. [/home/runner/work/Wekeza/Wekeza/Core/Wekeza.Core.Domain/Wekeza.Core.Domain.csproj]
/home/runner/work/Wekeza/Wekeza/Core/Wekeza.Core.Domain/Aggregates/MessageQueue.cs(176,24): warning CS8625: Cannot convert null literal to non-nullable reference type. [/home/runner/work/Wekeza/Wekeza/Core/Wekeza.Core.Domain/Wekeza.Core.Domain.csproj]
/home/runner/work/Wekeza/Wekeza/Core/Wekeza.Core.Domain/Aggregates/DocumentaryCollection.cs(32,13): warning CS8618: Non-nullable property 'CollectionNumber' must contain a non-null value when exiting constructor. Consider adding the 'required' modifier or declaring the property as nullable. [/home/runner/work/Wekeza/Wekeza/Core/Wekeza.Core.Domain/Wekeza.Core.Domain.csproj]
/home/runner/work/Wekeza/Wekeza/Core/Wekeza.Core.Domain/Aggregates/DocumentaryCollection.cs(32,13): warning CS8618: Non-nullable property 'Amount' must contain a non-null value when exiting constructor. Consider adding the 'required' modifier or declaring the property as nullable. [/home/runner/work/Wekeza/Wekeza/Core/Wekeza.Core.Domain/Wekeza.Core.Domain.csproj]
/home/runner/work/Wekeza/Wekeza/Core/Wekeza.Core.Domain/Aggregates/DocumentaryCollection.cs(32,13): warning CS8618: Non-nullable property 'Terms' must contain a non-null value when exiting constructor. Consider adding the 'required' modifier or declaring the property as nullable. [/home/runner/work/Wekeza/Wekeza/Core/Wekeza.Core.Domain/Wekeza.Core.Domain.csproj]
/home/runner/work/Wekeza/Wekeza/Core/Wekeza.Core.Domain/Aggregates/DocumentaryCollection.cs(32,13): warning CS8618: Non-nullable property 'Instructions' must contain a non-null value when exiting constructor. Consider adding the 'required' modifier or declaring the property as nullable. [/home/runner/work/Wekeza/Wekeza/Core/Wekeza.Core.Domain/Wekeza.Core.Domain.csproj]
/home/runner/work/Wekeza/Wekeza/Core/Wekeza.Core.Domain/Aggregates/DigitalChannel.cs(577,13): warning CS8618: Non-nullable property 'Title' must contain a non-null value when exiting constructor. Consider adding the 'required' modifier or declaring the property as nullable. [/home/runner/work/Wekeza/Wekeza/Core/Wekeza.Core.Domain/Wekeza.Core.Domain.csproj]
/home/runner/work/Wekeza/Wekeza/Core/Wekeza.Core.Domain/Aggregates/DigitalChannel.cs(577,13): warning CS8618: Non-nullable property 'Message' must contain a non-null value when exiting constructor. Consider adding the 'required' modifier or declaring the property as nullable. [/home/runner/work/Wekeza/Wekeza/Core/Wekeza.Core.Domain/Wekeza.Core.Domain.csproj]
/home/runner/work/Wekeza/Wekeza/Core/Wekeza.Core.Domain/Aggregates/DigitalChannel.cs(577,13): warning CS8618: Non-nullable property 'CreatedBy' must contain a non-null value when exiting constructor. Consider adding the 'required' modifier or declaring the property as nullable. [/home/runner/work/Wekeza/Wekeza/Core/Wekeza.Core.Domain/Wekeza.Core.Domain.csproj]
/home/runner/work/Wekeza/Wekeza/Core/Wekeza.Core.Domain/Aggregates/Integration.cs(242,34): warning CS8601: Possible null reference assignment. [/home/runner/work/Wekeza/Wekeza/Core/Wekeza.Core.Domain/Wekeza.Core.Domain.csproj]
/home/runner/work/Wekeza/Wekeza/Core/Wekeza.Core.Domain/Aggregates/MessageQueue.cs(231,20): warning CS8603: Possible null reference return. [/home/runner/work/Wekeza/Wekeza/Core/Wekeza.Core.Domain/Wekeza.Core.Domain.csproj]
/home/runner/work/Wekeza/Wekeza/Core/Wekeza.Core.Domain/Aggregates/MessageQueue.cs(233,32): warning CS8600: Converting null literal or possible null value to non-nullable type. [/home/runner/work/Wekeza/Wekeza/Core/Wekeza.Core.Domain/Wekeza.Core.Domain.csproj]
/home/runner/work/Wekeza/Wekeza/Core/Wekeza.Core.Domain/Aggregates/MessageQueue.cs(252,13): warning CS8604: Possible null reference argument for parameter 'one' in 'bool ValueObject.operator !=(ValueObject one, ValueObject two)'. [/home/runner/work/Wekeza/Wekeza/Core/Wekeza.Core.Domain/Wekeza.Core.Domain.csproj]
/home/runner/work/Wekeza/Wekeza/Core/Wekeza.Core.Domain/Aggregates/MessageQueue.cs(252,24): warning CS8625: Cannot convert null literal to non-nullable reference type. [/home/runner/work/Wekeza/Wekeza/Core/Wekeza.Core.Domain/Wekeza.Core.Domain.csproj]
/home/runner/work/Wekeza/Wekeza/Core/Wekeza.Core.Domain/Aggregates/MessageQueue.cs(279,16): warning CS8603: Possible null reference return. [/home/runner/work/Wekeza/Wekeza/Core/Wekeza.Core.Domain/Wekeza.Core.Domain.csproj]
/home/runner/work/Wekeza/Wekeza/Core/Wekeza.Core.Domain/Aggregates/DigitalChannel.cs(530,13): warning CS8618: Non-nullable property 'TransactionId' must contain a non-null value when exiting constructor. Consider adding the 'required' modifier or declaring the property as nullable. [/home/runner/work/Wekeza/Wekeza/Core/Wekeza.Core.Domain/Wekeza.Core.Domain.csproj]
/home/runner/work/Wekeza/Wekeza/Core/Wekeza.Core.Domain/Aggregates/DigitalChannel.cs(530,13): warning CS8618: Non-nullable property 'SessionId' must contain a non-null value when exiting constructor. Consider adding the 'required' modifier or declaring the property as nullable. [/home/runner/work/Wekeza/Wekeza/Core/Wekeza.Core.Domain/Wekeza.Core.Domain.csproj]
/home/runner/work/Wekeza/Wekeza/Core/Wekeza.Core.Domain/Aggregates/DigitalChannel.cs(530,13): warning CS8618: Non-nullable property 'ServiceCode' must contain a non-null value when exiting constructor. Consider adding the 'required' modifier or declaring the property as nullable. [/home/runner/work/Wekeza/Wekeza/Core/Wekeza.Core.Domain/Wekeza.Core.Domain.csproj]
/home/runner/work/Wekeza/Wekeza/Core/Wekeza.Core.Domain/Aggregates/DigitalChannel.cs(530,13): warning CS8618: Non-nullable property 'Amount' must contain a non-null value when exiting constructor. Consider adding the 'required' modifier or declaring the property as nullable. [/home/runner/work/Wekeza/Wekeza/Core/Wekeza.Core.Domain/Wekeza.Core.Domain.csproj]
/home/runner/work/Wekeza/Wekeza/Core/Wekeza.Core.Domain/Aggregates/DigitalChannel.cs(530,13): warning CS8618: Non-nullable property 'Description' must contain a non-null value when exiting constructor. Consider adding the 'required' modifier or declaring the property as nullable. [/home/runner/work/Wekeza/Wekeza/Core/Wekeza.Core.Domain/Wekeza.Core.Domain.csproj]
/home/runner/work/Wekeza/Wekeza/Core/Wekeza.Core.Domain/Aggregates/DigitalChannel.cs(530,13): warning CS8618: Non-nullable property 'ProcessedBy' must contain a non-null value when exiting constructor. Consider adding the 'required' modifier or declaring the property as nullable. [/home/runner/work/Wekeza/Wekeza/Core/Wekeza.Core.Domain/Wekeza.Core.Domain.csproj]
/home/runner/work/Wekeza/Wekeza/Core/Wekeza.Core.Domain/Aggregates/DigitalChannel.cs(469,13): warning CS8618: Non-nullable property 'SessionId' must contain a non-null value when exiting constructor. Consider adding the 'required' modifier or declaring the property as nullable. [/home/runner/work/Wekeza/Wekeza/Core/Wekeza.Core.Domain/Wekeza.Core.Domain.csproj]
/home/runner/work/Wekeza/Wekeza/Core/Wekeza.Core.Domain/Aggregates/DigitalChannel.cs(469,13): warning CS8618: Non-nullable property 'UserId' must contain a non-null value when exiting constructor. Consider adding the 'required' modifier or declaring the property as nullable. [/home/runner/work/Wekeza/Wekeza/Core/Wekeza.Core.Domain/Wekeza.Core.Domain.csproj]
/home/runner/work/Wekeza/Wekeza/Core/Wekeza.Core.Domain/Aggregates/DigitalChannel.cs(469,13): warning CS8618: Non-nullable property 'DeviceId' must contain a non-null value when exiting constructor. Consider adding the 'required' modifier or declaring the property as nullable. [/home/runner/work/Wekeza/Wekeza/Core/Wekeza.Core.Domain/Wekeza.Core.Domain.csproj]
/home/runner/work/Wekeza/Wekeza/Core/Wekeza.Core.Domain/Aggregates/DigitalChannel.cs(469,13): warning CS8618: Non-nullable property 'IpAddress' must contain a non-null value when exiting constructor. Consider adding the 'required' modifier or declaring the property as nullable. [/home/runner/work/Wekeza/Wekeza/Core/Wekeza.Core.Domain/Wekeza.Core.Domain.csproj]
/home/runner/work/Wekeza/Wekeza/Core/Wekeza.Core.Domain/Aggregates/DigitalChannel.cs(469,13): warning CS8618: Non-nullable property 'UserAgent' must contain a non-null value when exiting constructor. Consider adding the 'required' modifier or declaring the property as nullable. [/home/runner/work/Wekeza/Wekeza/Core/Wekeza.Core.Domain/Wekeza.Core.Domain.csproj]
/home/runner/work/Wekeza/Wekeza/Core/Wekeza.Core.Domain/Aggregates/DigitalChannel.cs(421,13): warning CS8618: Non-nullable property 'ServiceCode' must contain a non-null value when exiting constructor. Consider adding the 'required' modifier or declaring the property as nullable. [/home/runner/work/Wekeza/Wekeza/Core/Wekeza.Core.Domain/Wekeza.Core.Domain.csproj]
/home/runner/work/Wekeza/Wekeza/Core/Wekeza.Core.Domain/Aggregates/DigitalChannel.cs(421,13): warning CS8618: Non-nullable property 'ServiceName' must contain a non-null value when exiting constructor. Consider adding the 'required' modifier or declaring the property as nullable. [/home/runner/work/Wekeza/Wekeza/Core/Wekeza.Core.Domain/Wekeza.Core.Domain.csproj]
/home/runner/work/Wekeza/Wekeza/Core/Wekeza.Core.Domain/Aggregates/DigitalChannel.cs(421,13): warning CS8618: Non-nullable property 'CreatedBy' must contain a non-null value when exiting constructor. Consider adding the 'required' modifier or declaring the property as nullable. [/home/runner/work/Wekeza/Wekeza/Core/Wekeza.Core.Domain/Wekeza.Core.Domain.csproj]
/home/runner/work/Wekeza/Wekeza/Core/Wekeza.Core.Domain/Aggregates/MessageQueue.cs(302,16): warning CS8603: Possible null reference return. [/home/runner/work/Wekeza/Wekeza/Core/Wekeza.Core.Domain/Wekeza.Core.Domain.csproj]
/home/runner/work/Wekeza/Wekeza/Core/Wekeza.Core.Domain/Aggregates/Dashboard.cs(491,13): warning CS8618: Non-nullable property 'Title' must contain a non-null value when exiting constructor. Consider adding the 'required' modifier or declaring the property as nullable. [/home/runner/work/Wekeza/Wekeza/Core/Wekeza.Core.Domain/Wekeza.Core.Domain.csproj]
/home/runner/work/Wekeza/Wekeza/Core/Wekeza.Core.Domain/Aggregates/Dashboard.cs(491,13): warning CS8618: Non-nullable property 'Description' must contain a non-null value when exiting constructor. Consider adding the 'required' modifier or declaring the property as nullable. [/home/runner/work/Wekeza/Wekeza/Core/Wekeza.Core.Domain/Wekeza.Core.Domain.csproj]
/home/runner/work/Wekeza/Wekeza/Core/Wekeza.Core.Domain/Aggregates/Dashboard.cs(491,13): warning CS8618: Non-nullable property 'Position' must contain a non-null value when exiting constructor. Consider adding the 'required' modifier or declaring the property as nullable. [/home/runner/work/Wekeza/Wekeza/Core/Wekeza.Core.Domain/Wekeza.Core.Domain.csproj]
/home/runner/work/Wekeza/Wekeza/Core/Wekeza.Core.Domain/Aggregates/Customer.cs(24,13): warning CS8618: Non-nullable property 'FirstName' must contain a non-null value when exiting constructor. Consider adding the 'required' modifier or declaring the property as nullable. [/home/runner/work/Wekeza/Wekeza/Core/Wekeza.Core.Domain/Wekeza.Core.Domain.csproj]
/home/runner/work/Wekeza/Wekeza/Core/Wekeza.Core.Domain/Aggregates/Customer.cs(24,13): warning CS8618: Non-nullable property 'LastName' must contain a non-null value when exiting constructor. Consider adding the 'required' modifier or declaring the property as nullable. [/home/runner/work/Wekeza/Wekeza/Core/Wekeza.Core.Domain/Wekeza.Core.Domain.csproj]
/home/runner/work/Wekeza/Wekeza/Core/Wekeza.Core.Domain/Aggregates/Customer.cs(24,13): warning CS8618: Non-nullable property 'Email' must contain a non-null value when exiting constructor. Consider adding the 'required' modifier or declaring the property as nullable. [/home/runner/work/Wekeza/Wekeza/Core/Wekeza.Core.Domain/Wekeza.Core.Domain.csproj]
/home/runner/work/Wekeza/Wekeza/Core/Wekeza.Core.Domain/Aggregates/Customer.cs(24,13): warning CS8618: Non-nullable property 'PhoneNumber' must contain a non-null value when exiting constructor. Consider adding the 'required' modifier or declaring the property as nullable. [/home/runner/work/Wekeza/Wekeza/Core/Wekeza.Core.Domain/Wekeza.Core.Domain.csproj]
/home/runner/work/Wekeza/Wekeza/Core/Wekeza.Core.Domain/Aggregates/Customer.cs(24,13): warning CS8618: Non-nullable property 'IdentificationNumber' must contain a non-null value when exiting constructor. Consider adding the 'required' modifier or declaring the property as nullable. [/home/runner/work/Wekeza/Wekeza/Core/Wekeza.Core.Domain/Wekeza.Core.Domain.csproj]
/home/runner/work/Wekeza/Wekeza/Core/Wekeza.Core.Domain/Aggregates/DigitalChannel.cs(45,13): warning CS8618: Non-nullable property 'ChannelCode' must contain a non-null value when exiting constructor. Consider adding the 'required' modifier or declaring the property as nullable. [/home/runner/work/Wekeza/Wekeza/Core/Wekeza.Core.Domain/Wekeza.Core.Domain.csproj]
/home/runner/work/Wekeza/Wekeza/Core/Wekeza.Core.Domain/Aggregates/DigitalChannel.cs(45,13): warning CS8618: Non-nullable property 'ChannelName' must contain a non-null value when exiting constructor. Consider adding the 'required' modifier or declaring the property as nullable. [/home/runner/work/Wekeza/Wekeza/Core/Wekeza.Core.Domain/Wekeza.Core.Domain.csproj]
/home/runner/work/Wekeza/Wekeza/Core/Wekeza.Core.Domain/Aggregates/DigitalChannel.cs(45,13): warning CS8618: Non-nullable property 'Description' must contain a non-null value when exiting constructor. Consider adding the 'required' modifier or declaring the property as nullable. [/home/runner/work/Wekeza/Wekeza/Core/Wekeza.Core.Domain/Wekeza.Core.Domain.csproj]
/home/runner/work/Wekeza/Wekeza/Core/Wekeza.Core.Domain/Aggregates/DigitalChannel.cs(45,13): warning CS8618: Non-nullable property 'BaseUrl' must contain a non-null value when exiting constructor. Consider adding the 'required' modifier or declaring the property as nullable. [/home/runner/work/Wekeza/Wekeza/Core/Wekeza.Core.Domain/Wekeza.Core.Domain.csproj]
/home/runner/work/Wekeza/Wekeza/Core/Wekeza.Core.Domain/Aggregates/DigitalChannel.cs(45,13): warning CS8618: Non-nullable property 'ApiVersion' must contain a non-null value when exiting constructor. Consider adding the 'required' modifier or declaring the property as nullable. [/home/runner/work/Wekeza/Wekeza/Core/Wekeza.Core.Domain/Wekeza.Core.Domain.csproj]
/home/runner/work/Wekeza/Wekeza/Core/Wekeza.Core.Domain/Aggregates/DigitalChannel.cs(45,13): warning CS8618: Non-nullable property 'DailyTransactionLimit' must contain a non-null value when exiting constructor. Consider adding the 'required' modifier or declaring the property as nullable. [/home/runner/work/Wekeza/Wekeza/Core/Wekeza.Core.Domain/Wekeza.Core.Domain.csproj]
/home/runner/work/Wekeza/Wekeza/Core/Wekeza.Core.Domain/Aggregates/DigitalChannel.cs(45,13): warning CS8618: Non-nullable property 'SingleTransactionLimit' must contain a non-null value when exiting constructor. Consider adding the 'required' modifier or declaring the property as nullable. [/home/runner/work/Wekeza/Wekeza/Core/Wekeza.Core.Domain/Wekeza.Core.Domain.csproj]
/home/runner/work/Wekeza/Wekeza/Core/Wekeza.Core.Domain/Aggregates/DigitalChannel.cs(45,13): warning CS8618: Non-nullable property 'CreatedBy' must contain a non-null value when exiting constructor. Consider adding the 'required' modifier or declaring the property as nullable. [/home/runner/work/Wekeza/Wekeza/Core/Wekeza.Core.Domain/Wekeza.Core.Domain.csproj]
/home/runner/work/Wekeza/Wekeza/Core/Wekeza.Core.Domain/Aggregates/Loan.cs(345,44): warning CS8509: The switch expression does not handle all possible values of its input type (it is not exhaustive). For example, the pattern '-1' is not covered. [/home/runner/work/Wekeza/Wekeza/Core/Wekeza.Core.Domain/Wekeza.Core.Domain.csproj]
/home/runner/work/Wekeza/Wekeza/Core/Wekeza.Core.Domain/Aggregates/MessageQueue.cs(352,24): warning CS8625: Cannot convert null literal to non-nullable reference type. [/home/runner/work/Wekeza/Wekeza/Core/Wekeza.Core.Domain/Wekeza.Core.Domain.csproj]
/home/runner/work/Wekeza/Wekeza/Core/Wekeza.Core.Domain/Aggregates/Dashboard.cs(48,13): warning CS8618: Non-nullable property 'DashboardCode' must contain a non-null value when exiting constructor. Consider adding the 'required' modifier or declaring the property as nullable. [/home/runner/work/Wekeza/Wekeza/Core/Wekeza.Core.Domain/Wekeza.Core.Domain.csproj]
/home/runner/work/Wekeza/Wekeza/Core/Wekeza.Core.Domain/Aggregates/Dashboard.cs(48,13): warning CS8618: Non-nullable property 'DashboardName' must contain a non-null value when exiting constructor. Consider adding the 'required' modifier or declaring the property as nullable. [/home/runner/work/Wekeza/Wekeza/Core/Wekeza.Core.Domain/Wekeza.Core.Domain.csproj]
/home/runner/work/Wekeza/Wekeza/Core/Wekeza.Core.Domain/Aggregates/Dashboard.cs(48,13): warning CS8618: Non-nullable property 'Description' must contain a non-null value when exiting constructor. Consider adding the 'required' modifier or declaring the property as nullable. [/home/runner/work/Wekeza/Wekeza/Core/Wekeza.Core.Domain/Wekeza.Core.Domain.csproj]
/home/runner/work/Wekeza/Wekeza/Core/Wekeza.Core.Domain/Aggregates/Dashboard.cs(48,13): warning CS8618: Non-nullable property 'CreatedBy' must contain a non-null value when exiting constructor. Consider adding the 'required' modifier or declaring the property as nullable. [/home/runner/work/Wekeza/Wekeza/Core/Wekeza.Core.Domain/Wekeza.Core.Domain.csproj]
/home/runner/work/Wekeza/Wekeza/Core/Wekeza.Core.Domain/Aggregates/Dashboard.cs(48,13): warning CS8618: Non-nullable property 'Theme' must contain a non-null value when exiting constructor. Consider adding the 'required' modifier or declaring the property as nullable. [/home/runner/work/Wekeza/Wekeza/Core/Wekeza.Core.Domain/Wekeza.Core.Domain.csproj]
/home/runner/work/Wekeza/Wekeza/Core/Wekeza.Core.Domain/Aggregates/Dashboard.cs(48,13): warning CS8618: Non-nullable property 'LastViewedBy' must contain a non-null value when exiting constructor. Consider adding the 'required' modifier or declaring the property as nullable. [/home/runner/work/Wekeza/Wekeza/Core/Wekeza.Core.Domain/Wekeza.Core.Domain.csproj]
/home/runner/work/Wekeza/Wekeza/Core/Wekeza.Core.Domain/Aggregates/Dashboard.cs(447,16): warning CS8603: Possible null reference return. [/home/runner/work/Wekeza/Wekeza/Core/Wekeza.Core.Domain/Wekeza.Core.Domain.csproj]
/home/runner/work/Wekeza/Wekeza/Core/Wekeza.Core.Domain/Aggregates/MessageQueue.cs(650,33): warning CS8601: Possible null reference assignment. [/home/runner/work/Wekeza/Wekeza/Core/Wekeza.Core.Domain/Wekeza.Core.Domain.csproj]
/home/runner/work/Wekeza/Wekeza/Core/Wekeza.Core.Domain/Aggregates/CashDrawer.cs(57,13): warning CS8618: Non-nullable property 'DrawerId' must contain a non-null value when exiting constructor. Consider adding the 'required' modifier or declaring the property as nullable. [/home/runner/work/Wekeza/Wekeza/Core/Wekeza.Core.Domain/Wekeza.Core.Domain.csproj]
/home/runner/work/Wekeza/Wekeza/Core/Wekeza.Core.Domain/Aggregates/CashDrawer.cs(57,13): warning CS8618: Non-nullable property 'TellerCode' must contain a non-null value when exiting constructor. Consider adding the 'required' modifier or declaring the property as nullable. [/home/runner/work/Wekeza/Wekeza/Core/Wekeza.Core.Domain/Wekeza.Core.Domain.csproj]
/home/runner/work/Wekeza/Wekeza/Core/Wekeza.Core.Domain/Aggregates/CashDrawer.cs(57,13): warning CS8618: Non-nullable property 'BranchCode' must contain a non-null value when exiting constructor. Consider adding the 'required' modifier or declaring the property as nullable. [/home/runner/work/Wekeza/Wekeza/Core/Wekeza.Core.Domain/Wekeza.Core.Domain.csproj]
/home/runner/work/Wekeza/Wekeza/Core/Wekeza.Core.Domain/Aggregates/CashDrawer.cs(57,13): warning CS8618: Non-nullable property 'TotalCashIn' must contain a non-null value when exiting constructor. Consider adding the 'required' modifier or declaring the property as nullable. [/home/runner/work/Wekeza/Wekeza/Core/Wekeza.Core.Domain/Wekeza.Core.Domain.csproj]
/home/runner/work/Wekeza/Wekeza/Core/Wekeza.Core.Domain/Aggregates/CashDrawer.cs(57,13): warning CS8618: Non-nullable property 'TotalCashOut' must contain a non-null value when exiting constructor. Consider adding the 'required' modifier or declaring the property as nullable. [/home/runner/work/Wekeza/Wekeza/Core/Wekeza.Core.Domain/Wekeza.Core.Domain.csproj]
/home/runner/work/Wekeza/Wekeza/Core/Wekeza.Core.Domain/Aggregates/CashDrawer.cs(57,13): warning CS8618: Non-nullable property 'NetCashMovement' must contain a non-null value when exiting constructor. Consider adding the 'required' modifier or declaring the property as nullable. [/home/runner/work/Wekeza/Wekeza/Core/Wekeza.Core.Domain/Wekeza.Core.Domain.csproj]
/home/runner/work/Wekeza/Wekeza/Core/Wekeza.Core.Domain/Aggregates/CashDrawer.cs(57,13): warning CS8618: Non-nullable property 'MaxCashLimit' must contain a non-null value when exiting constructor. Consider adding the 'required' modifier or declaring the property as nullable. [/home/runner/work/Wekeza/Wekeza/Core/Wekeza.Core.Domain/Wekeza.Core.Domain.csproj]
/home/runner/work/Wekeza/Wekeza/Core/Wekeza.Core.Domain/Aggregates/CashDrawer.cs(57,13): warning CS8618: Non-nullable property 'MinCashLimit' must contain a non-null value when exiting constructor. Consider adding the 'required' modifier or declaring the property as nullable. [/home/runner/work/Wekeza/Wekeza/Core/Wekeza.Core.Domain/Wekeza.Core.Domain.csproj]
/home/runner/work/Wekeza/Wekeza/Core/Wekeza.Core.Domain/Aggregates/CashDrawer.cs(57,13): warning CS8618: Non-nullable property 'CreatedBy' must contain a non-null value when exiting constructor. Consider adding the 'required' modifier or declaring the property as nullable. [/home/runner/work/Wekeza/Wekeza/Core/Wekeza.Core.Domain/Wekeza.Core.Domain.csproj]
/home/runner/work/Wekeza/Wekeza/Core/Wekeza.Core.Domain/Aggregates/CardApplication.cs(63,13): warning CS8618: Non-nullable property 'ApplicationNumber' must contain a non-null value when exiting constructor. Consider adding the 'required' modifier or declaring the property as nullable. [/home/runner/work/Wekeza/Wekeza/Core/Wekeza.Core.Domain/Wekeza.Core.Domain.csproj]
/home/runner/work/Wekeza/Wekeza/Core/Wekeza.Core.Domain/Aggregates/CardApplication.cs(63,13): warning CS8618: Non-nullable property 'NameOnCard' must contain a non-null value when exiting constructor. Consider adding the 'required' modifier or declaring the property as nullable. [/home/runner/work/Wekeza/Wekeza/Core/Wekeza.Core.Domain/Wekeza.Core.Domain.csproj]
/home/runner/work/Wekeza/Wekeza/Core/Wekeza.Core.Domain/Aggregates/CardApplication.cs(63,13): warning CS8618: Non-nullable property 'DeliveryAddress' must contain a non-null value when exiting constructor. Consider adding the 'required' modifier or declaring the property as nullable. [/home/runner/work/Wekeza/Wekeza/Core/Wekeza.Core.Domain/Wekeza.Core.Domain.csproj]
/home/runner/work/Wekeza/Wekeza/Core/Wekeza.Core.Domain/Aggregates/CardApplication.cs(63,13): warning CS8618: Non-nullable property 'ContactNumber' must contain a non-null value when exiting constructor. Consider adding the 'required' modifier or declaring the property as nullable. [/home/runner/work/Wekeza/Wekeza/Core/Wekeza.Core.Domain/Wekeza.Core.Domain.csproj]
/home/runner/work/Wekeza/Wekeza/Core/Wekeza.Core.Domain/Aggregates/CardApplication.cs(63,13): warning CS8618: Non-nullable property 'EmailAddress' must contain a non-null value when exiting constructor. Consider adding the 'required' modifier or declaring the property as nullable. [/home/runner/work/Wekeza/Wekeza/Core/Wekeza.Core.Domain/Wekeza.Core.Domain.csproj]
/home/runner/work/Wekeza/Wekeza/Core/Wekeza.Core.Domain/Aggregates/CardApplication.cs(63,13): warning CS8618: Non-nullable property 'RequestedDailyWithdrawalLimit' must contain a non-null value when exiting constructor. Consider adding the 'required' modifier or declaring the property as nullable. [/home/runner/work/Wekeza/Wekeza/Core/Wekeza.Core.Domain/Wekeza.Core.Domain.csproj]
/home/runner/work/Wekeza/Wekeza/Core/Wekeza.Core.Domain/Aggregates/CardApplication.cs(63,13): warning CS8618: Non-nullable property 'RequestedDailyPurchaseLimit' must contain a non-null value when exiting constructor. Consider adding the 'required' modifier or declaring the property as nullable. [/home/runner/work/Wekeza/Wekeza/Core/Wekeza.Core.Domain/Wekeza.Core.Domain.csproj]
/home/runner/work/Wekeza/Wekeza/Core/Wekeza.Core.Domain/Aggregates/CardApplication.cs(63,13): warning CS8618: Non-nullable property 'RequestedMonthlyLimit' must contain a non-null value when exiting constructor. Consider adding the 'required' modifier or declaring the property as nullable. [/home/runner/work/Wekeza/Wekeza/Core/Wekeza.Core.Domain/Wekeza.Core.Domain.csproj]
/home/runner/work/Wekeza/Wekeza/Core/Wekeza.Core.Domain/Aggregates/Card.cs(77,13): warning CS8618: Non-nullable property 'CardNumber' must contain a non-null value when exiting constructor. Consider adding the 'required' modifier or declaring the property as nullable. [/home/runner/work/Wekeza/Wekeza/Core/Wekeza.Core.Domain/Wekeza.Core.Domain.csproj]
/home/runner/work/Wekeza/Wekeza/Core/Wekeza.Core.Domain/Aggregates/Card.cs(77,13): warning CS8618: Non-nullable property 'NameOnCard' must contain a non-null value when exiting constructor. Consider adding the 'required' modifier or declaring the property as nullable. [/home/runner/work/Wekeza/Wekeza/Core/Wekeza.Core.Domain/Wekeza.Core.Domain.csproj]
/home/runner/work/Wekeza/Wekeza/Core/Wekeza.Core.Domain/Aggregates/Card.cs(77,13): warning CS8618: Non-nullable property 'CVV' must contain a non-null value when exiting constructor. Consider adding the 'required' modifier or declaring the property as nullable. [/home/runner/work/Wekeza/Wekeza/Core/Wekeza.Core.Domain/Wekeza.Core.Domain.csproj]
/home/runner/work/Wekeza/Wekeza/Core/Wekeza.Core.Domain/Aggregates/Card.cs(77,13): warning CS8618: Non-nullable property 'EncryptedPIN' must contain a non-null value when exiting constructor. Consider adding the 'required' modifier or declaring the property as nullable. [/home/runner/work/Wekeza/Wekeza/Core/Wekeza.Core.Domain/Wekeza.Core.Domain.csproj]
/home/runner/work/Wekeza/Wekeza/Core/Wekeza.Core.Domain/Aggregates/Card.cs(77,13): warning CS8618: Non-nullable property 'DailyWithdrawalLimit' must contain a non-null value when exiting constructor. Consider adding the 'required' modifier or declaring the property as nullable. [/home/runner/work/Wekeza/Wekeza/Core/Wekeza.Core.Domain/Wekeza.Core.Domain.csproj]
/home/runner/work/Wekeza/Wekeza/Core/Wekeza.Core.Domain/Aggregates/Card.cs(77,13): warning CS8618: Non-nullable property 'DailyPurchaseLimit' must contain a non-null value when exiting constructor. Consider adding the 'required' modifier or declaring the property as nullable. [/home/runner/work/Wekeza/Wekeza/Core/Wekeza.Core.Domain/Wekeza.Core.Domain.csproj]
/home/runner/work/Wekeza/Wekeza/Core/Wekeza.Core.Domain/Aggregates/Card.cs(77,13): warning CS8618: Non-nullable property 'MonthlyLimit' must contain a non-null value when exiting constructor. Consider adding the 'required' modifier or declaring the property as nullable. [/home/runner/work/Wekeza/Wekeza/Core/Wekeza.Core.Domain/Wekeza.Core.Domain.csproj]
/home/runner/work/Wekeza/Wekeza/Core/Wekeza.Core.Domain/Aggregates/Card.cs(77,13): warning CS8618: Non-nullable property 'DailyWithdrawnToday' must contain a non-null value when exiting constructor. Consider adding the 'required' modifier or declaring the property as nullable. [/home/runner/work/Wekeza/Wekeza/Core/Wekeza.Core.Domain/Wekeza.Core.Domain.csproj]
/home/runner/work/Wekeza/Wekeza/Core/Wekeza.Core.Domain/Aggregates/Card.cs(77,13): warning CS8618: Non-nullable property 'DailyPurchasedToday' must contain a non-null value when exiting constructor. Consider adding the 'required' modifier or declaring the property as nullable. [/home/runner/work/Wekeza/Wekeza/Core/Wekeza.Core.Domain/Wekeza.Core.Domain.csproj]
/home/runner/work/Wekeza/Wekeza/Core/Wekeza.Core.Domain/Aggregates/Card.cs(77,13): warning CS8618: Non-nullable property 'MonthlySpent' must contain a non-null value when exiting constructor. Consider adding the 'required' modifier or declaring the property as nullable. [/home/runner/work/Wekeza/Wekeza/Core/Wekeza.Core.Domain/Wekeza.Core.Domain.csproj]
/home/runner/work/Wekeza/Wekeza/Core/Wekeza.Core.Domain/Aggregates/Card.cs(77,13): warning CS8618: Non-nullable property 'DeliveryAddress' must contain a non-null value when exiting constructor. Consider adding the 'required' modifier or declaring the property as nullable. [/home/runner/work/Wekeza/Wekeza/Core/Wekeza.Core.Domain/Wekeza.Core.Domain.csproj]
/home/runner/work/Wekeza/Wekeza/Core/Wekeza.Core.Domain/Aggregates/CallDeposit.cs(367,13): warning CS8618: Non-nullable property 'Amount' must contain a non-null value when exiting constructor. Consider adding the 'required' modifier or declaring the property as nullable. [/home/runner/work/Wekeza/Wekeza/Core/Wekeza.Core.Domain/Wekeza.Core.Domain.csproj]
/home/runner/work/Wekeza/Wekeza/Core/Wekeza.Core.Domain/Aggregates/CallDeposit.cs(367,13): warning CS8618: Non-nullable property 'BalanceAfter' must contain a non-null value when exiting constructor. Consider adding the 'required' modifier or declaring the property as nullable. [/home/runner/work/Wekeza/Wekeza/Core/Wekeza.Core.Domain/Wekeza.Core.Domain.csproj]
/home/runner/work/Wekeza/Wekeza/Core/Wekeza.Core.Domain/Aggregates/CallDeposit.cs(367,13): warning CS8618: Non-nullable property 'Description' must contain a non-null value when exiting constructor. Consider adding the 'required' modifier or declaring the property as nullable. [/home/runner/work/Wekeza/Wekeza/Core/Wekeza.Core.Domain/Wekeza.Core.Domain.csproj]
/home/runner/work/Wekeza/Wekeza/Core/Wekeza.Core.Domain/Aggregates/CallDeposit.cs(405,13): warning CS8618: Non-nullable property 'Amount' must contain a non-null value when exiting constructor. Consider adding the 'required' modifier or declaring the property as nullable. [/home/runner/work/Wekeza/Wekeza/Core/Wekeza.Core.Domain/Wekeza.Core.Domain.csproj]
/home/runner/work/Wekeza/Wekeza/Core/Wekeza.Core.Domain/Aggregates/CallDeposit.cs(405,13): warning CS8618: Non-nullable property 'Reason' must contain a non-null value when exiting constructor. Consider adding the 'required' modifier or declaring the property as nullable. [/home/runner/work/Wekeza/Wekeza/Core/Wekeza.Core.Domain/Wekeza.Core.Domain.csproj]
/home/runner/work/Wekeza/Wekeza/Core/Wekeza.Core.Domain/Aggregates/CallDeposit.cs(405,13): warning CS8618: Non-nullable property 'SubmittedBy' must contain a non-null value when exiting constructor. Consider adding the 'required' modifier or declaring the property as nullable. [/home/runner/work/Wekeza/Wekeza/Core/Wekeza.Core.Domain/Wekeza.Core.Domain.csproj]
/home/runner/work/Wekeza/Wekeza/Core/Wekeza.Core.Domain/Aggregates/CallDeposit.cs(46,13): warning CS8618: Non-nullable property 'DepositNumber' must contain a non-null value when exiting constructor. Consider adding the 'required' modifier or declaring the property as nullable. [/home/runner/work/Wekeza/Wekeza/Core/Wekeza.Core.Domain/Wekeza.Core.Domain.csproj]
/home/runner/work/Wekeza/Wekeza/Core/Wekeza.Core.Domain/Aggregates/CallDeposit.cs(46,13): warning CS8618: Non-nullable property 'Balance' must contain a non-null value when exiting constructor. Consider adding the 'required' modifier or declaring the property as nullable. [/home/runner/work/Wekeza/Wekeza/Core/Wekeza.Core.Domain/Wekeza.Core.Domain.csproj]
/home/runner/work/Wekeza/Wekeza/Core/Wekeza.Core.Domain/Aggregates/CallDeposit.cs(46,13): warning CS8618: Non-nullable property 'CurrentInterestRate' must contain a non-null value when exiting constructor. Consider adding the 'required' modifier or declaring the property as nullable. [/home/runner/work/Wekeza/Wekeza/Core/Wekeza.Core.Domain/Wekeza.Core.Domain.csproj]
/home/runner/work/Wekeza/Wekeza/Core/Wekeza.Core.Domain/Aggregates/CallDeposit.cs(46,13): warning CS8618: Non-nullable property 'MinimumBalance' must contain a non-null value when exiting constructor. Consider adding the 'required' modifier or declaring the property as nullable. [/home/runner/work/Wekeza/Wekeza/Core/Wekeza.Core.Domain/Wekeza.Core.Domain.csproj]
/home/runner/work/Wekeza/Wekeza/Core/Wekeza.Core.Domain/Aggregates/CallDeposit.cs(46,13): warning CS8618: Non-nullable property 'MaximumBalance' must contain a non-null value when exiting constructor. Consider adding the 'required' modifier or declaring the property as nullable. [/home/runner/work/Wekeza/Wekeza/Core/Wekeza.Core.Domain/Wekeza.Core.Domain.csproj]
/home/runner/work/Wekeza/Wekeza/Core/Wekeza.Core.Domain/Aggregates/CallDeposit.cs(46,13): warning CS8618: Non-nullable property 'AccruedInterest' must contain a non-null value when exiting constructor. Consider adding the 'required' modifier or declaring the property as nullable. [/home/runner/work/Wekeza/Wekeza/Core/Wekeza.Core.Domain/Wekeza.Core.Domain.csproj]
/home/runner/work/Wekeza/Wekeza/Core/Wekeza.Core.Domain/Aggregates/CallDeposit.cs(46,13): warning CS8618: Non-nullable property 'BranchCode' must contain a non-null value when exiting constructor. Consider adding the 'required' modifier or declaring the property as nullable. [/home/runner/work/Wekeza/Wekeza/Core/Wekeza.Core.Domain/Wekeza.Core.Domain.csproj]
/home/runner/work/Wekeza/Wekeza/Core/Wekeza.Core.Domain/Aggregates/CallDeposit.cs(46,13): warning CS8618: Non-nullable property 'CreatedBy' must contain a non-null value when exiting constructor. Consider adding the 'required' modifier or declaring the property as nullable. [/home/runner/work/Wekeza/Wekeza/Core/Wekeza.Core.Domain/Wekeza.Core.Domain.csproj]
/home/runner/work/Wekeza/Wekeza/Core/Wekeza.Core.Domain/Aggregates/Branch.cs(499,13): warning CS8618: Non-nullable property 'TransactionVolume' must contain a non-null value when exiting constructor. Consider adding the 'required' modifier or declaring the property as nullable. [/home/runner/work/Wekeza/Wekeza/Core/Wekeza.Core.Domain/Wekeza.Core.Domain.csproj]
/home/runner/work/Wekeza/Wekeza/Core/Wekeza.Core.Domain/Aggregates/Branch.cs(499,13): warning CS8618: Non-nullable property 'CalculatedBy' must contain a non-null value when exiting constructor. Consider adding the 'required' modifier or declaring the property as nullable. [/home/runner/work/Wekeza/Wekeza/Core/Wekeza.Core.Domain/Wekeza.Core.Domain.csproj]
/home/runner/work/Wekeza/Wekeza/Core/Wekeza.Core.Domain/Aggregates/Branch.cs(464,13): warning CS8618: Non-nullable property 'LimitType' must contain a non-null value when exiting constructor. Consider adding the 'required' modifier or declaring the property as nullable. [/home/runner/work/Wekeza/Wekeza/Core/Wekeza.Core.Domain/Wekeza.Core.Domain.csproj]
/home/runner/work/Wekeza/Wekeza/Core/Wekeza.Core.Domain/Aggregates/Branch.cs(464,13): warning CS8618: Non-nullable property 'LimitAmount' must contain a non-null value when exiting constructor. Consider adding the 'required' modifier or declaring the property as nullable. [/home/runner/work/Wekeza/Wekeza/Core/Wekeza.Core.Domain/Wekeza.Core.Domain.csproj]
/home/runner/work/Wekeza/Wekeza/Core/Wekeza.Core.Domain/Aggregates/Branch.cs(464,13): warning CS8618: Non-nullable property 'CreatedBy' must contain a non-null value when exiting constructor. Consider adding the 'required' modifier or declaring the property as nullable. [/home/runner/work/Wekeza/Wekeza/Core/Wekeza.Core.Domain/Wekeza.Core.Domain.csproj]
/home/runner/work/Wekeza/Wekeza/Core/Wekeza.Core.Domain/Aggregates/Branch.cs(372,13): warning CS8618: Non-nullable property 'VaultCode' must contain a non-null value when exiting constructor. Consider adding the 'required' modifier or declaring the property as nullable. [/home/runner/work/Wekeza/Wekeza/Core/Wekeza.Core.Domain/Wekeza.Core.Domain.csproj]
/home/runner/work/Wekeza/Wekeza/Core/Wekeza.Core.Domain/Aggregates/Branch.cs(372,13): warning CS8618: Non-nullable property 'VaultName' must contain a non-null value when exiting constructor. Consider adding the 'required' modifier or declaring the property as nullable. [/home/runner/work/Wekeza/Wekeza/Core/Wekeza.Core.Domain/Wekeza.Core.Domain.csproj]
/home/runner/work/Wekeza/Wekeza/Core/Wekeza.Core.Domain/Aggregates/Branch.cs(372,13): warning CS8618: Non-nullable property 'Capacity' must contain a non-null value when exiting constructor. Consider adding the 'required' modifier or declaring the property as nullable. [/home/runner/work/Wekeza/Wekeza/Core/Wekeza.Core.Domain/Wekeza.Core.Domain.csproj]
/home/runner/work/Wekeza/Wekeza/Core/Wekeza.Core.Domain/Aggregates/Branch.cs(372,13): warning CS8618: Non-nullable property 'CurrentBalance' must contain a non-null value when exiting constructor. Consider adding the 'required' modifier or declaring the property as nullable. [/home/runner/work/Wekeza/Wekeza/Core/Wekeza.Core.Domain/Wekeza.Core.Domain.csproj]
/home/runner/work/Wekeza/Wekeza/Core/Wekeza.Core.Domain/Aggregates/Branch.cs(372,13): warning CS8618: Non-nullable property 'DailyLimit' must contain a non-null value when exiting constructor. Consider adding the 'required' modifier or declaring the property as nullable. [/home/runner/work/Wekeza/Wekeza/Core/Wekeza.Core.Domain/Wekeza.Core.Domain.csproj]
/home/runner/work/Wekeza/Wekeza/Core/Wekeza.Core.Domain/Aggregates/Branch.cs(372,13): warning CS8618: Non-nullable property 'DailyUsed' must contain a non-null value when exiting constructor. Consider adding the 'required' modifier or declaring the property as nullable. [/home/runner/work/Wekeza/Wekeza/Core/Wekeza.Core.Domain/Wekeza.Core.Domain.csproj]
/home/runner/work/Wekeza/Wekeza/Core/Wekeza.Core.Domain/Aggregates/Branch.cs(372,13): warning CS8618: Non-nullable property 'CreatedBy' must contain a non-null value when exiting constructor. Consider adding the 'required' modifier or declaring the property as nullable. [/home/runner/work/Wekeza/Wekeza/Core/Wekeza.Core.Domain/Wekeza.Core.Domain.csproj]
/home/runner/work/Wekeza/Wekeza/Core/Wekeza.Core.Domain/Aggregates/BankGuarantee.cs(249,19): warning CS8618: Non-nullable property 'AmendmentDetails' must contain a non-null value when exiting constructor. Consider adding the 'required' modifier or declaring the property as nullable. [/home/runner/work/Wekeza/Wekeza/Core/Wekeza.Core.Domain/Wekeza.Core.Domain.csproj]
/home/runner/work/Wekeza/Wekeza/Core/Wekeza.Core.Domain/Aggregates/BankGuarantee.cs(250,18): warning CS8618: Non-nullable property 'PreviousAmount' must contain a non-null value when exiting constructor. Consider adding the 'required' modifier or declaring the property as nullable. [/home/runner/work/Wekeza/Wekeza/Core/Wekeza.Core.Domain/Wekeza.Core.Domain.csproj]
/home/runner/work/Wekeza/Wekeza/Core/Wekeza.Core.Domain/Aggregates/BankGuarantee.cs(251,18): warning CS8618: Non-nullable property 'NewAmount' must contain a non-null value when exiting constructor. Consider adding the 'required' modifier or declaring the property as nullable. [/home/runner/work/Wekeza/Wekeza/Core/Wekeza.Core.Domain/Wekeza.Core.Domain.csproj]
/home/runner/work/Wekeza/Wekeza/Core/Wekeza.Core.Domain/Aggregates/BankGuarantee.cs(235,18): warning CS8618: Non-nullable property 'ClaimAmount' must contain a non-null value when exiting constructor. Consider adding the 'required' modifier or declaring the property as nullable. [/home/runner/work/Wekeza/Wekeza/Core/Wekeza.Core.Domain/Wekeza.Core.Domain.csproj]
/home/runner/work/Wekeza/Wekeza/Core/Wekeza.Core.Domain/Aggregates/BankGuarantee.cs(236,19): warning CS8618: Non-nullable property 'ClaimReason' must contain a non-null value when exiting constructor. Consider adding the 'required' modifier or declaring the property as nullable. [/home/runner/work/Wekeza/Wekeza/Core/Wekeza.Core.Domain/Wekeza.Core.Domain.csproj]
/home/runner/work/Wekeza/Wekeza/Core/Wekeza.Core.Domain/Aggregates/BankGuarantee.cs(240,19): warning CS8618: Non-nullable property 'ProcessingNotes' must contain a non-null value when exiting constructor. Consider adding the 'required' modifier or declaring the property as nullable. [/home/runner/work/Wekeza/Wekeza/Core/Wekeza.Core.Domain/Wekeza.Core.Domain.csproj]
/home/runner/work/Wekeza/Wekeza/Core/Wekeza.Core.Domain/Aggregates/BankGuarantee.cs(241,32): warning CS8618: Non-nullable property 'SupportingDocuments' must contain a non-null value when exiting constructor. Consider adding the 'required' modifier or declaring the property as nullable. [/home/runner/work/Wekeza/Wekeza/Core/Wekeza.Core.Domain/Wekeza.Core.Domain.csproj]
/home/runner/work/Wekeza/Wekeza/Core/Wekeza.Core.Domain/Aggregates/Branch.cs(49,13): warning CS8618: Non-nullable property 'BranchCode' must contain a non-null value when exiting constructor. Consider adding the 'required' modifier or declaring the property as nullable. [/home/runner/work/Wekeza/Wekeza/Core/Wekeza.Core.Domain/Wekeza.Core.Domain.csproj]
/home/runner/work/Wekeza/Wekeza/Core/Wekeza.Core.Domain/Aggregates/Branch.cs(49,13): warning CS8618: Non-nullable property 'BranchName' must contain a non-null value when exiting constructor. Consider adding the 'required' modifier or declaring the property as nullable. [/home/runner/work/Wekeza/Wekeza/Core/Wekeza.Core.Domain/Wekeza.Core.Domain.csproj]
/home/runner/work/Wekeza/Wekeza/Core/Wekeza.Core.Domain/Aggregates/Branch.cs(49,13): warning CS8618: Non-nullable property 'Address' must contain a non-null value when exiting constructor. Consider adding the 'required' modifier or declaring the property as nullable. [/home/runner/work/Wekeza/Wekeza/Core/Wekeza.Core.Domain/Wekeza.Core.Domain.csproj]
/home/runner/work/Wekeza/Wekeza/Core/Wekeza.Core.Domain/Aggregates/Branch.cs(49,13): warning CS8618: Non-nullable property 'City' must contain a non-null value when exiting constructor. Consider adding the 'required' modifier or declaring the property as nullable. [/home/runner/work/Wekeza/Wekeza/Core/Wekeza.Core.Domain/Wekeza.Core.Domain.csproj]
/home/runner/work/Wekeza/Wekeza/Core/Wekeza.Core.Domain/Aggregates/Branch.cs(49,13): warning CS8618: Non-nullable property 'Country' must contain a non-null value when exiting constructor. Consider adding the 'required' modifier or declaring the property as nullable. [/home/runner/work/Wekeza/Wekeza/Core/Wekeza.Core.Domain/Wekeza.Core.Domain.csproj]
/home/runner/work/Wekeza/Wekeza/Core/Wekeza.Core.Domain/Aggregates/Branch.cs(49,13): warning CS8618: Non-nullable property 'PhoneNumber' must contain a non-null value when exiting constructor. Consider adding the 'required' modifier or declaring the property as nullable. [/home/runner/work/Wekeza/Wekeza/Core/Wekeza.Core.Domain/Wekeza.Core.Domain.csproj]
/home/runner/work/Wekeza/Wekeza/Core/Wekeza.Core.Domain/Aggregates/Branch.cs(49,13): warning CS8618: Non-nullable property 'Email' must contain a non-null value when exiting constructor. Consider adding the 'required' modifier or declaring the property as nullable. [/home/runner/work/Wekeza/Wekeza/Core/Wekeza.Core.Domain/Wekeza.Core.Domain.csproj]
/home/runner/work/Wekeza/Wekeza/Core/Wekeza.Core.Domain/Aggregates/Branch.cs(49,13): warning CS8618: Non-nullable property 'TimeZone' must contain a non-null value when exiting constructor. Consider adding the 'required' modifier or declaring the property as nullable. [/home/runner/work/Wekeza/Wekeza/Core/Wekeza.Core.Domain/Wekeza.Core.Domain.csproj]
/home/runner/work/Wekeza/Wekeza/Core/Wekeza.Core.Domain/Aggregates/Branch.cs(49,13): warning CS8618: Non-nullable property 'ManagerId' must contain a non-null value when exiting constructor. Consider adding the 'required' modifier or declaring the property as nullable. [/home/runner/work/Wekeza/Wekeza/Core/Wekeza.Core.Domain/Wekeza.Core.Domain.csproj]
/home/runner/work/Wekeza/Wekeza/Core/Wekeza.Core.Domain/Aggregates/Branch.cs(49,13): warning CS8618: Non-nullable property 'CashLimit' must contain a non-null value when exiting constructor. Consider adding the 'required' modifier or declaring the property as nullable. [/home/runner/work/Wekeza/Wekeza/Core/Wekeza.Core.Domain/Wekeza.Core.Domain.csproj]
/home/runner/work/Wekeza/Wekeza/Core/Wekeza.Core.Domain/Aggregates/Branch.cs(49,13): warning CS8618: Non-nullable property 'TransactionLimit' must contain a non-null value when exiting constructor. Consider adding the 'required' modifier or declaring the property as nullable. [/home/runner/work/Wekeza/Wekeza/Core/Wekeza.Core.Domain/Wekeza.Core.Domain.csproj]
/home/runner/work/Wekeza/Wekeza/Core/Wekeza.Core.Domain/Aggregates/Branch.cs(49,13): warning CS8618: Non-nullable property 'CreatedBy' must contain a non-null value when exiting constructor. Consider adding the 'required' modifier or declaring the property as nullable. [/home/runner/work/Wekeza/Wekeza/Core/Wekeza.Core.Domain/Wekeza.Core.Domain.csproj]
/home/runner/work/Wekeza/Wekeza/Core/Wekeza.Core.Domain/Aggregates/BankGuarantee.cs(29,13): warning CS8618: Non-nullable property 'BGNumber' must contain a non-null value when exiting constructor. Consider adding the 'required' modifier or declaring the property as nullable. [/home/runner/work/Wekeza/Wekeza/Core/Wekeza.Core.Domain/Wekeza.Core.Domain.csproj]
/home/runner/work/Wekeza/Wekeza/Core/Wekeza.Core.Domain/Aggregates/BankGuarantee.cs(29,13): warning CS8618: Non-nullable property 'Amount' must contain a non-null value when exiting constructor. Consider adding the 'required' modifier or declaring the property as nullable. [/home/runner/work/Wekeza/Wekeza/Core/Wekeza.Core.Domain/Wekeza.Core.Domain.csproj]
/home/runner/work/Wekeza/Wekeza/Core/Wekeza.Core.Domain/Aggregates/BankGuarantee.cs(29,13): warning CS8618: Non-nullable property 'Terms' must contain a non-null value when exiting constructor. Consider adding the 'required' modifier or declaring the property as nullable. [/home/runner/work/Wekeza/Wekeza/Core/Wekeza.Core.Domain/Wekeza.Core.Domain.csproj]
/home/runner/work/Wekeza/Wekeza/Core/Wekeza.Core.Domain/Aggregates/BankGuarantee.cs(29,13): warning CS8618: Non-nullable property 'Purpose' must contain a non-null value when exiting constructor. Consider adding the 'required' modifier or declaring the property as nullable. [/home/runner/work/Wekeza/Wekeza/Core/Wekeza.Core.Domain/Wekeza.Core.Domain.csproj]
/home/runner/work/Wekeza/Wekeza/Core/Wekeza.Core.Domain/Aggregates/ApprovalWorkflow.cs(500,13): warning CS8618: Non-nullable property 'FileName' must contain a non-null value when exiting constructor. Consider adding the 'required' modifier or declaring the property as nullable. [/home/runner/work/Wekeza/Wekeza/Core/Wekeza.Core.Domain/Wekeza.Core.Domain.csproj]
/home/runner/work/Wekeza/Wekeza/Core/Wekeza.Core.Domain/Aggregates/ApprovalWorkflow.cs(500,13): warning CS8618: Non-nullable property 'FilePath' must contain a non-null value when exiting constructor. Consider adding the 'required' modifier or declaring the property as nullable. [/home/runner/work/Wekeza/Wekeza/Core/Wekeza.Core.Domain/Wekeza.Core.Domain.csproj]
/home/runner/work/Wekeza/Wekeza/Core/Wekeza.Core.Domain/Aggregates/ApprovalWorkflow.cs(500,13): warning CS8618: Non-nullable property 'UploadedBy' must contain a non-null value when exiting constructor. Consider adding the 'required' modifier or declaring the property as nullable. [/home/runner/work/Wekeza/Wekeza/Core/Wekeza.Core.Domain/Wekeza.Core.Domain.csproj]
/home/runner/work/Wekeza/Wekeza/Core/Wekeza.Core.Domain/Aggregates/ApprovalWorkflow.cs(472,13): warning CS8618: Non-nullable property 'UserId' must contain a non-null value when exiting constructor. Consider adding the 'required' modifier or declaring the property as nullable. [/home/runner/work/Wekeza/Wekeza/Core/Wekeza.Core.Domain/Wekeza.Core.Domain.csproj]
/home/runner/work/Wekeza/Wekeza/Core/Wekeza.Core.Domain/Aggregates/ApprovalWorkflow.cs(472,13): warning CS8618: Non-nullable property 'CommentBy' must contain a non-null value when exiting constructor. Consider adding the 'required' modifier or declaring the property as nullable. [/home/runner/work/Wekeza/Wekeza/Core/Wekeza.Core.Domain/Wekeza.Core.Domain.csproj]
/home/runner/work/Wekeza/Wekeza/Core/Wekeza.Core.Domain/Aggregates/ApprovalWorkflow.cs(472,13): warning CS8618: Non-nullable property 'Comment' must contain a non-null value when exiting constructor. Consider adding the 'required' modifier or declaring the property as nullable. [/home/runner/work/Wekeza/Wekeza/Core/Wekeza.Core.Domain/Wekeza.Core.Domain.csproj]
/home/runner/work/Wekeza/Wekeza/Core/Wekeza.Core.Domain/Aggregates/AuditLog.cs(58,13): warning CS8618: Non-nullable property 'EventType' must contain a non-null value when exiting constructor. Consider adding the 'required' modifier or declaring the property as nullable. [/home/runner/work/Wekeza/Wekeza/Core/Wekeza.Core.Domain/Wekeza.Core.Domain.csproj]
/home/runner/work/Wekeza/Wekeza/Core/Wekeza.Core.Domain/Aggregates/AuditLog.cs(58,13): warning CS8618: Non-nullable property 'EventCategory' must contain a non-null value when exiting constructor. Consider adding the 'required' modifier or declaring the property as nullable. [/home/runner/work/Wekeza/Wekeza/Core/Wekeza.Core.Domain/Wekeza.Core.Domain.csproj]
/home/runner/work/Wekeza/Wekeza/Core/Wekeza.Core.Domain/Aggregates/AuditLog.cs(58,13): warning CS8618: Non-nullable property 'Action' must contain a non-null value when exiting constructor. Consider adding the 'required' modifier or declaring the property as nullable. [/home/runner/work/Wekeza/Wekeza/Core/Wekeza.Core.Domain/Wekeza.Core.Domain.csproj]
/home/runner/work/Wekeza/Wekeza/Core/Wekeza.Core.Domain/Aggregates/AuditLog.cs(58,13): warning CS8618: Non-nullable property 'ApplicationName' must contain a non-null value when exiting constructor. Consider adding the 'required' modifier or declaring the property as nullable. [/home/runner/work/Wekeza/Wekeza/Core/Wekeza.Core.Domain/Wekeza.Core.Domain.csproj]
/home/runner/work/Wekeza/Wekeza/Core/Wekeza.Core.Domain/Aggregates/ApprovalMatrix.cs(30,13): warning CS8618: Non-nullable property 'MatrixCode' must contain a non-null value when exiting constructor. Consider adding the 'required' modifier or declaring the property as nullable. [/home/runner/work/Wekeza/Wekeza/Core/Wekeza.Core.Domain/Wekeza.Core.Domain.csproj]
/home/runner/work/Wekeza/Wekeza/Core/Wekeza.Core.Domain/Aggregates/ApprovalMatrix.cs(30,13): warning CS8618: Non-nullable property 'MatrixName' must contain a non-null value when exiting constructor. Consider adding the 'required' modifier or declaring the property as nullable. [/home/runner/work/Wekeza/Wekeza/Core/Wekeza.Core.Domain/Wekeza.Core.Domain.csproj]
/home/runner/work/Wekeza/Wekeza/Core/Wekeza.Core.Domain/Aggregates/ApprovalMatrix.cs(30,13): warning CS8618: Non-nullable property 'EntityType' must contain a non-null value when exiting constructor. Consider adding the 'required' modifier or declaring the property as nullable. [/home/runner/work/Wekeza/Wekeza/Core/Wekeza.Core.Domain/Wekeza.Core.Domain.csproj]
/home/runner/work/Wekeza/Wekeza/Core/Wekeza.Core.Domain/Aggregates/ApprovalMatrix.cs(30,13): warning CS8618: Non-nullable property 'CreatedBy' must contain a non-null value when exiting constructor. Consider adding the 'required' modifier or declaring the property as nullable. [/home/runner/work/Wekeza/Wekeza/Core/Wekeza.Core.Domain/Wekeza.Core.Domain.csproj]
/home/runner/work/Wekeza/Wekeza/Core/Wekeza.Core.Domain/Aggregates/ATMTransaction.cs(52,13): warning CS8618: Non-nullable property 'ATMId' must contain a non-null value when exiting constructor. Consider adding the 'required' modifier or declaring the property as nullable. [/home/runner/work/Wekeza/Wekeza/Core/Wekeza.Core.Domain/Wekeza.Core.Domain.csproj]
/home/runner/work/Wekeza/Wekeza/Core/Wekeza.Core.Domain/Aggregates/ATMTransaction.cs(52,13): warning CS8618: Non-nullable property 'ATMLocation' must contain a non-null value when exiting constructor. Consider adding the 'required' modifier or declaring the property as nullable. [/home/runner/work/Wekeza/Wekeza/Core/Wekeza.Core.Domain/Wekeza.Core.Domain.csproj]
/home/runner/work/Wekeza/Wekeza/Core/Wekeza.Core.Domain/Aggregates/ATMTransaction.cs(52,13): warning CS8618: Non-nullable property 'CardNumber' must contain a non-null value when exiting constructor. Consider adding the 'required' modifier or declaring the property as nullable. [/home/runner/work/Wekeza/Wekeza/Core/Wekeza.Core.Domain/Wekeza.Core.Domain.csproj]
/home/runner/work/Wekeza/Wekeza/Core/Wekeza.Core.Domain/Aggregates/ATMTransaction.cs(52,13): warning CS8618: Non-nullable property 'Amount' must contain a non-null value when exiting constructor. Consider adding the 'required' modifier or declaring the property as nullable. [/home/runner/work/Wekeza/Wekeza/Core/Wekeza.Core.Domain/Wekeza.Core.Domain.csproj]
/home/runner/work/Wekeza/Wekeza/Core/Wekeza.Core.Domain/Aggregates/ATMTransaction.cs(52,13): warning CS8618: Non-nullable property 'AccountBalanceBefore' must contain a non-null value when exiting constructor. Consider adding the 'required' modifier or declaring the property as nullable. [/home/runner/work/Wekeza/Wekeza/Core/Wekeza.Core.Domain/Wekeza.Core.Domain.csproj]
/home/runner/work/Wekeza/Wekeza/Core/Wekeza.Core.Domain/Aggregates/ATMTransaction.cs(52,13): warning CS8618: Non-nullable property 'AccountBalanceAfter' must contain a non-null value when exiting constructor. Consider adding the 'required' modifier or declaring the property as nullable. [/home/runner/work/Wekeza/Wekeza/Core/Wekeza.Core.Domain/Wekeza.Core.Domain.csproj]
/home/runner/work/Wekeza/Wekeza/Core/Wekeza.Core.Domain/Aggregates/ApprovalWorkflow.cs(383,13): warning CS8618: Non-nullable property 'ApproverRole' must contain a non-null value when exiting constructor. Consider adding the 'required' modifier or declaring the property as nullable. [/home/runner/work/Wekeza/Wekeza/Core/Wekeza.Core.Domain/Wekeza.Core.Domain.csproj]
/home/runner/work/Wekeza/Wekeza/Core/Wekeza.Core.Domain/Aggregates/ApprovalWorkflow.cs(45,13): warning CS8618: Non-nullable property 'WorkflowCode' must contain a non-null value when exiting constructor. Consider adding the 'required' modifier or declaring the property as nullable. [/home/runner/work/Wekeza/Wekeza/Core/Wekeza.Core.Domain/Wekeza.Core.Domain.csproj]
/home/runner/work/Wekeza/Wekeza/Core/Wekeza.Core.Domain/Aggregates/ApprovalWorkflow.cs(45,13): warning CS8618: Non-nullable property 'WorkflowName' must contain a non-null value when exiting constructor. Consider adding the 'required' modifier or declaring the property as nullable. [/home/runner/work/Wekeza/Wekeza/Core/Wekeza.Core.Domain/Wekeza.Core.Domain.csproj]
/home/runner/work/Wekeza/Wekeza/Core/Wekeza.Core.Domain/Aggregates/ApprovalWorkflow.cs(45,13): warning CS8618: Non-nullable property 'EntityType' must contain a non-null value when exiting constructor. Consider adding the 'required' modifier or declaring the property as nullable. [/home/runner/work/Wekeza/Wekeza/Core/Wekeza.Core.Domain/Wekeza.Core.Domain.csproj]
/home/runner/work/Wekeza/Wekeza/Core/Wekeza.Core.Domain/Aggregates/ApprovalWorkflow.cs(45,13): warning CS8618: Non-nullable property 'InitiatedBy' must contain a non-null value when exiting constructor. Consider adding the 'required' modifier or declaring the property as nullable. [/home/runner/work/Wekeza/Wekeza/Core/Wekeza.Core.Domain/Wekeza.Core.Domain.csproj]
/home/runner/work/Wekeza/Wekeza/Core/Wekeza.Core.Domain/Aggregates/ApprovalWorkflow.cs(45,13): warning CS8618: Non-nullable property 'BranchCode' must contain a non-null value when exiting constructor. Consider adding the 'required' modifier or declaring the property as nullable. [/home/runner/work/Wekeza/Wekeza/Core/Wekeza.Core.Domain/Wekeza.Core.Domain.csproj]
/home/runner/work/Wekeza/Wekeza/Core/Wekeza.Core.Domain/Aggregates/ApprovalWorkflow.cs(45,13): warning CS8618: Non-nullable property 'Department' must contain a non-null value when exiting constructor. Consider adding the 'required' modifier or declaring the property as nullable. [/home/runner/work/Wekeza/Wekeza/Core/Wekeza.Core.Domain/Wekeza.Core.Domain.csproj]
/home/runner/work/Wekeza/Wekeza/Core/Wekeza.Core.Domain/Aggregates/APIGateway.cs(65,13): warning CS8618: Non-nullable property 'GatewayCode' must contain a non-null value when exiting constructor. Consider adding the 'required' modifier or declaring the property as nullable. [/home/runner/work/Wekeza/Wekeza/Core/Wekeza.Core.Domain/Wekeza.Core.Domain.csproj]
/home/runner/work/Wekeza/Wekeza/Core/Wekeza.Core.Domain/Aggregates/APIGateway.cs(65,13): warning CS8618: Non-nullable property 'GatewayName' must contain a non-null value when exiting constructor. Consider adding the 'required' modifier or declaring the property as nullable. [/home/runner/work/Wekeza/Wekeza/Core/Wekeza.Core.Domain/Wekeza.Core.Domain.csproj]
/home/runner/work/Wekeza/Wekeza/Core/Wekeza.Core.Domain/Aggregates/APIGateway.cs(65,13): warning CS8618: Non-nullable property 'Description' must contain a non-null value when exiting constructor. Consider adding the 'required' modifier or declaring the property as nullable. [/home/runner/work/Wekeza/Wekeza/Core/Wekeza.Core.Domain/Wekeza.Core.Domain.csproj]
/home/runner/work/Wekeza/Wekeza/Core/Wekeza.Core.Domain/Aggregates/APIGateway.cs(65,13): warning CS8618: Non-nullable property 'BaseUrl' must contain a non-null value when exiting constructor. Consider adding the 'required' modifier or declaring the property as nullable. [/home/runner/work/Wekeza/Wekeza/Core/Wekeza.Core.Domain/Wekeza.Core.Domain.csproj]
/home/runner/work/Wekeza/Wekeza/Core/Wekeza.Core.Domain/Aggregates/APIGateway.cs(65,13): warning CS8618: Non-nullable property 'Version' must contain a non-null value when exiting constructor. Consider adding the 'required' modifier or declaring the property as nullable. [/home/runner/work/Wekeza/Wekeza/Core/Wekeza.Core.Domain/Wekeza.Core.Domain.csproj]
/home/runner/work/Wekeza/Wekeza/Core/Wekeza.Core.Domain/Aggregates/APIGateway.cs(65,13): warning CS8618: Non-nullable property 'HealthCheck' must contain a non-null value when exiting constructor. Consider adding the 'required' modifier or declaring the property as nullable. [/home/runner/work/Wekeza/Wekeza/Core/Wekeza.Core.Domain/Wekeza.Core.Domain.csproj]
/home/runner/work/Wekeza/Wekeza/Core/Wekeza.Core.Domain/Aggregates/APIGateway.cs(65,13): warning CS8618: Non-nullable property 'SSLCertificate' must contain a non-null value when exiting constructor. Consider adding the 'required' modifier or declaring the property as nullable. [/home/runner/work/Wekeza/Wekeza/Core/Wekeza.Core.Domain/Wekeza.Core.Domain.csproj]
/home/runner/work/Wekeza/Wekeza/Core/Wekeza.Core.Domain/Aggregates/APIGateway.cs(65,13): warning CS8618: Non-nullable property 'Metrics' must contain a non-null value when exiting constructor. Consider adding the 'required' modifier or declaring the property as nullable. [/home/runner/work/Wekeza/Wekeza/Core/Wekeza.Core.Domain/Wekeza.Core.Domain.csproj]
/home/runner/work/Wekeza/Wekeza/Core/Wekeza.Core.Domain/Aggregates/APIGateway.cs(65,13): warning CS8618: Non-nullable property 'CreatedBy' must contain a non-null value when exiting constructor. Consider adding the 'required' modifier or declaring the property as nullable. [/home/runner/work/Wekeza/Wekeza/Core/Wekeza.Core.Domain/Wekeza.Core.Domain.csproj]
/home/runner/work/Wekeza/Wekeza/Core/Wekeza.Core.Domain/Aggregates/APIGateway.cs(65,13): warning CS8618: Non-nullable property 'LastModifiedBy' must contain a non-null value when exiting constructor. Consider adding the 'required' modifier or declaring the property as nullable. [/home/runner/work/Wekeza/Wekeza/Core/Wekeza.Core.Domain/Wekeza.Core.Domain.csproj]
/home/runner/work/Wekeza/Wekeza/Core/Wekeza.Core.Domain/Services/PaymentProcessingService.cs(42,55): warning CS8604: Possible null reference argument for parameter 'errorMessage' in 'PaymentProcessingResult PaymentProcessingResult.Failed(string errorMessage)'. [/home/runner/work/Wekeza/Wekeza/Core/Wekeza.Core.Domain/Wekeza.Core.Domain.csproj]
/home/runner/work/Wekeza/Wekeza/Core/Wekeza.Core.Domain/Aggregates/APIGateway.cs(161,22): warning CS8625: Cannot convert null literal to non-nullable reference type. [/home/runner/work/Wekeza/Wekeza/Core/Wekeza.Core.Domain/Wekeza.Core.Domain.csproj]
/home/runner/work/Wekeza/Wekeza/Core/Wekeza.Core.Domain/Aggregates/AuditLog.cs(357,26): warning CS8601: Possible null reference assignment. [/home/runner/work/Wekeza/Wekeza/Core/Wekeza.Core.Domain/Wekeza.Core.Domain.csproj]
/home/runner/work/Wekeza/Wekeza/Core/Wekeza.Core.Domain/Aggregates/AuditLog.cs(358,28): warning CS8601: Possible null reference assignment. [/home/runner/work/Wekeza/Wekeza/Core/Wekeza.Core.Domain/Wekeza.Core.Domain.csproj]
/home/runner/work/Wekeza/Wekeza/Core/Wekeza.Core.Domain/Aggregates/AuditLog.cs(359,28): warning CS8601: Possible null reference assignment. [/home/runner/work/Wekeza/Wekeza/Core/Wekeza.Core.Domain/Wekeza.Core.Domain.csproj]
/home/runner/work/Wekeza/Wekeza/Core/Wekeza.Core.Domain/Services/PaymentProcessingService.cs(136,55): warning CS8604: Possible null reference argument for parameter 'errorMessage' in 'PaymentProcessingResult PaymentProcessingResult.Failed(string errorMessage)'. [/home/runner/work/Wekeza/Wekeza/Core/Wekeza.Core.Domain/Wekeza.Core.Domain.csproj]
/home/runner/work/Wekeza/Wekeza/Core/Wekeza.Core.Domain/Aggregates/APIGateway.cs(189,13): warning CS8604: Possible null reference argument for parameter 'one' in 'bool ValueObject.operator ==(ValueObject one, ValueObject two)'. [/home/runner/work/Wekeza/Wekeza/Core/Wekeza.Core.Domain/Wekeza.Core.Domain.csproj]
/home/runner/work/Wekeza/Wekeza/Core/Wekeza.Core.Domain/Aggregates/APIGateway.cs(189,22): warning CS8625: Cannot convert null literal to non-nullable reference type. [/home/runner/work/Wekeza/Wekeza/Core/Wekeza.Core.Domain/Wekeza.Core.Domain.csproj]
/home/runner/work/Wekeza/Wekeza/Core/Wekeza.Core.Domain/Aggregates/APIGateway.cs(220,23): warning CS8625: Cannot convert null literal to non-nullable reference type. [/home/runner/work/Wekeza/Wekeza/Core/Wekeza.Core.Domain/Wekeza.Core.Domain.csproj]
/home/runner/work/Wekeza/Wekeza/Core/Wekeza.Core.Domain/ValueObjects/Permission.cs(121,22): warning CS8625: Cannot convert null literal to non-nullable reference type. [/home/runner/work/Wekeza/Wekeza/Core/Wekeza.Core.Domain/Wekeza.Core.Domain.csproj]
/home/runner/work/Wekeza/Wekeza/Core/Wekeza.Core.Domain/ValueObjects/MessageEnvelope.cs(490,12): warning CS8618: Non-nullable property 'RejectionReason' must contain a non-null value when exiting constructor. Consider adding the 'required' modifier or declaring the property as nullable. [/home/runner/work/Wekeza/Wekeza/Core/Wekeza.Core.Domain/Wekeza.Core.Domain.csproj]
/home/runner/work/Wekeza/Wekeza/Core/Wekeza.Core.Domain/ValueObjects/Permission.cs(136,22): warning CS8625: Cannot convert null literal to non-nullable reference type. [/home/runner/work/Wekeza/Wekeza/Core/Wekeza.Core.Domain/Wekeza.Core.Domain.csproj]
/home/runner/work/Wekeza/Wekeza/Core/Wekeza.Core.Domain/Aggregates/APIGateway.cs(242,23): warning CS8625: Cannot convert null literal to non-nullable reference type. [/home/runner/work/Wekeza/Wekeza/Core/Wekeza.Core.Domain/Wekeza.Core.Domain.csproj]
/home/runner/work/Wekeza/Wekeza/Core/Wekeza.Core.Domain/ValueObjects/MessageEnvelope.cs(556,31): warning CS8625: Cannot convert null literal to non-nullable reference type. [/home/runner/work/Wekeza/Wekeza/Core/Wekeza.Core.Domain/Wekeza.Core.Domain.csproj]
/home/runner/work/Wekeza/Wekeza/Core/Wekeza.Core.Domain/Aggregates/APIGateway.cs(269,13): warning CS8604: Possible null reference argument for parameter 'one' in 'bool ValueObject.operator ==(ValueObject one, ValueObject two)'. [/home/runner/work/Wekeza/Wekeza/Core/Wekeza.Core.Domain/Wekeza.Core.Domain.csproj]
/home/runner/work/Wekeza/Wekeza/Core/Wekeza.Core.Domain/Aggregates/APIGateway.cs(269,23): warning CS8625: Cannot convert null literal to non-nullable reference type. [/home/runner/work/Wekeza/Wekeza/Core/Wekeza.Core.Domain/Wekeza.Core.Domain.csproj]
/home/runner/work/Wekeza/Wekeza/Core/Wekeza.Core.Domain/ValueObjects/APIRoute.cs(15,13): warning CS8618: Non-nullable property 'Path' must contain a non-null value when exiting constructor. Consider adding the 'required' modifier or declaring the property as nullable. [/home/runner/work/Wekeza/Wekeza/Core/Wekeza.Core.Domain/Wekeza.Core.Domain.csproj]
/home/runner/work/Wekeza/Wekeza/Core/Wekeza.Core.Domain/ValueObjects/APIRoute.cs(15,13): warning CS8618: Non-nullable property 'Method' must contain a non-null value when exiting constructor. Consider adding the 'required' modifier or declaring the property as nullable. [/home/runner/work/Wekeza/Wekeza/Core/Wekeza.Core.Domain/Wekeza.Core.Domain.csproj]
/home/runner/work/Wekeza/Wekeza/Core/Wekeza.Core.Domain/ValueObjects/APIRoute.cs(15,13): warning CS8618: Non-nullable property 'Description' must contain a non-null value when exiting constructor. Consider adding the 'required' modifier or declaring the property as nullable. [/home/runner/work/Wekeza/Wekeza/Core/Wekeza.Core.Domain/Wekeza.Core.Domain.csproj]
/home/runner/work/Wekeza/Wekeza/Core/Wekeza.Core.Domain/ValueObjects/APIRoute.cs(15,13): warning CS8618: Non-nullable property 'UpstreamUrl' must contain a non-null value when exiting constructor. Consider adding the 'required' modifier or declaring the property as nullable. [/home/runner/work/Wekeza/Wekeza/Core/Wekeza.Core.Domain/Wekeza.Core.Domain.csproj]
/home/runner/work/Wekeza/Wekeza/Core/Wekeza.Core.Domain/Aggregates/APIGateway.cs(408,16): warning CS8603: Possible null reference return. [/home/runner/work/Wekeza/Wekeza/Core/Wekeza.Core.Domain/Wekeza.Core.Domain.csproj]
/home/runner/work/Wekeza/Wekeza/Core/Wekeza.Core.Domain/ValueObjects/APIConfigurations.cs(125,13): warning CS8618: Non-nullable property 'Endpoint' must contain a non-null value when exiting constructor. Consider adding the 'required' modifier or declaring the property as nullable. [/home/runner/work/Wekeza/Wekeza/Core/Wekeza.Core.Domain/Wekeza.Core.Domain.csproj]
/home/runner/work/Wekeza/Wekeza/Core/Wekeza.Core.Domain/ValueObjects/APIConfigurations.cs(94,13): warning CS8618: Non-nullable property 'Name' must contain a non-null value when exiting constructor. Consider adding the 'required' modifier or declaring the property as nullable. [/home/runner/work/Wekeza/Wekeza/Core/Wekeza.Core.Domain/Wekeza.Core.Domain.csproj]
/home/runner/work/Wekeza/Wekeza/Core/Wekeza.Core.Domain/ValueObjects/APIConfigurations.cs(94,13): warning CS8618: Non-nullable property 'BaseUrl' must contain a non-null value when exiting constructor. Consider adding the 'required' modifier or declaring the property as nullable. [/home/runner/work/Wekeza/Wekeza/Core/Wekeza.Core.Domain/Wekeza.Core.Domain.csproj]
/home/runner/work/Wekeza/Wekeza/Core/Wekeza.Core.Domain/ValueObjects/MessageEnvelope.cs(263,42): warning CS8601: Possible null reference assignment. [/home/runner/work/Wekeza/Wekeza/Core/Wekeza.Core.Domain/Wekeza.Core.Domain.csproj]
/home/runner/work/Wekeza/Wekeza/Core/Wekeza.Core.Domain/Aggregates/APIGateway.cs(422,20): warning CS8603: Possible null reference return. [/home/runner/work/Wekeza/Wekeza/Core/Wekeza.Core.Domain/Wekeza.Core.Domain.csproj]
/home/runner/work/Wekeza/Wekeza/Core/Wekeza.Core.Domain/ValueObjects/MessageEnvelope.cs(386,16): warning CS8603: Possible null reference return. [/home/runner/work/Wekeza/Wekeza/Core/Wekeza.Core.Domain/Wekeza.Core.Domain.csproj]
/home/runner/work/Wekeza/Wekeza/Core/Wekeza.Core.Domain/ValueObjects/ApiCredentials.cs(370,22): warning CS8603: Possible null reference return. [/home/runner/work/Wekeza/Wekeza/Core/Wekeza.Core.Domain/Wekeza.Core.Domain.csproj]
  Wekeza.Core.Domain -> /home/runner/work/Wekeza/Wekeza/Core/Wekeza.Core.Domain/bin/Debug/net8.0/Wekeza.Core.Domain.dll
/home/runner/work/Wekeza/Wekeza/Core/Wekeza.Core.Application/Common/Interfaces/IMpesaService.cs(1,19): error CS0234: The type or namespace name 'Infrastructure' does not exist in the namespace 'Wekeza.Core' (are you missing an assembly reference?) [/home/runner/work/Wekeza/Wekeza/Core/Wekeza.Core.Application/Wekeza.Core.Application.csproj]
/home/runner/work/Wekeza/Wekeza/Core/Wekeza.Core.Application/Common/Interfaces/IMpesaService.cs(18,26): error CS0246: The type or namespace name 'MpesaCallbackDto' could not be found (are you missing a using directive or an assembly reference?) [/home/runner/work/Wekeza/Wekeza/Core/Wekeza.Core.Application/Wekeza.Core.Application.csproj]

Build FAILED.

/home/runner/work/Wekeza/Wekeza/Core/Wekeza.Core.Api/Wekeza.Core.Api.csproj : warning NU1608: Detected package version outside of dependency constraint: MediatR.Extensions.Microsoft.DependencyInjection 11.1.0 requires MediatR (>= 11.0.0 && < 12.0.0) but version MediatR 12.2.0 was resolved.
/home/runner/work/Wekeza/Wekeza/Core/Wekeza.Core.Application/Wekeza.Core.Application.csproj : warning NU1608: Detected package version outside of dependency constraint: MediatR.Extensions.Microsoft.DependencyInjection 11.1.0 requires MediatR (>= 11.0.0 && < 12.0.0) but version MediatR 12.2.0 was resolved. [/home/runner/work/Wekeza/Wekeza/Core/Wekeza.Core.Api/Wekeza.Core.Api.csproj]
/home/runner/work/Wekeza/Wekeza/Core/Wekeza.Core.Infrastructure/Wekeza.Core.Infrastructure.csproj : warning NU1608: Detected package version outside of dependency constraint: MediatR.Extensions.Microsoft.DependencyInjection 11.1.0 requires MediatR (>= 11.0.0 && < 12.0.0) but version MediatR 12.2.0 was resolved. [/home/runner/work/Wekeza/Wekeza/Core/Wekeza.Core.Api/Wekeza.Core.Api.csproj]
/home/runner/work/Wekeza/Wekeza/Core/Wekeza.Core.Api/Wekeza.Core.Api.csproj : warning NU1608: Detected package version outside of dependency constraint: MediatR.Extensions.Microsoft.DependencyInjection 11.1.0 requires MediatR (>= 11.0.0 && < 12.0.0) but version MediatR 12.2.0 was resolved.
/home/runner/work/Wekeza/Wekeza/Core/Wekeza.Core.Domain/Aggregates/SystemParameter.cs(55,21): warning CS0108: 'SystemParameter.CreatedAt' hides inherited member 'AggregateRoot.CreatedAt'. Use the new keyword if hiding was intended. [/home/runner/work/Wekeza/Wekeza/Core/Wekeza.Core.Domain/Wekeza.Core.Domain.csproj]
/home/runner/work/Wekeza/Wekeza/Core/Wekeza.Core.Domain/Aggregates/SystemParameter.cs(56,19): warning CS0108: 'SystemParameter.CreatedBy' hides inherited member 'AggregateRoot.CreatedBy'. Use the new keyword if hiding was intended. [/home/runner/work/Wekeza/Wekeza/Core/Wekeza.Core.Domain/Wekeza.Core.Domain.csproj]
/home/runner/work/Wekeza/Wekeza/Core/Wekeza.Core.Domain/Aggregates/AMLCase.cs(25,21): warning CS0108: 'AMLCase.UpdatedAt' hides inherited member 'AggregateRoot.UpdatedAt'. Use the new keyword if hiding was intended. [/home/runner/work/Wekeza/Wekeza/Core/Wekeza.Core.Domain/Wekeza.Core.Domain.csproj]
/home/runner/work/Wekeza/Wekeza/Core/Wekeza.Core.Domain/Aggregates/TaskAssignment.cs(19,19): warning CS0108: 'TaskAssignment.CreatedBy' hides inherited member 'AggregateRoot.CreatedBy'. Use the new keyword if hiding was intended. [/home/runner/work/Wekeza/Wekeza/Core/Wekeza.Core.Domain/Wekeza.Core.Domain.csproj]
/home/runner/work/Wekeza/Wekeza/Core/Wekeza.Core.Domain/Aggregates/TaskAssignment.cs(20,21): warning CS0108: 'TaskAssignment.CreatedAt' hides inherited member 'AggregateRoot.CreatedAt'. Use the new keyword if hiding was intended. [/home/runner/work/Wekeza/Wekeza/Core/Wekeza.Core.Domain/Wekeza.Core.Domain.csproj]
/home/runner/work/Wekeza/Wekeza/Core/Wekeza.Core.Domain/Aggregates/Dashboard.cs(19,19): warning CS0108: 'Dashboard.CreatedBy' hides inherited member 'AggregateRoot.CreatedBy'. Use the new keyword if hiding was intended. [/home/runner/work/Wekeza/Wekeza/Core/Wekeza.Core.Domain/Wekeza.Core.Domain.csproj]
/home/runner/work/Wekeza/Wekeza/Core/Wekeza.Core.Domain/Aggregates/Dashboard.cs(20,21): warning CS0108: 'Dashboard.CreatedAt' hides inherited member 'AggregateRoot.CreatedAt'. Use the new keyword if hiding was intended. [/home/runner/work/Wekeza/Wekeza/Core/Wekeza.Core.Domain/Wekeza.Core.Domain.csproj]
/home/runner/work/Wekeza/Wekeza/Core/Wekeza.Core.Domain/Aggregates/Dashboard.cs(62,30): warning CS8625: Cannot convert null literal to non-nullable reference type. [/home/runner/work/Wekeza/Wekeza/Core/Wekeza.Core.Domain/Wekeza.Core.Domain.csproj]
/home/runner/work/Wekeza/Wekeza/Core/Wekeza.Core.Domain/Aggregates/Dashboard.cs(227,50): warning CS8625: Cannot convert null literal to non-nullable reference type. [/home/runner/work/Wekeza/Wekeza/Core/Wekeza.Core.Domain/Wekeza.Core.Domain.csproj]
/home/runner/work/Wekeza/Wekeza/Core/Wekeza.Core.Domain/Aggregates/Dashboard.cs(418,71): warning CS8625: Cannot convert null literal to non-nullable reference type. [/home/runner/work/Wekeza/Wekeza/Core/Wekeza.Core.Domain/Wekeza.Core.Domain.csproj]
/home/runner/work/Wekeza/Wekeza/Core/Wekeza.Core.Domain/Aggregates/Dashboard.cs(466,63): warning CS8601: Possible null reference assignment. [/home/runner/work/Wekeza/Wekeza/Core/Wekeza.Core.Domain/Wekeza.Core.Domain.csproj]
/home/runner/work/Wekeza/Wekeza/Core/Wekeza.Core.Domain/Aggregates/Dashboard.cs(500,30): warning CS8625: Cannot convert null literal to non-nullable reference type. [/home/runner/work/Wekeza/Wekeza/Core/Wekeza.Core.Domain/Wekeza.Core.Domain.csproj]
/home/runner/work/Wekeza/Wekeza/Core/Wekeza.Core.Domain/Aggregates/MoneyMarketDeal.cs(24,21): warning CS0108: 'MoneyMarketDeal.CreatedAt' hides inherited member 'AggregateRoot.CreatedAt'. Use the new keyword if hiding was intended. [/home/runner/work/Wekeza/Wekeza/Core/Wekeza.Core.Domain/Wekeza.Core.Domain.csproj]
/home/runner/work/Wekeza/Wekeza/Core/Wekeza.Core.Domain/Aggregates/MoneyMarketDeal.cs(25,21): warning CS0108: 'MoneyMarketDeal.UpdatedAt' hides inherited member 'AggregateRoot.UpdatedAt'. Use the new keyword if hiding was intended. [/home/runner/work/Wekeza/Wekeza/Core/Wekeza.Core.Domain/Wekeza.Core.Domain.csproj]
/home/runner/work/Wekeza/Wekeza/Core/Wekeza.Core.Domain/Aggregates/Analytics.cs(82,29): warning CS8625: Cannot convert null literal to non-nullable reference type. [/home/runner/work/Wekeza/Wekeza/Core/Wekeza.Core.Domain/Wekeza.Core.Domain.csproj]
/home/runner/work/Wekeza/Wekeza/Core/Wekeza.Core.Domain/Aggregates/Analytics.cs(83,30): warning CS8625: Cannot convert null literal to non-nullable reference type. [/home/runner/work/Wekeza/Wekeza/Core/Wekeza.Core.Domain/Wekeza.Core.Domain.csproj]
/home/runner/work/Wekeza/Wekeza/Core/Wekeza.Core.Domain/Aggregates/Analytics.cs(142,49): warning CS8625: Cannot convert null literal to non-nullable reference type. [/home/runner/work/Wekeza/Wekeza/Core/Wekeza.Core.Domain/Wekeza.Core.Domain.csproj]
/home/runner/work/Wekeza/Wekeza/Core/Wekeza.Core.Domain/Aggregates/TellerSession.cs(60,19): warning CS0108: 'TellerSession.CreatedBy' hides inherited member 'AggregateRoot.CreatedBy'. Use the new keyword if hiding was intended. [/home/runner/work/Wekeza/Wekeza/Core/Wekeza.Core.Domain/Wekeza.Core.Domain.csproj]
/home/runner/work/Wekeza/Wekeza/Core/Wekeza.Core.Domain/Aggregates/DigitalChannel.cs(28,19): warning CS0108: 'DigitalChannel.CreatedBy' hides inherited member 'AggregateRoot.CreatedBy'. Use the new keyword if hiding was intended. [/home/runner/work/Wekeza/Wekeza/Core/Wekeza.Core.Domain/Wekeza.Core.Domain.csproj]
/home/runner/work/Wekeza/Wekeza/Core/Wekeza.Core.Domain/Aggregates/DigitalChannel.cs(29,21): warning CS0108: 'DigitalChannel.CreatedAt' hides inherited member 'AggregateRoot.CreatedAt'. Use the new keyword if hiding was intended. [/home/runner/work/Wekeza/Wekeza/Core/Wekeza.Core.Domain/Wekeza.Core.Domain.csproj]
/home/runner/work/Wekeza/Wekeza/Core/Wekeza.Core.Domain/Aggregates/Analytics.cs(442,33): warning CS8625: Cannot convert null literal to non-nullable reference type. [/home/runner/work/Wekeza/Wekeza/Core/Wekeza.Core.Domain/Wekeza.Core.Domain.csproj]
/home/runner/work/Wekeza/Wekeza/Core/Wekeza.Core.Domain/Aggregates/Party.cs(18,19): warning CS0108: 'Party.CreatedBy' hides inherited member 'AggregateRoot.CreatedBy'. Use the new keyword if hiding was intended. [/home/runner/work/Wekeza/Wekeza/Core/Wekeza.Core.Domain/Wekeza.Core.Domain.csproj]
/home/runner/work/Wekeza/Wekeza/Core/Wekeza.Core.Domain/Aggregates/APIGateway.cs(58,21): warning CS0108: 'APIGateway.CreatedAt' hides inherited member 'AggregateRoot.CreatedAt'. Use the new keyword if hiding was intended. [/home/runner/work/Wekeza/Wekeza/Core/Wekeza.Core.Domain/Wekeza.Core.Domain.csproj]
/home/runner/work/Wekeza/Wekeza/Core/Wekeza.Core.Domain/Aggregates/APIGateway.cs(59,19): warning CS0108: 'APIGateway.CreatedBy' hides inherited member 'AggregateRoot.CreatedBy'. Use the new keyword if hiding was intended. [/home/runner/work/Wekeza/Wekeza/Core/Wekeza.Core.Domain/Wekeza.Core.Domain.csproj]
/home/runner/work/Wekeza/Wekeza/Core/Wekeza.Core.Domain/Interfaces/IAnalyticsRepository.cs(134,29): warning CS8625: Cannot convert null literal to non-nullable reference type. [/home/runner/work/Wekeza/Wekeza/Core/Wekeza.Core.Domain/Wekeza.Core.Domain.csproj]
/home/runner/work/Wekeza/Wekeza/Core/Wekeza.Core.Domain/Interfaces/IAnalyticsRepository.cs(135,29): warning CS8625: Cannot convert null literal to non-nullable reference type. [/home/runner/work/Wekeza/Wekeza/Core/Wekeza.Core.Domain/Wekeza.Core.Domain.csproj]
/home/runner/work/Wekeza/Wekeza/Core/Wekeza.Core.Domain/Aggregates/APIGateway.cs(84,30): warning CS8625: Cannot convert null literal to non-nullable reference type. [/home/runner/work/Wekeza/Wekeza/Core/Wekeza.Core.Domain/Wekeza.Core.Domain.csproj]
/home/runner/work/Wekeza/Wekeza/Core/Wekeza.Core.Domain/Aggregates/APIGateway.cs(266,99): warning CS8625: Cannot convert null literal to non-nullable reference type. [/home/runner/work/Wekeza/Wekeza/Core/Wekeza.Core.Domain/Wekeza.Core.Domain.csproj]
/home/runner/work/Wekeza/Wekeza/Core/Wekeza.Core.Domain/Aggregates/APIGateway.cs(294,120): warning CS8625: Cannot convert null literal to non-nullable reference type. [/home/runner/work/Wekeza/Wekeza/Core/Wekeza.Core.Domain/Wekeza.Core.Domain.csproj]
/home/runner/work/Wekeza/Wekeza/Core/Wekeza.Core.Domain/Aggregates/APIGateway.cs(359,66): warning CS8625: Cannot convert null literal to non-nullable reference type. [/home/runner/work/Wekeza/Wekeza/Core/Wekeza.Core.Domain/Wekeza.Core.Domain.csproj]
/home/runner/work/Wekeza/Wekeza/Core/Wekeza.Core.Domain/Aggregates/ApprovalMatrix.cs(26,19): warning CS0108: 'ApprovalMatrix.CreatedBy' hides inherited member 'AggregateRoot.CreatedBy'. Use the new keyword if hiding was intended. [/home/runner/work/Wekeza/Wekeza/Core/Wekeza.Core.Domain/Wekeza.Core.Domain.csproj]
/home/runner/work/Wekeza/Wekeza/Core/Wekeza.Core.Domain/Aggregates/TermDeposit.cs(36,19): warning CS0108: 'TermDeposit.CreatedBy' hides inherited member 'AggregateRoot.CreatedBy'. Use the new keyword if hiding was intended. [/home/runner/work/Wekeza/Wekeza/Core/Wekeza.Core.Domain/Wekeza.Core.Domain.csproj]
/home/runner/work/Wekeza/Wekeza/Core/Wekeza.Core.Domain/Aggregates/TermDeposit.cs(37,21): warning CS0108: 'TermDeposit.CreatedAt' hides inherited member 'AggregateRoot.CreatedAt'. Use the new keyword if hiding was intended. [/home/runner/work/Wekeza/Wekeza/Core/Wekeza.Core.Domain/Wekeza.Core.Domain.csproj]
/home/runner/work/Wekeza/Wekeza/Core/Wekeza.Core.Domain/Aggregates/PaymentOrder.cs(62,19): warning CS0108: 'PaymentOrder.CreatedBy' hides inherited member 'AggregateRoot.CreatedBy'. Use the new keyword if hiding was intended. [/home/runner/work/Wekeza/Wekeza/Core/Wekeza.Core.Domain/Wekeza.Core.Domain.csproj]
/home/runner/work/Wekeza/Wekeza/Core/Wekeza.Core.Domain/Aggregates/Product.cs(28,19): warning CS0108: 'Product.CreatedBy' hides inherited member 'AggregateRoot.CreatedBy'. Use the new keyword if hiding was intended. [/home/runner/work/Wekeza/Wekeza/Core/Wekeza.Core.Domain/Wekeza.Core.Domain.csproj]
/home/runner/work/Wekeza/Wekeza/Core/Wekeza.Core.Domain/Aggregates/RecurringDeposit.cs(35,19): warning CS0108: 'RecurringDeposit.CreatedBy' hides inherited member 'AggregateRoot.CreatedBy'. Use the new keyword if hiding was intended. [/home/runner/work/Wekeza/Wekeza/Core/Wekeza.Core.Domain/Wekeza.Core.Domain.csproj]
/home/runner/work/Wekeza/Wekeza/Core/Wekeza.Core.Domain/Aggregates/RecurringDeposit.cs(36,21): warning CS0108: 'RecurringDeposit.CreatedAt' hides inherited member 'AggregateRoot.CreatedAt'. Use the new keyword if hiding was intended. [/home/runner/work/Wekeza/Wekeza/Core/Wekeza.Core.Domain/Wekeza.Core.Domain.csproj]
/home/runner/work/Wekeza/Wekeza/Core/Wekeza.Core.Domain/Aggregates/DocumentaryCollection.cs(29,21): warning CS0108: 'DocumentaryCollection.CreatedAt' hides inherited member 'AggregateRoot.CreatedAt'. Use the new keyword if hiding was intended. [/home/runner/work/Wekeza/Wekeza/Core/Wekeza.Core.Domain/Wekeza.Core.Domain.csproj]
/home/runner/work/Wekeza/Wekeza/Core/Wekeza.Core.Domain/Aggregates/DocumentaryCollection.cs(30,21): warning CS0108: 'DocumentaryCollection.UpdatedAt' hides inherited member 'AggregateRoot.UpdatedAt'. Use the new keyword if hiding was intended. [/home/runner/work/Wekeza/Wekeza/Core/Wekeza.Core.Domain/Wekeza.Core.Domain.csproj]
/home/runner/work/Wekeza/Wekeza/Core/Wekeza.Core.Domain/Aggregates/TransactionMonitoring.cs(20,21): warning CS0108: 'TransactionMonitoring.CreatedAt' hides inherited member 'AggregateRoot.CreatedAt'. Use the new keyword if hiding was intended. [/home/runner/work/Wekeza/Wekeza/Core/Wekeza.Core.Domain/Wekeza.Core.Domain.csproj]
/home/runner/work/Wekeza/Wekeza/Core/Wekeza.Core.Domain/Aggregates/TransactionMonitoring.cs(21,21): warning CS0108: 'TransactionMonitoring.UpdatedAt' hides inherited member 'AggregateRoot.UpdatedAt'. Use the new keyword if hiding was intended. [/home/runner/work/Wekeza/Wekeza/Core/Wekeza.Core.Domain/Wekeza.Core.Domain.csproj]
/home/runner/work/Wekeza/Wekeza/Core/Wekeza.Core.Domain/Aggregates/FixedDeposit.cs(33,19): warning CS0108: 'FixedDeposit.CreatedBy' hides inherited member 'AggregateRoot.CreatedBy'. Use the new keyword if hiding was intended. [/home/runner/work/Wekeza/Wekeza/Core/Wekeza.Core.Domain/Wekeza.Core.Domain.csproj]
/home/runner/work/Wekeza/Wekeza/Core/Wekeza.Core.Domain/Aggregates/FixedDeposit.cs(34,21): warning CS0108: 'FixedDeposit.CreatedAt' hides inherited member 'AggregateRoot.CreatedAt'. Use the new keyword if hiding was intended. [/home/runner/work/Wekeza/Wekeza/Core/Wekeza.Core.Domain/Wekeza.Core.Domain.csproj]
/home/runner/work/Wekeza/Wekeza/Core/Wekeza.Core.Domain/Aggregates/Branch.cs(35,19): warning CS0108: 'Branch.CreatedBy' hides inherited member 'AggregateRoot.CreatedBy'. Use the new keyword if hiding was intended. [/home/runner/work/Wekeza/Wekeza/Core/Wekeza.Core.Domain/Wekeza.Core.Domain.csproj]
/home/runner/work/Wekeza/Wekeza/Core/Wekeza.Core.Domain/Aggregates/Branch.cs(36,21): warning CS0108: 'Branch.CreatedAt' hides inherited member 'AggregateRoot.CreatedAt'. Use the new keyword if hiding was intended. [/home/runner/work/Wekeza/Wekeza/Core/Wekeza.Core.Domain/Wekeza.Core.Domain.csproj]
/home/runner/work/Wekeza/Wekeza/Core/Wekeza.Core.Domain/Aggregates/User.cs(54,21): warning CS0108: 'User.CreatedAt' hides inherited member 'AggregateRoot.CreatedAt'. Use the new keyword if hiding was intended. [/home/runner/work/Wekeza/Wekeza/Core/Wekeza.Core.Domain/Wekeza.Core.Domain.csproj]
/home/runner/work/Wekeza/Wekeza/Core/Wekeza.Core.Domain/Aggregates/User.cs(55,19): warning CS0108: 'User.CreatedBy' hides inherited member 'AggregateRoot.CreatedBy'. Use the new keyword if hiding was intended. [/home/runner/work/Wekeza/Wekeza/Core/Wekeza.Core.Domain/Wekeza.Core.Domain.csproj]
/home/runner/work/Wekeza/Wekeza/Core/Wekeza.Core.Domain/Aggregates/BankGuarantee.cs(26,21): warning CS0108: 'BankGuarantee.CreatedAt' hides inherited member 'AggregateRoot.CreatedAt'. Use the new keyword if hiding was intended. [/home/runner/work/Wekeza/Wekeza/Core/Wekeza.Core.Domain/Wekeza.Core.Domain.csproj]
/home/runner/work/Wekeza/Wekeza/Core/Wekeza.Core.Domain/Aggregates/BankGuarantee.cs(27,21): warning CS0108: 'BankGuarantee.UpdatedAt' hides inherited member 'AggregateRoot.UpdatedAt'. Use the new keyword if hiding was intended. [/home/runner/work/Wekeza/Wekeza/Core/Wekeza.Core.Domain/Wekeza.Core.Domain.csproj]
/home/runner/work/Wekeza/Wekeza/Core/Wekeza.Core.Domain/Aggregates/InterestAccrualEngine.cs(25,21): warning CS0108: 'InterestAccrualEngine.CreatedAt' hides inherited member 'AggregateRoot.CreatedAt'. Use the new keyword if hiding was intended. [/home/runner/work/Wekeza/Wekeza/Core/Wekeza.Core.Domain/Wekeza.Core.Domain.csproj]
/home/runner/work/Wekeza/Wekeza/Core/Wekeza.Core.Domain/Aggregates/FXDeal.cs(24,21): warning CS0108: 'FXDeal.CreatedAt' hides inherited member 'AggregateRoot.CreatedAt'. Use the new keyword if hiding was intended. [/home/runner/work/Wekeza/Wekeza/Core/Wekeza.Core.Domain/Wekeza.Core.Domain.csproj]
/home/runner/work/Wekeza/Wekeza/Core/Wekeza.Core.Domain/Aggregates/FXDeal.cs(25,21): warning CS0108: 'FXDeal.UpdatedAt' hides inherited member 'AggregateRoot.UpdatedAt'. Use the new keyword if hiding was intended. [/home/runner/work/Wekeza/Wekeza/Core/Wekeza.Core.Domain/Wekeza.Core.Domain.csproj]
/home/runner/work/Wekeza/Wekeza/Core/Wekeza.Core.Domain/Aggregates/GLAccount.cs(43,19): warning CS0108: 'GLAccount.CreatedBy' hides inherited member 'AggregateRoot.CreatedBy'. Use the new keyword if hiding was intended. [/home/runner/work/Wekeza/Wekeza/Core/Wekeza.Core.Domain/Wekeza.Core.Domain.csproj]
/home/runner/work/Wekeza/Wekeza/Core/Wekeza.Core.Domain/Aggregates/Report.cs(63,49): warning CS8625: Cannot convert null literal to non-nullable reference type. [/home/runner/work/Wekeza/Wekeza/Core/Wekeza.Core.Domain/Wekeza.Core.Domain.csproj]
/home/runner/work/Wekeza/Wekeza/Core/Wekeza.Core.Domain/Aggregates/Report.cs(65,38): warning CS8625: Cannot convert null literal to non-nullable reference type. [/home/runner/work/Wekeza/Wekeza/Core/Wekeza.Core.Domain/Wekeza.Core.Domain.csproj]
/home/runner/work/Wekeza/Wekeza/Core/Wekeza.Core.Domain/Aggregates/Report.cs(112,90): warning CS8625: Cannot convert null literal to non-nullable reference type. [/home/runner/work/Wekeza/Wekeza/Core/Wekeza.Core.Domain/Wekeza.Core.Domain.csproj]
/home/runner/work/Wekeza/Wekeza/Core/Wekeza.Core.Domain/Aggregates/Report.cs(168,56): warning CS8625: Cannot convert null literal to non-nullable reference type. [/home/runner/work/Wekeza/Wekeza/Core/Wekeza.Core.Domain/Wekeza.Core.Domain.csproj]
/home/runner/work/Wekeza/Wekeza/Core/Wekeza.Core.Domain/Aggregates/Report.cs(259,59): warning CS8601: Possible null reference assignment. [/home/runner/work/Wekeza/Wekeza/Core/Wekeza.Core.Domain/Wekeza.Core.Domain.csproj]
/home/runner/work/Wekeza/Wekeza/Core/Wekeza.Core.Domain/Aggregates/Report.cs(268,58): warning CS8601: Possible null reference assignment. [/home/runner/work/Wekeza/Wekeza/Core/Wekeza.Core.Domain/Wekeza.Core.Domain.csproj]
/home/runner/work/Wekeza/Wekeza/Core/Wekeza.Core.Domain/Aggregates/Role.cs(47,21): warning CS0108: 'Role.CreatedAt' hides inherited member 'AggregateRoot.CreatedAt'. Use the new keyword if hiding was intended. [/home/runner/work/Wekeza/Wekeza/Core/Wekeza.Core.Domain/Wekeza.Core.Domain.csproj]
/home/runner/work/Wekeza/Wekeza/Core/Wekeza.Core.Domain/Aggregates/Role.cs(48,19): warning CS0108: 'Role.CreatedBy' hides inherited member 'AggregateRoot.CreatedBy'. Use the new keyword if hiding was intended. [/home/runner/work/Wekeza/Wekeza/Core/Wekeza.Core.Domain/Wekeza.Core.Domain.csproj]
/home/runner/work/Wekeza/Wekeza/Core/Wekeza.Core.Domain/Aggregates/WebhookSubscription.cs(73,21): warning CS0108: 'WebhookSubscription.CreatedAt' hides inherited member 'AggregateRoot.CreatedAt'. Use the new keyword if hiding was intended. [/home/runner/work/Wekeza/Wekeza/Core/Wekeza.Core.Domain/Wekeza.Core.Domain.csproj]
/home/runner/work/Wekeza/Wekeza/Core/Wekeza.Core.Domain/Aggregates/WebhookSubscription.cs(74,19): warning CS0108: 'WebhookSubscription.CreatedBy' hides inherited member 'AggregateRoot.CreatedBy'. Use the new keyword if hiding was intended. [/home/runner/work/Wekeza/Wekeza/Core/Wekeza.Core.Domain/Wekeza.Core.Domain.csproj]
/home/runner/work/Wekeza/Wekeza/Core/Wekeza.Core.Domain/Aggregates/WebhookSubscription.cs(95,30): warning CS8625: Cannot convert null literal to non-nullable reference type. [/home/runner/work/Wekeza/Wekeza/Core/Wekeza.Core.Domain/Wekeza.Core.Domain.csproj]
/home/runner/work/Wekeza/Wekeza/Core/Wekeza.Core.Domain/Aggregates/WebhookSubscription.cs(97,28): warning CS8625: Cannot convert null literal to non-nullable reference type. [/home/runner/work/Wekeza/Wekeza/Core/Wekeza.Core.Domain/Wekeza.Core.Domain.csproj]
/home/runner/work/Wekeza/Wekeza/Core/Wekeza.Core.Domain/Aggregates/WebhookSubscription.cs(237,70): warning CS8625: Cannot convert null literal to non-nullable reference type. [/home/runner/work/Wekeza/Wekeza/Core/Wekeza.Core.Domain/Wekeza.Core.Domain.csproj]
/home/runner/work/Wekeza/Wekeza/Core/Wekeza.Core.Domain/Aggregates/WebhookSubscription.cs(270,52): warning CS8625: Cannot convert null literal to non-nullable reference type. [/home/runner/work/Wekeza/Wekeza/Core/Wekeza.Core.Domain/Wekeza.Core.Domain.csproj]
/home/runner/work/Wekeza/Wekeza/Core/Wekeza.Core.Domain/Aggregates/WebhookSubscription.cs(270,78): warning CS8625: Cannot convert null literal to non-nullable reference type. [/home/runner/work/Wekeza/Wekeza/Core/Wekeza.Core.Domain/Wekeza.Core.Domain.csproj]
/home/runner/work/Wekeza/Wekeza/Core/Wekeza.Core.Domain/Aggregates/WebhookSubscription.cs(289,109): warning CS8625: Cannot convert null literal to non-nullable reference type. [/home/runner/work/Wekeza/Wekeza/Core/Wekeza.Core.Domain/Wekeza.Core.Domain.csproj]
/home/runner/work/Wekeza/Wekeza/Core/Wekeza.Core.Domain/Aggregates/WebhookSubscription.cs(341,105): warning CS8625: Cannot convert null literal to non-nullable reference type. [/home/runner/work/Wekeza/Wekeza/Core/Wekeza.Core.Domain/Wekeza.Core.Domain.csproj]
/home/runner/work/Wekeza/Wekeza/Core/Wekeza.Core.Domain/Aggregates/WebhookSubscription.cs(391,43): warning CS8625: Cannot convert null literal to non-nullable reference type. [/home/runner/work/Wekeza/Wekeza/Core/Wekeza.Core.Domain/Wekeza.Core.Domain.csproj]
/home/runner/work/Wekeza/Wekeza/Core/Wekeza.Core.Domain/Aggregates/WebhookSubscription.cs(416,45): warning CS8625: Cannot convert null literal to non-nullable reference type. [/home/runner/work/Wekeza/Wekeza/Core/Wekeza.Core.Domain/Wekeza.Core.Domain.csproj]
/home/runner/work/Wekeza/Wekeza/Core/Wekeza.Core.Domain/Aggregates/WebhookSubscription.cs(416,67): warning CS8625: Cannot convert null literal to non-nullable reference type. [/home/runner/work/Wekeza/Wekeza/Core/Wekeza.Core.Domain/Wekeza.Core.Domain.csproj]
/home/runner/work/Wekeza/Wekeza/Core/Wekeza.Core.Domain/Aggregates/WebhookSubscription.cs(440,46): warning CS8625: Cannot convert null literal to non-nullable reference type. [/home/runner/work/Wekeza/Wekeza/Core/Wekeza.Core.Domain/Wekeza.Core.Domain.csproj]
/home/runner/work/Wekeza/Wekeza/Core/Wekeza.Core.Domain/Aggregates/WebhookSubscription.cs(440,68): warning CS8625: Cannot convert null literal to non-nullable reference type. [/home/runner/work/Wekeza/Wekeza/Core/Wekeza.Core.Domain/Wekeza.Core.Domain.csproj]
/home/runner/work/Wekeza/Wekeza/Core/Wekeza.Core.Domain/Aggregates/WorkflowDefinition.cs(30,19): warning CS0108: 'WorkflowDefinition.CreatedBy' hides inherited member 'AggregateRoot.CreatedBy'. Use the new keyword if hiding was intended. [/home/runner/work/Wekeza/Wekeza/Core/Wekeza.Core.Domain/Wekeza.Core.Domain.csproj]
/home/runner/work/Wekeza/Wekeza/Core/Wekeza.Core.Domain/Aggregates/WorkflowDefinition.cs(31,21): warning CS0108: 'WorkflowDefinition.CreatedAt' hides inherited member 'AggregateRoot.CreatedAt'. Use the new keyword if hiding was intended. [/home/runner/work/Wekeza/Wekeza/Core/Wekeza.Core.Domain/Wekeza.Core.Domain.csproj]
/home/runner/work/Wekeza/Wekeza/Core/Wekeza.Core.Domain/Aggregates/JournalEntry.cs(37,19): warning CS0108: 'JournalEntry.CreatedBy' hides inherited member 'AggregateRoot.CreatedBy'. Use the new keyword if hiding was intended. [/home/runner/work/Wekeza/Wekeza/Core/Wekeza.Core.Domain/Wekeza.Core.Domain.csproj]
/home/runner/work/Wekeza/Wekeza/Core/Wekeza.Core.Domain/Aggregates/LetterOfCredit.cs(27,21): warning CS0108: 'LetterOfCredit.CreatedAt' hides inherited member 'AggregateRoot.CreatedAt'. Use the new keyword if hiding was intended. [/home/runner/work/Wekeza/Wekeza/Core/Wekeza.Core.Domain/Wekeza.Core.Domain.csproj]
/home/runner/work/Wekeza/Wekeza/Core/Wekeza.Core.Domain/Aggregates/LetterOfCredit.cs(28,21): warning CS0108: 'LetterOfCredit.UpdatedAt' hides inherited member 'AggregateRoot.UpdatedAt'. Use the new keyword if hiding was intended. [/home/runner/work/Wekeza/Wekeza/Core/Wekeza.Core.Domain/Wekeza.Core.Domain.csproj]
/home/runner/work/Wekeza/Wekeza/Core/Wekeza.Core.Domain/Interfaces/IDashboardRepository.cs(159,28): warning CS8625: Cannot convert null literal to non-nullable reference type. [/home/runner/work/Wekeza/Wekeza/Core/Wekeza.Core.Domain/Wekeza.Core.Domain.csproj]
/home/runner/work/Wekeza/Wekeza/Core/Wekeza.Core.Domain/Aggregates/Integration.cs(57,21): warning CS0108: 'Integration.CreatedAt' hides inherited member 'AggregateRoot.CreatedAt'. Use the new keyword if hiding was intended. [/home/runner/work/Wekeza/Wekeza/Core/Wekeza.Core.Domain/Wekeza.Core.Domain.csproj]
/home/runner/work/Wekeza/Wekeza/Core/Wekeza.Core.Domain/Aggregates/Integration.cs(58,19): warning CS0108: 'Integration.CreatedBy' hides inherited member 'AggregateRoot.CreatedBy'. Use the new keyword if hiding was intended. [/home/runner/work/Wekeza/Wekeza/Core/Wekeza.Core.Domain/Wekeza.Core.Domain.csproj]
/home/runner/work/Wekeza/Wekeza/Core/Wekeza.Core.Domain/Aggregates/Integration.cs(78,30): warning CS8625: Cannot convert null literal to non-nullable reference type. [/home/runner/work/Wekeza/Wekeza/Core/Wekeza.Core.Domain/Wekeza.Core.Domain.csproj]
/home/runner/work/Wekeza/Wekeza/Core/Wekeza.Core.Domain/Aggregates/Integration.cs(279,66): warning CS8625: Cannot convert null literal to non-nullable reference type. [/home/runner/work/Wekeza/Wekeza/Core/Wekeza.Core.Domain/Wekeza.Core.Domain.csproj]
/home/runner/work/Wekeza/Wekeza/Core/Wekeza.Core.Domain/Aggregates/Integration.cs(319,91): warning CS8625: Cannot convert null literal to non-nullable reference type. [/home/runner/work/Wekeza/Wekeza/Core/Wekeza.Core.Domain/Wekeza.Core.Domain.csproj]
/home/runner/work/Wekeza/Wekeza/Core/Wekeza.Core.Domain/Aggregates/Integration.cs(364,63): warning CS8601: Possible null reference assignment. [/home/runner/work/Wekeza/Wekeza/Core/Wekeza.Core.Domain/Wekeza.Core.Domain.csproj]
/home/runner/work/Wekeza/Wekeza/Core/Wekeza.Core.Domain/Aggregates/SanctionsScreening.cs(21,21): warning CS0108: 'SanctionsScreening.UpdatedAt' hides inherited member 'AggregateRoot.UpdatedAt'. Use the new keyword if hiding was intended. [/home/runner/work/Wekeza/Wekeza/Core/Wekeza.Core.Domain/Wekeza.Core.Domain.csproj]
/home/runner/work/Wekeza/Wekeza/Core/Wekeza.Core.Domain/Aggregates/SecurityDeal.cs(25,21): warning CS0108: 'SecurityDeal.CreatedAt' hides inherited member 'AggregateRoot.CreatedAt'. Use the new keyword if hiding was intended. [/home/runner/work/Wekeza/Wekeza/Core/Wekeza.Core.Domain/Wekeza.Core.Domain.csproj]
/home/runner/work/Wekeza/Wekeza/Core/Wekeza.Core.Domain/Aggregates/SecurityDeal.cs(26,21): warning CS0108: 'SecurityDeal.UpdatedAt' hides inherited member 'AggregateRoot.UpdatedAt'. Use the new keyword if hiding was intended. [/home/runner/work/Wekeza/Wekeza/Core/Wekeza.Core.Domain/Wekeza.Core.Domain.csproj]
/home/runner/work/Wekeza/Wekeza/Core/Wekeza.Core.Domain/Aggregates/CallDeposit.cs(31,19): warning CS0108: 'CallDeposit.CreatedBy' hides inherited member 'AggregateRoot.CreatedBy'. Use the new keyword if hiding was intended. [/home/runner/work/Wekeza/Wekeza/Core/Wekeza.Core.Domain/Wekeza.Core.Domain.csproj]
/home/runner/work/Wekeza/Wekeza/Core/Wekeza.Core.Domain/Aggregates/CallDeposit.cs(32,21): warning CS0108: 'CallDeposit.CreatedAt' hides inherited member 'AggregateRoot.CreatedAt'. Use the new keyword if hiding was intended. [/home/runner/work/Wekeza/Wekeza/Core/Wekeza.Core.Domain/Wekeza.Core.Domain.csproj]
/home/runner/work/Wekeza/Wekeza/Core/Wekeza.Core.Domain/Aggregates/IntegrationEndpoint.cs(78,21): warning CS0108: 'IntegrationEndpoint.CreatedAt' hides inherited member 'AggregateRoot.CreatedAt'. Use the new keyword if hiding was intended. [/home/runner/work/Wekeza/Wekeza/Core/Wekeza.Core.Domain/Wekeza.Core.Domain.csproj]
/home/runner/work/Wekeza/Wekeza/Core/Wekeza.Core.Domain/Aggregates/IntegrationEndpoint.cs(79,19): warning CS0108: 'IntegrationEndpoint.CreatedBy' hides inherited member 'AggregateRoot.CreatedBy'. Use the new keyword if hiding was intended. [/home/runner/work/Wekeza/Wekeza/Core/Wekeza.Core.Domain/Wekeza.Core.Domain.csproj]
/home/runner/work/Wekeza/Wekeza/Core/Wekeza.Core.Domain/Aggregates/IntegrationEndpoint.cs(101,30): warning CS8625: Cannot convert null literal to non-nullable reference type. [/home/runner/work/Wekeza/Wekeza/Core/Wekeza.Core.Domain/Wekeza.Core.Domain.csproj]
/home/runner/work/Wekeza/Wekeza/Core/Wekeza.Core.Domain/Aggregates/IntegrationEndpoint.cs(103,50): warning CS8625: Cannot convert null literal to non-nullable reference type. [/home/runner/work/Wekeza/Wekeza/Core/Wekeza.Core.Domain/Wekeza.Core.Domain.csproj]
/home/runner/work/Wekeza/Wekeza/Core/Wekeza.Core.Domain/Aggregates/IntegrationEndpoint.cs(104,52): warning CS8625: Cannot convert null literal to non-nullable reference type. [/home/runner/work/Wekeza/Wekeza/Core/Wekeza.Core.Domain/Wekeza.Core.Domain.csproj]
/home/runner/work/Wekeza/Wekeza/Core/Wekeza.Core.Domain/Aggregates/IntegrationEndpoint.cs(204,124): warning CS8625: Cannot convert null literal to non-nullable reference type. [/home/runner/work/Wekeza/Wekeza/Core/Wekeza.Core.Domain/Wekeza.Core.Domain.csproj]
/home/runner/work/Wekeza/Wekeza/Core/Wekeza.Core.Domain/Aggregates/IntegrationEndpoint.cs(295,73): warning CS8625: Cannot convert null literal to non-nullable reference type. [/home/runner/work/Wekeza/Wekeza/Core/Wekeza.Core.Domain/Wekeza.Core.Domain.csproj]
/home/runner/work/Wekeza/Wekeza/Core/Wekeza.Core.Domain/Aggregates/IntegrationEndpoint.cs(318,43): warning CS8625: Cannot convert null literal to non-nullable reference type. [/home/runner/work/Wekeza/Wekeza/Core/Wekeza.Core.Domain/Wekeza.Core.Domain.csproj]
/home/runner/work/Wekeza/Wekeza/Core/Wekeza.Core.Domain/Aggregates/IntegrationEndpoint.cs(339,45): warning CS8625: Cannot convert null literal to non-nullable reference type. [/home/runner/work/Wekeza/Wekeza/Core/Wekeza.Core.Domain/Wekeza.Core.Domain.csproj]
/home/runner/work/Wekeza/Wekeza/Core/Wekeza.Core.Domain/Aggregates/IntegrationEndpoint.cs(339,67): warning CS8625: Cannot convert null literal to non-nullable reference type. [/home/runner/work/Wekeza/Wekeza/Core/Wekeza.Core.Domain/Wekeza.Core.Domain.csproj]
/home/runner/work/Wekeza/Wekeza/Core/Wekeza.Core.Domain/Aggregates/Loan.cs(86,19): warning CS0108: 'Loan.CreatedBy' hides inherited member 'AggregateRoot.CreatedBy'. Use the new keyword if hiding was intended. [/home/runner/work/Wekeza/Wekeza/Core/Wekeza.Core.Domain/Wekeza.Core.Domain.csproj]
/home/runner/work/Wekeza/Wekeza/Core/Wekeza.Core.Domain/Aggregates/SWIFTMessage.cs(28,21): warning CS0108: 'SWIFTMessage.CreatedAt' hides inherited member 'AggregateRoot.CreatedAt'. Use the new keyword if hiding was intended. [/home/runner/work/Wekeza/Wekeza/Core/Wekeza.Core.Domain/Wekeza.Core.Domain.csproj]
/home/runner/work/Wekeza/Wekeza/Core/Wekeza.Core.Domain/Aggregates/SWIFTMessage.cs(32,19): warning CS0108: 'SWIFTMessage.CreatedBy' hides inherited member 'AggregateRoot.CreatedBy'. Use the new keyword if hiding was intended. [/home/runner/work/Wekeza/Wekeza/Core/Wekeza.Core.Domain/Wekeza.Core.Domain.csproj]
/home/runner/work/Wekeza/Wekeza/Core/Wekeza.Core.Domain/Aggregates/CashDrawer.cs(52,19): warning CS0108: 'CashDrawer.CreatedBy' hides inherited member 'AggregateRoot.CreatedBy'. Use the new keyword if hiding was intended. [/home/runner/work/Wekeza/Wekeza/Core/Wekeza.Core.Domain/Wekeza.Core.Domain.csproj]
/home/runner/work/Wekeza/Wekeza/Core/Wekeza.Core.Domain/Aggregates/SystemMonitor.cs(47,21): warning CS0108: 'SystemMonitor.CreatedAt' hides inherited member 'AggregateRoot.CreatedAt'. Use the new keyword if hiding was intended. [/home/runner/work/Wekeza/Wekeza/Core/Wekeza.Core.Domain/Wekeza.Core.Domain.csproj]
/home/runner/work/Wekeza/Wekeza/Core/Wekeza.Core.Domain/Aggregates/SystemMonitor.cs(48,19): warning CS0108: 'SystemMonitor.CreatedBy' hides inherited member 'AggregateRoot.CreatedBy'. Use the new keyword if hiding was intended. [/home/runner/work/Wekeza/Wekeza/Core/Wekeza.Core.Domain/Wekeza.Core.Domain.csproj]
/home/runner/work/Wekeza/Wekeza/Core/Wekeza.Core.Domain/Interfaces/IReportRepository.cs(135,30): warning CS8625: Cannot convert null literal to non-nullable reference type. [/home/runner/work/Wekeza/Wekeza/Core/Wekeza.Core.Domain/Wekeza.Core.Domain.csproj]
/home/runner/work/Wekeza/Wekeza/Core/Wekeza.Core.Domain/ValueObjects/KPIMetric.cs(32,23): warning CS8625: Cannot convert null literal to non-nullable reference type. [/home/runner/work/Wekeza/Wekeza/Core/Wekeza.Core.Domain/Wekeza.Core.Domain.csproj]
/home/runner/work/Wekeza/Wekeza/Core/Wekeza.Core.Domain/ValueObjects/KPIMetric.cs(34,27): warning CS8625: Cannot convert null literal to non-nullable reference type. [/home/runner/work/Wekeza/Wekeza/Core/Wekeza.Core.Domain/Wekeza.Core.Domain.csproj]
/home/runner/work/Wekeza/Wekeza/Core/Wekeza.Core.Domain/Interfaces/IIntegrationRepository.cs(161,28): warning CS8625: Cannot convert null literal to non-nullable reference type. [/home/runner/work/Wekeza/Wekeza/Core/Wekeza.Core.Domain/Wekeza.Core.Domain.csproj]
/home/runner/work/Wekeza/Wekeza/Core/Wekeza.Core.Domain/Interfaces/IIntegrationRepository.cs(264,95): warning CS8625: Cannot convert null literal to non-nullable reference type. [/home/runner/work/Wekeza/Wekeza/Core/Wekeza.Core.Domain/Wekeza.Core.Domain.csproj]
/home/runner/work/Wekeza/Wekeza/Core/Wekeza.Core.Domain/ValueObjects/ApiCredentials.cs(26,25): warning CS8625: Cannot convert null literal to non-nullable reference type. [/home/runner/work/Wekeza/Wekeza/Core/Wekeza.Core.Domain/Wekeza.Core.Domain.csproj]
/home/runner/work/Wekeza/Wekeza/Core/Wekeza.Core.Domain/ValueObjects/ApiCredentials.cs(27,27): warning CS8625: Cannot convert null literal to non-nullable reference type. [/home/runner/work/Wekeza/Wekeza/Core/Wekeza.Core.Domain/Wekeza.Core.Domain.csproj]
/home/runner/work/Wekeza/Wekeza/Core/Wekeza.Core.Domain/ValueObjects/ApiCredentials.cs(28,31): warning CS8625: Cannot convert null literal to non-nullable reference type. [/home/runner/work/Wekeza/Wekeza/Core/Wekeza.Core.Domain/Wekeza.Core.Domain.csproj]
/home/runner/work/Wekeza/Wekeza/Core/Wekeza.Core.Domain/ValueObjects/ApiCredentials.cs(29,30): warning CS8625: Cannot convert null literal to non-nullable reference type. [/home/runner/work/Wekeza/Wekeza/Core/Wekeza.Core.Domain/Wekeza.Core.Domain.csproj]
/home/runner/work/Wekeza/Wekeza/Core/Wekeza.Core.Domain/ValueObjects/ApiCredentials.cs(30,31): warning CS8625: Cannot convert null literal to non-nullable reference type. [/home/runner/work/Wekeza/Wekeza/Core/Wekeza.Core.Domain/Wekeza.Core.Domain.csproj]
/home/runner/work/Wekeza/Wekeza/Core/Wekeza.Core.Domain/ValueObjects/ApiCredentials.cs(33,24): warning CS8625: Cannot convert null literal to non-nullable reference type. [/home/runner/work/Wekeza/Wekeza/Core/Wekeza.Core.Domain/Wekeza.Core.Domain.csproj]
/home/runner/work/Wekeza/Wekeza/Core/Wekeza.Core.Domain/ValueObjects/ApiCredentials.cs(34,59): warning CS8625: Cannot convert null literal to non-nullable reference type. [/home/runner/work/Wekeza/Wekeza/Core/Wekeza.Core.Domain/Wekeza.Core.Domain.csproj]
/home/runner/work/Wekeza/Wekeza/Core/Wekeza.Core.Domain/ValueObjects/ApiCredentials.cs(134,117): warning CS8625: Cannot convert null literal to non-nullable reference type. [/home/runner/work/Wekeza/Wekeza/Core/Wekeza.Core.Domain/Wekeza.Core.Domain.csproj]
/home/runner/work/Wekeza/Wekeza/Core/Wekeza.Core.Domain/ValueObjects/ApiCredentials.cs(229,75): warning CS8625: Cannot convert null literal to non-nullable reference type. [/home/runner/work/Wekeza/Wekeza/Core/Wekeza.Core.Domain/Wekeza.Core.Domain.csproj]
/home/runner/work/Wekeza/Wekeza/Core/Wekeza.Core.Domain/ValueObjects/ApiCredentials.cs(295,31): warning CS8625: Cannot convert null literal to non-nullable reference type. [/home/runner/work/Wekeza/Wekeza/Core/Wekeza.Core.Domain/Wekeza.Core.Domain.csproj]
/home/runner/work/Wekeza/Wekeza/Core/Wekeza.Core.Domain/ValueObjects/ApiCredentials.cs(295,80): warning CS8625: Cannot convert null literal to non-nullable reference type. [/home/runner/work/Wekeza/Wekeza/Core/Wekeza.Core.Domain/Wekeza.Core.Domain.csproj]
/home/runner/work/Wekeza/Wekeza/Core/Wekeza.Core.Domain/ValueObjects/ApiCredentials.cs(312,110): warning CS8625: Cannot convert null literal to non-nullable reference type. [/home/runner/work/Wekeza/Wekeza/Core/Wekeza.Core.Domain/Wekeza.Core.Domain.csproj]
/home/runner/work/Wekeza/Wekeza/Core/Wekeza.Core.Domain/Aggregates/MessageQueue.cs(72,21): warning CS0108: 'MessageQueue.CreatedAt' hides inherited member 'AggregateRoot.CreatedAt'. Use the new keyword if hiding was intended. [/home/runner/work/Wekeza/Wekeza/Core/Wekeza.Core.Domain/Wekeza.Core.Domain.csproj]
/home/runner/work/Wekeza/Wekeza/Core/Wekeza.Core.Domain/Aggregates/MessageQueue.cs(73,19): warning CS0108: 'MessageQueue.CreatedBy' hides inherited member 'AggregateRoot.CreatedBy'. Use the new keyword if hiding was intended. [/home/runner/work/Wekeza/Wekeza/Core/Wekeza.Core.Domain/Wekeza.Core.Domain.csproj]
/home/runner/work/Wekeza/Wekeza/Core/Wekeza.Core.Domain/ValueObjects/MessageEnvelope.cs(38,30): warning CS8625: Cannot convert null literal to non-nullable reference type. [/home/runner/work/Wekeza/Wekeza/Core/Wekeza.Core.Domain/Wekeza.Core.Domain.csproj]
/home/runner/work/Wekeza/Wekeza/Core/Wekeza.Core.Domain/ValueObjects/MessageEnvelope.cs(39,28): warning CS8625: Cannot convert null literal to non-nullable reference type. [/home/runner/work/Wekeza/Wekeza/Core/Wekeza.Core.Domain/Wekeza.Core.Domain.csproj]
/home/runner/work/Wekeza/Wekeza/Core/Wekeza.Core.Domain/ValueObjects/MessageEnvelope.cs(40,32): warning CS8625: Cannot convert null literal to non-nullable reference type. [/home/runner/work/Wekeza/Wekeza/Core/Wekeza.Core.Domain/Wekeza.Core.Domain.csproj]
/home/runner/work/Wekeza/Wekeza/Core/Wekeza.Core.Domain/ValueObjects/MessageEnvelope.cs(41,46): warning CS8625: Cannot convert null literal to non-nullable reference type. [/home/runner/work/Wekeza/Wekeza/Core/Wekeza.Core.Domain/Wekeza.Core.Domain.csproj]
/home/runner/work/Wekeza/Wekeza/Core/Wekeza.Core.Domain/ValueObjects/MessageEnvelope.cs(44,30): warning CS8625: Cannot convert null literal to non-nullable reference type. [/home/runner/work/Wekeza/Wekeza/Core/Wekeza.Core.Domain/Wekeza.Core.Domain.csproj]
/home/runner/work/Wekeza/Wekeza/Core/Wekeza.Core.Domain/ValueObjects/MessageEnvelope.cs(45,26): warning CS8625: Cannot convert null literal to non-nullable reference type. [/home/runner/work/Wekeza/Wekeza/Core/Wekeza.Core.Domain/Wekeza.Core.Domain.csproj]
/home/runner/work/Wekeza/Wekeza/Core/Wekeza.Core.Domain/ValueObjects/MessageEnvelope.cs(46,29): warning CS8625: Cannot convert null literal to non-nullable reference type. [/home/runner/work/Wekeza/Wekeza/Core/Wekeza.Core.Domain/Wekeza.Core.Domain.csproj]
/home/runner/work/Wekeza/Wekeza/Core/Wekeza.Core.Domain/ValueObjects/MessageEnvelope.cs(48,49): warning CS8625: Cannot convert null literal to non-nullable reference type. [/home/runner/work/Wekeza/Wekeza/Core/Wekeza.Core.Domain/Wekeza.Core.Domain.csproj]
/home/runner/work/Wekeza/Wekeza/Core/Wekeza.Core.Domain/ValueObjects/MessageEnvelope.cs(221,87): warning CS8625: Cannot convert null literal to non-nullable reference type. [/home/runner/work/Wekeza/Wekeza/Core/Wekeza.Core.Domain/Wekeza.Core.Domain.csproj]
/home/runner/work/Wekeza/Wekeza/Core/Wekeza.Core.Domain/ValueObjects/MessageEnvelope.cs(246,83): warning CS8625: Cannot convert null literal to non-nullable reference type. [/home/runner/work/Wekeza/Wekeza/Core/Wekeza.Core.Domain/Wekeza.Core.Domain.csproj]
/home/runner/work/Wekeza/Wekeza/Core/Wekeza.Core.Domain/ValueObjects/MessageEnvelope.cs(323,56): warning CS8601: Possible null reference assignment. [/home/runner/work/Wekeza/Wekeza/Core/Wekeza.Core.Domain/Wekeza.Core.Domain.csproj]
/home/runner/work/Wekeza/Wekeza/Core/Wekeza.Core.Domain/Aggregates/MessageQueue.cs(97,30): warning CS8625: Cannot convert null literal to non-nullable reference type. [/home/runner/work/Wekeza/Wekeza/Core/Wekeza.Core.Domain/Wekeza.Core.Domain.csproj]
/home/runner/work/Wekeza/Wekeza/Core/Wekeza.Core.Domain/Aggregates/MessageQueue.cs(98,44): warning CS8625: Cannot convert null literal to non-nullable reference type. [/home/runner/work/Wekeza/Wekeza/Core/Wekeza.Core.Domain/Wekeza.Core.Domain.csproj]
/home/runner/work/Wekeza/Wekeza/Core/Wekeza.Core.Domain/Aggregates/MessageQueue.cs(306,105): warning CS8625: Cannot convert null literal to non-nullable reference type. [/home/runner/work/Wekeza/Wekeza/Core/Wekeza.Core.Domain/Wekeza.Core.Domain.csproj]
/home/runner/work/Wekeza/Wekeza/Core/Wekeza.Core.Domain/Aggregates/MessageQueue.cs(350,72): warning CS8625: Cannot convert null literal to non-nullable reference type. [/home/runner/work/Wekeza/Wekeza/Core/Wekeza.Core.Domain/Wekeza.Core.Domain.csproj]
/home/runner/work/Wekeza/Wekeza/Core/Wekeza.Core.Domain/Aggregates/MessageQueue.cs(383,46): warning CS8625: Cannot convert null literal to non-nullable reference type. [/home/runner/work/Wekeza/Wekeza/Core/Wekeza.Core.Domain/Wekeza.Core.Domain.csproj]
/home/runner/work/Wekeza/Wekeza/Core/Wekeza.Core.Domain/Aggregates/MessageQueue.cs(492,47): warning CS8625: Cannot convert null literal to non-nullable reference type. [/home/runner/work/Wekeza/Wekeza/Core/Wekeza.Core.Domain/Wekeza.Core.Domain.csproj]
/home/runner/work/Wekeza/Wekeza/Core/Wekeza.Core.Domain/Aggregates/MessageQueue.cs(513,51): warning CS8625: Cannot convert null literal to non-nullable reference type. [/home/runner/work/Wekeza/Wekeza/Core/Wekeza.Core.Domain/Wekeza.Core.Domain.csproj]
/home/runner/work/Wekeza/Wekeza/Core/Wekeza.Core.Domain/Aggregates/MessageQueue.cs(513,73): warning CS8625: Cannot convert null literal to non-nullable reference type. [/home/runner/work/Wekeza/Wekeza/Core/Wekeza.Core.Domain/Wekeza.Core.Domain.csproj]
/home/runner/work/Wekeza/Wekeza/Core/Wekeza.Core.Domain/ValueObjects/MessageEnvelope.cs(334,58): warning CS8601: Possible null reference assignment. [/home/runner/work/Wekeza/Wekeza/Core/Wekeza.Core.Domain/Wekeza.Core.Domain.csproj]
/home/runner/work/Wekeza/Wekeza/Core/Wekeza.Core.Domain/ValueObjects/MessageEnvelope.cs(495,30): warning CS8625: Cannot convert null literal to non-nullable reference type. [/home/runner/work/Wekeza/Wekeza/Core/Wekeza.Core.Domain/Wekeza.Core.Domain.csproj]
/home/runner/work/Wekeza/Wekeza/Core/Wekeza.Core.Domain/ValueObjects/MessageEnvelope.cs(496,28): warning CS8625: Cannot convert null literal to non-nullable reference type. [/home/runner/work/Wekeza/Wekeza/Core/Wekeza.Core.Domain/Wekeza.Core.Domain.csproj]
/home/runner/work/Wekeza/Wekeza/Core/Wekeza.Core.Domain/ValueObjects/MessageEnvelope.cs(497,32): warning CS8625: Cannot convert null literal to non-nullable reference type. [/home/runner/work/Wekeza/Wekeza/Core/Wekeza.Core.Domain/Wekeza.Core.Domain.csproj]
/home/runner/work/Wekeza/Wekeza/Core/Wekeza.Core.Domain/ValueObjects/MessageEnvelope.cs(498,46): warning CS8625: Cannot convert null literal to non-nullable reference type. [/home/runner/work/Wekeza/Wekeza/Core/Wekeza.Core.Domain/Wekeza.Core.Domain.csproj]
/home/runner/work/Wekeza/Wekeza/Core/Wekeza.Core.Domain/ValueObjects/MessageEnvelope.cs(501,30): warning CS8625: Cannot convert null literal to non-nullable reference type. [/home/runner/work/Wekeza/Wekeza/Core/Wekeza.Core.Domain/Wekeza.Core.Domain.csproj]
/home/runner/work/Wekeza/Wekeza/Core/Wekeza.Core.Domain/ValueObjects/MessageEnvelope.cs(502,26): warning CS8625: Cannot convert null literal to non-nullable reference type. [/home/runner/work/Wekeza/Wekeza/Core/Wekeza.Core.Domain/Wekeza.Core.Domain.csproj]
/home/runner/work/Wekeza/Wekeza/Core/Wekeza.Core.Domain/ValueObjects/MessageEnvelope.cs(503,29): warning CS8625: Cannot convert null literal to non-nullable reference type. [/home/runner/work/Wekeza/Wekeza/Core/Wekeza.Core.Domain/Wekeza.Core.Domain.csproj]
/home/runner/work/Wekeza/Wekeza/Core/Wekeza.Core.Domain/ValueObjects/MessageEnvelope.cs(505,49): warning CS8625: Cannot convert null literal to non-nullable reference type. [/home/runner/work/Wekeza/Wekeza/Core/Wekeza.Core.Domain/Wekeza.Core.Domain.csproj]
/home/runner/work/Wekeza/Wekeza/Core/Wekeza.Core.Domain/ValueObjects/MessageEnvelope.cs(542,40): warning CS8625: Cannot convert null literal to non-nullable reference type. [/home/runner/work/Wekeza/Wekeza/Core/Wekeza.Core.Domain/Wekeza.Core.Domain.csproj]
/home/runner/work/Wekeza/Wekeza/Core/Wekeza.Core.Domain/ValueObjects/SecurityPolicy.cs(281,64): warning CS8601: Possible null reference assignment. [/home/runner/work/Wekeza/Wekeza/Core/Wekeza.Core.Domain/Wekeza.Core.Domain.csproj]
/home/runner/work/Wekeza/Wekeza/Core/Wekeza.Core.Domain/Aggregates/Account.cs(53,13): warning CS8618: Non-nullable property 'AccountNumber' must contain a non-null value when exiting constructor. Consider adding the 'required' modifier or declaring the property as nullable. [/home/runner/work/Wekeza/Wekeza/Core/Wekeza.Core.Domain/Wekeza.Core.Domain.csproj]
/home/runner/work/Wekeza/Wekeza/Core/Wekeza.Core.Domain/Aggregates/Account.cs(53,13): warning CS8618: Non-nullable property 'Balance' must contain a non-null value when exiting constructor. Consider adding the 'required' modifier or declaring the property as nullable. [/home/runner/work/Wekeza/Wekeza/Core/Wekeza.Core.Domain/Wekeza.Core.Domain.csproj]
/home/runner/work/Wekeza/Wekeza/Core/Wekeza.Core.Domain/Aggregates/Account.cs(53,13): warning CS8618: Non-nullable property 'OverdraftLimit' must contain a non-null value when exiting constructor. Consider adding the 'required' modifier or declaring the property as nullable. [/home/runner/work/Wekeza/Wekeza/Core/Wekeza.Core.Domain/Wekeza.Core.Domain.csproj]
/home/runner/work/Wekeza/Wekeza/Core/Wekeza.Core.Domain/Aggregates/Account.cs(53,13): warning CS8618: Non-nullable property 'OpenedBy' must contain a non-null value when exiting constructor. Consider adding the 'required' modifier or declaring the property as nullable. [/home/runner/work/Wekeza/Wekeza/Core/Wekeza.Core.Domain/Wekeza.Core.Domain.csproj]
/home/runner/work/Wekeza/Wekeza/Core/Wekeza.Core.Domain/Aggregates/Account.cs(53,13): warning CS8618: Non-nullable property 'AccruedInterest' must contain a non-null value when exiting constructor. Consider adding the 'required' modifier or declaring the property as nullable. [/home/runner/work/Wekeza/Wekeza/Core/Wekeza.Core.Domain/Wekeza.Core.Domain.csproj]
/home/runner/work/Wekeza/Wekeza/Core/Wekeza.Core.Domain/Aggregates/Account.cs(53,13): warning CS8618: Non-nullable property 'DailyTransactionLimit' must contain a non-null value when exiting constructor. Consider adding the 'required' modifier or declaring the property as nullable. [/home/runner/work/Wekeza/Wekeza/Core/Wekeza.Core.Domain/Wekeza.Core.Domain.csproj]
/home/runner/work/Wekeza/Wekeza/Core/Wekeza.Core.Domain/Aggregates/Account.cs(53,13): warning CS8618: Non-nullable property 'MonthlyTransactionLimit' must contain a non-null value when exiting constructor. Consider adding the 'required' modifier or declaring the property as nullable. [/home/runner/work/Wekeza/Wekeza/Core/Wekeza.Core.Domain/Wekeza.Core.Domain.csproj]
/home/runner/work/Wekeza/Wekeza/Core/Wekeza.Core.Domain/Aggregates/Account.cs(53,13): warning CS8618: Non-nullable property 'MinimumBalance' must contain a non-null value when exiting constructor. Consider adding the 'required' modifier or declaring the property as nullable. [/home/runner/work/Wekeza/Wekeza/Core/Wekeza.Core.Domain/Wekeza.Core.Domain.csproj]
/home/runner/work/Wekeza/Wekeza/Core/Wekeza.Core.Domain/Aggregates/Account.cs(53,13): warning CS8618: Non-nullable property 'CustomerGLCode' must contain a non-null value when exiting constructor. Consider adding the 'required' modifier or declaring the property as nullable. [/home/runner/work/Wekeza/Wekeza/Core/Wekeza.Core.Domain/Wekeza.Core.Domain.csproj]
/home/runner/work/Wekeza/Wekeza/Core/Wekeza.Core.Domain/Aggregates/AMLCase.cs(27,13): warning CS8618: Non-nullable property 'CaseNumber' must contain a non-null value when exiting constructor. Consider adding the 'required' modifier or declaring the property as nullable. [/home/runner/work/Wekeza/Wekeza/Core/Wekeza.Core.Domain/Wekeza.Core.Domain.csproj]
/home/runner/work/Wekeza/Wekeza/Core/Wekeza.Core.Domain/Aggregates/AMLCase.cs(27,13): warning CS8618: Non-nullable property 'RiskScore' must contain a non-null value when exiting constructor. Consider adding the 'required' modifier or declaring the property as nullable. [/home/runner/work/Wekeza/Wekeza/Core/Wekeza.Core.Domain/Wekeza.Core.Domain.csproj]
/home/runner/work/Wekeza/Wekeza/Core/Wekeza.Core.Domain/Aggregates/Analytics.cs(430,13): warning CS8618: Non-nullable property 'InsightCode' must contain a non-null value when exiting constructor. Consider adding the 'required' modifier or declaring the property as nullable. [/home/runner/work/Wekeza/Wekeza/Core/Wekeza.Core.Domain/Wekeza.Core.Domain.csproj]
/home/runner/work/Wekeza/Wekeza/Core/Wekeza.Core.Domain/Aggregates/Analytics.cs(430,13): warning CS8618: Non-nullable property 'Title' must contain a non-null value when exiting constructor. Consider adding the 'required' modifier or declaring the property as nullable. [/home/runner/work/Wekeza/Wekeza/Core/Wekeza.Core.Domain/Wekeza.Core.Domain.csproj]
/home/runner/work/Wekeza/Wekeza/Core/Wekeza.Core.Domain/Aggregates/Analytics.cs(430,13): warning CS8618: Non-nullable property 'Description' must contain a non-null value when exiting constructor. Consider adding the 'required' modifier or declaring the property as nullable. [/home/runner/work/Wekeza/Wekeza/Core/Wekeza.Core.Domain/Wekeza.Core.Domain.csproj]
/home/runner/work/Wekeza/Wekeza/Core/Wekeza.Core.Domain/Aggregates/Analytics.cs(430,13): warning CS8618: Non-nullable property 'Recommendation' must contain a non-null value when exiting constructor. Consider adding the 'required' modifier or declaring the property as nullable. [/home/runner/work/Wekeza/Wekeza/Core/Wekeza.Core.Domain/Wekeza.Core.Domain.csproj]
/home/runner/work/Wekeza/Wekeza/Core/Wekeza.Core.Domain/Aggregates/Analytics.cs(483,12): warning CS8618: Non-nullable property 'MetricCode' must contain a non-null value when exiting constructor. Consider adding the 'required' modifier or declaring the property as nullable. [/home/runner/work/Wekeza/Wekeza/Core/Wekeza.Core.Domain/Wekeza.Core.Domain.csproj]
/home/runner/work/Wekeza/Wekeza/Core/Wekeza.Core.Domain/Aggregates/WorkflowInstance.cs(53,13): warning CS8618: Non-nullable property 'WorkflowCode' must contain a non-null value when exiting constructor. Consider adding the 'required' modifier or declaring the property as nullable. [/home/runner/work/Wekeza/Wekeza/Core/Wekeza.Core.Domain/Wekeza.Core.Domain.csproj]
/home/runner/work/Wekeza/Wekeza/Core/Wekeza.Core.Domain/Aggregates/WorkflowInstance.cs(53,13): warning CS8618: Non-nullable property 'WorkflowName' must contain a non-null value when exiting constructor. Consider adding the 'required' modifier or declaring the property as nullable. [/home/runner/work/Wekeza/Wekeza/Core/Wekeza.Core.Domain/Wekeza.Core.Domain.csproj]
/home/runner/work/Wekeza/Wekeza/Core/Wekeza.Core.Domain/Aggregates/WorkflowInstance.cs(53,13): warning CS8618: Non-nullable property 'EntityType' must contain a non-null value when exiting constructor. Consider adding the 'required' modifier or declaring the property as nullable. [/home/runner/work/Wekeza/Wekeza/Core/Wekeza.Core.Domain/Wekeza.Core.Domain.csproj]
/home/runner/work/Wekeza/Wekeza/Core/Wekeza.Core.Domain/Aggregates/WorkflowInstance.cs(53,13): warning CS8618: Non-nullable property 'EntityReference' must contain a non-null value when exiting constructor. Consider adding the 'required' modifier or declaring the property as nullable. [/home/runner/work/Wekeza/Wekeza/Core/Wekeza.Core.Domain/Wekeza.Core.Domain.csproj]
/home/runner/work/Wekeza/Wekeza/Core/Wekeza.Core.Domain/Aggregates/WorkflowInstance.cs(53,13): warning CS8618: Non-nullable property 'InitiatedBy' must contain a non-null value when exiting constructor. Consider adding the 'required' modifier or declaring the property as nullable. [/home/runner/work/Wekeza/Wekeza/Core/Wekeza.Core.Domain/Wekeza.Core.Domain.csproj]
/home/runner/work/Wekeza/Wekeza/Core/Wekeza.Core.Domain/Aggregates/Analytics.cs(57,13): warning CS8618: Non-nullable property 'AnalyticsCode' must contain a non-null value when exiting constructor. Consider adding the 'required' modifier or declaring the property as nullable. [/home/runner/work/Wekeza/Wekeza/Core/Wekeza.Core.Domain/Wekeza.Core.Domain.csproj]
/home/runner/work/Wekeza/Wekeza/Core/Wekeza.Core.Domain/Aggregates/Analytics.cs(57,13): warning CS8618: Non-nullable property 'AnalyticsName' must contain a non-null value when exiting constructor. Consider adding the 'required' modifier or declaring the property as nullable. [/home/runner/work/Wekeza/Wekeza/Core/Wekeza.Core.Domain/Wekeza.Core.Domain.csproj]
/home/runner/work/Wekeza/Wekeza/Core/Wekeza.Core.Domain/Aggregates/Analytics.cs(57,13): warning CS8618: Non-nullable property 'Description' must contain a non-null value when exiting constructor. Consider adding the 'required' modifier or declaring the property as nullable. [/home/runner/work/Wekeza/Wekeza/Core/Wekeza.Core.Domain/Wekeza.Core.Domain.csproj]
/home/runner/work/Wekeza/Wekeza/Core/Wekeza.Core.Domain/Aggregates/Analytics.cs(57,13): warning CS8618: Non-nullable property 'DataSource' must contain a non-null value when exiting constructor. Consider adding the 'required' modifier or declaring the property as nullable. [/home/runner/work/Wekeza/Wekeza/Core/Wekeza.Core.Domain/Wekeza.Core.Domain.csproj]
/home/runner/work/Wekeza/Wekeza/Core/Wekeza.Core.Domain/Aggregates/Analytics.cs(57,13): warning CS8618: Non-nullable property 'ComputedBy' must contain a non-null value when exiting constructor. Consider adding the 'required' modifier or declaring the property as nullable. [/home/runner/work/Wekeza/Wekeza/Core/Wekeza.Core.Domain/Wekeza.Core.Domain.csproj]
/home/runner/work/Wekeza/Wekeza/Core/Wekeza.Core.Domain/Aggregates/Analytics.cs(503,12): warning CS8618: Non-nullable property 'MetricCode' must contain a non-null value when exiting constructor. Consider adding the 'required' modifier or declaring the property as nullable. [/home/runner/work/Wekeza/Wekeza/Core/Wekeza.Core.Domain/Wekeza.Core.Domain.csproj]
/home/runner/work/Wekeza/Wekeza/Core/Wekeza.Core.Domain/Aggregates/Analytics.cs(503,12): warning CS8618: Non-nullable property 'Method' must contain a non-null value when exiting constructor. Consider adding the 'required' modifier or declaring the property as nullable. [/home/runner/work/Wekeza/Wekeza/Core/Wekeza.Core.Domain/Wekeza.Core.Domain.csproj]
/home/runner/work/Wekeza/Wekeza/Core/Wekeza.Core.Domain/Aggregates/Analytics.cs(250,20): warning CS8625: Cannot convert null literal to non-nullable reference type. [/home/runner/work/Wekeza/Wekeza/Core/Wekeza.Core.Domain/Wekeza.Core.Domain.csproj]
/home/runner/work/Wekeza/Wekeza/Core/Wekeza.Core.Domain/Aggregates/Analytics.cs(378,16): warning CS8603: Possible null reference return. [/home/runner/work/Wekeza/Wekeza/Core/Wekeza.Core.Domain/Wekeza.Core.Domain.csproj]
/home/runner/work/Wekeza/Wekeza/Core/Wekeza.Core.Domain/Aggregates/WorkflowDefinition.cs(357,13): warning CS8618: Non-nullable property 'StepName' must contain a non-null value when exiting constructor. Consider adding the 'required' modifier or declaring the property as nullable. [/home/runner/work/Wekeza/Wekeza/Core/Wekeza.Core.Domain/Wekeza.Core.Domain.csproj]
/home/runner/work/Wekeza/Wekeza/Core/Wekeza.Core.Domain/Aggregates/WorkflowDefinition.cs(357,13): warning CS8618: Non-nullable property 'StepType' must contain a non-null value when exiting constructor. Consider adding the 'required' modifier or declaring the property as nullable. [/home/runner/work/Wekeza/Wekeza/Core/Wekeza.Core.Domain/Wekeza.Core.Domain.csproj]
/home/runner/work/Wekeza/Wekeza/Core/Wekeza.Core.Domain/Aggregates/WorkflowDefinition.cs(400,13): warning CS8618: Non-nullable property 'ApproverRole' must contain a non-null value when exiting constructor. Consider adding the 'required' modifier or declaring the property as nullable. [/home/runner/work/Wekeza/Wekeza/Core/Wekeza.Core.Domain/Wekeza.Core.Domain.csproj]
/home/runner/work/Wekeza/Wekeza/Core/Wekeza.Core.Domain/Aggregates/WebhookSubscription.cs(617,19): warning CS8618: Non-nullable property 'DeliveryId' must contain a non-null value when exiting constructor. Consider adding the 'required' modifier or declaring the property as nullable. [/home/runner/work/Wekeza/Wekeza/Core/Wekeza.Core.Domain/Wekeza.Core.Domain.csproj]
/home/runner/work/Wekeza/Wekeza/Core/Wekeza.Core.Domain/Aggregates/WebhookSubscription.cs(621,19): warning CS8618: Non-nullable property 'ResponseBody' must contain a non-null value when exiting constructor. Consider adding the 'required' modifier or declaring the property as nullable. [/home/runner/work/Wekeza/Wekeza/Core/Wekeza.Core.Domain/Wekeza.Core.Domain.csproj]
/home/runner/work/Wekeza/Wekeza/Core/Wekeza.Core.Domain/Aggregates/WebhookSubscription.cs(622,19): warning CS8618: Non-nullable property 'ErrorMessage' must contain a non-null value when exiting constructor. Consider adding the 'required' modifier or declaring the property as nullable. [/home/runner/work/Wekeza/Wekeza/Core/Wekeza.Core.Domain/Wekeza.Core.Domain.csproj]
/home/runner/work/Wekeza/Wekeza/Core/Wekeza.Core.Domain/Aggregates/WorkflowDefinition.cs(43,13): warning CS8618: Non-nullable property 'WorkflowCode' must contain a non-null value when exiting constructor. Consider adding the 'required' modifier or declaring the property as nullable. [/home/runner/work/Wekeza/Wekeza/Core/Wekeza.Core.Domain/Wekeza.Core.Domain.csproj]
/home/runner/work/Wekeza/Wekeza/Core/Wekeza.Core.Domain/Aggregates/WorkflowDefinition.cs(43,13): warning CS8618: Non-nullable property 'WorkflowName' must contain a non-null value when exiting constructor. Consider adding the 'required' modifier or declaring the property as nullable. [/home/runner/work/Wekeza/Wekeza/Core/Wekeza.Core.Domain/Wekeza.Core.Domain.csproj]
/home/runner/work/Wekeza/Wekeza/Core/Wekeza.Core.Domain/Aggregates/WorkflowDefinition.cs(43,13): warning CS8618: Non-nullable property 'Description' must contain a non-null value when exiting constructor. Consider adding the 'required' modifier or declaring the property as nullable. [/home/runner/work/Wekeza/Wekeza/Core/Wekeza.Core.Domain/Wekeza.Core.Domain.csproj]
/home/runner/work/Wekeza/Wekeza/Core/Wekeza.Core.Domain/Aggregates/WorkflowDefinition.cs(43,13): warning CS8618: Non-nullable property 'TriggerEvent' must contain a non-null value when exiting constructor. Consider adding the 'required' modifier or declaring the property as nullable. [/home/runner/work/Wekeza/Wekeza/Core/Wekeza.Core.Domain/Wekeza.Core.Domain.csproj]
/home/runner/work/Wekeza/Wekeza/Core/Wekeza.Core.Domain/Aggregates/WorkflowDefinition.cs(43,13): warning CS8618: Non-nullable property 'CreatedBy' must contain a non-null value when exiting constructor. Consider adding the 'required' modifier or declaring the property as nullable. [/home/runner/work/Wekeza/Wekeza/Core/Wekeza.Core.Domain/Wekeza.Core.Domain.csproj]
/home/runner/work/Wekeza/Wekeza/Core/Wekeza.Core.Domain/Aggregates/User.cs(439,12): warning CS8618: Non-nullable property 'UserAgent' must contain a non-null value when exiting constructor. Consider adding the 'required' modifier or declaring the property as nullable. [/home/runner/work/Wekeza/Wekeza/Core/Wekeza.Core.Domain/Wekeza.Core.Domain.csproj]
/home/runner/work/Wekeza/Wekeza/Core/Wekeza.Core.Domain/Aggregates/WebhookSubscription.cs(79,13): warning CS8618: Non-nullable property 'SubscriptionCode' must contain a non-null value when exiting constructor. Consider adding the 'required' modifier or declaring the property as nullable. [/home/runner/work/Wekeza/Wekeza/Core/Wekeza.Core.Domain/Wekeza.Core.Domain.csproj]
/home/runner/work/Wekeza/Wekeza/Core/Wekeza.Core.Domain/Aggregates/WebhookSubscription.cs(79,13): warning CS8618: Non-nullable property 'SubscriptionName' must contain a non-null value when exiting constructor. Consider adding the 'required' modifier or declaring the property as nullable. [/home/runner/work/Wekeza/Wekeza/Core/Wekeza.Core.Domain/Wekeza.Core.Domain.csproj]
/home/runner/work/Wekeza/Wekeza/Core/Wekeza.Core.Domain/Aggregates/WebhookSubscription.cs(79,13): warning CS8618: Non-nullable property 'Description' must contain a non-null value when exiting constructor. Consider adding the 'required' modifier or declaring the property as nullable. [/home/runner/work/Wekeza/Wekeza/Core/Wekeza.Core.Domain/Wekeza.Core.Domain.csproj]
/home/runner/work/Wekeza/Wekeza/Core/Wekeza.Core.Domain/Aggregates/WebhookSubscription.cs(79,13): warning CS8618: Non-nullable property 'CallbackUrl' must contain a non-null value when exiting constructor. Consider adding the 'required' modifier or declaring the property as nullable. [/home/runner/work/Wekeza/Wekeza/Core/Wekeza.Core.Domain/Wekeza.Core.Domain.csproj]
/home/runner/work/Wekeza/Wekeza/Core/Wekeza.Core.Domain/Aggregates/WebhookSubscription.cs(79,13): warning CS8618: Non-nullable property 'ContentType' must contain a non-null value when exiting constructor. Consider adding the 'required' modifier or declaring the property as nullable. [/home/runner/work/Wekeza/Wekeza/Core/Wekeza.Core.Domain/Wekeza.Core.Domain.csproj]
/home/runner/work/Wekeza/Wekeza/Core/Wekeza.Core.Domain/Aggregates/WebhookSubscription.cs(79,13): warning CS8618: Non-nullable property 'SecretKey' must contain a non-null value when exiting constructor. Consider adding the 'required' modifier or declaring the property as nullable. [/home/runner/work/Wekeza/Wekeza/Core/Wekeza.Core.Domain/Wekeza.Core.Domain.csproj]
/home/runner/work/Wekeza/Wekeza/Core/Wekeza.Core.Domain/Aggregates/WebhookSubscription.cs(79,13): warning CS8618: Non-nullable property 'LastErrorMessage' must contain a non-null value when exiting constructor. Consider adding the 'required' modifier or declaring the property as nullable. [/home/runner/work/Wekeza/Wekeza/Core/Wekeza.Core.Domain/Wekeza.Core.Domain.csproj]
/home/runner/work/Wekeza/Wekeza/Core/Wekeza.Core.Domain/Aggregates/WebhookSubscription.cs(79,13): warning CS8618: Non-nullable property 'SuspensionReason' must contain a non-null value when exiting constructor. Consider adding the 'required' modifier or declaring the property as nullable. [/home/runner/work/Wekeza/Wekeza/Core/Wekeza.Core.Domain/Wekeza.Core.Domain.csproj]
/home/runner/work/Wekeza/Wekeza/Core/Wekeza.Core.Domain/Aggregates/WebhookSubscription.cs(79,13): warning CS8618: Non-nullable property 'CreatedBy' must contain a non-null value when exiting constructor. Consider adding the 'required' modifier or declaring the property as nullable. [/home/runner/work/Wekeza/Wekeza/Core/Wekeza.Core.Domain/Wekeza.Core.Domain.csproj]
/home/runner/work/Wekeza/Wekeza/Core/Wekeza.Core.Domain/Aggregates/WebhookSubscription.cs(79,13): warning CS8618: Non-nullable property 'LastModifiedBy' must contain a non-null value when exiting constructor. Consider adding the 'required' modifier or declaring the property as nullable. [/home/runner/work/Wekeza/Wekeza/Core/Wekeza.Core.Domain/Wekeza.Core.Domain.csproj]
/home/runner/work/Wekeza/Wekeza/Core/Wekeza.Core.Domain/Aggregates/User.cs(60,13): warning CS8618: Non-nullable property 'Username' must contain a non-null value when exiting constructor. Consider adding the 'required' modifier or declaring the property as nullable. [/home/runner/work/Wekeza/Wekeza/Core/Wekeza.Core.Domain/Wekeza.Core.Domain.csproj]
/home/runner/work/Wekeza/Wekeza/Core/Wekeza.Core.Domain/Aggregates/User.cs(60,13): warning CS8618: Non-nullable property 'Email' must contain a non-null value when exiting constructor. Consider adding the 'required' modifier or declaring the property as nullable. [/home/runner/work/Wekeza/Wekeza/Core/Wekeza.Core.Domain/Wekeza.Core.Domain.csproj]
/home/runner/work/Wekeza/Wekeza/Core/Wekeza.Core.Domain/Aggregates/User.cs(60,13): warning CS8618: Non-nullable property 'FirstName' must contain a non-null value when exiting constructor. Consider adding the 'required' modifier or declaring the property as nullable. [/home/runner/work/Wekeza/Wekeza/Core/Wekeza.Core.Domain/Wekeza.Core.Domain.csproj]
/home/runner/work/Wekeza/Wekeza/Core/Wekeza.Core.Domain/Aggregates/User.cs(60,13): warning CS8618: Non-nullable property 'LastName' must contain a non-null value when exiting constructor. Consider adding the 'required' modifier or declaring the property as nullable. [/home/runner/work/Wekeza/Wekeza/Core/Wekeza.Core.Domain/Wekeza.Core.Domain.csproj]
/home/runner/work/Wekeza/Wekeza/Core/Wekeza.Core.Domain/Aggregates/User.cs(60,13): warning CS8618: Non-nullable property 'EmployeeId' must contain a non-null value when exiting constructor. Consider adding the 'required' modifier or declaring the property as nullable. [/home/runner/work/Wekeza/Wekeza/Core/Wekeza.Core.Domain/Wekeza.Core.Domain.csproj]
/home/runner/work/Wekeza/Wekeza/Core/Wekeza.Core.Domain/Aggregates/User.cs(60,13): warning CS8618: Non-nullable property 'PasswordHash' must contain a non-null value when exiting constructor. Consider adding the 'required' modifier or declaring the property as nullable. [/home/runner/work/Wekeza/Wekeza/Core/Wekeza.Core.Domain/Wekeza.Core.Domain.csproj]
/home/runner/work/Wekeza/Wekeza/Core/Wekeza.Core.Domain/Aggregates/User.cs(60,13): warning CS8618: Non-nullable property 'TimeZone' must contain a non-null value when exiting constructor. Consider adding the 'required' modifier or declaring the property as nullable. [/home/runner/work/Wekeza/Wekeza/Core/Wekeza.Core.Domain/Wekeza.Core.Domain.csproj]
/home/runner/work/Wekeza/Wekeza/Core/Wekeza.Core.Domain/Aggregates/User.cs(60,13): warning CS8618: Non-nullable property 'Language' must contain a non-null value when exiting constructor. Consider adding the 'required' modifier or declaring the property as nullable. [/home/runner/work/Wekeza/Wekeza/Core/Wekeza.Core.Domain/Wekeza.Core.Domain.csproj]
/home/runner/work/Wekeza/Wekeza/Core/Wekeza.Core.Domain/Aggregates/User.cs(60,13): warning CS8618: Non-nullable property 'CreatedBy' must contain a non-null value when exiting constructor. Consider adding the 'required' modifier or declaring the property as nullable. [/home/runner/work/Wekeza/Wekeza/Core/Wekeza.Core.Domain/Wekeza.Core.Domain.csproj]
/home/runner/work/Wekeza/Wekeza/Core/Wekeza.Core.Domain/Aggregates/Transaction.cs(17,13): warning CS8618: Non-nullable property 'Amount' must contain a non-null value when exiting constructor. Consider adding the 'required' modifier or declaring the property as nullable. [/home/runner/work/Wekeza/Wekeza/Core/Wekeza.Core.Domain/Wekeza.Core.Domain.csproj]
/home/runner/work/Wekeza/Wekeza/Core/Wekeza.Core.Domain/Aggregates/Transaction.cs(17,13): warning CS8618: Non-nullable property 'Description' must contain a non-null value when exiting constructor. Consider adding the 'required' modifier or declaring the property as nullable. [/home/runner/work/Wekeza/Wekeza/Core/Wekeza.Core.Domain/Wekeza.Core.Domain.csproj]
/home/runner/work/Wekeza/Wekeza/Core/Wekeza.Core.Domain/Aggregates/TermDeposit.cs(337,13): warning CS8618: Non-nullable property 'Amount' must contain a non-null value when exiting constructor. Consider adding the 'required' modifier or declaring the property as nullable. [/home/runner/work/Wekeza/Wekeza/Core/Wekeza.Core.Domain/Wekeza.Core.Domain.csproj]
/home/runner/work/Wekeza/Wekeza/Core/Wekeza.Core.Domain/Aggregates/TermDeposit.cs(337,13): warning CS8618: Non-nullable property 'BalanceAfter' must contain a non-null value when exiting constructor. Consider adding the 'required' modifier or declaring the property as nullable. [/home/runner/work/Wekeza/Wekeza/Core/Wekeza.Core.Domain/Wekeza.Core.Domain.csproj]
/home/runner/work/Wekeza/Wekeza/Core/Wekeza.Core.Domain/Aggregates/TermDeposit.cs(337,13): warning CS8618: Non-nullable property 'Description' must contain a non-null value when exiting constructor. Consider adding the 'required' modifier or declaring the property as nullable. [/home/runner/work/Wekeza/Wekeza/Core/Wekeza.Core.Domain/Wekeza.Core.Domain.csproj]
/home/runner/work/Wekeza/Wekeza/Core/Wekeza.Core.Domain/Aggregates/WebhookSubscription.cs(313,32): warning CS8625: Cannot convert null literal to non-nullable reference type. [/home/runner/work/Wekeza/Wekeza/Core/Wekeza.Core.Domain/Wekeza.Core.Domain.csproj]
/home/runner/work/Wekeza/Wekeza/Core/Wekeza.Core.Domain/Aggregates/TermDeposit.cs(48,13): warning CS8618: Non-nullable property 'DepositNumber' must contain a non-null value when exiting constructor. Consider adding the 'required' modifier or declaring the property as nullable. [/home/runner/work/Wekeza/Wekeza/Core/Wekeza.Core.Domain/Wekeza.Core.Domain.csproj]
/home/runner/work/Wekeza/Wekeza/Core/Wekeza.Core.Domain/Aggregates/TermDeposit.cs(48,13): warning CS8618: Non-nullable property 'PrincipalAmount' must contain a non-null value when exiting constructor. Consider adding the 'required' modifier or declaring the property as nullable. [/home/runner/work/Wekeza/Wekeza/Core/Wekeza.Core.Domain/Wekeza.Core.Domain.csproj]
/home/runner/work/Wekeza/Wekeza/Core/Wekeza.Core.Domain/Aggregates/TermDeposit.cs(48,13): warning CS8618: Non-nullable property 'InterestRate' must contain a non-null value when exiting constructor. Consider adding the 'required' modifier or declaring the property as nullable. [/home/runner/work/Wekeza/Wekeza/Core/Wekeza.Core.Domain/Wekeza.Core.Domain.csproj]
/home/runner/work/Wekeza/Wekeza/Core/Wekeza.Core.Domain/Aggregates/TermDeposit.cs(48,13): warning CS8618: Non-nullable property 'MaturityAmount' must contain a non-null value when exiting constructor. Consider adding the 'required' modifier or declaring the property as nullable. [/home/runner/work/Wekeza/Wekeza/Core/Wekeza.Core.Domain/Wekeza.Core.Domain.csproj]
/home/runner/work/Wekeza/Wekeza/Core/Wekeza.Core.Domain/Aggregates/TermDeposit.cs(48,13): warning CS8618: Non-nullable property 'MinimumBalance' must contain a non-null value when exiting constructor. Consider adding the 'required' modifier or declaring the property as nullable. [/home/runner/work/Wekeza/Wekeza/Core/Wekeza.Core.Domain/Wekeza.Core.Domain.csproj]
/home/runner/work/Wekeza/Wekeza/Core/Wekeza.Core.Domain/Aggregates/TermDeposit.cs(48,13): warning CS8618: Non-nullable property 'AccruedInterest' must contain a non-null value when exiting constructor. Consider adding the 'required' modifier or declaring the property as nullable. [/home/runner/work/Wekeza/Wekeza/Core/Wekeza.Core.Domain/Wekeza.Core.Domain.csproj]
/home/runner/work/Wekeza/Wekeza/Core/Wekeza.Core.Domain/Aggregates/TermDeposit.cs(48,13): warning CS8618: Non-nullable property 'WithdrawnAmount' must contain a non-null value when exiting constructor. Consider adding the 'required' modifier or declaring the property as nullable. [/home/runner/work/Wekeza/Wekeza/Core/Wekeza.Core.Domain/Wekeza.Core.Domain.csproj]
/home/runner/work/Wekeza/Wekeza/Core/Wekeza.Core.Domain/Aggregates/TermDeposit.cs(48,13): warning CS8618: Non-nullable property 'BranchCode' must contain a non-null value when exiting constructor. Consider adding the 'required' modifier or declaring the property as nullable. [/home/runner/work/Wekeza/Wekeza/Core/Wekeza.Core.Domain/Wekeza.Core.Domain.csproj]
/home/runner/work/Wekeza/Wekeza/Core/Wekeza.Core.Domain/Aggregates/TermDeposit.cs(48,13): warning CS8618: Non-nullable property 'CreatedBy' must contain a non-null value when exiting constructor. Consider adding the 'required' modifier or declaring the property as nullable. [/home/runner/work/Wekeza/Wekeza/Core/Wekeza.Core.Domain/Wekeza.Core.Domain.csproj]
/home/runner/work/Wekeza/Wekeza/Core/Wekeza.Core.Domain/Aggregates/TermDeposit.cs(50,12): warning CS8618: Non-nullable property 'MaturityAmount' must contain a non-null value when exiting constructor. Consider adding the 'required' modifier or declaring the property as nullable. [/home/runner/work/Wekeza/Wekeza/Core/Wekeza.Core.Domain/Wekeza.Core.Domain.csproj]
/home/runner/work/Wekeza/Wekeza/Core/Wekeza.Core.Domain/Aggregates/WebhookSubscription.cs(400,28): warning CS8625: Cannot convert null literal to non-nullable reference type. [/home/runner/work/Wekeza/Wekeza/Core/Wekeza.Core.Domain/Wekeza.Core.Domain.csproj]
/home/runner/work/Wekeza/Wekeza/Core/Wekeza.Core.Domain/Aggregates/TellerTransaction.cs(85,13): warning CS8618: Non-nullable property 'TransactionNumber' must contain a non-null value when exiting constructor. Consider adding the 'required' modifier or declaring the property as nullable. [/home/runner/work/Wekeza/Wekeza/Core/Wekeza.Core.Domain/Wekeza.Core.Domain.csproj]
/home/runner/work/Wekeza/Wekeza/Core/Wekeza.Core.Domain/Aggregates/TellerTransaction.cs(85,13): warning CS8618: Non-nullable property 'SessionNumber' must contain a non-null value when exiting constructor. Consider adding the 'required' modifier or declaring the property as nullable. [/home/runner/work/Wekeza/Wekeza/Core/Wekeza.Core.Domain/Wekeza.Core.Domain.csproj]
/home/runner/work/Wekeza/Wekeza/Core/Wekeza.Core.Domain/Aggregates/TellerTransaction.cs(85,13): warning CS8618: Non-nullable property 'Amount' must contain a non-null value when exiting constructor. Consider adding the 'required' modifier or declaring the property as nullable. [/home/runner/work/Wekeza/Wekeza/Core/Wekeza.Core.Domain/Wekeza.Core.Domain.csproj]
/home/runner/work/Wekeza/Wekeza/Core/Wekeza.Core.Domain/Aggregates/TellerTransaction.cs(85,13): warning CS8618: Non-nullable property 'Currency' must contain a non-null value when exiting constructor. Consider adding the 'required' modifier or declaring the property as nullable. [/home/runner/work/Wekeza/Wekeza/Core/Wekeza.Core.Domain/Wekeza.Core.Domain.csproj]
/home/runner/work/Wekeza/Wekeza/Core/Wekeza.Core.Domain/Aggregates/TellerTransaction.cs(85,13): warning CS8618: Non-nullable property 'TellerCode' must contain a non-null value when exiting constructor. Consider adding the 'required' modifier or declaring the property as nullable. [/home/runner/work/Wekeza/Wekeza/Core/Wekeza.Core.Domain/Wekeza.Core.Domain.csproj]
/home/runner/work/Wekeza/Wekeza/Core/Wekeza.Core.Domain/Aggregates/TellerTransaction.cs(85,13): warning CS8618: Non-nullable property 'TellerName' must contain a non-null value when exiting constructor. Consider adding the 'required' modifier or declaring the property as nullable. [/home/runner/work/Wekeza/Wekeza/Core/Wekeza.Core.Domain/Wekeza.Core.Domain.csproj]
/home/runner/work/Wekeza/Wekeza/Core/Wekeza.Core.Domain/Aggregates/TellerTransaction.cs(85,13): warning CS8618: Non-nullable property 'BranchCode' must contain a non-null value when exiting constructor. Consider adding the 'required' modifier or declaring the property as nullable. [/home/runner/work/Wekeza/Wekeza/Core/Wekeza.Core.Domain/Wekeza.Core.Domain.csproj]
/home/runner/work/Wekeza/Wekeza/Core/Wekeza.Core.Domain/Aggregates/TellerTransaction.cs(85,13): warning CS8618: Non-nullable property 'ProcessedBy' must contain a non-null value when exiting constructor. Consider adding the 'required' modifier or declaring the property as nullable. [/home/runner/work/Wekeza/Wekeza/Core/Wekeza.Core.Domain/Wekeza.Core.Domain.csproj]
/home/runner/work/Wekeza/Wekeza/Core/Wekeza.Core.Domain/Aggregates/TaskAssignment.cs(388,13): warning CS8618: Non-nullable property 'AddedBy' must contain a non-null value when exiting constructor. Consider adding the 'required' modifier or declaring the property as nullable. [/home/runner/work/Wekeza/Wekeza/Core/Wekeza.Core.Domain/Wekeza.Core.Domain.csproj]
/home/runner/work/Wekeza/Wekeza/Core/Wekeza.Core.Domain/Aggregates/SystemMonitor.cs(463,12): warning CS8618: Non-nullable property 'MonitorCode' must contain a non-null value when exiting constructor. Consider adding the 'required' modifier or declaring the property as nullable. [/home/runner/work/Wekeza/Wekeza/Core/Wekeza.Core.Domain/Wekeza.Core.Domain.csproj]
/home/runner/work/Wekeza/Wekeza/Core/Wekeza.Core.Domain/Aggregates/SystemMonitor.cs(463,12): warning CS8618: Non-nullable property 'Message' must contain a non-null value when exiting constructor. Consider adding the 'required' modifier or declaring the property as nullable. [/home/runner/work/Wekeza/Wekeza/Core/Wekeza.Core.Domain/Wekeza.Core.Domain.csproj]
/home/runner/work/Wekeza/Wekeza/Core/Wekeza.Core.Domain/Aggregates/TaskAssignment.cs(359,13): warning CS8618: Non-nullable property 'FileName' must contain a non-null value when exiting constructor. Consider adding the 'required' modifier or declaring the property as nullable. [/home/runner/work/Wekeza/Wekeza/Core/Wekeza.Core.Domain/Wekeza.Core.Domain.csproj]
/home/runner/work/Wekeza/Wekeza/Core/Wekeza.Core.Domain/Aggregates/TaskAssignment.cs(359,13): warning CS8618: Non-nullable property 'FilePath' must contain a non-null value when exiting constructor. Consider adding the 'required' modifier or declaring the property as nullable. [/home/runner/work/Wekeza/Wekeza/Core/Wekeza.Core.Domain/Wekeza.Core.Domain.csproj]
/home/runner/work/Wekeza/Wekeza/Core/Wekeza.Core.Domain/Aggregates/TaskAssignment.cs(359,13): warning CS8618: Non-nullable property 'UploadedBy' must contain a non-null value when exiting constructor. Consider adding the 'required' modifier or declaring the property as nullable. [/home/runner/work/Wekeza/Wekeza/Core/Wekeza.Core.Domain/Wekeza.Core.Domain.csproj]
/home/runner/work/Wekeza/Wekeza/Core/Wekeza.Core.Domain/Aggregates/WebhookSubscription.cs(463,13): warning CS8604: Possible null reference argument for parameter 'Reason' in 'WebhookSubscriptionSuspendedDomainEvent.WebhookSubscriptionSuspendedDomainEvent(Guid SubscriptionId, string SubscriptionCode, string SuspendedBy, string Reason)'. [/home/runner/work/Wekeza/Wekeza/Core/Wekeza.Core.Domain/Wekeza.Core.Domain.csproj]
/home/runner/work/Wekeza/Wekeza/Core/Wekeza.Core.Domain/Aggregates/TaskAssignment.cs(334,13): warning CS8618: Non-nullable property 'UserId' must contain a non-null value when exiting constructor. Consider adding the 'required' modifier or declaring the property as nullable. [/home/runner/work/Wekeza/Wekeza/Core/Wekeza.Core.Domain/Wekeza.Core.Domain.csproj]
/home/runner/work/Wekeza/Wekeza/Core/Wekeza.Core.Domain/Aggregates/TaskAssignment.cs(334,13): warning CS8618: Non-nullable property 'Comment' must contain a non-null value when exiting constructor. Consider adding the 'required' modifier or declaring the property as nullable. [/home/runner/work/Wekeza/Wekeza/Core/Wekeza.Core.Domain/Wekeza.Core.Domain.csproj]
/home/runner/work/Wekeza/Wekeza/Core/Wekeza.Core.Domain/Aggregates/SWIFTMessage.cs(329,13): warning CS8618: Non-nullable property 'FieldTag' must contain a non-null value when exiting constructor. Consider adding the 'required' modifier or declaring the property as nullable. [/home/runner/work/Wekeza/Wekeza/Core/Wekeza.Core.Domain/Wekeza.Core.Domain.csproj]
/home/runner/work/Wekeza/Wekeza/Core/Wekeza.Core.Domain/Aggregates/SWIFTMessage.cs(329,13): warning CS8618: Non-nullable property 'FieldValue' must contain a non-null value when exiting constructor. Consider adding the 'required' modifier or declaring the property as nullable. [/home/runner/work/Wekeza/Wekeza/Core/Wekeza.Core.Domain/Wekeza.Core.Domain.csproj]
/home/runner/work/Wekeza/Wekeza/Core/Wekeza.Core.Domain/Aggregates/TellerSession.cs(65,13): warning CS8618: Non-nullable property 'SessionId' must contain a non-null value when exiting constructor. Consider adding the 'required' modifier or declaring the property as nullable. [/home/runner/work/Wekeza/Wekeza/Core/Wekeza.Core.Domain/Wekeza.Core.Domain.csproj]
/home/runner/work/Wekeza/Wekeza/Core/Wekeza.Core.Domain/Aggregates/TellerSession.cs(65,13): warning CS8618: Non-nullable property 'TellerCode' must contain a non-null value when exiting constructor. Consider adding the 'required' modifier or declaring the property as nullable. [/home/runner/work/Wekeza/Wekeza/Core/Wekeza.Core.Domain/Wekeza.Core.Domain.csproj]
/home/runner/work/Wekeza/Wekeza/Core/Wekeza.Core.Domain/Aggregates/TellerSession.cs(65,13): warning CS8618: Non-nullable property 'TellerName' must contain a non-null value when exiting constructor. Consider adding the 'required' modifier or declaring the property as nullable. [/home/runner/work/Wekeza/Wekeza/Core/Wekeza.Core.Domain/Wekeza.Core.Domain.csproj]
/home/runner/work/Wekeza/Wekeza/Core/Wekeza.Core.Domain/Aggregates/TellerSession.cs(65,13): warning CS8618: Non-nullable property 'BranchCode' must contain a non-null value when exiting constructor. Consider adding the 'required' modifier or declaring the property as nullable. [/home/runner/work/Wekeza/Wekeza/Core/Wekeza.Core.Domain/Wekeza.Core.Domain.csproj]
/home/runner/work/Wekeza/Wekeza/Core/Wekeza.Core.Domain/Aggregates/TellerSession.cs(65,13): warning CS8618: Non-nullable property 'OpeningCashBalance' must contain a non-null value when exiting constructor. Consider adding the 'required' modifier or declaring the property as nullable. [/home/runner/work/Wekeza/Wekeza/Core/Wekeza.Core.Domain/Wekeza.Core.Domain.csproj]
/home/runner/work/Wekeza/Wekeza/Core/Wekeza.Core.Domain/Aggregates/TellerSession.cs(65,13): warning CS8618: Non-nullable property 'CurrentCashBalance' must contain a non-null value when exiting constructor. Consider adding the 'required' modifier or declaring the property as nullable. [/home/runner/work/Wekeza/Wekeza/Core/Wekeza.Core.Domain/Wekeza.Core.Domain.csproj]
/home/runner/work/Wekeza/Wekeza/Core/Wekeza.Core.Domain/Aggregates/TellerSession.cs(65,13): warning CS8618: Non-nullable property 'TotalDeposits' must contain a non-null value when exiting constructor. Consider adding the 'required' modifier or declaring the property as nullable. [/home/runner/work/Wekeza/Wekeza/Core/Wekeza.Core.Domain/Wekeza.Core.Domain.csproj]
/home/runner/work/Wekeza/Wekeza/Core/Wekeza.Core.Domain/Aggregates/TellerSession.cs(65,13): warning CS8618: Non-nullable property 'TotalWithdrawals' must contain a non-null value when exiting constructor. Consider adding the 'required' modifier or declaring the property as nullable. [/home/runner/work/Wekeza/Wekeza/Core/Wekeza.Core.Domain/Wekeza.Core.Domain.csproj]
/home/runner/work/Wekeza/Wekeza/Core/Wekeza.Core.Domain/Aggregates/TellerSession.cs(65,13): warning CS8618: Non-nullable property 'TotalTransfers' must contain a non-null value when exiting constructor. Consider adding the 'required' modifier or declaring the property as nullable. [/home/runner/work/Wekeza/Wekeza/Core/Wekeza.Core.Domain/Wekeza.Core.Domain.csproj]
/home/runner/work/Wekeza/Wekeza/Core/Wekeza.Core.Domain/Aggregates/TellerSession.cs(65,13): warning CS8618: Non-nullable property 'DailyTransactionLimit' must contain a non-null value when exiting constructor. Consider adding the 'required' modifier or declaring the property as nullable. [/home/runner/work/Wekeza/Wekeza/Core/Wekeza.Core.Domain/Wekeza.Core.Domain.csproj]
/home/runner/work/Wekeza/Wekeza/Core/Wekeza.Core.Domain/Aggregates/TellerSession.cs(65,13): warning CS8618: Non-nullable property 'SingleTransactionLimit' must contain a non-null value when exiting constructor. Consider adding the 'required' modifier or declaring the property as nullable. [/home/runner/work/Wekeza/Wekeza/Core/Wekeza.Core.Domain/Wekeza.Core.Domain.csproj]
/home/runner/work/Wekeza/Wekeza/Core/Wekeza.Core.Domain/Aggregates/TellerSession.cs(65,13): warning CS8618: Non-nullable property 'CashWithdrawalLimit' must contain a non-null value when exiting constructor. Consider adding the 'required' modifier or declaring the property as nullable. [/home/runner/work/Wekeza/Wekeza/Core/Wekeza.Core.Domain/Wekeza.Core.Domain.csproj]
/home/runner/work/Wekeza/Wekeza/Core/Wekeza.Core.Domain/Aggregates/TellerSession.cs(65,13): warning CS8618: Non-nullable property 'CreatedBy' must contain a non-null value when exiting constructor. Consider adding the 'required' modifier or declaring the property as nullable. [/home/runner/work/Wekeza/Wekeza/Core/Wekeza.Core.Domain/Wekeza.Core.Domain.csproj]
/home/runner/work/Wekeza/Wekeza/Core/Wekeza.Core.Domain/Aggregates/TaskAssignment.cs(49,13): warning CS8618: Non-nullable property 'TaskCode' must contain a non-null value when exiting constructor. Consider adding the 'required' modifier or declaring the property as nullable. [/home/runner/work/Wekeza/Wekeza/Core/Wekeza.Core.Domain/Wekeza.Core.Domain.csproj]
/home/runner/work/Wekeza/Wekeza/Core/Wekeza.Core.Domain/Aggregates/TaskAssignment.cs(49,13): warning CS8618: Non-nullable property 'Title' must contain a non-null value when exiting constructor. Consider adding the 'required' modifier or declaring the property as nullable. [/home/runner/work/Wekeza/Wekeza/Core/Wekeza.Core.Domain/Wekeza.Core.Domain.csproj]
/home/runner/work/Wekeza/Wekeza/Core/Wekeza.Core.Domain/Aggregates/TaskAssignment.cs(49,13): warning CS8618: Non-nullable property 'Description' must contain a non-null value when exiting constructor. Consider adding the 'required' modifier or declaring the property as nullable. [/home/runner/work/Wekeza/Wekeza/Core/Wekeza.Core.Domain/Wekeza.Core.Domain.csproj]
/home/runner/work/Wekeza/Wekeza/Core/Wekeza.Core.Domain/Aggregates/TaskAssignment.cs(49,13): warning CS8618: Non-nullable property 'CreatedBy' must contain a non-null value when exiting constructor. Consider adding the 'required' modifier or declaring the property as nullable. [/home/runner/work/Wekeza/Wekeza/Core/Wekeza.Core.Domain/Wekeza.Core.Domain.csproj]
/home/runner/work/Wekeza/Wekeza/Core/Wekeza.Core.Domain/Aggregates/TaskAssignment.cs(49,13): warning CS8618: Non-nullable property 'BranchCode' must contain a non-null value when exiting constructor. Consider adding the 'required' modifier or declaring the property as nullable. [/home/runner/work/Wekeza/Wekeza/Core/Wekeza.Core.Domain/Wekeza.Core.Domain.csproj]
/home/runner/work/Wekeza/Wekeza/Core/Wekeza.Core.Domain/Aggregates/TaskAssignment.cs(49,13): warning CS8618: Non-nullable property 'Department' must contain a non-null value when exiting constructor. Consider adding the 'required' modifier or declaring the property as nullable. [/home/runner/work/Wekeza/Wekeza/Core/Wekeza.Core.Domain/Wekeza.Core.Domain.csproj]
/home/runner/work/Wekeza/Wekeza/Core/Wekeza.Core.Domain/Aggregates/SystemMonitor.cs(53,13): warning CS8618: Non-nullable property 'MonitorCode' must contain a non-null value when exiting constructor. Consider adding the 'required' modifier or declaring the property as nullable. [/home/runner/work/Wekeza/Wekeza/Core/Wekeza.Core.Domain/Wekeza.Core.Domain.csproj]
/home/runner/work/Wekeza/Wekeza/Core/Wekeza.Core.Domain/Aggregates/SystemMonitor.cs(53,13): warning CS8618: Non-nullable property 'MonitorName' must contain a non-null value when exiting constructor. Consider adding the 'required' modifier or declaring the property as nullable. [/home/runner/work/Wekeza/Wekeza/Core/Wekeza.Core.Domain/Wekeza.Core.Domain.csproj]
/home/runner/work/Wekeza/Wekeza/Core/Wekeza.Core.Domain/Aggregates/SystemMonitor.cs(53,13): warning CS8618: Non-nullable property 'TargetResource' must contain a non-null value when exiting constructor. Consider adding the 'required' modifier or declaring the property as nullable. [/home/runner/work/Wekeza/Wekeza/Core/Wekeza.Core.Domain/Wekeza.Core.Domain.csproj]
/home/runner/work/Wekeza/Wekeza/Core/Wekeza.Core.Domain/Aggregates/SystemMonitor.cs(53,13): warning CS8618: Non-nullable property 'CreatedBy' must contain a non-null value when exiting constructor. Consider adding the 'required' modifier or declaring the property as nullable. [/home/runner/work/Wekeza/Wekeza/Core/Wekeza.Core.Domain/Wekeza.Core.Domain.csproj]
/home/runner/work/Wekeza/Wekeza/Core/Wekeza.Core.Domain/Aggregates/SWIFTMessage.cs(43,13): warning CS8618: Non-nullable property 'MessageReference' must contain a non-null value when exiting constructor. Consider adding the 'required' modifier or declaring the property as nullable. [/home/runner/work/Wekeza/Wekeza/Core/Wekeza.Core.Domain/Wekeza.Core.Domain.csproj]
/home/runner/work/Wekeza/Wekeza/Core/Wekeza.Core.Domain/Aggregates/SWIFTMessage.cs(43,13): warning CS8618: Non-nullable property 'SWIFTReference' must contain a non-null value when exiting constructor. Consider adding the 'required' modifier or declaring the property as nullable. [/home/runner/work/Wekeza/Wekeza/Core/Wekeza.Core.Domain/Wekeza.Core.Domain.csproj]
/home/runner/work/Wekeza/Wekeza/Core/Wekeza.Core.Domain/Aggregates/SWIFTMessage.cs(43,13): warning CS8618: Non-nullable property 'MessageText' must contain a non-null value when exiting constructor. Consider adding the 'required' modifier or declaring the property as nullable. [/home/runner/work/Wekeza/Wekeza/Core/Wekeza.Core.Domain/Wekeza.Core.Domain.csproj]
/home/runner/work/Wekeza/Wekeza/Core/Wekeza.Core.Domain/Aggregates/SWIFTMessage.cs(43,13): warning CS8618: Non-nullable property 'SenderBIC' must contain a non-null value when exiting constructor. Consider adding the 'required' modifier or declaring the property as nullable. [/home/runner/work/Wekeza/Wekeza/Core/Wekeza.Core.Domain/Wekeza.Core.Domain.csproj]
/home/runner/work/Wekeza/Wekeza/Core/Wekeza.Core.Domain/Aggregates/SWIFTMessage.cs(43,13): warning CS8618: Non-nullable property 'ReceiverBIC' must contain a non-null value when exiting constructor. Consider adding the 'required' modifier or declaring the property as nullable. [/home/runner/work/Wekeza/Wekeza/Core/Wekeza.Core.Domain/Wekeza.Core.Domain.csproj]
/home/runner/work/Wekeza/Wekeza/Core/Wekeza.Core.Domain/Aggregates/SWIFTMessage.cs(43,13): warning CS8618: Non-nullable property 'CreatedBy' must contain a non-null value when exiting constructor. Consider adding the 'required' modifier or declaring the property as nullable. [/home/runner/work/Wekeza/Wekeza/Core/Wekeza.Core.Domain/Wekeza.Core.Domain.csproj]
/home/runner/work/Wekeza/Wekeza/Core/Wekeza.Core.Domain/Aggregates/SystemParameter.cs(59,13): warning CS8618: Non-nullable property 'ParameterCode' must contain a non-null value when exiting constructor. Consider adding the 'required' modifier or declaring the property as nullable. [/home/runner/work/Wekeza/Wekeza/Core/Wekeza.Core.Domain/Wekeza.Core.Domain.csproj]
/home/runner/work/Wekeza/Wekeza/Core/Wekeza.Core.Domain/Aggregates/SystemParameter.cs(59,13): warning CS8618: Non-nullable property 'ParameterName' must contain a non-null value when exiting constructor. Consider adding the 'required' modifier or declaring the property as nullable. [/home/runner/work/Wekeza/Wekeza/Core/Wekeza.Core.Domain/Wekeza.Core.Domain.csproj]
/home/runner/work/Wekeza/Wekeza/Core/Wekeza.Core.Domain/Aggregates/SystemParameter.cs(59,13): warning CS8618: Non-nullable property 'Description' must contain a non-null value when exiting constructor. Consider adding the 'required' modifier or declaring the property as nullable. [/home/runner/work/Wekeza/Wekeza/Core/Wekeza.Core.Domain/Wekeza.Core.Domain.csproj]
/home/runner/work/Wekeza/Wekeza/Core/Wekeza.Core.Domain/Aggregates/SystemParameter.cs(59,13): warning CS8618: Non-nullable property 'Value' must contain a non-null value when exiting constructor. Consider adding the 'required' modifier or declaring the property as nullable. [/home/runner/work/Wekeza/Wekeza/Core/Wekeza.Core.Domain/Wekeza.Core.Domain.csproj]
/home/runner/work/Wekeza/Wekeza/Core/Wekeza.Core.Domain/Aggregates/SystemParameter.cs(59,13): warning CS8618: Non-nullable property 'DefaultValue' must contain a non-null value when exiting constructor. Consider adding the 'required' modifier or declaring the property as nullable. [/home/runner/work/Wekeza/Wekeza/Core/Wekeza.Core.Domain/Wekeza.Core.Domain.csproj]
/home/runner/work/Wekeza/Wekeza/Core/Wekeza.Core.Domain/Aggregates/SystemParameter.cs(59,13): warning CS8618: Non-nullable property 'Environment' must contain a non-null value when exiting constructor. Consider adding the 'required' modifier or declaring the property as nullable. [/home/runner/work/Wekeza/Wekeza/Core/Wekeza.Core.Domain/Wekeza.Core.Domain.csproj]
/home/runner/work/Wekeza/Wekeza/Core/Wekeza.Core.Domain/Aggregates/SystemParameter.cs(59,13): warning CS8618: Non-nullable property 'CreatedBy' must contain a non-null value when exiting constructor. Consider adding the 'required' modifier or declaring the property as nullable. [/home/runner/work/Wekeza/Wekeza/Core/Wekeza.Core.Domain/Wekeza.Core.Domain.csproj]
/home/runner/work/Wekeza/Wekeza/Core/Wekeza.Core.Domain/Aggregates/SecurityDeal.cs(28,13): warning CS8618: Non-nullable property 'DealNumber' must contain a non-null value when exiting constructor. Consider adding the 'required' modifier or declaring the property as nullable. [/home/runner/work/Wekeza/Wekeza/Core/Wekeza.Core.Domain/Wekeza.Core.Domain.csproj]
/home/runner/work/Wekeza/Wekeza/Core/Wekeza.Core.Domain/Aggregates/SecurityDeal.cs(28,13): warning CS8618: Non-nullable property 'SecurityId' must contain a non-null value when exiting constructor. Consider adding the 'required' modifier or declaring the property as nullable. [/home/runner/work/Wekeza/Wekeza/Core/Wekeza.Core.Domain/Wekeza.Core.Domain.csproj]
/home/runner/work/Wekeza/Wekeza/Core/Wekeza.Core.Domain/Aggregates/SecurityDeal.cs(28,13): warning CS8618: Non-nullable property 'Price' must contain a non-null value when exiting constructor. Consider adding the 'required' modifier or declaring the property as nullable. [/home/runner/work/Wekeza/Wekeza/Core/Wekeza.Core.Domain/Wekeza.Core.Domain.csproj]
/home/runner/work/Wekeza/Wekeza/Core/Wekeza.Core.Domain/Aggregates/SecurityDeal.cs(28,13): warning CS8618: Non-nullable property 'TotalAmount' must contain a non-null value when exiting constructor. Consider adding the 'required' modifier or declaring the property as nullable. [/home/runner/work/Wekeza/Wekeza/Core/Wekeza.Core.Domain/Wekeza.Core.Domain.csproj]
/home/runner/work/Wekeza/Wekeza/Core/Wekeza.Core.Domain/Aggregates/SecurityDeal.cs(28,13): warning CS8618: Non-nullable property 'TraderId' must contain a non-null value when exiting constructor. Consider adding the 'required' modifier or declaring the property as nullable. [/home/runner/work/Wekeza/Wekeza/Core/Wekeza.Core.Domain/Wekeza.Core.Domain.csproj]
/home/runner/work/Wekeza/Wekeza/Core/Wekeza.Core.Domain/Aggregates/Role.cs(53,13): warning CS8618: Non-nullable property 'RoleCode' must contain a non-null value when exiting constructor. Consider adding the 'required' modifier or declaring the property as nullable. [/home/runner/work/Wekeza/Wekeza/Core/Wekeza.Core.Domain/Wekeza.Core.Domain.csproj]
/home/runner/work/Wekeza/Wekeza/Core/Wekeza.Core.Domain/Aggregates/Role.cs(53,13): warning CS8618: Non-nullable property 'RoleName' must contain a non-null value when exiting constructor. Consider adding the 'required' modifier or declaring the property as nullable. [/home/runner/work/Wekeza/Wekeza/Core/Wekeza.Core.Domain/Wekeza.Core.Domain.csproj]
/home/runner/work/Wekeza/Wekeza/Core/Wekeza.Core.Domain/Aggregates/Role.cs(53,13): warning CS8618: Non-nullable property 'Description' must contain a non-null value when exiting constructor. Consider adding the 'required' modifier or declaring the property as nullable. [/home/runner/work/Wekeza/Wekeza/Core/Wekeza.Core.Domain/Wekeza.Core.Domain.csproj]
/home/runner/work/Wekeza/Wekeza/Core/Wekeza.Core.Domain/Aggregates/Role.cs(53,13): warning CS8618: Non-nullable property 'CreatedBy' must contain a non-null value when exiting constructor. Consider adding the 'required' modifier or declaring the property as nullable. [/home/runner/work/Wekeza/Wekeza/Core/Wekeza.Core.Domain/Wekeza.Core.Domain.csproj]
/home/runner/work/Wekeza/Wekeza/Core/Wekeza.Core.Domain/Aggregates/Report.cs(49,13): warning CS8618: Non-nullable property 'ReportCode' must contain a non-null value when exiting constructor. Consider adding the 'required' modifier or declaring the property as nullable. [/home/runner/work/Wekeza/Wekeza/Core/Wekeza.Core.Domain/Wekeza.Core.Domain.csproj]
/home/runner/work/Wekeza/Wekeza/Core/Wekeza.Core.Domain/Aggregates/Report.cs(49,13): warning CS8618: Non-nullable property 'ReportName' must contain a non-null value when exiting constructor. Consider adding the 'required' modifier or declaring the property as nullable. [/home/runner/work/Wekeza/Wekeza/Core/Wekeza.Core.Domain/Wekeza.Core.Domain.csproj]
/home/runner/work/Wekeza/Wekeza/Core/Wekeza.Core.Domain/Aggregates/Report.cs(49,13): warning CS8618: Non-nullable property 'GeneratedBy' must contain a non-null value when exiting constructor. Consider adding the 'required' modifier or declaring the property as nullable. [/home/runner/work/Wekeza/Wekeza/Core/Wekeza.Core.Domain/Wekeza.Core.Domain.csproj]
/home/runner/work/Wekeza/Wekeza/Core/Wekeza.Core.Domain/Aggregates/Report.cs(49,13): warning CS8618: Non-nullable property 'ReportData' must contain a non-null value when exiting constructor. Consider adding the 'required' modifier or declaring the property as nullable. [/home/runner/work/Wekeza/Wekeza/Core/Wekeza.Core.Domain/Wekeza.Core.Domain.csproj]
/home/runner/work/Wekeza/Wekeza/Core/Wekeza.Core.Domain/Aggregates/Report.cs(49,13): warning CS8618: Non-nullable property 'FilePath' must contain a non-null value when exiting constructor. Consider adding the 'required' modifier or declaring the property as nullable. [/home/runner/work/Wekeza/Wekeza/Core/Wekeza.Core.Domain/Wekeza.Core.Domain.csproj]
/home/runner/work/Wekeza/Wekeza/Core/Wekeza.Core.Domain/Aggregates/Report.cs(49,13): warning CS8618: Non-nullable property 'RegulatoryReference' must contain a non-null value when exiting constructor. Consider adding the 'required' modifier or declaring the property as nullable. [/home/runner/work/Wekeza/Wekeza/Core/Wekeza.Core.Domain/Wekeza.Core.Domain.csproj]
/home/runner/work/Wekeza/Wekeza/Core/Wekeza.Core.Domain/Aggregates/Report.cs(49,13): warning CS8618: Non-nullable property 'SubmittedBy' must contain a non-null value when exiting constructor. Consider adding the 'required' modifier or declaring the property as nullable. [/home/runner/work/Wekeza/Wekeza/Core/Wekeza.Core.Domain/Wekeza.Core.Domain.csproj]
/home/runner/work/Wekeza/Wekeza/Core/Wekeza.Core.Domain/Aggregates/Report.cs(49,13): warning CS8618: Non-nullable property 'ArchiveLocation' must contain a non-null value when exiting constructor. Consider adding the 'required' modifier or declaring the property as nullable. [/home/runner/work/Wekeza/Wekeza/Core/Wekeza.Core.Domain/Wekeza.Core.Domain.csproj]
/home/runner/work/Wekeza/Wekeza/Core/Wekeza.Core.Domain/Aggregates/Role.cs(110,13): warning CS8604: Possible null reference argument for parameter 'one' in 'bool ValueObject.operator ==(ValueObject one, ValueObject two)'. [/home/runner/work/Wekeza/Wekeza/Core/Wekeza.Core.Domain/Wekeza.Core.Domain.csproj]
/home/runner/work/Wekeza/Wekeza/Core/Wekeza.Core.Domain/Aggregates/Role.cs(110,27): warning CS8625: Cannot convert null literal to non-nullable reference type. [/home/runner/work/Wekeza/Wekeza/Core/Wekeza.Core.Domain/Wekeza.Core.Domain.csproj]
/home/runner/work/Wekeza/Wekeza/Core/Wekeza.Core.Domain/Aggregates/WebhookSubscription.cs(604,34): warning CS8601: Possible null reference assignment. [/home/runner/work/Wekeza/Wekeza/Core/Wekeza.Core.Domain/Wekeza.Core.Domain.csproj]
/home/runner/work/Wekeza/Wekeza/Core/Wekeza.Core.Domain/Aggregates/WebhookSubscription.cs(605,44): warning CS8601: Possible null reference assignment. [/home/runner/work/Wekeza/Wekeza/Core/Wekeza.Core.Domain/Wekeza.Core.Domain.csproj]
/home/runner/work/Wekeza/Wekeza/Core/Wekeza.Core.Domain/Aggregates/WebhookSubscription.cs(606,40): warning CS8601: Possible null reference assignment. [/home/runner/work/Wekeza/Wekeza/Core/Wekeza.Core.Domain/Wekeza.Core.Domain.csproj]
/home/runner/work/Wekeza/Wekeza/Core/Wekeza.Core.Domain/Aggregates/RTGSTransaction.cs(41,13): warning CS8618: Non-nullable property 'RTGSReference' must contain a non-null value when exiting constructor. Consider adding the 'required' modifier or declaring the property as nullable. [/home/runner/work/Wekeza/Wekeza/Core/Wekeza.Core.Domain/Wekeza.Core.Domain.csproj]
/home/runner/work/Wekeza/Wekeza/Core/Wekeza.Core.Domain/Aggregates/RTGSTransaction.cs(41,13): warning CS8618: Non-nullable property 'CustomerReference' must contain a non-null value when exiting constructor. Consider adding the 'required' modifier or declaring the property as nullable. [/home/runner/work/Wekeza/Wekeza/Core/Wekeza.Core.Domain/Wekeza.Core.Domain.csproj]
/home/runner/work/Wekeza/Wekeza/Core/Wekeza.Core.Domain/Aggregates/RTGSTransaction.cs(41,13): warning CS8618: Non-nullable property 'CreditBankCode' must contain a non-null value when exiting constructor. Consider adding the 'required' modifier or declaring the property as nullable. [/home/runner/work/Wekeza/Wekeza/Core/Wekeza.Core.Domain/Wekeza.Core.Domain.csproj]
/home/runner/work/Wekeza/Wekeza/Core/Wekeza.Core.Domain/Aggregates/RTGSTransaction.cs(41,13): warning CS8618: Non-nullable property 'CreditAccountNumber' must contain a non-null value when exiting constructor. Consider adding the 'required' modifier or declaring the property as nullable. [/home/runner/work/Wekeza/Wekeza/Core/Wekeza.Core.Domain/Wekeza.Core.Domain.csproj]
/home/runner/work/Wekeza/Wekeza/Core/Wekeza.Core.Domain/Aggregates/RTGSTransaction.cs(41,13): warning CS8618: Non-nullable property 'CreditAccountName' must contain a non-null value when exiting constructor. Consider adding the 'required' modifier or declaring the property as nullable. [/home/runner/work/Wekeza/Wekeza/Core/Wekeza.Core.Domain/Wekeza.Core.Domain.csproj]
/home/runner/work/Wekeza/Wekeza/Core/Wekeza.Core.Domain/Aggregates/RTGSTransaction.cs(41,13): warning CS8618: Non-nullable property 'Amount' must contain a non-null value when exiting constructor. Consider adding the 'required' modifier or declaring the property as nullable. [/home/runner/work/Wekeza/Wekeza/Core/Wekeza.Core.Domain/Wekeza.Core.Domain.csproj]
/home/runner/work/Wekeza/Wekeza/Core/Wekeza.Core.Domain/Aggregates/RTGSTransaction.cs(41,13): warning CS8618: Non-nullable property 'Charges' must contain a non-null value when exiting constructor. Consider adding the 'required' modifier or declaring the property as nullable. [/home/runner/work/Wekeza/Wekeza/Core/Wekeza.Core.Domain/Wekeza.Core.Domain.csproj]
/home/runner/work/Wekeza/Wekeza/Core/Wekeza.Core.Domain/Aggregates/RTGSTransaction.cs(41,13): warning CS8618: Non-nullable property 'Purpose' must contain a non-null value when exiting constructor. Consider adding the 'required' modifier or declaring the property as nullable. [/home/runner/work/Wekeza/Wekeza/Core/Wekeza.Core.Domain/Wekeza.Core.Domain.csproj]
/home/runner/work/Wekeza/Wekeza/Core/Wekeza.Core.Domain/Aggregates/RTGSTransaction.cs(41,13): warning CS8618: Non-nullable property 'InitiatedBy' must contain a non-null value when exiting constructor. Consider adding the 'required' modifier or declaring the property as nullable. [/home/runner/work/Wekeza/Wekeza/Core/Wekeza.Core.Domain/Wekeza.Core.Domain.csproj]
/home/runner/work/Wekeza/Wekeza/Core/Wekeza.Core.Domain/Aggregates/RTGSTransaction.cs(41,13): warning CS8618: Non-nullable property 'BranchCode' must contain a non-null value when exiting constructor. Consider adding the 'required' modifier or declaring the property as nullable. [/home/runner/work/Wekeza/Wekeza/Core/Wekeza.Core.Domain/Wekeza.Core.Domain.csproj]
/home/runner/work/Wekeza/Wekeza/Core/Wekeza.Core.Domain/Aggregates/RegulatoryReport.cs(268,13): warning CS8618: Non-nullable property 'Category' must contain a non-null value when exiting constructor. Consider adding the 'required' modifier or declaring the property as nullable. [/home/runner/work/Wekeza/Wekeza/Core/Wekeza.Core.Domain/Wekeza.Core.Domain.csproj]
/home/runner/work/Wekeza/Wekeza/Core/Wekeza.Core.Domain/Aggregates/RegulatoryReport.cs(268,13): warning CS8618: Non-nullable property 'Description' must contain a non-null value when exiting constructor. Consider adding the 'required' modifier or declaring the property as nullable. [/home/runner/work/Wekeza/Wekeza/Core/Wekeza.Core.Domain/Wekeza.Core.Domain.csproj]
/home/runner/work/Wekeza/Wekeza/Core/Wekeza.Core.Domain/Aggregates/RegulatoryReport.cs(268,13): warning CS8618: Non-nullable property 'Amount' must contain a non-null value when exiting constructor. Consider adding the 'required' modifier or declaring the property as nullable. [/home/runner/work/Wekeza/Wekeza/Core/Wekeza.Core.Domain/Wekeza.Core.Domain.csproj]
/home/runner/work/Wekeza/Wekeza/Core/Wekeza.Core.Domain/Aggregates/RegulatoryReport.cs(39,13): warning CS8618: Non-nullable property 'ReportCode' must contain a non-null value when exiting constructor. Consider adding the 'required' modifier or declaring the property as nullable. [/home/runner/work/Wekeza/Wekeza/Core/Wekeza.Core.Domain/Wekeza.Core.Domain.csproj]
/home/runner/work/Wekeza/Wekeza/Core/Wekeza.Core.Domain/Aggregates/RegulatoryReport.cs(39,13): warning CS8618: Non-nullable property 'ReportName' must contain a non-null value when exiting constructor. Consider adding the 'required' modifier or declaring the property as nullable. [/home/runner/work/Wekeza/Wekeza/Core/Wekeza.Core.Domain/Wekeza.Core.Domain.csproj]
/home/runner/work/Wekeza/Wekeza/Core/Wekeza.Core.Domain/Aggregates/RegulatoryReport.cs(39,13): warning CS8618: Non-nullable property 'ReportData' must contain a non-null value when exiting constructor. Consider adding the 'required' modifier or declaring the property as nullable. [/home/runner/work/Wekeza/Wekeza/Core/Wekeza.Core.Domain/Wekeza.Core.Domain.csproj]
/home/runner/work/Wekeza/Wekeza/Core/Wekeza.Core.Domain/Aggregates/RegulatoryReport.cs(39,13): warning CS8618: Non-nullable property 'GeneratedBy' must contain a non-null value when exiting constructor. Consider adding the 'required' modifier or declaring the property as nullable. [/home/runner/work/Wekeza/Wekeza/Core/Wekeza.Core.Domain/Wekeza.Core.Domain.csproj]
/home/runner/work/Wekeza/Wekeza/Core/Wekeza.Core.Domain/Aggregates/SystemMonitor.cs(220,17): warning CS8602: Dereference of a possibly null reference. [/home/runner/work/Wekeza/Wekeza/Core/Wekeza.Core.Domain/Wekeza.Core.Domain.csproj]
/home/runner/work/Wekeza/Wekeza/Core/Wekeza.Core.Domain/Aggregates/SystemMonitor.cs(240,41): warning CS8604: Possible null reference argument for parameter 'result' in 'void SystemMonitor.CheckThresholdsAndTriggerAlerts(Dictionary<string, object> result)'. [/home/runner/work/Wekeza/Wekeza/Core/Wekeza.Core.Domain/Wekeza.Core.Domain.csproj]
/home/runner/work/Wekeza/Wekeza/Core/Wekeza.Core.Domain/Aggregates/Role.cs(202,81): warning CS8604: Possible null reference argument for parameter 'Workflow' in 'RoleApprovalWorkflowUpdatedDomainEvent.RoleApprovalWorkflowUpdatedDomainEvent(Guid RoleId, string RoleCode, List<string> Workflow, string UpdatedBy)'. [/home/runner/work/Wekeza/Wekeza/Core/Wekeza.Core.Domain/Wekeza.Core.Domain.csproj]
/home/runner/work/Wekeza/Wekeza/Core/Wekeza.Core.Domain/Aggregates/RecurringDeposit.cs(45,13): warning CS8618: Non-nullable property 'DepositNumber' must contain a non-null value when exiting constructor. Consider adding the 'required' modifier or declaring the property as nullable. [/home/runner/work/Wekeza/Wekeza/Core/Wekeza.Core.Domain/Wekeza.Core.Domain.csproj]
/home/runner/work/Wekeza/Wekeza/Core/Wekeza.Core.Domain/Aggregates/RecurringDeposit.cs(45,13): warning CS8618: Non-nullable property 'MonthlyInstallment' must contain a non-null value when exiting constructor. Consider adding the 'required' modifier or declaring the property as nullable. [/home/runner/work/Wekeza/Wekeza/Core/Wekeza.Core.Domain/Wekeza.Core.Domain.csproj]
/home/runner/work/Wekeza/Wekeza/Core/Wekeza.Core.Domain/Aggregates/RecurringDeposit.cs(45,13): warning CS8618: Non-nullable property 'InterestRate' must contain a non-null value when exiting constructor. Consider adding the 'required' modifier or declaring the property as nullable. [/home/runner/work/Wekeza/Wekeza/Core/Wekeza.Core.Domain/Wekeza.Core.Domain.csproj]
/home/runner/work/Wekeza/Wekeza/Core/Wekeza.Core.Domain/Aggregates/RecurringDeposit.cs(45,13): warning CS8618: Non-nullable property 'MaturityAmount' must contain a non-null value when exiting constructor. Consider adding the 'required' modifier or declaring the property as nullable. [/home/runner/work/Wekeza/Wekeza/Core/Wekeza.Core.Domain/Wekeza.Core.Domain.csproj]
/home/runner/work/Wekeza/Wekeza/Core/Wekeza.Core.Domain/Aggregates/RecurringDeposit.cs(45,13): warning CS8618: Non-nullable property 'TotalDeposited' must contain a non-null value when exiting constructor. Consider adding the 'required' modifier or declaring the property as nullable. [/home/runner/work/Wekeza/Wekeza/Core/Wekeza.Core.Domain/Wekeza.Core.Domain.csproj]
/home/runner/work/Wekeza/Wekeza/Core/Wekeza.Core.Domain/Aggregates/RecurringDeposit.cs(45,13): warning CS8618: Non-nullable property 'AccruedInterest' must contain a non-null value when exiting constructor. Consider adding the 'required' modifier or declaring the property as nullable. [/home/runner/work/Wekeza/Wekeza/Core/Wekeza.Core.Domain/Wekeza.Core.Domain.csproj]
/home/runner/work/Wekeza/Wekeza/Core/Wekeza.Core.Domain/Aggregates/RecurringDeposit.cs(45,13): warning CS8618: Non-nullable property 'PenaltyAmount' must contain a non-null value when exiting constructor. Consider adding the 'required' modifier or declaring the property as nullable. [/home/runner/work/Wekeza/Wekeza/Core/Wekeza.Core.Domain/Wekeza.Core.Domain.csproj]
/home/runner/work/Wekeza/Wekeza/Core/Wekeza.Core.Domain/Aggregates/RecurringDeposit.cs(45,13): warning CS8618: Non-nullable property 'BranchCode' must contain a non-null value when exiting constructor. Consider adding the 'required' modifier or declaring the property as nullable. [/home/runner/work/Wekeza/Wekeza/Core/Wekeza.Core.Domain/Wekeza.Core.Domain.csproj]
/home/runner/work/Wekeza/Wekeza/Core/Wekeza.Core.Domain/Aggregates/RecurringDeposit.cs(45,13): warning CS8618: Non-nullable property 'CreatedBy' must contain a non-null value when exiting constructor. Consider adding the 'required' modifier or declaring the property as nullable. [/home/runner/work/Wekeza/Wekeza/Core/Wekeza.Core.Domain/Wekeza.Core.Domain.csproj]
/home/runner/work/Wekeza/Wekeza/Core/Wekeza.Core.Domain/Aggregates/Report.cs(200,22): warning CS8625: Cannot convert null literal to non-nullable reference type. [/home/runner/work/Wekeza/Wekeza/Core/Wekeza.Core.Domain/Wekeza.Core.Domain.csproj]
/home/runner/work/Wekeza/Wekeza/Core/Wekeza.Core.Domain/Aggregates/Report.cs(201,20): warning CS8625: Cannot convert null literal to non-nullable reference type. [/home/runner/work/Wekeza/Wekeza/Core/Wekeza.Core.Domain/Wekeza.Core.Domain.csproj]
/home/runner/work/Wekeza/Wekeza/Core/Wekeza.Core.Domain/Aggregates/RecurringDeposit.cs(47,12): warning CS8618: Non-nullable property 'MaturityAmount' must contain a non-null value when exiting constructor. Consider adding the 'required' modifier or declaring the property as nullable. [/home/runner/work/Wekeza/Wekeza/Core/Wekeza.Core.Domain/Wekeza.Core.Domain.csproj]
/home/runner/work/Wekeza/Wekeza/Core/Wekeza.Core.Domain/Aggregates/Product.cs(59,13): warning CS8618: Non-nullable property 'ProductCode' must contain a non-null value when exiting constructor. Consider adding the 'required' modifier or declaring the property as nullable. [/home/runner/work/Wekeza/Wekeza/Core/Wekeza.Core.Domain/Wekeza.Core.Domain.csproj]
/home/runner/work/Wekeza/Wekeza/Core/Wekeza.Core.Domain/Aggregates/Product.cs(59,13): warning CS8618: Non-nullable property 'ProductName' must contain a non-null value when exiting constructor. Consider adding the 'required' modifier or declaring the property as nullable. [/home/runner/work/Wekeza/Wekeza/Core/Wekeza.Core.Domain/Wekeza.Core.Domain.csproj]
/home/runner/work/Wekeza/Wekeza/Core/Wekeza.Core.Domain/Aggregates/Product.cs(59,13): warning CS8618: Non-nullable property 'CreatedBy' must contain a non-null value when exiting constructor. Consider adding the 'required' modifier or declaring the property as nullable. [/home/runner/work/Wekeza/Wekeza/Core/Wekeza.Core.Domain/Wekeza.Core.Domain.csproj]
/home/runner/work/Wekeza/Wekeza/Core/Wekeza.Core.Domain/Aggregates/Product.cs(59,13): warning CS8618: Non-nullable property 'Description' must contain a non-null value when exiting constructor. Consider adding the 'required' modifier or declaring the property as nullable. [/home/runner/work/Wekeza/Wekeza/Core/Wekeza.Core.Domain/Wekeza.Core.Domain.csproj]
/home/runner/work/Wekeza/Wekeza/Core/Wekeza.Core.Domain/Aggregates/Product.cs(59,13): warning CS8618: Non-nullable property 'Currency' must contain a non-null value when exiting constructor. Consider adding the 'required' modifier or declaring the property as nullable. [/home/runner/work/Wekeza/Wekeza/Core/Wekeza.Core.Domain/Wekeza.Core.Domain.csproj]
/home/runner/work/Wekeza/Wekeza/Core/Wekeza.Core.Domain/Aggregates/PaymentOrder.cs(69,13): warning CS8618: Non-nullable property 'PaymentReference' must contain a non-null value when exiting constructor. Consider adding the 'required' modifier or declaring the property as nullable. [/home/runner/work/Wekeza/Wekeza/Core/Wekeza.Core.Domain/Wekeza.Core.Domain.csproj]
/home/runner/work/Wekeza/Wekeza/Core/Wekeza.Core.Domain/Aggregates/PaymentOrder.cs(69,13): warning CS8618: Non-nullable property 'Amount' must contain a non-null value when exiting constructor. Consider adding the 'required' modifier or declaring the property as nullable. [/home/runner/work/Wekeza/Wekeza/Core/Wekeza.Core.Domain/Wekeza.Core.Domain.csproj]
/home/runner/work/Wekeza/Wekeza/Core/Wekeza.Core.Domain/Aggregates/PaymentOrder.cs(69,13): warning CS8618: Non-nullable property 'Description' must contain a non-null value when exiting constructor. Consider adding the 'required' modifier or declaring the property as nullable. [/home/runner/work/Wekeza/Wekeza/Core/Wekeza.Core.Domain/Wekeza.Core.Domain.csproj]
/home/runner/work/Wekeza/Wekeza/Core/Wekeza.Core.Domain/Aggregates/PaymentOrder.cs(69,13): warning CS8618: Non-nullable property 'CreatedBy' must contain a non-null value when exiting constructor. Consider adding the 'required' modifier or declaring the property as nullable. [/home/runner/work/Wekeza/Wekeza/Core/Wekeza.Core.Domain/Wekeza.Core.Domain.csproj]
/home/runner/work/Wekeza/Wekeza/Core/Wekeza.Core.Domain/Aggregates/POSTransaction.cs(72,13): warning CS8618: Non-nullable property 'MerchantId' must contain a non-null value when exiting constructor. Consider adding the 'required' modifier or declaring the property as nullable. [/home/runner/work/Wekeza/Wekeza/Core/Wekeza.Core.Domain/Wekeza.Core.Domain.csproj]
/home/runner/work/Wekeza/Wekeza/Core/Wekeza.Core.Domain/Aggregates/POSTransaction.cs(72,13): warning CS8618: Non-nullable property 'MerchantName' must contain a non-null value when exiting constructor. Consider adding the 'required' modifier or declaring the property as nullable. [/home/runner/work/Wekeza/Wekeza/Core/Wekeza.Core.Domain/Wekeza.Core.Domain.csproj]
/home/runner/work/Wekeza/Wekeza/Core/Wekeza.Core.Domain/Aggregates/POSTransaction.cs(72,13): warning CS8618: Non-nullable property 'MerchantCategory' must contain a non-null value when exiting constructor. Consider adding the 'required' modifier or declaring the property as nullable. [/home/runner/work/Wekeza/Wekeza/Core/Wekeza.Core.Domain/Wekeza.Core.Domain.csproj]
/home/runner/work/Wekeza/Wekeza/Core/Wekeza.Core.Domain/Aggregates/POSTransaction.cs(72,13): warning CS8618: Non-nullable property 'TerminalId' must contain a non-null value when exiting constructor. Consider adding the 'required' modifier or declaring the property as nullable. [/home/runner/work/Wekeza/Wekeza/Core/Wekeza.Core.Domain/Wekeza.Core.Domain.csproj]
/home/runner/work/Wekeza/Wekeza/Core/Wekeza.Core.Domain/Aggregates/POSTransaction.cs(72,13): warning CS8618: Non-nullable property 'CardNumber' must contain a non-null value when exiting constructor. Consider adding the 'required' modifier or declaring the property as nullable. [/home/runner/work/Wekeza/Wekeza/Core/Wekeza.Core.Domain/Wekeza.Core.Domain.csproj]
/home/runner/work/Wekeza/Wekeza/Core/Wekeza.Core.Domain/Aggregates/POSTransaction.cs(72,13): warning CS8618: Non-nullable property 'Amount' must contain a non-null value when exiting constructor. Consider adding the 'required' modifier or declaring the property as nullable. [/home/runner/work/Wekeza/Wekeza/Core/Wekeza.Core.Domain/Wekeza.Core.Domain.csproj]
/home/runner/work/Wekeza/Wekeza/Core/Wekeza.Core.Domain/Aggregates/POSTransaction.cs(72,13): warning CS8618: Non-nullable property 'TotalAmount' must contain a non-null value when exiting constructor. Consider adding the 'required' modifier or declaring the property as nullable. [/home/runner/work/Wekeza/Wekeza/Core/Wekeza.Core.Domain/Wekeza.Core.Domain.csproj]
/home/runner/work/Wekeza/Wekeza/Core/Wekeza.Core.Domain/Aggregates/POSTransaction.cs(72,13): warning CS8618: Non-nullable property 'AccountBalanceBefore' must contain a non-null value when exiting constructor. Consider adding the 'required' modifier or declaring the property as nullable. [/home/runner/work/Wekeza/Wekeza/Core/Wekeza.Core.Domain/Wekeza.Core.Domain.csproj]
/home/runner/work/Wekeza/Wekeza/Core/Wekeza.Core.Domain/Aggregates/POSTransaction.cs(72,13): warning CS8618: Non-nullable property 'AccountBalanceAfter' must contain a non-null value when exiting constructor. Consider adding the 'required' modifier or declaring the property as nullable. [/home/runner/work/Wekeza/Wekeza/Core/Wekeza.Core.Domain/Wekeza.Core.Domain.csproj]
/home/runner/work/Wekeza/Wekeza/Core/Wekeza.Core.Domain/Aggregates/POSTransaction.cs(72,13): warning CS8618: Non-nullable property 'TransactionCurrency' must contain a non-null value when exiting constructor. Consider adding the 'required' modifier or declaring the property as nullable. [/home/runner/work/Wekeza/Wekeza/Core/Wekeza.Core.Domain/Wekeza.Core.Domain.csproj]
/home/runner/work/Wekeza/Wekeza/Core/Wekeza.Core.Domain/Aggregates/MoneyMarketDeal.cs(27,13): warning CS8618: Non-nullable property 'DealNumber' must contain a non-null value when exiting constructor. Consider adding the 'required' modifier or declaring the property as nullable. [/home/runner/work/Wekeza/Wekeza/Core/Wekeza.Core.Domain/Wekeza.Core.Domain.csproj]
/home/runner/work/Wekeza/Wekeza/Core/Wekeza.Core.Domain/Aggregates/MoneyMarketDeal.cs(27,13): warning CS8618: Non-nullable property 'Principal' must contain a non-null value when exiting constructor. Consider adding the 'required' modifier or declaring the property as nullable. [/home/runner/work/Wekeza/Wekeza/Core/Wekeza.Core.Domain/Wekeza.Core.Domain.csproj]
/home/runner/work/Wekeza/Wekeza/Core/Wekeza.Core.Domain/Aggregates/MoneyMarketDeal.cs(27,13): warning CS8618: Non-nullable property 'Rate' must contain a non-null value when exiting constructor. Consider adding the 'required' modifier or declaring the property as nullable. [/home/runner/work/Wekeza/Wekeza/Core/Wekeza.Core.Domain/Wekeza.Core.Domain.csproj]
/home/runner/work/Wekeza/Wekeza/Core/Wekeza.Core.Domain/Aggregates/MoneyMarketDeal.cs(27,13): warning CS8618: Non-nullable property 'Terms' must contain a non-null value when exiting constructor. Consider adding the 'required' modifier or declaring the property as nullable. [/home/runner/work/Wekeza/Wekeza/Core/Wekeza.Core.Domain/Wekeza.Core.Domain.csproj]
/home/runner/work/Wekeza/Wekeza/Core/Wekeza.Core.Domain/Aggregates/MoneyMarketDeal.cs(27,13): warning CS8618: Non-nullable property 'TraderId' must contain a non-null value when exiting constructor. Consider adding the 'required' modifier or declaring the property as nullable. [/home/runner/work/Wekeza/Wekeza/Core/Wekeza.Core.Domain/Wekeza.Core.Domain.csproj]
/home/runner/work/Wekeza/Wekeza/Core/Wekeza.Core.Domain/Aggregates/MISReport.cs(320,13): warning CS8618: Non-nullable property 'ChartName' must contain a non-null value when exiting constructor. Consider adding the 'required' modifier or declaring the property as nullable. [/home/runner/work/Wekeza/Wekeza/Core/Wekeza.Core.Domain/Wekeza.Core.Domain.csproj]
/home/runner/work/Wekeza/Wekeza/Core/Wekeza.Core.Domain/Aggregates/MISReport.cs(320,13): warning CS8618: Non-nullable property 'ChartType' must contain a non-null value when exiting constructor. Consider adding the 'required' modifier or declaring the property as nullable. [/home/runner/work/Wekeza/Wekeza/Core/Wekeza.Core.Domain/Wekeza.Core.Domain.csproj]
/home/runner/work/Wekeza/Wekeza/Core/Wekeza.Core.Domain/Aggregates/MISReport.cs(320,13): warning CS8618: Non-nullable property 'DataSource' must contain a non-null value when exiting constructor. Consider adding the 'required' modifier or declaring the property as nullable. [/home/runner/work/Wekeza/Wekeza/Core/Wekeza.Core.Domain/Wekeza.Core.Domain.csproj]
/home/runner/work/Wekeza/Wekeza/Core/Wekeza.Core.Domain/Aggregates/MISReport.cs(320,13): warning CS8618: Non-nullable property 'Configuration' must contain a non-null value when exiting constructor. Consider adding the 'required' modifier or declaring the property as nullable. [/home/runner/work/Wekeza/Wekeza/Core/Wekeza.Core.Domain/Wekeza.Core.Domain.csproj]
/home/runner/work/Wekeza/Wekeza/Core/Wekeza.Core.Domain/Aggregates/MISReport.cs(267,13): warning CS8618: Non-nullable property 'MetricName' must contain a non-null value when exiting constructor. Consider adding the 'required' modifier or declaring the property as nullable. [/home/runner/work/Wekeza/Wekeza/Core/Wekeza.Core.Domain/Wekeza.Core.Domain.csproj]
/home/runner/work/Wekeza/Wekeza/Core/Wekeza.Core.Domain/Aggregates/MISReport.cs(267,13): warning CS8618: Non-nullable property 'Category' must contain a non-null value when exiting constructor. Consider adding the 'required' modifier or declaring the property as nullable. [/home/runner/work/Wekeza/Wekeza/Core/Wekeza.Core.Domain/Wekeza.Core.Domain.csproj]
/home/runner/work/Wekeza/Wekeza/Core/Wekeza.Core.Domain/Aggregates/MISReport.cs(267,13): warning CS8618: Non-nullable property 'Unit' must contain a non-null value when exiting constructor. Consider adding the 'required' modifier or declaring the property as nullable. [/home/runner/work/Wekeza/Wekeza/Core/Wekeza.Core.Domain/Wekeza.Core.Domain.csproj]
/home/runner/work/Wekeza/Wekeza/Core/Wekeza.Core.Domain/Aggregates/MessageQueue.cs(687,19): warning CS8618: Non-nullable property 'ConsumerId' must contain a non-null value when exiting constructor. Consider adding the 'required' modifier or declaring the property as nullable. [/home/runner/work/Wekeza/Wekeza/Core/Wekeza.Core.Domain/Wekeza.Core.Domain.csproj]
/home/runner/work/Wekeza/Wekeza/Core/Wekeza.Core.Domain/Aggregates/MessageQueue.cs(688,19): warning CS8618: Non-nullable property 'ConsumerName' must contain a non-null value when exiting constructor. Consider adding the 'required' modifier or declaring the property as nullable. [/home/runner/work/Wekeza/Wekeza/Core/Wekeza.Core.Domain/Wekeza.Core.Domain.csproj]
/home/runner/work/Wekeza/Wekeza/Core/Wekeza.Core.Domain/Aggregates/MessageQueue.cs(689,19): warning CS8618: Non-nullable property 'ConsumerType' must contain a non-null value when exiting constructor. Consider adding the 'required' modifier or declaring the property as nullable. [/home/runner/work/Wekeza/Wekeza/Core/Wekeza.Core.Domain/Wekeza.Core.Domain.csproj]
/home/runner/work/Wekeza/Wekeza/Core/Wekeza.Core.Domain/Aggregates/MessageQueue.cs(668,19): warning CS8618: Non-nullable property 'ExchangeName' must contain a non-null value when exiting constructor. Consider adding the 'required' modifier or declaring the property as nullable. [/home/runner/work/Wekeza/Wekeza/Core/Wekeza.Core.Domain/Wekeza.Core.Domain.csproj]
/home/runner/work/Wekeza/Wekeza/Core/Wekeza.Core.Domain/Aggregates/MessageQueue.cs(669,19): warning CS8618: Non-nullable property 'RoutingKey' must contain a non-null value when exiting constructor. Consider adding the 'required' modifier or declaring the property as nullable. [/home/runner/work/Wekeza/Wekeza/Core/Wekeza.Core.Domain/Wekeza.Core.Domain.csproj]
/home/runner/work/Wekeza/Wekeza/Core/Wekeza.Core.Domain/Aggregates/MessageQueue.cs(672,19): warning CS8618: Non-nullable property 'DeadLetterQueue' must contain a non-null value when exiting constructor. Consider adding the 'required' modifier or declaring the property as nullable. [/home/runner/work/Wekeza/Wekeza/Core/Wekeza.Core.Domain/Wekeza.Core.Domain.csproj]
/home/runner/work/Wekeza/Wekeza/Core/Wekeza.Core.Domain/Aggregates/MessageQueue.cs(673,19): warning CS8618: Non-nullable property 'DeadLetterExchange' must contain a non-null value when exiting constructor. Consider adding the 'required' modifier or declaring the property as nullable. [/home/runner/work/Wekeza/Wekeza/Core/Wekeza.Core.Domain/Wekeza.Core.Domain.csproj]
/home/runner/work/Wekeza/Wekeza/Core/Wekeza.Core.Domain/Aggregates/Party.cs(79,13): warning CS8618: Non-nullable property 'PartyNumber' must contain a non-null value when exiting constructor. Consider adding the 'required' modifier or declaring the property as nullable. [/home/runner/work/Wekeza/Wekeza/Core/Wekeza.Core.Domain/Wekeza.Core.Domain.csproj]
/home/runner/work/Wekeza/Wekeza/Core/Wekeza.Core.Domain/Aggregates/Party.cs(79,13): warning CS8618: Non-nullable property 'CreatedBy' must contain a non-null value when exiting constructor. Consider adding the 'required' modifier or declaring the property as nullable. [/home/runner/work/Wekeza/Wekeza/Core/Wekeza.Core.Domain/Wekeza.Core.Domain.csproj]
/home/runner/work/Wekeza/Wekeza/Core/Wekeza.Core.Domain/Aggregates/MISReport.cs(39,13): warning CS8618: Non-nullable property 'ReportCode' must contain a non-null value when exiting constructor. Consider adding the 'required' modifier or declaring the property as nullable. [/home/runner/work/Wekeza/Wekeza/Core/Wekeza.Core.Domain/Wekeza.Core.Domain.csproj]
/home/runner/work/Wekeza/Wekeza/Core/Wekeza.Core.Domain/Aggregates/MISReport.cs(39,13): warning CS8618: Non-nullable property 'ReportName' must contain a non-null value when exiting constructor. Consider adding the 'required' modifier or declaring the property as nullable. [/home/runner/work/Wekeza/Wekeza/Core/Wekeza.Core.Domain/Wekeza.Core.Domain.csproj]
/home/runner/work/Wekeza/Wekeza/Core/Wekeza.Core.Domain/Aggregates/MISReport.cs(39,13): warning CS8618: Non-nullable property 'Department' must contain a non-null value when exiting constructor. Consider adding the 'required' modifier or declaring the property as nullable. [/home/runner/work/Wekeza/Wekeza/Core/Wekeza.Core.Domain/Wekeza.Core.Domain.csproj]
/home/runner/work/Wekeza/Wekeza/Core/Wekeza.Core.Domain/Aggregates/MISReport.cs(39,13): warning CS8618: Non-nullable property 'ReportData' must contain a non-null value when exiting constructor. Consider adding the 'required' modifier or declaring the property as nullable. [/home/runner/work/Wekeza/Wekeza/Core/Wekeza.Core.Domain/Wekeza.Core.Domain.csproj]
/home/runner/work/Wekeza/Wekeza/Core/Wekeza.Core.Domain/Aggregates/MISReport.cs(39,13): warning CS8618: Non-nullable property 'GeneratedBy' must contain a non-null value when exiting constructor. Consider adding the 'required' modifier or declaring the property as nullable. [/home/runner/work/Wekeza/Wekeza/Core/Wekeza.Core.Domain/Wekeza.Core.Domain.csproj]
/home/runner/work/Wekeza/Wekeza/Core/Wekeza.Core.Domain/Aggregates/LetterOfCredit.cs(252,19): warning CS8618: Non-nullable property 'DocumentType' must contain a non-null value when exiting constructor. Consider adding the 'required' modifier or declaring the property as nullable. [/home/runner/work/Wekeza/Wekeza/Core/Wekeza.Core.Domain/Wekeza.Core.Domain.csproj]
/home/runner/work/Wekeza/Wekeza/Core/Wekeza.Core.Domain/Aggregates/LetterOfCredit.cs(253,19): warning CS8618: Non-nullable property 'DocumentNumber' must contain a non-null value when exiting constructor. Consider adding the 'required' modifier or declaring the property as nullable. [/home/runner/work/Wekeza/Wekeza/Core/Wekeza.Core.Domain/Wekeza.Core.Domain.csproj]
/home/runner/work/Wekeza/Wekeza/Core/Wekeza.Core.Domain/Aggregates/LetterOfCredit.cs(255,19): warning CS8618: Non-nullable property 'TradeTransactionType' must contain a non-null value when exiting constructor. Consider adding the 'required' modifier or declaring the property as nullable. [/home/runner/work/Wekeza/Wekeza/Core/Wekeza.Core.Domain/Wekeza.Core.Domain.csproj]
/home/runner/work/Wekeza/Wekeza/Core/Wekeza.Core.Domain/Aggregates/LetterOfCredit.cs(258,19): warning CS8618: Non-nullable property 'FilePath' must contain a non-null value when exiting constructor. Consider adding the 'required' modifier or declaring the property as nullable. [/home/runner/work/Wekeza/Wekeza/Core/Wekeza.Core.Domain/Wekeza.Core.Domain.csproj]
/home/runner/work/Wekeza/Wekeza/Core/Wekeza.Core.Domain/Aggregates/LetterOfCredit.cs(259,19): warning CS8618: Non-nullable property 'UploadedBy' must contain a non-null value when exiting constructor. Consider adding the 'required' modifier or declaring the property as nullable. [/home/runner/work/Wekeza/Wekeza/Core/Wekeza.Core.Domain/Wekeza.Core.Domain.csproj]
/home/runner/work/Wekeza/Wekeza/Core/Wekeza.Core.Domain/Aggregates/LetterOfCredit.cs(260,19): warning CS8618: Non-nullable property 'Comments' must contain a non-null value when exiting constructor. Consider adding the 'required' modifier or declaring the property as nullable. [/home/runner/work/Wekeza/Wekeza/Core/Wekeza.Core.Domain/Wekeza.Core.Domain.csproj]
/home/runner/work/Wekeza/Wekeza/Core/Wekeza.Core.Domain/Aggregates/LetterOfCredit.cs(240,19): warning CS8618: Non-nullable property 'AmendmentDetails' must contain a non-null value when exiting constructor. Consider adding the 'required' modifier or declaring the property as nullable. [/home/runner/work/Wekeza/Wekeza/Core/Wekeza.Core.Domain/Wekeza.Core.Domain.csproj]
/home/runner/work/Wekeza/Wekeza/Core/Wekeza.Core.Domain/Aggregates/LetterOfCredit.cs(241,18): warning CS8618: Non-nullable property 'PreviousAmount' must contain a non-null value when exiting constructor. Consider adding the 'required' modifier or declaring the property as nullable. [/home/runner/work/Wekeza/Wekeza/Core/Wekeza.Core.Domain/Wekeza.Core.Domain.csproj]
/home/runner/work/Wekeza/Wekeza/Core/Wekeza.Core.Domain/Aggregates/LetterOfCredit.cs(242,18): warning CS8618: Non-nullable property 'NewAmount' must contain a non-null value when exiting constructor. Consider adding the 'required' modifier or declaring the property as nullable. [/home/runner/work/Wekeza/Wekeza/Core/Wekeza.Core.Domain/Wekeza.Core.Domain.csproj]
/home/runner/work/Wekeza/Wekeza/Core/Wekeza.Core.Domain/Aggregates/MessageQueue.cs(78,13): warning CS8618: Non-nullable property 'QueueName' must contain a non-null value when exiting constructor. Consider adding the 'required' modifier or declaring the property as nullable. [/home/runner/work/Wekeza/Wekeza/Core/Wekeza.Core.Domain/Wekeza.Core.Domain.csproj]
/home/runner/work/Wekeza/Wekeza/Core/Wekeza.Core.Domain/Aggregates/MessageQueue.cs(78,13): warning CS8618: Non-nullable property 'Description' must contain a non-null value when exiting constructor. Consider adding the 'required' modifier or declaring the property as nullable. [/home/runner/work/Wekeza/Wekeza/Core/Wekeza.Core.Domain/Wekeza.Core.Domain.csproj]
/home/runner/work/Wekeza/Wekeza/Core/Wekeza.Core.Domain/Aggregates/MessageQueue.cs(78,13): warning CS8618: Non-nullable property 'ExchangeName' must contain a non-null value when exiting constructor. Consider adding the 'required' modifier or declaring the property as nullable. [/home/runner/work/Wekeza/Wekeza/Core/Wekeza.Core.Domain/Wekeza.Core.Domain.csproj]
/home/runner/work/Wekeza/Wekeza/Core/Wekeza.Core.Domain/Aggregates/MessageQueue.cs(78,13): warning CS8618: Non-nullable property 'RoutingKey' must contain a non-null value when exiting constructor. Consider adding the 'required' modifier or declaring the property as nullable. [/home/runner/work/Wekeza/Wekeza/Core/Wekeza.Core.Domain/Wekeza.Core.Domain.csproj]
/home/runner/work/Wekeza/Wekeza/Core/Wekeza.Core.Domain/Aggregates/MessageQueue.cs(78,13): warning CS8618: Non-nullable property 'DeadLetterQueue' must contain a non-null value when exiting constructor. Consider adding the 'required' modifier or declaring the property as nullable. [/home/runner/work/Wekeza/Wekeza/Core/Wekeza.Core.Domain/Wekeza.Core.Domain.csproj]
/home/runner/work/Wekeza/Wekeza/Core/Wekeza.Core.Domain/Aggregates/MessageQueue.cs(78,13): warning CS8618: Non-nullable property 'DeadLetterExchange' must contain a non-null value when exiting constructor. Consider adding the 'required' modifier or declaring the property as nullable. [/home/runner/work/Wekeza/Wekeza/Core/Wekeza.Core.Domain/Wekeza.Core.Domain.csproj]
/home/runner/work/Wekeza/Wekeza/Core/Wekeza.Core.Domain/Aggregates/MessageQueue.cs(78,13): warning CS8618: Non-nullable property 'CreatedBy' must contain a non-null value when exiting constructor. Consider adding the 'required' modifier or declaring the property as nullable. [/home/runner/work/Wekeza/Wekeza/Core/Wekeza.Core.Domain/Wekeza.Core.Domain.csproj]
/home/runner/work/Wekeza/Wekeza/Core/Wekeza.Core.Domain/Aggregates/MessageQueue.cs(78,13): warning CS8618: Non-nullable property 'LastModifiedBy' must contain a non-null value when exiting constructor. Consider adding the 'required' modifier or declaring the property as nullable. [/home/runner/work/Wekeza/Wekeza/Core/Wekeza.Core.Domain/Wekeza.Core.Domain.csproj]
/home/runner/work/Wekeza/Wekeza/Core/Wekeza.Core.Domain/Aggregates/LetterOfCredit.cs(30,13): warning CS8618: Non-nullable property 'LCNumber' must contain a non-null value when exiting constructor. Consider adding the 'required' modifier or declaring the property as nullable. [/home/runner/work/Wekeza/Wekeza/Core/Wekeza.Core.Domain/Wekeza.Core.Domain.csproj]
/home/runner/work/Wekeza/Wekeza/Core/Wekeza.Core.Domain/Aggregates/LetterOfCredit.cs(30,13): warning CS8618: Non-nullable property 'Amount' must contain a non-null value when exiting constructor. Consider adding the 'required' modifier or declaring the property as nullable. [/home/runner/work/Wekeza/Wekeza/Core/Wekeza.Core.Domain/Wekeza.Core.Domain.csproj]
/home/runner/work/Wekeza/Wekeza/Core/Wekeza.Core.Domain/Aggregates/LetterOfCredit.cs(30,13): warning CS8618: Non-nullable property 'Terms' must contain a non-null value when exiting constructor. Consider adding the 'required' modifier or declaring the property as nullable. [/home/runner/work/Wekeza/Wekeza/Core/Wekeza.Core.Domain/Wekeza.Core.Domain.csproj]
/home/runner/work/Wekeza/Wekeza/Core/Wekeza.Core.Domain/Aggregates/LetterOfCredit.cs(30,13): warning CS8618: Non-nullable property 'GoodsDescription' must contain a non-null value when exiting constructor. Consider adding the 'required' modifier or declaring the property as nullable. [/home/runner/work/Wekeza/Wekeza/Core/Wekeza.Core.Domain/Wekeza.Core.Domain.csproj]
/home/runner/work/Wekeza/Wekeza/Core/Wekeza.Core.Domain/Aggregates/InterestAccrualEngine.cs(30,13): warning CS8618: Non-nullable property 'EngineName' must contain a non-null value when exiting constructor. Consider adding the 'required' modifier or declaring the property as nullable. [/home/runner/work/Wekeza/Wekeza/Core/Wekeza.Core.Domain/Wekeza.Core.Domain.csproj]
/home/runner/work/Wekeza/Wekeza/Core/Wekeza.Core.Domain/Aggregates/InterestAccrualEngine.cs(30,13): warning CS8618: Non-nullable property 'TotalInterestAccrued' must contain a non-null value when exiting constructor. Consider adding the 'required' modifier or declaring the property as nullable. [/home/runner/work/Wekeza/Wekeza/Core/Wekeza.Core.Domain/Wekeza.Core.Domain.csproj]
/home/runner/work/Wekeza/Wekeza/Core/Wekeza.Core.Domain/Aggregates/InterestAccrualEngine.cs(30,13): warning CS8618: Non-nullable property 'ProcessedBy' must contain a non-null value when exiting constructor. Consider adding the 'required' modifier or declaring the property as nullable. [/home/runner/work/Wekeza/Wekeza/Core/Wekeza.Core.Domain/Wekeza.Core.Domain.csproj]
/home/runner/work/Wekeza/Wekeza/Core/Wekeza.Core.Domain/Aggregates/InterestAccrualEngine.cs(258,13): warning CS8618: Non-nullable property 'PrincipalAmount' must contain a non-null value when exiting constructor. Consider adding the 'required' modifier or declaring the property as nullable. [/home/runner/work/Wekeza/Wekeza/Core/Wekeza.Core.Domain/Wekeza.Core.Domain.csproj]
/home/runner/work/Wekeza/Wekeza/Core/Wekeza.Core.Domain/Aggregates/InterestAccrualEngine.cs(258,13): warning CS8618: Non-nullable property 'InterestRate' must contain a non-null value when exiting constructor. Consider adding the 'required' modifier or declaring the property as nullable. [/home/runner/work/Wekeza/Wekeza/Core/Wekeza.Core.Domain/Wekeza.Core.Domain.csproj]
/home/runner/work/Wekeza/Wekeza/Core/Wekeza.Core.Domain/Aggregates/InterestAccrualEngine.cs(258,13): warning CS8618: Non-nullable property 'InterestAmount' must contain a non-null value when exiting constructor. Consider adding the 'required' modifier or declaring the property as nullable. [/home/runner/work/Wekeza/Wekeza/Core/Wekeza.Core.Domain/Wekeza.Core.Domain.csproj]
/home/runner/work/Wekeza/Wekeza/Core/Wekeza.Core.Domain/Aggregates/MoneyMarketDeal.cs(135,13): warning CS8602: Dereference of a possibly null reference. [/home/runner/work/Wekeza/Wekeza/Core/Wekeza.Core.Domain/Wekeza.Core.Domain.csproj]
/home/runner/work/Wekeza/Wekeza/Core/Wekeza.Core.Domain/Aggregates/FXDeal.cs(27,13): warning CS8618: Non-nullable property 'DealNumber' must contain a non-null value when exiting constructor. Consider adding the 'required' modifier or declaring the property as nullable. [/home/runner/work/Wekeza/Wekeza/Core/Wekeza.Core.Domain/Wekeza.Core.Domain.csproj]
/home/runner/work/Wekeza/Wekeza/Core/Wekeza.Core.Domain/Aggregates/FXDeal.cs(27,13): warning CS8618: Non-nullable property 'BaseCurrency' must contain a non-null value when exiting constructor. Consider adding the 'required' modifier or declaring the property as nullable. [/home/runner/work/Wekeza/Wekeza/Core/Wekeza.Core.Domain/Wekeza.Core.Domain.csproj]
/home/runner/work/Wekeza/Wekeza/Core/Wekeza.Core.Domain/Aggregates/FXDeal.cs(27,13): warning CS8618: Non-nullable property 'QuoteCurrency' must contain a non-null value when exiting constructor. Consider adding the 'required' modifier or declaring the property as nullable. [/home/runner/work/Wekeza/Wekeza/Core/Wekeza.Core.Domain/Wekeza.Core.Domain.csproj]
/home/runner/work/Wekeza/Wekeza/Core/Wekeza.Core.Domain/Aggregates/FXDeal.cs(27,13): warning CS8618: Non-nullable property 'BaseAmount' must contain a non-null value when exiting constructor. Consider adding the 'required' modifier or declaring the property as nullable. [/home/runner/work/Wekeza/Wekeza/Core/Wekeza.Core.Domain/Wekeza.Core.Domain.csproj]
/home/runner/work/Wekeza/Wekeza/Core/Wekeza.Core.Domain/Aggregates/FXDeal.cs(27,13): warning CS8618: Non-nullable property 'QuoteAmount' must contain a non-null value when exiting constructor. Consider adding the 'required' modifier or declaring the property as nullable. [/home/runner/work/Wekeza/Wekeza/Core/Wekeza.Core.Domain/Wekeza.Core.Domain.csproj]
/home/runner/work/Wekeza/Wekeza/Core/Wekeza.Core.Domain/Aggregates/FXDeal.cs(27,13): warning CS8618: Non-nullable property 'Rate' must contain a non-null value when exiting constructor. Consider adding the 'required' modifier or declaring the property as nullable. [/home/runner/work/Wekeza/Wekeza/Core/Wekeza.Core.Domain/Wekeza.Core.Domain.csproj]
/home/runner/work/Wekeza/Wekeza/Core/Wekeza.Core.Domain/Aggregates/FXDeal.cs(27,13): warning CS8618: Non-nullable property 'TraderId' must contain a non-null value when exiting constructor. Consider adding the 'required' modifier or declaring the property as nullable. [/home/runner/work/Wekeza/Wekeza/Core/Wekeza.Core.Domain/Wekeza.Core.Domain.csproj]
/home/runner/work/Wekeza/Wekeza/Core/Wekeza.Core.Domain/Aggregates/Loan.cs(98,13): warning CS8618: Non-nullable property 'LoanNumber' must contain a non-null value when exiting constructor. Consider adding the 'required' modifier or declaring the property as nullable. [/home/runner/work/Wekeza/Wekeza/Core/Wekeza.Core.Domain/Wekeza.Core.Domain.csproj]
/home/runner/work/Wekeza/Wekeza/Core/Wekeza.Core.Domain/Aggregates/Loan.cs(98,13): warning CS8618: Non-nullable property 'Principal' must contain a non-null value when exiting constructor. Consider adding the 'required' modifier or declaring the property as nullable. [/home/runner/work/Wekeza/Wekeza/Core/Wekeza.Core.Domain/Wekeza.Core.Domain.csproj]
/home/runner/work/Wekeza/Wekeza/Core/Wekeza.Core.Domain/Aggregates/Loan.cs(98,13): warning CS8618: Non-nullable property 'OutstandingPrincipal' must contain a non-null value when exiting constructor. Consider adding the 'required' modifier or declaring the property as nullable. [/home/runner/work/Wekeza/Wekeza/Core/Wekeza.Core.Domain/Wekeza.Core.Domain.csproj]
/home/runner/work/Wekeza/Wekeza/Core/Wekeza.Core.Domain/Aggregates/Loan.cs(98,13): warning CS8618: Non-nullable property 'AccruedInterest' must contain a non-null value when exiting constructor. Consider adding the 'required' modifier or declaring the property as nullable. [/home/runner/work/Wekeza/Wekeza/Core/Wekeza.Core.Domain/Wekeza.Core.Domain.csproj]
/home/runner/work/Wekeza/Wekeza/Core/Wekeza.Core.Domain/Aggregates/Loan.cs(98,13): warning CS8618: Non-nullable property 'TotalInterestPaid' must contain a non-null value when exiting constructor. Consider adding the 'required' modifier or declaring the property as nullable. [/home/runner/work/Wekeza/Wekeza/Core/Wekeza.Core.Domain/Wekeza.Core.Domain.csproj]
/home/runner/work/Wekeza/Wekeza/Core/Wekeza.Core.Domain/Aggregates/Loan.cs(98,13): warning CS8618: Non-nullable property 'TotalFeesPaid' must contain a non-null value when exiting constructor. Consider adding the 'required' modifier or declaring the property as nullable. [/home/runner/work/Wekeza/Wekeza/Core/Wekeza.Core.Domain/Wekeza.Core.Domain.csproj]
/home/runner/work/Wekeza/Wekeza/Core/Wekeza.Core.Domain/Aggregates/Loan.cs(98,13): warning CS8618: Non-nullable property 'TotalAmountPaid' must contain a non-null value when exiting constructor. Consider adding the 'required' modifier or declaring the property as nullable. [/home/runner/work/Wekeza/Wekeza/Core/Wekeza.Core.Domain/Wekeza.Core.Domain.csproj]
/home/runner/work/Wekeza/Wekeza/Core/Wekeza.Core.Domain/Aggregates/Loan.cs(98,13): warning CS8618: Non-nullable property 'PastDueAmount' must contain a non-null value when exiting constructor. Consider adding the 'required' modifier or declaring the property as nullable. [/home/runner/work/Wekeza/Wekeza/Core/Wekeza.Core.Domain/Wekeza.Core.Domain.csproj]
/home/runner/work/Wekeza/Wekeza/Core/Wekeza.Core.Domain/Aggregates/Loan.cs(98,13): warning CS8618: Non-nullable property 'LoanGLCode' must contain a non-null value when exiting constructor. Consider adding the 'required' modifier or declaring the property as nullable. [/home/runner/work/Wekeza/Wekeza/Core/Wekeza.Core.Domain/Wekeza.Core.Domain.csproj]
/home/runner/work/Wekeza/Wekeza/Core/Wekeza.Core.Domain/Aggregates/Loan.cs(98,13): warning CS8618: Non-nullable property 'InterestReceivableGLCode' must contain a non-null value when exiting constructor. Consider adding the 'required' modifier or declaring the property as nullable. [/home/runner/work/Wekeza/Wekeza/Core/Wekeza.Core.Domain/Wekeza.Core.Domain.csproj]
/home/runner/work/Wekeza/Wekeza/Core/Wekeza.Core.Domain/Aggregates/Loan.cs(98,13): warning CS8618: Non-nullable property 'ProvisionAmount' must contain a non-null value when exiting constructor. Consider adding the 'required' modifier or declaring the property as nullable. [/home/runner/work/Wekeza/Wekeza/Core/Wekeza.Core.Domain/Wekeza.Core.Domain.csproj]
/home/runner/work/Wekeza/Wekeza/Core/Wekeza.Core.Domain/Aggregates/Loan.cs(98,13): warning CS8618: Non-nullable property 'CreatedBy' must contain a non-null value when exiting constructor. Consider adding the 'required' modifier or declaring the property as nullable. [/home/runner/work/Wekeza/Wekeza/Core/Wekeza.Core.Domain/Wekeza.Core.Domain.csproj]
/home/runner/work/Wekeza/Wekeza/Core/Wekeza.Core.Domain/Aggregates/Integration.cs(64,13): warning CS8618: Non-nullable property 'IntegrationCode' must contain a non-null value when exiting constructor. Consider adding the 'required' modifier or declaring the property as nullable. [/home/runner/work/Wekeza/Wekeza/Core/Wekeza.Core.Domain/Wekeza.Core.Domain.csproj]
/home/runner/work/Wekeza/Wekeza/Core/Wekeza.Core.Domain/Aggregates/Integration.cs(64,13): warning CS8618: Non-nullable property 'IntegrationName' must contain a non-null value when exiting constructor. Consider adding the 'required' modifier or declaring the property as nullable. [/home/runner/work/Wekeza/Wekeza/Core/Wekeza.Core.Domain/Wekeza.Core.Domain.csproj]
/home/runner/work/Wekeza/Wekeza/Core/Wekeza.Core.Domain/Aggregates/Integration.cs(64,13): warning CS8618: Non-nullable property 'Description' must contain a non-null value when exiting constructor. Consider adding the 'required' modifier or declaring the property as nullable. [/home/runner/work/Wekeza/Wekeza/Core/Wekeza.Core.Domain/Wekeza.Core.Domain.csproj]
/home/runner/work/Wekeza/Wekeza/Core/Wekeza.Core.Domain/Aggregates/Integration.cs(64,13): warning CS8618: Non-nullable property 'Version' must contain a non-null value when exiting constructor. Consider adding the 'required' modifier or declaring the property as nullable. [/home/runner/work/Wekeza/Wekeza/Core/Wekeza.Core.Domain/Wekeza.Core.Domain.csproj]
/home/runner/work/Wekeza/Wekeza/Core/Wekeza.Core.Domain/Aggregates/Integration.cs(64,13): warning CS8618: Non-nullable property 'EndpointUrl' must contain a non-null value when exiting constructor. Consider adding the 'required' modifier or declaring the property as nullable. [/home/runner/work/Wekeza/Wekeza/Core/Wekeza.Core.Domain/Wekeza.Core.Domain.csproj]
/home/runner/work/Wekeza/Wekeza/Core/Wekeza.Core.Domain/Aggregates/Integration.cs(64,13): warning CS8618: Non-nullable property 'DataFormat' must contain a non-null value when exiting constructor. Consider adding the 'required' modifier or declaring the property as nullable. [/home/runner/work/Wekeza/Wekeza/Core/Wekeza.Core.Domain/Wekeza.Core.Domain.csproj]
/home/runner/work/Wekeza/Wekeza/Core/Wekeza.Core.Domain/Aggregates/Integration.cs(64,13): warning CS8618: Non-nullable property 'Protocol' must contain a non-null value when exiting constructor. Consider adding the 'required' modifier or declaring the property as nullable. [/home/runner/work/Wekeza/Wekeza/Core/Wekeza.Core.Domain/Wekeza.Core.Domain.csproj]
/home/runner/work/Wekeza/Wekeza/Core/Wekeza.Core.Domain/Aggregates/Integration.cs(64,13): warning CS8618: Non-nullable property 'LastErrorMessage' must contain a non-null value when exiting constructor. Consider adding the 'required' modifier or declaring the property as nullable. [/home/runner/work/Wekeza/Wekeza/Core/Wekeza.Core.Domain/Wekeza.Core.Domain.csproj]
/home/runner/work/Wekeza/Wekeza/Core/Wekeza.Core.Domain/Aggregates/Integration.cs(64,13): warning CS8618: Non-nullable property 'CreatedBy' must contain a non-null value when exiting constructor. Consider adding the 'required' modifier or declaring the property as nullable. [/home/runner/work/Wekeza/Wekeza/Core/Wekeza.Core.Domain/Wekeza.Core.Domain.csproj]
/home/runner/work/Wekeza/Wekeza/Core/Wekeza.Core.Domain/Aggregates/Integration.cs(64,13): warning CS8618: Non-nullable property 'LastModifiedBy' must contain a non-null value when exiting constructor. Consider adding the 'required' modifier or declaring the property as nullable. [/home/runner/work/Wekeza/Wekeza/Core/Wekeza.Core.Domain/Wekeza.Core.Domain.csproj]
/home/runner/work/Wekeza/Wekeza/Core/Wekeza.Core.Domain/Aggregates/GLAccount.cs(48,13): warning CS8618: Non-nullable property 'GLCode' must contain a non-null value when exiting constructor. Consider adding the 'required' modifier or declaring the property as nullable. [/home/runner/work/Wekeza/Wekeza/Core/Wekeza.Core.Domain/Wekeza.Core.Domain.csproj]
/home/runner/work/Wekeza/Wekeza/Core/Wekeza.Core.Domain/Aggregates/GLAccount.cs(48,13): warning CS8618: Non-nullable property 'GLName' must contain a non-null value when exiting constructor. Consider adding the 'required' modifier or declaring the property as nullable. [/home/runner/work/Wekeza/Wekeza/Core/Wekeza.Core.Domain/Wekeza.Core.Domain.csproj]
/home/runner/work/Wekeza/Wekeza/Core/Wekeza.Core.Domain/Aggregates/GLAccount.cs(48,13): warning CS8618: Non-nullable property 'Currency' must contain a non-null value when exiting constructor. Consider adding the 'required' modifier or declaring the property as nullable. [/home/runner/work/Wekeza/Wekeza/Core/Wekeza.Core.Domain/Wekeza.Core.Domain.csproj]
/home/runner/work/Wekeza/Wekeza/Core/Wekeza.Core.Domain/Aggregates/GLAccount.cs(48,13): warning CS8618: Non-nullable property 'CreatedBy' must contain a non-null value when exiting constructor. Consider adding the 'required' modifier or declaring the property as nullable. [/home/runner/work/Wekeza/Wekeza/Core/Wekeza.Core.Domain/Wekeza.Core.Domain.csproj]
/home/runner/work/Wekeza/Wekeza/Core/Wekeza.Core.Domain/Aggregates/JournalEntry.cs(45,13): warning CS8618: Non-nullable property 'JournalNumber' must contain a non-null value when exiting constructor. Consider adding the 'required' modifier or declaring the property as nullable. [/home/runner/work/Wekeza/Wekeza/Core/Wekeza.Core.Domain/Wekeza.Core.Domain.csproj]
/home/runner/work/Wekeza/Wekeza/Core/Wekeza.Core.Domain/Aggregates/JournalEntry.cs(45,13): warning CS8618: Non-nullable property 'SourceType' must contain a non-null value when exiting constructor. Consider adding the 'required' modifier or declaring the property as nullable. [/home/runner/work/Wekeza/Wekeza/Core/Wekeza.Core.Domain/Wekeza.Core.Domain.csproj]
/home/runner/work/Wekeza/Wekeza/Core/Wekeza.Core.Domain/Aggregates/JournalEntry.cs(45,13): warning CS8618: Non-nullable property 'SourceReference' must contain a non-null value when exiting constructor. Consider adding the 'required' modifier or declaring the property as nullable. [/home/runner/work/Wekeza/Wekeza/Core/Wekeza.Core.Domain/Wekeza.Core.Domain.csproj]
/home/runner/work/Wekeza/Wekeza/Core/Wekeza.Core.Domain/Aggregates/JournalEntry.cs(45,13): warning CS8618: Non-nullable property 'Currency' must contain a non-null value when exiting constructor. Consider adding the 'required' modifier or declaring the property as nullable. [/home/runner/work/Wekeza/Wekeza/Core/Wekeza.Core.Domain/Wekeza.Core.Domain.csproj]
/home/runner/work/Wekeza/Wekeza/Core/Wekeza.Core.Domain/Aggregates/JournalEntry.cs(45,13): warning CS8618: Non-nullable property 'CreatedBy' must contain a non-null value when exiting constructor. Consider adding the 'required' modifier or declaring the property as nullable. [/home/runner/work/Wekeza/Wekeza/Core/Wekeza.Core.Domain/Wekeza.Core.Domain.csproj]
/home/runner/work/Wekeza/Wekeza/Core/Wekeza.Core.Domain/Aggregates/IntegrationEndpoint.cs(84,13): warning CS8618: Non-nullable property 'EndpointCode' must contain a non-null value when exiting constructor. Consider adding the 'required' modifier or declaring the property as nullable. [/home/runner/work/Wekeza/Wekeza/Core/Wekeza.Core.Domain/Wekeza.Core.Domain.csproj]
/home/runner/work/Wekeza/Wekeza/Core/Wekeza.Core.Domain/Aggregates/IntegrationEndpoint.cs(84,13): warning CS8618: Non-nullable property 'EndpointName' must contain a non-null value when exiting constructor. Consider adding the 'required' modifier or declaring the property as nullable. [/home/runner/work/Wekeza/Wekeza/Core/Wekeza.Core.Domain/Wekeza.Core.Domain.csproj]
/home/runner/work/Wekeza/Wekeza/Core/Wekeza.Core.Domain/Aggregates/IntegrationEndpoint.cs(84,13): warning CS8618: Non-nullable property 'Description' must contain a non-null value when exiting constructor. Consider adding the 'required' modifier or declaring the property as nullable. [/home/runner/work/Wekeza/Wekeza/Core/Wekeza.Core.Domain/Wekeza.Core.Domain.csproj]
/home/runner/work/Wekeza/Wekeza/Core/Wekeza.Core.Domain/Aggregates/IntegrationEndpoint.cs(84,13): warning CS8618: Non-nullable property 'BaseUrl' must contain a non-null value when exiting constructor. Consider adding the 'required' modifier or declaring the property as nullable. [/home/runner/work/Wekeza/Wekeza/Core/Wekeza.Core.Domain/Wekeza.Core.Domain.csproj]
/home/runner/work/Wekeza/Wekeza/Core/Wekeza.Core.Domain/Aggregates/IntegrationEndpoint.cs(84,13): warning CS8618: Non-nullable property 'Path' must contain a non-null value when exiting constructor. Consider adding the 'required' modifier or declaring the property as nullable. [/home/runner/work/Wekeza/Wekeza/Core/Wekeza.Core.Domain/Wekeza.Core.Domain.csproj]
/home/runner/work/Wekeza/Wekeza/Core/Wekeza.Core.Domain/Aggregates/IntegrationEndpoint.cs(84,13): warning CS8618: Non-nullable property 'CertificatePath' must contain a non-null value when exiting constructor. Consider adding the 'required' modifier or declaring the property as nullable. [/home/runner/work/Wekeza/Wekeza/Core/Wekeza.Core.Domain/Wekeza.Core.Domain.csproj]
/home/runner/work/Wekeza/Wekeza/Core/Wekeza.Core.Domain/Aggregates/IntegrationEndpoint.cs(84,13): warning CS8618: Non-nullable property 'LastHealthCheckResult' must contain a non-null value when exiting constructor. Consider adding the 'required' modifier or declaring the property as nullable. [/home/runner/work/Wekeza/Wekeza/Core/Wekeza.Core.Domain/Wekeza.Core.Domain.csproj]
/home/runner/work/Wekeza/Wekeza/Core/Wekeza.Core.Domain/Aggregates/IntegrationEndpoint.cs(84,13): warning CS8618: Non-nullable property 'LastErrorMessage' must contain a non-null value when exiting constructor. Consider adding the 'required' modifier or declaring the property as nullable. [/home/runner/work/Wekeza/Wekeza/Core/Wekeza.Core.Domain/Wekeza.Core.Domain.csproj]
/home/runner/work/Wekeza/Wekeza/Core/Wekeza.Core.Domain/Aggregates/IntegrationEndpoint.cs(84,13): warning CS8618: Non-nullable property 'CreatedBy' must contain a non-null value when exiting constructor. Consider adding the 'required' modifier or declaring the property as nullable. [/home/runner/work/Wekeza/Wekeza/Core/Wekeza.Core.Domain/Wekeza.Core.Domain.csproj]
/home/runner/work/Wekeza/Wekeza/Core/Wekeza.Core.Domain/Aggregates/IntegrationEndpoint.cs(84,13): warning CS8618: Non-nullable property 'LastModifiedBy' must contain a non-null value when exiting constructor. Consider adding the 'required' modifier or declaring the property as nullable. [/home/runner/work/Wekeza/Wekeza/Core/Wekeza.Core.Domain/Wekeza.Core.Domain.csproj]
/home/runner/work/Wekeza/Wekeza/Core/Wekeza.Core.Domain/Aggregates/DocumentaryCollection.cs(256,19): warning CS8618: Non-nullable property 'EventType' must contain a non-null value when exiting constructor. Consider adding the 'required' modifier or declaring the property as nullable. [/home/runner/work/Wekeza/Wekeza/Core/Wekeza.Core.Domain/Wekeza.Core.Domain.csproj]
/home/runner/work/Wekeza/Wekeza/Core/Wekeza.Core.Domain/Aggregates/DocumentaryCollection.cs(257,19): warning CS8618: Non-nullable property 'Description' must contain a non-null value when exiting constructor. Consider adding the 'required' modifier or declaring the property as nullable. [/home/runner/work/Wekeza/Wekeza/Core/Wekeza.Core.Domain/Wekeza.Core.Domain.csproj]
/home/runner/work/Wekeza/Wekeza/Core/Wekeza.Core.Domain/Aggregates/FixedDeposit.cs(42,13): warning CS8618: Non-nullable property 'DepositNumber' must contain a non-null value when exiting constructor. Consider adding the 'required' modifier or declaring the property as nullable. [/home/runner/work/Wekeza/Wekeza/Core/Wekeza.Core.Domain/Wekeza.Core.Domain.csproj]
/home/runner/work/Wekeza/Wekeza/Core/Wekeza.Core.Domain/Aggregates/FixedDeposit.cs(42,13): warning CS8618: Non-nullable property 'PrincipalAmount' must contain a non-null value when exiting constructor. Consider adding the 'required' modifier or declaring the property as nullable. [/home/runner/work/Wekeza/Wekeza/Core/Wekeza.Core.Domain/Wekeza.Core.Domain.csproj]
/home/runner/work/Wekeza/Wekeza/Core/Wekeza.Core.Domain/Aggregates/FixedDeposit.cs(42,13): warning CS8618: Non-nullable property 'InterestRate' must contain a non-null value when exiting constructor. Consider adding the 'required' modifier or declaring the property as nullable. [/home/runner/work/Wekeza/Wekeza/Core/Wekeza.Core.Domain/Wekeza.Core.Domain.csproj]
/home/runner/work/Wekeza/Wekeza/Core/Wekeza.Core.Domain/Aggregates/FixedDeposit.cs(42,13): warning CS8618: Non-nullable property 'MaturityAmount' must contain a non-null value when exiting constructor. Consider adding the 'required' modifier or declaring the property as nullable. [/home/runner/work/Wekeza/Wekeza/Core/Wekeza.Core.Domain/Wekeza.Core.Domain.csproj]
/home/runner/work/Wekeza/Wekeza/Core/Wekeza.Core.Domain/Aggregates/FixedDeposit.cs(42,13): warning CS8618: Non-nullable property 'AccruedInterest' must contain a non-null value when exiting constructor. Consider adding the 'required' modifier or declaring the property as nullable. [/home/runner/work/Wekeza/Wekeza/Core/Wekeza.Core.Domain/Wekeza.Core.Domain.csproj]
/home/runner/work/Wekeza/Wekeza/Core/Wekeza.Core.Domain/Aggregates/FixedDeposit.cs(42,13): warning CS8618: Non-nullable property 'BranchCode' must contain a non-null value when exiting constructor. Consider adding the 'required' modifier or declaring the property as nullable. [/home/runner/work/Wekeza/Wekeza/Core/Wekeza.Core.Domain/Wekeza.Core.Domain.csproj]
/home/runner/work/Wekeza/Wekeza/Core/Wekeza.Core.Domain/Aggregates/FixedDeposit.cs(42,13): warning CS8618: Non-nullable property 'CreatedBy' must contain a non-null value when exiting constructor. Consider adding the 'required' modifier or declaring the property as nullable. [/home/runner/work/Wekeza/Wekeza/Core/Wekeza.Core.Domain/Wekeza.Core.Domain.csproj]
/home/runner/work/Wekeza/Wekeza/Core/Wekeza.Core.Domain/Aggregates/FixedDeposit.cs(44,12): warning CS8618: Non-nullable property 'MaturityAmount' must contain a non-null value when exiting constructor. Consider adding the 'required' modifier or declaring the property as nullable. [/home/runner/work/Wekeza/Wekeza/Core/Wekeza.Core.Domain/Wekeza.Core.Domain.csproj]
/home/runner/work/Wekeza/Wekeza/Core/Wekeza.Core.Domain/Aggregates/MessageQueue.cs(176,24): warning CS8625: Cannot convert null literal to non-nullable reference type. [/home/runner/work/Wekeza/Wekeza/Core/Wekeza.Core.Domain/Wekeza.Core.Domain.csproj]
/home/runner/work/Wekeza/Wekeza/Core/Wekeza.Core.Domain/Aggregates/DocumentaryCollection.cs(32,13): warning CS8618: Non-nullable property 'CollectionNumber' must contain a non-null value when exiting constructor. Consider adding the 'required' modifier or declaring the property as nullable. [/home/runner/work/Wekeza/Wekeza/Core/Wekeza.Core.Domain/Wekeza.Core.Domain.csproj]
/home/runner/work/Wekeza/Wekeza/Core/Wekeza.Core.Domain/Aggregates/DocumentaryCollection.cs(32,13): warning CS8618: Non-nullable property 'Amount' must contain a non-null value when exiting constructor. Consider adding the 'required' modifier or declaring the property as nullable. [/home/runner/work/Wekeza/Wekeza/Core/Wekeza.Core.Domain/Wekeza.Core.Domain.csproj]
/home/runner/work/Wekeza/Wekeza/Core/Wekeza.Core.Domain/Aggregates/DocumentaryCollection.cs(32,13): warning CS8618: Non-nullable property 'Terms' must contain a non-null value when exiting constructor. Consider adding the 'required' modifier or declaring the property as nullable. [/home/runner/work/Wekeza/Wekeza/Core/Wekeza.Core.Domain/Wekeza.Core.Domain.csproj]
/home/runner/work/Wekeza/Wekeza/Core/Wekeza.Core.Domain/Aggregates/DocumentaryCollection.cs(32,13): warning CS8618: Non-nullable property 'Instructions' must contain a non-null value when exiting constructor. Consider adding the 'required' modifier or declaring the property as nullable. [/home/runner/work/Wekeza/Wekeza/Core/Wekeza.Core.Domain/Wekeza.Core.Domain.csproj]
/home/runner/work/Wekeza/Wekeza/Core/Wekeza.Core.Domain/Aggregates/DigitalChannel.cs(577,13): warning CS8618: Non-nullable property 'Title' must contain a non-null value when exiting constructor. Consider adding the 'required' modifier or declaring the property as nullable. [/home/runner/work/Wekeza/Wekeza/Core/Wekeza.Core.Domain/Wekeza.Core.Domain.csproj]
/home/runner/work/Wekeza/Wekeza/Core/Wekeza.Core.Domain/Aggregates/DigitalChannel.cs(577,13): warning CS8618: Non-nullable property 'Message' must contain a non-null value when exiting constructor. Consider adding the 'required' modifier or declaring the property as nullable. [/home/runner/work/Wekeza/Wekeza/Core/Wekeza.Core.Domain/Wekeza.Core.Domain.csproj]
/home/runner/work/Wekeza/Wekeza/Core/Wekeza.Core.Domain/Aggregates/DigitalChannel.cs(577,13): warning CS8618: Non-nullable property 'CreatedBy' must contain a non-null value when exiting constructor. Consider adding the 'required' modifier or declaring the property as nullable. [/home/runner/work/Wekeza/Wekeza/Core/Wekeza.Core.Domain/Wekeza.Core.Domain.csproj]
/home/runner/work/Wekeza/Wekeza/Core/Wekeza.Core.Domain/Aggregates/Integration.cs(242,34): warning CS8601: Possible null reference assignment. [/home/runner/work/Wekeza/Wekeza/Core/Wekeza.Core.Domain/Wekeza.Core.Domain.csproj]
/home/runner/work/Wekeza/Wekeza/Core/Wekeza.Core.Domain/Aggregates/MessageQueue.cs(231,20): warning CS8603: Possible null reference return. [/home/runner/work/Wekeza/Wekeza/Core/Wekeza.Core.Domain/Wekeza.Core.Domain.csproj]
/home/runner/work/Wekeza/Wekeza/Core/Wekeza.Core.Domain/Aggregates/MessageQueue.cs(233,32): warning CS8600: Converting null literal or possible null value to non-nullable type. [/home/runner/work/Wekeza/Wekeza/Core/Wekeza.Core.Domain/Wekeza.Core.Domain.csproj]
/home/runner/work/Wekeza/Wekeza/Core/Wekeza.Core.Domain/Aggregates/MessageQueue.cs(252,13): warning CS8604: Possible null reference argument for parameter 'one' in 'bool ValueObject.operator !=(ValueObject one, ValueObject two)'. [/home/runner/work/Wekeza/Wekeza/Core/Wekeza.Core.Domain/Wekeza.Core.Domain.csproj]
/home/runner/work/Wekeza/Wekeza/Core/Wekeza.Core.Domain/Aggregates/MessageQueue.cs(252,24): warning CS8625: Cannot convert null literal to non-nullable reference type. [/home/runner/work/Wekeza/Wekeza/Core/Wekeza.Core.Domain/Wekeza.Core.Domain.csproj]
/home/runner/work/Wekeza/Wekeza/Core/Wekeza.Core.Domain/Aggregates/MessageQueue.cs(279,16): warning CS8603: Possible null reference return. [/home/runner/work/Wekeza/Wekeza/Core/Wekeza.Core.Domain/Wekeza.Core.Domain.csproj]
/home/runner/work/Wekeza/Wekeza/Core/Wekeza.Core.Domain/Aggregates/DigitalChannel.cs(530,13): warning CS8618: Non-nullable property 'TransactionId' must contain a non-null value when exiting constructor. Consider adding the 'required' modifier or declaring the property as nullable. [/home/runner/work/Wekeza/Wekeza/Core/Wekeza.Core.Domain/Wekeza.Core.Domain.csproj]
/home/runner/work/Wekeza/Wekeza/Core/Wekeza.Core.Domain/Aggregates/DigitalChannel.cs(530,13): warning CS8618: Non-nullable property 'SessionId' must contain a non-null value when exiting constructor. Consider adding the 'required' modifier or declaring the property as nullable. [/home/runner/work/Wekeza/Wekeza/Core/Wekeza.Core.Domain/Wekeza.Core.Domain.csproj]
/home/runner/work/Wekeza/Wekeza/Core/Wekeza.Core.Domain/Aggregates/DigitalChannel.cs(530,13): warning CS8618: Non-nullable property 'ServiceCode' must contain a non-null value when exiting constructor. Consider adding the 'required' modifier or declaring the property as nullable. [/home/runner/work/Wekeza/Wekeza/Core/Wekeza.Core.Domain/Wekeza.Core.Domain.csproj]
/home/runner/work/Wekeza/Wekeza/Core/Wekeza.Core.Domain/Aggregates/DigitalChannel.cs(530,13): warning CS8618: Non-nullable property 'Amount' must contain a non-null value when exiting constructor. Consider adding the 'required' modifier or declaring the property as nullable. [/home/runner/work/Wekeza/Wekeza/Core/Wekeza.Core.Domain/Wekeza.Core.Domain.csproj]
/home/runner/work/Wekeza/Wekeza/Core/Wekeza.Core.Domain/Aggregates/DigitalChannel.cs(530,13): warning CS8618: Non-nullable property 'Description' must contain a non-null value when exiting constructor. Consider adding the 'required' modifier or declaring the property as nullable. [/home/runner/work/Wekeza/Wekeza/Core/Wekeza.Core.Domain/Wekeza.Core.Domain.csproj]
/home/runner/work/Wekeza/Wekeza/Core/Wekeza.Core.Domain/Aggregates/DigitalChannel.cs(530,13): warning CS8618: Non-nullable property 'ProcessedBy' must contain a non-null value when exiting constructor. Consider adding the 'required' modifier or declaring the property as nullable. [/home/runner/work/Wekeza/Wekeza/Core/Wekeza.Core.Domain/Wekeza.Core.Domain.csproj]
/home/runner/work/Wekeza/Wekeza/Core/Wekeza.Core.Domain/Aggregates/DigitalChannel.cs(469,13): warning CS8618: Non-nullable property 'SessionId' must contain a non-null value when exiting constructor. Consider adding the 'required' modifier or declaring the property as nullable. [/home/runner/work/Wekeza/Wekeza/Core/Wekeza.Core.Domain/Wekeza.Core.Domain.csproj]
/home/runner/work/Wekeza/Wekeza/Core/Wekeza.Core.Domain/Aggregates/DigitalChannel.cs(469,13): warning CS8618: Non-nullable property 'UserId' must contain a non-null value when exiting constructor. Consider adding the 'required' modifier or declaring the property as nullable. [/home/runner/work/Wekeza/Wekeza/Core/Wekeza.Core.Domain/Wekeza.Core.Domain.csproj]
/home/runner/work/Wekeza/Wekeza/Core/Wekeza.Core.Domain/Aggregates/DigitalChannel.cs(469,13): warning CS8618: Non-nullable property 'DeviceId' must contain a non-null value when exiting constructor. Consider adding the 'required' modifier or declaring the property as nullable. [/home/runner/work/Wekeza/Wekeza/Core/Wekeza.Core.Domain/Wekeza.Core.Domain.csproj]
/home/runner/work/Wekeza/Wekeza/Core/Wekeza.Core.Domain/Aggregates/DigitalChannel.cs(469,13): warning CS8618: Non-nullable property 'IpAddress' must contain a non-null value when exiting constructor. Consider adding the 'required' modifier or declaring the property as nullable. [/home/runner/work/Wekeza/Wekeza/Core/Wekeza.Core.Domain/Wekeza.Core.Domain.csproj]
/home/runner/work/Wekeza/Wekeza/Core/Wekeza.Core.Domain/Aggregates/DigitalChannel.cs(469,13): warning CS8618: Non-nullable property 'UserAgent' must contain a non-null value when exiting constructor. Consider adding the 'required' modifier or declaring the property as nullable. [/home/runner/work/Wekeza/Wekeza/Core/Wekeza.Core.Domain/Wekeza.Core.Domain.csproj]
/home/runner/work/Wekeza/Wekeza/Core/Wekeza.Core.Domain/Aggregates/DigitalChannel.cs(421,13): warning CS8618: Non-nullable property 'ServiceCode' must contain a non-null value when exiting constructor. Consider adding the 'required' modifier or declaring the property as nullable. [/home/runner/work/Wekeza/Wekeza/Core/Wekeza.Core.Domain/Wekeza.Core.Domain.csproj]
/home/runner/work/Wekeza/Wekeza/Core/Wekeza.Core.Domain/Aggregates/DigitalChannel.cs(421,13): warning CS8618: Non-nullable property 'ServiceName' must contain a non-null value when exiting constructor. Consider adding the 'required' modifier or declaring the property as nullable. [/home/runner/work/Wekeza/Wekeza/Core/Wekeza.Core.Domain/Wekeza.Core.Domain.csproj]
/home/runner/work/Wekeza/Wekeza/Core/Wekeza.Core.Domain/Aggregates/DigitalChannel.cs(421,13): warning CS8618: Non-nullable property 'CreatedBy' must contain a non-null value when exiting constructor. Consider adding the 'required' modifier or declaring the property as nullable. [/home/runner/work/Wekeza/Wekeza/Core/Wekeza.Core.Domain/Wekeza.Core.Domain.csproj]
/home/runner/work/Wekeza/Wekeza/Core/Wekeza.Core.Domain/Aggregates/MessageQueue.cs(302,16): warning CS8603: Possible null reference return. [/home/runner/work/Wekeza/Wekeza/Core/Wekeza.Core.Domain/Wekeza.Core.Domain.csproj]
/home/runner/work/Wekeza/Wekeza/Core/Wekeza.Core.Domain/Aggregates/Dashboard.cs(491,13): warning CS8618: Non-nullable property 'Title' must contain a non-null value when exiting constructor. Consider adding the 'required' modifier or declaring the property as nullable. [/home/runner/work/Wekeza/Wekeza/Core/Wekeza.Core.Domain/Wekeza.Core.Domain.csproj]
/home/runner/work/Wekeza/Wekeza/Core/Wekeza.Core.Domain/Aggregates/Dashboard.cs(491,13): warning CS8618: Non-nullable property 'Description' must contain a non-null value when exiting constructor. Consider adding the 'required' modifier or declaring the property as nullable. [/home/runner/work/Wekeza/Wekeza/Core/Wekeza.Core.Domain/Wekeza.Core.Domain.csproj]
/home/runner/work/Wekeza/Wekeza/Core/Wekeza.Core.Domain/Aggregates/Dashboard.cs(491,13): warning CS8618: Non-nullable property 'Position' must contain a non-null value when exiting constructor. Consider adding the 'required' modifier or declaring the property as nullable. [/home/runner/work/Wekeza/Wekeza/Core/Wekeza.Core.Domain/Wekeza.Core.Domain.csproj]
/home/runner/work/Wekeza/Wekeza/Core/Wekeza.Core.Domain/Aggregates/Customer.cs(24,13): warning CS8618: Non-nullable property 'FirstName' must contain a non-null value when exiting constructor. Consider adding the 'required' modifier or declaring the property as nullable. [/home/runner/work/Wekeza/Wekeza/Core/Wekeza.Core.Domain/Wekeza.Core.Domain.csproj]
/home/runner/work/Wekeza/Wekeza/Core/Wekeza.Core.Domain/Aggregates/Customer.cs(24,13): warning CS8618: Non-nullable property 'LastName' must contain a non-null value when exiting constructor. Consider adding the 'required' modifier or declaring the property as nullable. [/home/runner/work/Wekeza/Wekeza/Core/Wekeza.Core.Domain/Wekeza.Core.Domain.csproj]
/home/runner/work/Wekeza/Wekeza/Core/Wekeza.Core.Domain/Aggregates/Customer.cs(24,13): warning CS8618: Non-nullable property 'Email' must contain a non-null value when exiting constructor. Consider adding the 'required' modifier or declaring the property as nullable. [/home/runner/work/Wekeza/Wekeza/Core/Wekeza.Core.Domain/Wekeza.Core.Domain.csproj]
/home/runner/work/Wekeza/Wekeza/Core/Wekeza.Core.Domain/Aggregates/Customer.cs(24,13): warning CS8618: Non-nullable property 'PhoneNumber' must contain a non-null value when exiting constructor. Consider adding the 'required' modifier or declaring the property as nullable. [/home/runner/work/Wekeza/Wekeza/Core/Wekeza.Core.Domain/Wekeza.Core.Domain.csproj]
/home/runner/work/Wekeza/Wekeza/Core/Wekeza.Core.Domain/Aggregates/Customer.cs(24,13): warning CS8618: Non-nullable property 'IdentificationNumber' must contain a non-null value when exiting constructor. Consider adding the 'required' modifier or declaring the property as nullable. [/home/runner/work/Wekeza/Wekeza/Core/Wekeza.Core.Domain/Wekeza.Core.Domain.csproj]
/home/runner/work/Wekeza/Wekeza/Core/Wekeza.Core.Domain/Aggregates/DigitalChannel.cs(45,13): warning CS8618: Non-nullable property 'ChannelCode' must contain a non-null value when exiting constructor. Consider adding the 'required' modifier or declaring the property as nullable. [/home/runner/work/Wekeza/Wekeza/Core/Wekeza.Core.Domain/Wekeza.Core.Domain.csproj]
/home/runner/work/Wekeza/Wekeza/Core/Wekeza.Core.Domain/Aggregates/DigitalChannel.cs(45,13): warning CS8618: Non-nullable property 'ChannelName' must contain a non-null value when exiting constructor. Consider adding the 'required' modifier or declaring the property as nullable. [/home/runner/work/Wekeza/Wekeza/Core/Wekeza.Core.Domain/Wekeza.Core.Domain.csproj]
/home/runner/work/Wekeza/Wekeza/Core/Wekeza.Core.Domain/Aggregates/DigitalChannel.cs(45,13): warning CS8618: Non-nullable property 'Description' must contain a non-null value when exiting constructor. Consider adding the 'required' modifier or declaring the property as nullable. [/home/runner/work/Wekeza/Wekeza/Core/Wekeza.Core.Domain/Wekeza.Core.Domain.csproj]
/home/runner/work/Wekeza/Wekeza/Core/Wekeza.Core.Domain/Aggregates/DigitalChannel.cs(45,13): warning CS8618: Non-nullable property 'BaseUrl' must contain a non-null value when exiting constructor. Consider adding the 'required' modifier or declaring the property as nullable. [/home/runner/work/Wekeza/Wekeza/Core/Wekeza.Core.Domain/Wekeza.Core.Domain.csproj]
/home/runner/work/Wekeza/Wekeza/Core/Wekeza.Core.Domain/Aggregates/DigitalChannel.cs(45,13): warning CS8618: Non-nullable property 'ApiVersion' must contain a non-null value when exiting constructor. Consider adding the 'required' modifier or declaring the property as nullable. [/home/runner/work/Wekeza/Wekeza/Core/Wekeza.Core.Domain/Wekeza.Core.Domain.csproj]
/home/runner/work/Wekeza/Wekeza/Core/Wekeza.Core.Domain/Aggregates/DigitalChannel.cs(45,13): warning CS8618: Non-nullable property 'DailyTransactionLimit' must contain a non-null value when exiting constructor. Consider adding the 'required' modifier or declaring the property as nullable. [/home/runner/work/Wekeza/Wekeza/Core/Wekeza.Core.Domain/Wekeza.Core.Domain.csproj]
/home/runner/work/Wekeza/Wekeza/Core/Wekeza.Core.Domain/Aggregates/DigitalChannel.cs(45,13): warning CS8618: Non-nullable property 'SingleTransactionLimit' must contain a non-null value when exiting constructor. Consider adding the 'required' modifier or declaring the property as nullable. [/home/runner/work/Wekeza/Wekeza/Core/Wekeza.Core.Domain/Wekeza.Core.Domain.csproj]
/home/runner/work/Wekeza/Wekeza/Core/Wekeza.Core.Domain/Aggregates/DigitalChannel.cs(45,13): warning CS8618: Non-nullable property 'CreatedBy' must contain a non-null value when exiting constructor. Consider adding the 'required' modifier or declaring the property as nullable. [/home/runner/work/Wekeza/Wekeza/Core/Wekeza.Core.Domain/Wekeza.Core.Domain.csproj]
/home/runner/work/Wekeza/Wekeza/Core/Wekeza.Core.Domain/Aggregates/Loan.cs(345,44): warning CS8509: The switch expression does not handle all possible values of its input type (it is not exhaustive). For example, the pattern '-1' is not covered. [/home/runner/work/Wekeza/Wekeza/Core/Wekeza.Core.Domain/Wekeza.Core.Domain.csproj]
/home/runner/work/Wekeza/Wekeza/Core/Wekeza.Core.Domain/Aggregates/MessageQueue.cs(352,24): warning CS8625: Cannot convert null literal to non-nullable reference type. [/home/runner/work/Wekeza/Wekeza/Core/Wekeza.Core.Domain/Wekeza.Core.Domain.csproj]
/home/runner/work/Wekeza/Wekeza/Core/Wekeza.Core.Domain/Aggregates/Dashboard.cs(48,13): warning CS8618: Non-nullable property 'DashboardCode' must contain a non-null value when exiting constructor. Consider adding the 'required' modifier or declaring the property as nullable. [/home/runner/work/Wekeza/Wekeza/Core/Wekeza.Core.Domain/Wekeza.Core.Domain.csproj]
/home/runner/work/Wekeza/Wekeza/Core/Wekeza.Core.Domain/Aggregates/Dashboard.cs(48,13): warning CS8618: Non-nullable property 'DashboardName' must contain a non-null value when exiting constructor. Consider adding the 'required' modifier or declaring the property as nullable. [/home/runner/work/Wekeza/Wekeza/Core/Wekeza.Core.Domain/Wekeza.Core.Domain.csproj]
/home/runner/work/Wekeza/Wekeza/Core/Wekeza.Core.Domain/Aggregates/Dashboard.cs(48,13): warning CS8618: Non-nullable property 'Description' must contain a non-null value when exiting constructor. Consider adding the 'required' modifier or declaring the property as nullable. [/home/runner/work/Wekeza/Wekeza/Core/Wekeza.Core.Domain/Wekeza.Core.Domain.csproj]
/home/runner/work/Wekeza/Wekeza/Core/Wekeza.Core.Domain/Aggregates/Dashboard.cs(48,13): warning CS8618: Non-nullable property 'CreatedBy' must contain a non-null value when exiting constructor. Consider adding the 'required' modifier or declaring the property as nullable. [/home/runner/work/Wekeza/Wekeza/Core/Wekeza.Core.Domain/Wekeza.Core.Domain.csproj]
/home/runner/work/Wekeza/Wekeza/Core/Wekeza.Core.Domain/Aggregates/Dashboard.cs(48,13): warning CS8618: Non-nullable property 'Theme' must contain a non-null value when exiting constructor. Consider adding the 'required' modifier or declaring the property as nullable. [/home/runner/work/Wekeza/Wekeza/Core/Wekeza.Core.Domain/Wekeza.Core.Domain.csproj]
/home/runner/work/Wekeza/Wekeza/Core/Wekeza.Core.Domain/Aggregates/Dashboard.cs(48,13): warning CS8618: Non-nullable property 'LastViewedBy' must contain a non-null value when exiting constructor. Consider adding the 'required' modifier or declaring the property as nullable. [/home/runner/work/Wekeza/Wekeza/Core/Wekeza.Core.Domain/Wekeza.Core.Domain.csproj]
/home/runner/work/Wekeza/Wekeza/Core/Wekeza.Core.Domain/Aggregates/Dashboard.cs(447,16): warning CS8603: Possible null reference return. [/home/runner/work/Wekeza/Wekeza/Core/Wekeza.Core.Domain/Wekeza.Core.Domain.csproj]
/home/runner/work/Wekeza/Wekeza/Core/Wekeza.Core.Domain/Aggregates/MessageQueue.cs(650,33): warning CS8601: Possible null reference assignment. [/home/runner/work/Wekeza/Wekeza/Core/Wekeza.Core.Domain/Wekeza.Core.Domain.csproj]
/home/runner/work/Wekeza/Wekeza/Core/Wekeza.Core.Domain/Aggregates/CashDrawer.cs(57,13): warning CS8618: Non-nullable property 'DrawerId' must contain a non-null value when exiting constructor. Consider adding the 'required' modifier or declaring the property as nullable. [/home/runner/work/Wekeza/Wekeza/Core/Wekeza.Core.Domain/Wekeza.Core.Domain.csproj]
/home/runner/work/Wekeza/Wekeza/Core/Wekeza.Core.Domain/Aggregates/CashDrawer.cs(57,13): warning CS8618: Non-nullable property 'TellerCode' must contain a non-null value when exiting constructor. Consider adding the 'required' modifier or declaring the property as nullable. [/home/runner/work/Wekeza/Wekeza/Core/Wekeza.Core.Domain/Wekeza.Core.Domain.csproj]
/home/runner/work/Wekeza/Wekeza/Core/Wekeza.Core.Domain/Aggregates/CashDrawer.cs(57,13): warning CS8618: Non-nullable property 'BranchCode' must contain a non-null value when exiting constructor. Consider adding the 'required' modifier or declaring the property as nullable. [/home/runner/work/Wekeza/Wekeza/Core/Wekeza.Core.Domain/Wekeza.Core.Domain.csproj]
/home/runner/work/Wekeza/Wekeza/Core/Wekeza.Core.Domain/Aggregates/CashDrawer.cs(57,13): warning CS8618: Non-nullable property 'TotalCashIn' must contain a non-null value when exiting constructor. Consider adding the 'required' modifier or declaring the property as nullable. [/home/runner/work/Wekeza/Wekeza/Core/Wekeza.Core.Domain/Wekeza.Core.Domain.csproj]
/home/runner/work/Wekeza/Wekeza/Core/Wekeza.Core.Domain/Aggregates/CashDrawer.cs(57,13): warning CS8618: Non-nullable property 'TotalCashOut' must contain a non-null value when exiting constructor. Consider adding the 'required' modifier or declaring the property as nullable. [/home/runner/work/Wekeza/Wekeza/Core/Wekeza.Core.Domain/Wekeza.Core.Domain.csproj]
/home/runner/work/Wekeza/Wekeza/Core/Wekeza.Core.Domain/Aggregates/CashDrawer.cs(57,13): warning CS8618: Non-nullable property 'NetCashMovement' must contain a non-null value when exiting constructor. Consider adding the 'required' modifier or declaring the property as nullable. [/home/runner/work/Wekeza/Wekeza/Core/Wekeza.Core.Domain/Wekeza.Core.Domain.csproj]
/home/runner/work/Wekeza/Wekeza/Core/Wekeza.Core.Domain/Aggregates/CashDrawer.cs(57,13): warning CS8618: Non-nullable property 'MaxCashLimit' must contain a non-null value when exiting constructor. Consider adding the 'required' modifier or declaring the property as nullable. [/home/runner/work/Wekeza/Wekeza/Core/Wekeza.Core.Domain/Wekeza.Core.Domain.csproj]
/home/runner/work/Wekeza/Wekeza/Core/Wekeza.Core.Domain/Aggregates/CashDrawer.cs(57,13): warning CS8618: Non-nullable property 'MinCashLimit' must contain a non-null value when exiting constructor. Consider adding the 'required' modifier or declaring the property as nullable. [/home/runner/work/Wekeza/Wekeza/Core/Wekeza.Core.Domain/Wekeza.Core.Domain.csproj]
/home/runner/work/Wekeza/Wekeza/Core/Wekeza.Core.Domain/Aggregates/CashDrawer.cs(57,13): warning CS8618: Non-nullable property 'CreatedBy' must contain a non-null value when exiting constructor. Consider adding the 'required' modifier or declaring the property as nullable. [/home/runner/work/Wekeza/Wekeza/Core/Wekeza.Core.Domain/Wekeza.Core.Domain.csproj]
/home/runner/work/Wekeza/Wekeza/Core/Wekeza.Core.Domain/Aggregates/CardApplication.cs(63,13): warning CS8618: Non-nullable property 'ApplicationNumber' must contain a non-null value when exiting constructor. Consider adding the 'required' modifier or declaring the property as nullable. [/home/runner/work/Wekeza/Wekeza/Core/Wekeza.Core.Domain/Wekeza.Core.Domain.csproj]
/home/runner/work/Wekeza/Wekeza/Core/Wekeza.Core.Domain/Aggregates/CardApplication.cs(63,13): warning CS8618: Non-nullable property 'NameOnCard' must contain a non-null value when exiting constructor. Consider adding the 'required' modifier or declaring the property as nullable. [/home/runner/work/Wekeza/Wekeza/Core/Wekeza.Core.Domain/Wekeza.Core.Domain.csproj]
/home/runner/work/Wekeza/Wekeza/Core/Wekeza.Core.Domain/Aggregates/CardApplication.cs(63,13): warning CS8618: Non-nullable property 'DeliveryAddress' must contain a non-null value when exiting constructor. Consider adding the 'required' modifier or declaring the property as nullable. [/home/runner/work/Wekeza/Wekeza/Core/Wekeza.Core.Domain/Wekeza.Core.Domain.csproj]
/home/runner/work/Wekeza/Wekeza/Core/Wekeza.Core.Domain/Aggregates/CardApplication.cs(63,13): warning CS8618: Non-nullable property 'ContactNumber' must contain a non-null value when exiting constructor. Consider adding the 'required' modifier or declaring the property as nullable. [/home/runner/work/Wekeza/Wekeza/Core/Wekeza.Core.Domain/Wekeza.Core.Domain.csproj]
/home/runner/work/Wekeza/Wekeza/Core/Wekeza.Core.Domain/Aggregates/CardApplication.cs(63,13): warning CS8618: Non-nullable property 'EmailAddress' must contain a non-null value when exiting constructor. Consider adding the 'required' modifier or declaring the property as nullable. [/home/runner/work/Wekeza/Wekeza/Core/Wekeza.Core.Domain/Wekeza.Core.Domain.csproj]
/home/runner/work/Wekeza/Wekeza/Core/Wekeza.Core.Domain/Aggregates/CardApplication.cs(63,13): warning CS8618: Non-nullable property 'RequestedDailyWithdrawalLimit' must contain a non-null value when exiting constructor. Consider adding the 'required' modifier or declaring the property as nullable. [/home/runner/work/Wekeza/Wekeza/Core/Wekeza.Core.Domain/Wekeza.Core.Domain.csproj]
/home/runner/work/Wekeza/Wekeza/Core/Wekeza.Core.Domain/Aggregates/CardApplication.cs(63,13): warning CS8618: Non-nullable property 'RequestedDailyPurchaseLimit' must contain a non-null value when exiting constructor. Consider adding the 'required' modifier or declaring the property as nullable. [/home/runner/work/Wekeza/Wekeza/Core/Wekeza.Core.Domain/Wekeza.Core.Domain.csproj]
/home/runner/work/Wekeza/Wekeza/Core/Wekeza.Core.Domain/Aggregates/CardApplication.cs(63,13): warning CS8618: Non-nullable property 'RequestedMonthlyLimit' must contain a non-null value when exiting constructor. Consider adding the 'required' modifier or declaring the property as nullable. [/home/runner/work/Wekeza/Wekeza/Core/Wekeza.Core.Domain/Wekeza.Core.Domain.csproj]
/home/runner/work/Wekeza/Wekeza/Core/Wekeza.Core.Domain/Aggregates/Card.cs(77,13): warning CS8618: Non-nullable property 'CardNumber' must contain a non-null value when exiting constructor. Consider adding the 'required' modifier or declaring the property as nullable. [/home/runner/work/Wekeza/Wekeza/Core/Wekeza.Core.Domain/Wekeza.Core.Domain.csproj]
/home/runner/work/Wekeza/Wekeza/Core/Wekeza.Core.Domain/Aggregates/Card.cs(77,13): warning CS8618: Non-nullable property 'NameOnCard' must contain a non-null value when exiting constructor. Consider adding the 'required' modifier or declaring the property as nullable. [/home/runner/work/Wekeza/Wekeza/Core/Wekeza.Core.Domain/Wekeza.Core.Domain.csproj]
/home/runner/work/Wekeza/Wekeza/Core/Wekeza.Core.Domain/Aggregates/Card.cs(77,13): warning CS8618: Non-nullable property 'CVV' must contain a non-null value when exiting constructor. Consider adding the 'required' modifier or declaring the property as nullable. [/home/runner/work/Wekeza/Wekeza/Core/Wekeza.Core.Domain/Wekeza.Core.Domain.csproj]
/home/runner/work/Wekeza/Wekeza/Core/Wekeza.Core.Domain/Aggregates/Card.cs(77,13): warning CS8618: Non-nullable property 'EncryptedPIN' must contain a non-null value when exiting constructor. Consider adding the 'required' modifier or declaring the property as nullable. [/home/runner/work/Wekeza/Wekeza/Core/Wekeza.Core.Domain/Wekeza.Core.Domain.csproj]
/home/runner/work/Wekeza/Wekeza/Core/Wekeza.Core.Domain/Aggregates/Card.cs(77,13): warning CS8618: Non-nullable property 'DailyWithdrawalLimit' must contain a non-null value when exiting constructor. Consider adding the 'required' modifier or declaring the property as nullable. [/home/runner/work/Wekeza/Wekeza/Core/Wekeza.Core.Domain/Wekeza.Core.Domain.csproj]
/home/runner/work/Wekeza/Wekeza/Core/Wekeza.Core.Domain/Aggregates/Card.cs(77,13): warning CS8618: Non-nullable property 'DailyPurchaseLimit' must contain a non-null value when exiting constructor. Consider adding the 'required' modifier or declaring the property as nullable. [/home/runner/work/Wekeza/Wekeza/Core/Wekeza.Core.Domain/Wekeza.Core.Domain.csproj]
/home/runner/work/Wekeza/Wekeza/Core/Wekeza.Core.Domain/Aggregates/Card.cs(77,13): warning CS8618: Non-nullable property 'MonthlyLimit' must contain a non-null value when exiting constructor. Consider adding the 'required' modifier or declaring the property as nullable. [/home/runner/work/Wekeza/Wekeza/Core/Wekeza.Core.Domain/Wekeza.Core.Domain.csproj]
/home/runner/work/Wekeza/Wekeza/Core/Wekeza.Core.Domain/Aggregates/Card.cs(77,13): warning CS8618: Non-nullable property 'DailyWithdrawnToday' must contain a non-null value when exiting constructor. Consider adding the 'required' modifier or declaring the property as nullable. [/home/runner/work/Wekeza/Wekeza/Core/Wekeza.Core.Domain/Wekeza.Core.Domain.csproj]
/home/runner/work/Wekeza/Wekeza/Core/Wekeza.Core.Domain/Aggregates/Card.cs(77,13): warning CS8618: Non-nullable property 'DailyPurchasedToday' must contain a non-null value when exiting constructor. Consider adding the 'required' modifier or declaring the property as nullable. [/home/runner/work/Wekeza/Wekeza/Core/Wekeza.Core.Domain/Wekeza.Core.Domain.csproj]
/home/runner/work/Wekeza/Wekeza/Core/Wekeza.Core.Domain/Aggregates/Card.cs(77,13): warning CS8618: Non-nullable property 'MonthlySpent' must contain a non-null value when exiting constructor. Consider adding the 'required' modifier or declaring the property as nullable. [/home/runner/work/Wekeza/Wekeza/Core/Wekeza.Core.Domain/Wekeza.Core.Domain.csproj]
/home/runner/work/Wekeza/Wekeza/Core/Wekeza.Core.Domain/Aggregates/Card.cs(77,13): warning CS8618: Non-nullable property 'DeliveryAddress' must contain a non-null value when exiting constructor. Consider adding the 'required' modifier or declaring the property as nullable. [/home/runner/work/Wekeza/Wekeza/Core/Wekeza.Core.Domain/Wekeza.Core.Domain.csproj]
/home/runner/work/Wekeza/Wekeza/Core/Wekeza.Core.Domain/Aggregates/CallDeposit.cs(367,13): warning CS8618: Non-nullable property 'Amount' must contain a non-null value when exiting constructor. Consider adding the 'required' modifier or declaring the property as nullable. [/home/runner/work/Wekeza/Wekeza/Core/Wekeza.Core.Domain/Wekeza.Core.Domain.csproj]
/home/runner/work/Wekeza/Wekeza/Core/Wekeza.Core.Domain/Aggregates/CallDeposit.cs(367,13): warning CS8618: Non-nullable property 'BalanceAfter' must contain a non-null value when exiting constructor. Consider adding the 'required' modifier or declaring the property as nullable. [/home/runner/work/Wekeza/Wekeza/Core/Wekeza.Core.Domain/Wekeza.Core.Domain.csproj]
/home/runner/work/Wekeza/Wekeza/Core/Wekeza.Core.Domain/Aggregates/CallDeposit.cs(367,13): warning CS8618: Non-nullable property 'Description' must contain a non-null value when exiting constructor. Consider adding the 'required' modifier or declaring the property as nullable. [/home/runner/work/Wekeza/Wekeza/Core/Wekeza.Core.Domain/Wekeza.Core.Domain.csproj]
/home/runner/work/Wekeza/Wekeza/Core/Wekeza.Core.Domain/Aggregates/CallDeposit.cs(405,13): warning CS8618: Non-nullable property 'Amount' must contain a non-null value when exiting constructor. Consider adding the 'required' modifier or declaring the property as nullable. [/home/runner/work/Wekeza/Wekeza/Core/Wekeza.Core.Domain/Wekeza.Core.Domain.csproj]
/home/runner/work/Wekeza/Wekeza/Core/Wekeza.Core.Domain/Aggregates/CallDeposit.cs(405,13): warning CS8618: Non-nullable property 'Reason' must contain a non-null value when exiting constructor. Consider adding the 'required' modifier or declaring the property as nullable. [/home/runner/work/Wekeza/Wekeza/Core/Wekeza.Core.Domain/Wekeza.Core.Domain.csproj]
/home/runner/work/Wekeza/Wekeza/Core/Wekeza.Core.Domain/Aggregates/CallDeposit.cs(405,13): warning CS8618: Non-nullable property 'SubmittedBy' must contain a non-null value when exiting constructor. Consider adding the 'required' modifier or declaring the property as nullable. [/home/runner/work/Wekeza/Wekeza/Core/Wekeza.Core.Domain/Wekeza.Core.Domain.csproj]
/home/runner/work/Wekeza/Wekeza/Core/Wekeza.Core.Domain/Aggregates/CallDeposit.cs(46,13): warning CS8618: Non-nullable property 'DepositNumber' must contain a non-null value when exiting constructor. Consider adding the 'required' modifier or declaring the property as nullable. [/home/runner/work/Wekeza/Wekeza/Core/Wekeza.Core.Domain/Wekeza.Core.Domain.csproj]
/home/runner/work/Wekeza/Wekeza/Core/Wekeza.Core.Domain/Aggregates/CallDeposit.cs(46,13): warning CS8618: Non-nullable property 'Balance' must contain a non-null value when exiting constructor. Consider adding the 'required' modifier or declaring the property as nullable. [/home/runner/work/Wekeza/Wekeza/Core/Wekeza.Core.Domain/Wekeza.Core.Domain.csproj]
/home/runner/work/Wekeza/Wekeza/Core/Wekeza.Core.Domain/Aggregates/CallDeposit.cs(46,13): warning CS8618: Non-nullable property 'CurrentInterestRate' must contain a non-null value when exiting constructor. Consider adding the 'required' modifier or declaring the property as nullable. [/home/runner/work/Wekeza/Wekeza/Core/Wekeza.Core.Domain/Wekeza.Core.Domain.csproj]
/home/runner/work/Wekeza/Wekeza/Core/Wekeza.Core.Domain/Aggregates/CallDeposit.cs(46,13): warning CS8618: Non-nullable property 'MinimumBalance' must contain a non-null value when exiting constructor. Consider adding the 'required' modifier or declaring the property as nullable. [/home/runner/work/Wekeza/Wekeza/Core/Wekeza.Core.Domain/Wekeza.Core.Domain.csproj]
/home/runner/work/Wekeza/Wekeza/Core/Wekeza.Core.Domain/Aggregates/CallDeposit.cs(46,13): warning CS8618: Non-nullable property 'MaximumBalance' must contain a non-null value when exiting constructor. Consider adding the 'required' modifier or declaring the property as nullable. [/home/runner/work/Wekeza/Wekeza/Core/Wekeza.Core.Domain/Wekeza.Core.Domain.csproj]
/home/runner/work/Wekeza/Wekeza/Core/Wekeza.Core.Domain/Aggregates/CallDeposit.cs(46,13): warning CS8618: Non-nullable property 'AccruedInterest' must contain a non-null value when exiting constructor. Consider adding the 'required' modifier or declaring the property as nullable. [/home/runner/work/Wekeza/Wekeza/Core/Wekeza.Core.Domain/Wekeza.Core.Domain.csproj]
/home/runner/work/Wekeza/Wekeza/Core/Wekeza.Core.Domain/Aggregates/CallDeposit.cs(46,13): warning CS8618: Non-nullable property 'BranchCode' must contain a non-null value when exiting constructor. Consider adding the 'required' modifier or declaring the property as nullable. [/home/runner/work/Wekeza/Wekeza/Core/Wekeza.Core.Domain/Wekeza.Core.Domain.csproj]
/home/runner/work/Wekeza/Wekeza/Core/Wekeza.Core.Domain/Aggregates/CallDeposit.cs(46,13): warning CS8618: Non-nullable property 'CreatedBy' must contain a non-null value when exiting constructor. Consider adding the 'required' modifier or declaring the property as nullable. [/home/runner/work/Wekeza/Wekeza/Core/Wekeza.Core.Domain/Wekeza.Core.Domain.csproj]
/home/runner/work/Wekeza/Wekeza/Core/Wekeza.Core.Domain/Aggregates/Branch.cs(499,13): warning CS8618: Non-nullable property 'TransactionVolume' must contain a non-null value when exiting constructor. Consider adding the 'required' modifier or declaring the property as nullable. [/home/runner/work/Wekeza/Wekeza/Core/Wekeza.Core.Domain/Wekeza.Core.Domain.csproj]
/home/runner/work/Wekeza/Wekeza/Core/Wekeza.Core.Domain/Aggregates/Branch.cs(499,13): warning CS8618: Non-nullable property 'CalculatedBy' must contain a non-null value when exiting constructor. Consider adding the 'required' modifier or declaring the property as nullable. [/home/runner/work/Wekeza/Wekeza/Core/Wekeza.Core.Domain/Wekeza.Core.Domain.csproj]
/home/runner/work/Wekeza/Wekeza/Core/Wekeza.Core.Domain/Aggregates/Branch.cs(464,13): warning CS8618: Non-nullable property 'LimitType' must contain a non-null value when exiting constructor. Consider adding the 'required' modifier or declaring the property as nullable. [/home/runner/work/Wekeza/Wekeza/Core/Wekeza.Core.Domain/Wekeza.Core.Domain.csproj]
/home/runner/work/Wekeza/Wekeza/Core/Wekeza.Core.Domain/Aggregates/Branch.cs(464,13): warning CS8618: Non-nullable property 'LimitAmount' must contain a non-null value when exiting constructor. Consider adding the 'required' modifier or declaring the property as nullable. [/home/runner/work/Wekeza/Wekeza/Core/Wekeza.Core.Domain/Wekeza.Core.Domain.csproj]
/home/runner/work/Wekeza/Wekeza/Core/Wekeza.Core.Domain/Aggregates/Branch.cs(464,13): warning CS8618: Non-nullable property 'CreatedBy' must contain a non-null value when exiting constructor. Consider adding the 'required' modifier or declaring the property as nullable. [/home/runner/work/Wekeza/Wekeza/Core/Wekeza.Core.Domain/Wekeza.Core.Domain.csproj]
/home/runner/work/Wekeza/Wekeza/Core/Wekeza.Core.Domain/Aggregates/Branch.cs(372,13): warning CS8618: Non-nullable property 'VaultCode' must contain a non-null value when exiting constructor. Consider adding the 'required' modifier or declaring the property as nullable. [/home/runner/work/Wekeza/Wekeza/Core/Wekeza.Core.Domain/Wekeza.Core.Domain.csproj]
/home/runner/work/Wekeza/Wekeza/Core/Wekeza.Core.Domain/Aggregates/Branch.cs(372,13): warning CS8618: Non-nullable property 'VaultName' must contain a non-null value when exiting constructor. Consider adding the 'required' modifier or declaring the property as nullable. [/home/runner/work/Wekeza/Wekeza/Core/Wekeza.Core.Domain/Wekeza.Core.Domain.csproj]
/home/runner/work/Wekeza/Wekeza/Core/Wekeza.Core.Domain/Aggregates/Branch.cs(372,13): warning CS8618: Non-nullable property 'Capacity' must contain a non-null value when exiting constructor. Consider adding the 'required' modifier or declaring the property as nullable. [/home/runner/work/Wekeza/Wekeza/Core/Wekeza.Core.Domain/Wekeza.Core.Domain.csproj]
/home/runner/work/Wekeza/Wekeza/Core/Wekeza.Core.Domain/Aggregates/Branch.cs(372,13): warning CS8618: Non-nullable property 'CurrentBalance' must contain a non-null value when exiting constructor. Consider adding the 'required' modifier or declaring the property as nullable. [/home/runner/work/Wekeza/Wekeza/Core/Wekeza.Core.Domain/Wekeza.Core.Domain.csproj]
/home/runner/work/Wekeza/Wekeza/Core/Wekeza.Core.Domain/Aggregates/Branch.cs(372,13): warning CS8618: Non-nullable property 'DailyLimit' must contain a non-null value when exiting constructor. Consider adding the 'required' modifier or declaring the property as nullable. [/home/runner/work/Wekeza/Wekeza/Core/Wekeza.Core.Domain/Wekeza.Core.Domain.csproj]
/home/runner/work/Wekeza/Wekeza/Core/Wekeza.Core.Domain/Aggregates/Branch.cs(372,13): warning CS8618: Non-nullable property 'DailyUsed' must contain a non-null value when exiting constructor. Consider adding the 'required' modifier or declaring the property as nullable. [/home/runner/work/Wekeza/Wekeza/Core/Wekeza.Core.Domain/Wekeza.Core.Domain.csproj]
/home/runner/work/Wekeza/Wekeza/Core/Wekeza.Core.Domain/Aggregates/Branch.cs(372,13): warning CS8618: Non-nullable property 'CreatedBy' must contain a non-null value when exiting constructor. Consider adding the 'required' modifier or declaring the property as nullable. [/home/runner/work/Wekeza/Wekeza/Core/Wekeza.Core.Domain/Wekeza.Core.Domain.csproj]
/home/runner/work/Wekeza/Wekeza/Core/Wekeza.Core.Domain/Aggregates/BankGuarantee.cs(249,19): warning CS8618: Non-nullable property 'AmendmentDetails' must contain a non-null value when exiting constructor. Consider adding the 'required' modifier or declaring the property as nullable. [/home/runner/work/Wekeza/Wekeza/Core/Wekeza.Core.Domain/Wekeza.Core.Domain.csproj]
/home/runner/work/Wekeza/Wekeza/Core/Wekeza.Core.Domain/Aggregates/BankGuarantee.cs(250,18): warning CS8618: Non-nullable property 'PreviousAmount' must contain a non-null value when exiting constructor. Consider adding the 'required' modifier or declaring the property as nullable. [/home/runner/work/Wekeza/Wekeza/Core/Wekeza.Core.Domain/Wekeza.Core.Domain.csproj]
/home/runner/work/Wekeza/Wekeza/Core/Wekeza.Core.Domain/Aggregates/BankGuarantee.cs(251,18): warning CS8618: Non-nullable property 'NewAmount' must contain a non-null value when exiting constructor. Consider adding the 'required' modifier or declaring the property as nullable. [/home/runner/work/Wekeza/Wekeza/Core/Wekeza.Core.Domain/Wekeza.Core.Domain.csproj]
/home/runner/work/Wekeza/Wekeza/Core/Wekeza.Core.Domain/Aggregates/BankGuarantee.cs(235,18): warning CS8618: Non-nullable property 'ClaimAmount' must contain a non-null value when exiting constructor. Consider adding the 'required' modifier or declaring the property as nullable. [/home/runner/work/Wekeza/Wekeza/Core/Wekeza.Core.Domain/Wekeza.Core.Domain.csproj]
/home/runner/work/Wekeza/Wekeza/Core/Wekeza.Core.Domain/Aggregates/BankGuarantee.cs(236,19): warning CS8618: Non-nullable property 'ClaimReason' must contain a non-null value when exiting constructor. Consider adding the 'required' modifier or declaring the property as nullable. [/home/runner/work/Wekeza/Wekeza/Core/Wekeza.Core.Domain/Wekeza.Core.Domain.csproj]
/home/runner/work/Wekeza/Wekeza/Core/Wekeza.Core.Domain/Aggregates/BankGuarantee.cs(240,19): warning CS8618: Non-nullable property 'ProcessingNotes' must contain a non-null value when exiting constructor. Consider adding the 'required' modifier or declaring the property as nullable. [/home/runner/work/Wekeza/Wekeza/Core/Wekeza.Core.Domain/Wekeza.Core.Domain.csproj]
/home/runner/work/Wekeza/Wekeza/Core/Wekeza.Core.Domain/Aggregates/BankGuarantee.cs(241,32): warning CS8618: Non-nullable property 'SupportingDocuments' must contain a non-null value when exiting constructor. Consider adding the 'required' modifier or declaring the property as nullable. [/home/runner/work/Wekeza/Wekeza/Core/Wekeza.Core.Domain/Wekeza.Core.Domain.csproj]
/home/runner/work/Wekeza/Wekeza/Core/Wekeza.Core.Domain/Aggregates/Branch.cs(49,13): warning CS8618: Non-nullable property 'BranchCode' must contain a non-null value when exiting constructor. Consider adding the 'required' modifier or declaring the property as nullable. [/home/runner/work/Wekeza/Wekeza/Core/Wekeza.Core.Domain/Wekeza.Core.Domain.csproj]
/home/runner/work/Wekeza/Wekeza/Core/Wekeza.Core.Domain/Aggregates/Branch.cs(49,13): warning CS8618: Non-nullable property 'BranchName' must contain a non-null value when exiting constructor. Consider adding the 'required' modifier or declaring the property as nullable. [/home/runner/work/Wekeza/Wekeza/Core/Wekeza.Core.Domain/Wekeza.Core.Domain.csproj]
/home/runner/work/Wekeza/Wekeza/Core/Wekeza.Core.Domain/Aggregates/Branch.cs(49,13): warning CS8618: Non-nullable property 'Address' must contain a non-null value when exiting constructor. Consider adding the 'required' modifier or declaring the property as nullable. [/home/runner/work/Wekeza/Wekeza/Core/Wekeza.Core.Domain/Wekeza.Core.Domain.csproj]
/home/runner/work/Wekeza/Wekeza/Core/Wekeza.Core.Domain/Aggregates/Branch.cs(49,13): warning CS8618: Non-nullable property 'City' must contain a non-null value when exiting constructor. Consider adding the 'required' modifier or declaring the property as nullable. [/home/runner/work/Wekeza/Wekeza/Core/Wekeza.Core.Domain/Wekeza.Core.Domain.csproj]
/home/runner/work/Wekeza/Wekeza/Core/Wekeza.Core.Domain/Aggregates/Branch.cs(49,13): warning CS8618: Non-nullable property 'Country' must contain a non-null value when exiting constructor. Consider adding the 'required' modifier or declaring the property as nullable. [/home/runner/work/Wekeza/Wekeza/Core/Wekeza.Core.Domain/Wekeza.Core.Domain.csproj]
/home/runner/work/Wekeza/Wekeza/Core/Wekeza.Core.Domain/Aggregates/Branch.cs(49,13): warning CS8618: Non-nullable property 'PhoneNumber' must contain a non-null value when exiting constructor. Consider adding the 'required' modifier or declaring the property as nullable. [/home/runner/work/Wekeza/Wekeza/Core/Wekeza.Core.Domain/Wekeza.Core.Domain.csproj]
/home/runner/work/Wekeza/Wekeza/Core/Wekeza.Core.Domain/Aggregates/Branch.cs(49,13): warning CS8618: Non-nullable property 'Email' must contain a non-null value when exiting constructor. Consider adding the 'required' modifier or declaring the property as nullable. [/home/runner/work/Wekeza/Wekeza/Core/Wekeza.Core.Domain/Wekeza.Core.Domain.csproj]
/home/runner/work/Wekeza/Wekeza/Core/Wekeza.Core.Domain/Aggregates/Branch.cs(49,13): warning CS8618: Non-nullable property 'TimeZone' must contain a non-null value when exiting constructor. Consider adding the 'required' modifier or declaring the property as nullable. [/home/runner/work/Wekeza/Wekeza/Core/Wekeza.Core.Domain/Wekeza.Core.Domain.csproj]
/home/runner/work/Wekeza/Wekeza/Core/Wekeza.Core.Domain/Aggregates/Branch.cs(49,13): warning CS8618: Non-nullable property 'ManagerId' must contain a non-null value when exiting constructor. Consider adding the 'required' modifier or declaring the property as nullable. [/home/runner/work/Wekeza/Wekeza/Core/Wekeza.Core.Domain/Wekeza.Core.Domain.csproj]
/home/runner/work/Wekeza/Wekeza/Core/Wekeza.Core.Domain/Aggregates/Branch.cs(49,13): warning CS8618: Non-nullable property 'CashLimit' must contain a non-null value when exiting constructor. Consider adding the 'required' modifier or declaring the property as nullable. [/home/runner/work/Wekeza/Wekeza/Core/Wekeza.Core.Domain/Wekeza.Core.Domain.csproj]
/home/runner/work/Wekeza/Wekeza/Core/Wekeza.Core.Domain/Aggregates/Branch.cs(49,13): warning CS8618: Non-nullable property 'TransactionLimit' must contain a non-null value when exiting constructor. Consider adding the 'required' modifier or declaring the property as nullable. [/home/runner/work/Wekeza/Wekeza/Core/Wekeza.Core.Domain/Wekeza.Core.Domain.csproj]
/home/runner/work/Wekeza/Wekeza/Core/Wekeza.Core.Domain/Aggregates/Branch.cs(49,13): warning CS8618: Non-nullable property 'CreatedBy' must contain a non-null value when exiting constructor. Consider adding the 'required' modifier or declaring the property as nullable. [/home/runner/work/Wekeza/Wekeza/Core/Wekeza.Core.Domain/Wekeza.Core.Domain.csproj]
/home/runner/work/Wekeza/Wekeza/Core/Wekeza.Core.Domain/Aggregates/BankGuarantee.cs(29,13): warning CS8618: Non-nullable property 'BGNumber' must contain a non-null value when exiting constructor. Consider adding the 'required' modifier or declaring the property as nullable. [/home/runner/work/Wekeza/Wekeza/Core/Wekeza.Core.Domain/Wekeza.Core.Domain.csproj]
/home/runner/work/Wekeza/Wekeza/Core/Wekeza.Core.Domain/Aggregates/BankGuarantee.cs(29,13): warning CS8618: Non-nullable property 'Amount' must contain a non-null value when exiting constructor. Consider adding the 'required' modifier or declaring the property as nullable. [/home/runner/work/Wekeza/Wekeza/Core/Wekeza.Core.Domain/Wekeza.Core.Domain.csproj]
/home/runner/work/Wekeza/Wekeza/Core/Wekeza.Core.Domain/Aggregates/BankGuarantee.cs(29,13): warning CS8618: Non-nullable property 'Terms' must contain a non-null value when exiting constructor. Consider adding the 'required' modifier or declaring the property as nullable. [/home/runner/work/Wekeza/Wekeza/Core/Wekeza.Core.Domain/Wekeza.Core.Domain.csproj]
/home/runner/work/Wekeza/Wekeza/Core/Wekeza.Core.Domain/Aggregates/BankGuarantee.cs(29,13): warning CS8618: Non-nullable property 'Purpose' must contain a non-null value when exiting constructor. Consider adding the 'required' modifier or declaring the property as nullable. [/home/runner/work/Wekeza/Wekeza/Core/Wekeza.Core.Domain/Wekeza.Core.Domain.csproj]
/home/runner/work/Wekeza/Wekeza/Core/Wekeza.Core.Domain/Aggregates/ApprovalWorkflow.cs(500,13): warning CS8618: Non-nullable property 'FileName' must contain a non-null value when exiting constructor. Consider adding the 'required' modifier or declaring the property as nullable. [/home/runner/work/Wekeza/Wekeza/Core/Wekeza.Core.Domain/Wekeza.Core.Domain.csproj]
/home/runner/work/Wekeza/Wekeza/Core/Wekeza.Core.Domain/Aggregates/ApprovalWorkflow.cs(500,13): warning CS8618: Non-nullable property 'FilePath' must contain a non-null value when exiting constructor. Consider adding the 'required' modifier or declaring the property as nullable. [/home/runner/work/Wekeza/Wekeza/Core/Wekeza.Core.Domain/Wekeza.Core.Domain.csproj]
/home/runner/work/Wekeza/Wekeza/Core/Wekeza.Core.Domain/Aggregates/ApprovalWorkflow.cs(500,13): warning CS8618: Non-nullable property 'UploadedBy' must contain a non-null value when exiting constructor. Consider adding the 'required' modifier or declaring the property as nullable. [/home/runner/work/Wekeza/Wekeza/Core/Wekeza.Core.Domain/Wekeza.Core.Domain.csproj]
/home/runner/work/Wekeza/Wekeza/Core/Wekeza.Core.Domain/Aggregates/ApprovalWorkflow.cs(472,13): warning CS8618: Non-nullable property 'UserId' must contain a non-null value when exiting constructor. Consider adding the 'required' modifier or declaring the property as nullable. [/home/runner/work/Wekeza/Wekeza/Core/Wekeza.Core.Domain/Wekeza.Core.Domain.csproj]
/home/runner/work/Wekeza/Wekeza/Core/Wekeza.Core.Domain/Aggregates/ApprovalWorkflow.cs(472,13): warning CS8618: Non-nullable property 'CommentBy' must contain a non-null value when exiting constructor. Consider adding the 'required' modifier or declaring the property as nullable. [/home/runner/work/Wekeza/Wekeza/Core/Wekeza.Core.Domain/Wekeza.Core.Domain.csproj]
/home/runner/work/Wekeza/Wekeza/Core/Wekeza.Core.Domain/Aggregates/ApprovalWorkflow.cs(472,13): warning CS8618: Non-nullable property 'Comment' must contain a non-null value when exiting constructor. Consider adding the 'required' modifier or declaring the property as nullable. [/home/runner/work/Wekeza/Wekeza/Core/Wekeza.Core.Domain/Wekeza.Core.Domain.csproj]
/home/runner/work/Wekeza/Wekeza/Core/Wekeza.Core.Domain/Aggregates/AuditLog.cs(58,13): warning CS8618: Non-nullable property 'EventType' must contain a non-null value when exiting constructor. Consider adding the 'required' modifier or declaring the property as nullable. [/home/runner/work/Wekeza/Wekeza/Core/Wekeza.Core.Domain/Wekeza.Core.Domain.csproj]
/home/runner/work/Wekeza/Wekeza/Core/Wekeza.Core.Domain/Aggregates/AuditLog.cs(58,13): warning CS8618: Non-nullable property 'EventCategory' must contain a non-null value when exiting constructor. Consider adding the 'required' modifier or declaring the property as nullable. [/home/runner/work/Wekeza/Wekeza/Core/Wekeza.Core.Domain/Wekeza.Core.Domain.csproj]
/home/runner/work/Wekeza/Wekeza/Core/Wekeza.Core.Domain/Aggregates/AuditLog.cs(58,13): warning CS8618: Non-nullable property 'Action' must contain a non-null value when exiting constructor. Consider adding the 'required' modifier or declaring the property as nullable. [/home/runner/work/Wekeza/Wekeza/Core/Wekeza.Core.Domain/Wekeza.Core.Domain.csproj]
/home/runner/work/Wekeza/Wekeza/Core/Wekeza.Core.Domain/Aggregates/AuditLog.cs(58,13): warning CS8618: Non-nullable property 'ApplicationName' must contain a non-null value when exiting constructor. Consider adding the 'required' modifier or declaring the property as nullable. [/home/runner/work/Wekeza/Wekeza/Core/Wekeza.Core.Domain/Wekeza.Core.Domain.csproj]
/home/runner/work/Wekeza/Wekeza/Core/Wekeza.Core.Domain/Aggregates/ApprovalMatrix.cs(30,13): warning CS8618: Non-nullable property 'MatrixCode' must contain a non-null value when exiting constructor. Consider adding the 'required' modifier or declaring the property as nullable. [/home/runner/work/Wekeza/Wekeza/Core/Wekeza.Core.Domain/Wekeza.Core.Domain.csproj]
/home/runner/work/Wekeza/Wekeza/Core/Wekeza.Core.Domain/Aggregates/ApprovalMatrix.cs(30,13): warning CS8618: Non-nullable property 'MatrixName' must contain a non-null value when exiting constructor. Consider adding the 'required' modifier or declaring the property as nullable. [/home/runner/work/Wekeza/Wekeza/Core/Wekeza.Core.Domain/Wekeza.Core.Domain.csproj]
/home/runner/work/Wekeza/Wekeza/Core/Wekeza.Core.Domain/Aggregates/ApprovalMatrix.cs(30,13): warning CS8618: Non-nullable property 'EntityType' must contain a non-null value when exiting constructor. Consider adding the 'required' modifier or declaring the property as nullable. [/home/runner/work/Wekeza/Wekeza/Core/Wekeza.Core.Domain/Wekeza.Core.Domain.csproj]
/home/runner/work/Wekeza/Wekeza/Core/Wekeza.Core.Domain/Aggregates/ApprovalMatrix.cs(30,13): warning CS8618: Non-nullable property 'CreatedBy' must contain a non-null value when exiting constructor. Consider adding the 'required' modifier or declaring the property as nullable. [/home/runner/work/Wekeza/Wekeza/Core/Wekeza.Core.Domain/Wekeza.Core.Domain.csproj]
/home/runner/work/Wekeza/Wekeza/Core/Wekeza.Core.Domain/Aggregates/ATMTransaction.cs(52,13): warning CS8618: Non-nullable property 'ATMId' must contain a non-null value when exiting constructor. Consider adding the 'required' modifier or declaring the property as nullable. [/home/runner/work/Wekeza/Wekeza/Core/Wekeza.Core.Domain/Wekeza.Core.Domain.csproj]
/home/runner/work/Wekeza/Wekeza/Core/Wekeza.Core.Domain/Aggregates/ATMTransaction.cs(52,13): warning CS8618: Non-nullable property 'ATMLocation' must contain a non-null value when exiting constructor. Consider adding the 'required' modifier or declaring the property as nullable. [/home/runner/work/Wekeza/Wekeza/Core/Wekeza.Core.Domain/Wekeza.Core.Domain.csproj]
/home/runner/work/Wekeza/Wekeza/Core/Wekeza.Core.Domain/Aggregates/ATMTransaction.cs(52,13): warning CS8618: Non-nullable property 'CardNumber' must contain a non-null value when exiting constructor. Consider adding the 'required' modifier or declaring the property as nullable. [/home/runner/work/Wekeza/Wekeza/Core/Wekeza.Core.Domain/Wekeza.Core.Domain.csproj]
/home/runner/work/Wekeza/Wekeza/Core/Wekeza.Core.Domain/Aggregates/ATMTransaction.cs(52,13): warning CS8618: Non-nullable property 'Amount' must contain a non-null value when exiting constructor. Consider adding the 'required' modifier or declaring the property as nullable. [/home/runner/work/Wekeza/Wekeza/Core/Wekeza.Core.Domain/Wekeza.Core.Domain.csproj]
/home/runner/work/Wekeza/Wekeza/Core/Wekeza.Core.Domain/Aggregates/ATMTransaction.cs(52,13): warning CS8618: Non-nullable property 'AccountBalanceBefore' must contain a non-null value when exiting constructor. Consider adding the 'required' modifier or declaring the property as nullable. [/home/runner/work/Wekeza/Wekeza/Core/Wekeza.Core.Domain/Wekeza.Core.Domain.csproj]
/home/runner/work/Wekeza/Wekeza/Core/Wekeza.Core.Domain/Aggregates/ATMTransaction.cs(52,13): warning CS8618: Non-nullable property 'AccountBalanceAfter' must contain a non-null value when exiting constructor. Consider adding the 'required' modifier or declaring the property as nullable. [/home/runner/work/Wekeza/Wekeza/Core/Wekeza.Core.Domain/Wekeza.Core.Domain.csproj]
/home/runner/work/Wekeza/Wekeza/Core/Wekeza.Core.Domain/Aggregates/ApprovalWorkflow.cs(383,13): warning CS8618: Non-nullable property 'ApproverRole' must contain a non-null value when exiting constructor. Consider adding the 'required' modifier or declaring the property as nullable. [/home/runner/work/Wekeza/Wekeza/Core/Wekeza.Core.Domain/Wekeza.Core.Domain.csproj]
/home/runner/work/Wekeza/Wekeza/Core/Wekeza.Core.Domain/Aggregates/ApprovalWorkflow.cs(45,13): warning CS8618: Non-nullable property 'WorkflowCode' must contain a non-null value when exiting constructor. Consider adding the 'required' modifier or declaring the property as nullable. [/home/runner/work/Wekeza/Wekeza/Core/Wekeza.Core.Domain/Wekeza.Core.Domain.csproj]
/home/runner/work/Wekeza/Wekeza/Core/Wekeza.Core.Domain/Aggregates/ApprovalWorkflow.cs(45,13): warning CS8618: Non-nullable property 'WorkflowName' must contain a non-null value when exiting constructor. Consider adding the 'required' modifier or declaring the property as nullable. [/home/runner/work/Wekeza/Wekeza/Core/Wekeza.Core.Domain/Wekeza.Core.Domain.csproj]
/home/runner/work/Wekeza/Wekeza/Core/Wekeza.Core.Domain/Aggregates/ApprovalWorkflow.cs(45,13): warning CS8618: Non-nullable property 'EntityType' must contain a non-null value when exiting constructor. Consider adding the 'required' modifier or declaring the property as nullable. [/home/runner/work/Wekeza/Wekeza/Core/Wekeza.Core.Domain/Wekeza.Core.Domain.csproj]
/home/runner/work/Wekeza/Wekeza/Core/Wekeza.Core.Domain/Aggregates/ApprovalWorkflow.cs(45,13): warning CS8618: Non-nullable property 'InitiatedBy' must contain a non-null value when exiting constructor. Consider adding the 'required' modifier or declaring the property as nullable. [/home/runner/work/Wekeza/Wekeza/Core/Wekeza.Core.Domain/Wekeza.Core.Domain.csproj]
/home/runner/work/Wekeza/Wekeza/Core/Wekeza.Core.Domain/Aggregates/ApprovalWorkflow.cs(45,13): warning CS8618: Non-nullable property 'BranchCode' must contain a non-null value when exiting constructor. Consider adding the 'required' modifier or declaring the property as nullable. [/home/runner/work/Wekeza/Wekeza/Core/Wekeza.Core.Domain/Wekeza.Core.Domain.csproj]
/home/runner/work/Wekeza/Wekeza/Core/Wekeza.Core.Domain/Aggregates/ApprovalWorkflow.cs(45,13): warning CS8618: Non-nullable property 'Department' must contain a non-null value when exiting constructor. Consider adding the 'required' modifier or declaring the property as nullable. [/home/runner/work/Wekeza/Wekeza/Core/Wekeza.Core.Domain/Wekeza.Core.Domain.csproj]
/home/runner/work/Wekeza/Wekeza/Core/Wekeza.Core.Domain/Aggregates/APIGateway.cs(65,13): warning CS8618: Non-nullable property 'GatewayCode' must contain a non-null value when exiting constructor. Consider adding the 'required' modifier or declaring the property as nullable. [/home/runner/work/Wekeza/Wekeza/Core/Wekeza.Core.Domain/Wekeza.Core.Domain.csproj]
/home/runner/work/Wekeza/Wekeza/Core/Wekeza.Core.Domain/Aggregates/APIGateway.cs(65,13): warning CS8618: Non-nullable property 'GatewayName' must contain a non-null value when exiting constructor. Consider adding the 'required' modifier or declaring the property as nullable. [/home/runner/work/Wekeza/Wekeza/Core/Wekeza.Core.Domain/Wekeza.Core.Domain.csproj]
/home/runner/work/Wekeza/Wekeza/Core/Wekeza.Core.Domain/Aggregates/APIGateway.cs(65,13): warning CS8618: Non-nullable property 'Description' must contain a non-null value when exiting constructor. Consider adding the 'required' modifier or declaring the property as nullable. [/home/runner/work/Wekeza/Wekeza/Core/Wekeza.Core.Domain/Wekeza.Core.Domain.csproj]
/home/runner/work/Wekeza/Wekeza/Core/Wekeza.Core.Domain/Aggregates/APIGateway.cs(65,13): warning CS8618: Non-nullable property 'BaseUrl' must contain a non-null value when exiting constructor. Consider adding the 'required' modifier or declaring the property as nullable. [/home/runner/work/Wekeza/Wekeza/Core/Wekeza.Core.Domain/Wekeza.Core.Domain.csproj]
/home/runner/work/Wekeza/Wekeza/Core/Wekeza.Core.Domain/Aggregates/APIGateway.cs(65,13): warning CS8618: Non-nullable property 'Version' must contain a non-null value when exiting constructor. Consider adding the 'required' modifier or declaring the property as nullable. [/home/runner/work/Wekeza/Wekeza/Core/Wekeza.Core.Domain/Wekeza.Core.Domain.csproj]
/home/runner/work/Wekeza/Wekeza/Core/Wekeza.Core.Domain/Aggregates/APIGateway.cs(65,13): warning CS8618: Non-nullable property 'HealthCheck' must contain a non-null value when exiting constructor. Consider adding the 'required' modifier or declaring the property as nullable. [/home/runner/work/Wekeza/Wekeza/Core/Wekeza.Core.Domain/Wekeza.Core.Domain.csproj]
/home/runner/work/Wekeza/Wekeza/Core/Wekeza.Core.Domain/Aggregates/APIGateway.cs(65,13): warning CS8618: Non-nullable property 'SSLCertificate' must contain a non-null value when exiting constructor. Consider adding the 'required' modifier or declaring the property as nullable. [/home/runner/work/Wekeza/Wekeza/Core/Wekeza.Core.Domain/Wekeza.Core.Domain.csproj]
/home/runner/work/Wekeza/Wekeza/Core/Wekeza.Core.Domain/Aggregates/APIGateway.cs(65,13): warning CS8618: Non-nullable property 'Metrics' must contain a non-null value when exiting constructor. Consider adding the 'required' modifier or declaring the property as nullable. [/home/runner/work/Wekeza/Wekeza/Core/Wekeza.Core.Domain/Wekeza.Core.Domain.csproj]
/home/runner/work/Wekeza/Wekeza/Core/Wekeza.Core.Domain/Aggregates/APIGateway.cs(65,13): warning CS8618: Non-nullable property 'CreatedBy' must contain a non-null value when exiting constructor. Consider adding the 'required' modifier or declaring the property as nullable. [/home/runner/work/Wekeza/Wekeza/Core/Wekeza.Core.Domain/Wekeza.Core.Domain.csproj]
/home/runner/work/Wekeza/Wekeza/Core/Wekeza.Core.Domain/Aggregates/APIGateway.cs(65,13): warning CS8618: Non-nullable property 'LastModifiedBy' must contain a non-null value when exiting constructor. Consider adding the 'required' modifier or declaring the property as nullable. [/home/runner/work/Wekeza/Wekeza/Core/Wekeza.Core.Domain/Wekeza.Core.Domain.csproj]
/home/runner/work/Wekeza/Wekeza/Core/Wekeza.Core.Domain/Services/PaymentProcessingService.cs(42,55): warning CS8604: Possible null reference argument for parameter 'errorMessage' in 'PaymentProcessingResult PaymentProcessingResult.Failed(string errorMessage)'. [/home/runner/work/Wekeza/Wekeza/Core/Wekeza.Core.Domain/Wekeza.Core.Domain.csproj]
/home/runner/work/Wekeza/Wekeza/Core/Wekeza.Core.Domain/Aggregates/APIGateway.cs(161,22): warning CS8625: Cannot convert null literal to non-nullable reference type. [/home/runner/work/Wekeza/Wekeza/Core/Wekeza.Core.Domain/Wekeza.Core.Domain.csproj]
/home/runner/work/Wekeza/Wekeza/Core/Wekeza.Core.Domain/Aggregates/AuditLog.cs(357,26): warning CS8601: Possible null reference assignment. [/home/runner/work/Wekeza/Wekeza/Core/Wekeza.Core.Domain/Wekeza.Core.Domain.csproj]
/home/runner/work/Wekeza/Wekeza/Core/Wekeza.Core.Domain/Aggregates/AuditLog.cs(358,28): warning CS8601: Possible null reference assignment. [/home/runner/work/Wekeza/Wekeza/Core/Wekeza.Core.Domain/Wekeza.Core.Domain.csproj]
/home/runner/work/Wekeza/Wekeza/Core/Wekeza.Core.Domain/Aggregates/AuditLog.cs(359,28): warning CS8601: Possible null reference assignment. [/home/runner/work/Wekeza/Wekeza/Core/Wekeza.Core.Domain/Wekeza.Core.Domain.csproj]
/home/runner/work/Wekeza/Wekeza/Core/Wekeza.Core.Domain/Services/PaymentProcessingService.cs(136,55): warning CS8604: Possible null reference argument for parameter 'errorMessage' in 'PaymentProcessingResult PaymentProcessingResult.Failed(string errorMessage)'. [/home/runner/work/Wekeza/Wekeza/Core/Wekeza.Core.Domain/Wekeza.Core.Domain.csproj]
/home/runner/work/Wekeza/Wekeza/Core/Wekeza.Core.Domain/Aggregates/APIGateway.cs(189,13): warning CS8604: Possible null reference argument for parameter 'one' in 'bool ValueObject.operator ==(ValueObject one, ValueObject two)'. [/home/runner/work/Wekeza/Wekeza/Core/Wekeza.Core.Domain/Wekeza.Core.Domain.csproj]
/home/runner/work/Wekeza/Wekeza/Core/Wekeza.Core.Domain/Aggregates/APIGateway.cs(189,22): warning CS8625: Cannot convert null literal to non-nullable reference type. [/home/runner/work/Wekeza/Wekeza/Core/Wekeza.Core.Domain/Wekeza.Core.Domain.csproj]
/home/runner/work/Wekeza/Wekeza/Core/Wekeza.Core.Domain/Aggregates/APIGateway.cs(220,23): warning CS8625: Cannot convert null literal to non-nullable reference type. [/home/runner/work/Wekeza/Wekeza/Core/Wekeza.Core.Domain/Wekeza.Core.Domain.csproj]
/home/runner/work/Wekeza/Wekeza/Core/Wekeza.Core.Domain/ValueObjects/Permission.cs(121,22): warning CS8625: Cannot convert null literal to non-nullable reference type. [/home/runner/work/Wekeza/Wekeza/Core/Wekeza.Core.Domain/Wekeza.Core.Domain.csproj]
/home/runner/work/Wekeza/Wekeza/Core/Wekeza.Core.Domain/ValueObjects/MessageEnvelope.cs(490,12): warning CS8618: Non-nullable property 'RejectionReason' must contain a non-null value when exiting constructor. Consider adding the 'required' modifier or declaring the property as nullable. [/home/runner/work/Wekeza/Wekeza/Core/Wekeza.Core.Domain/Wekeza.Core.Domain.csproj]
/home/runner/work/Wekeza/Wekeza/Core/Wekeza.Core.Domain/ValueObjects/Permission.cs(136,22): warning CS8625: Cannot convert null literal to non-nullable reference type. [/home/runner/work/Wekeza/Wekeza/Core/Wekeza.Core.Domain/Wekeza.Core.Domain.csproj]
/home/runner/work/Wekeza/Wekeza/Core/Wekeza.Core.Domain/Aggregates/APIGateway.cs(242,23): warning CS8625: Cannot convert null literal to non-nullable reference type. [/home/runner/work/Wekeza/Wekeza/Core/Wekeza.Core.Domain/Wekeza.Core.Domain.csproj]
/home/runner/work/Wekeza/Wekeza/Core/Wekeza.Core.Domain/ValueObjects/MessageEnvelope.cs(556,31): warning CS8625: Cannot convert null literal to non-nullable reference type. [/home/runner/work/Wekeza/Wekeza/Core/Wekeza.Core.Domain/Wekeza.Core.Domain.csproj]
/home/runner/work/Wekeza/Wekeza/Core/Wekeza.Core.Domain/Aggregates/APIGateway.cs(269,13): warning CS8604: Possible null reference argument for parameter 'one' in 'bool ValueObject.operator ==(ValueObject one, ValueObject two)'. [/home/runner/work/Wekeza/Wekeza/Core/Wekeza.Core.Domain/Wekeza.Core.Domain.csproj]
/home/runner/work/Wekeza/Wekeza/Core/Wekeza.Core.Domain/Aggregates/APIGateway.cs(269,23): warning CS8625: Cannot convert null literal to non-nullable reference type. [/home/runner/work/Wekeza/Wekeza/Core/Wekeza.Core.Domain/Wekeza.Core.Domain.csproj]
/home/runner/work/Wekeza/Wekeza/Core/Wekeza.Core.Domain/ValueObjects/APIRoute.cs(15,13): warning CS8618: Non-nullable property 'Path' must contain a non-null value when exiting constructor. Consider adding the 'required' modifier or declaring the property as nullable. [/home/runner/work/Wekeza/Wekeza/Core/Wekeza.Core.Domain/Wekeza.Core.Domain.csproj]
/home/runner/work/Wekeza/Wekeza/Core/Wekeza.Core.Domain/ValueObjects/APIRoute.cs(15,13): warning CS8618: Non-nullable property 'Method' must contain a non-null value when exiting constructor. Consider adding the 'required' modifier or declaring the property as nullable. [/home/runner/work/Wekeza/Wekeza/Core/Wekeza.Core.Domain/Wekeza.Core.Domain.csproj]
/home/runner/work/Wekeza/Wekeza/Core/Wekeza.Core.Domain/ValueObjects/APIRoute.cs(15,13): warning CS8618: Non-nullable property 'Description' must contain a non-null value when exiting constructor. Consider adding the 'required' modifier or declaring the property as nullable. [/home/runner/work/Wekeza/Wekeza/Core/Wekeza.Core.Domain/Wekeza.Core.Domain.csproj]
/home/runner/work/Wekeza/Wekeza/Core/Wekeza.Core.Domain/ValueObjects/APIRoute.cs(15,13): warning CS8618: Non-nullable property 'UpstreamUrl' must contain a non-null value when exiting constructor. Consider adding the 'required' modifier or declaring the property as nullable. [/home/runner/work/Wekeza/Wekeza/Core/Wekeza.Core.Domain/Wekeza.Core.Domain.csproj]
/home/runner/work/Wekeza/Wekeza/Core/Wekeza.Core.Domain/Aggregates/APIGateway.cs(408,16): warning CS8603: Possible null reference return. [/home/runner/work/Wekeza/Wekeza/Core/Wekeza.Core.Domain/Wekeza.Core.Domain.csproj]
/home/runner/work/Wekeza/Wekeza/Core/Wekeza.Core.Domain/ValueObjects/APIConfigurations.cs(125,13): warning CS8618: Non-nullable property 'Endpoint' must contain a non-null value when exiting constructor. Consider adding the 'required' modifier or declaring the property as nullable. [/home/runner/work/Wekeza/Wekeza/Core/Wekeza.Core.Domain/Wekeza.Core.Domain.csproj]
/home/runner/work/Wekeza/Wekeza/Core/Wekeza.Core.Domain/ValueObjects/APIConfigurations.cs(94,13): warning CS8618: Non-nullable property 'Name' must contain a non-null value when exiting constructor. Consider adding the 'required' modifier or declaring the property as nullable. [/home/runner/work/Wekeza/Wekeza/Core/Wekeza.Core.Domain/Wekeza.Core.Domain.csproj]
/home/runner/work/Wekeza/Wekeza/Core/Wekeza.Core.Domain/ValueObjects/APIConfigurations.cs(94,13): warning CS8618: Non-nullable property 'BaseUrl' must contain a non-null value when exiting constructor. Consider adding the 'required' modifier or declaring the property as nullable. [/home/runner/work/Wekeza/Wekeza/Core/Wekeza.Core.Domain/Wekeza.Core.Domain.csproj]
/home/runner/work/Wekeza/Wekeza/Core/Wekeza.Core.Domain/ValueObjects/MessageEnvelope.cs(263,42): warning CS8601: Possible null reference assignment. [/home/runner/work/Wekeza/Wekeza/Core/Wekeza.Core.Domain/Wekeza.Core.Domain.csproj]
/home/runner/work/Wekeza/Wekeza/Core/Wekeza.Core.Domain/Aggregates/APIGateway.cs(422,20): warning CS8603: Possible null reference return. [/home/runner/work/Wekeza/Wekeza/Core/Wekeza.Core.Domain/Wekeza.Core.Domain.csproj]
/home/runner/work/Wekeza/Wekeza/Core/Wekeza.Core.Domain/ValueObjects/MessageEnvelope.cs(386,16): warning CS8603: Possible null reference return. [/home/runner/work/Wekeza/Wekeza/Core/Wekeza.Core.Domain/Wekeza.Core.Domain.csproj]
/home/runner/work/Wekeza/Wekeza/Core/Wekeza.Core.Domain/ValueObjects/ApiCredentials.cs(370,22): warning CS8603: Possible null reference return. [/home/runner/work/Wekeza/Wekeza/Core/Wekeza.Core.Domain/Wekeza.Core.Domain.csproj]
/home/runner/work/Wekeza/Wekeza/Core/Wekeza.Core.Application/Common/Interfaces/IMpesaService.cs(1,19): error CS0234: The type or namespace name 'Infrastructure' does not exist in the namespace 'Wekeza.Core' (are you missing an assembly reference?) [/home/runner/work/Wekeza/Wekeza/Core/Wekeza.Core.Application/Wekeza.Core.Application.csproj]
/home/runner/work/Wekeza/Wekeza/Core/Wekeza.Core.Application/Common/Interfaces/IMpesaService.cs(18,26): error CS0246: The type or namespace name 'MpesaCallbackDto' could not be found (are you missing a using directive or an assembly reference?) [/home/runner/work/Wekeza/Wekeza/Core/Wekeza.Core.Application/Wekeza.Core.Application.csproj]
    676 Warning(s)
    2 Error(s)

Time Elapsed 00:00:09.09
